00599{"daemon_event_id":1,"daemon_event_name":"init","thread_id":0,"packet_id":0,"source":"cfgs\/classification_only\/pcap\/http-pwd.pcapng","alias":"nDPId-test","version":"","ndpi_version":"","ndpi_api_version":0,"size_per_flow":1480,"max-flows-per-thread":32768,"max-idle-flows-per-thread":1024,"reader-thread-count":1,"flow-scan-interval":10000000,"generic-max-idle-time":600000000,"icmp-max-idle-time":120000000,"udp-max-idle-time":180000000,"tcp-max-idle-time":7560000000,"max-packets-per-flow-to-send":5,"max-packets-per-flow-to-process":32,"max-packets-per-flow-to-analyse":32,"global_ts_usec":0}
00820{"daemon_event_id":4,"daemon_event_name":"status","thread_id":0,"packet_id":1,"source":"cfgs\/classification_only\/pcap\/http-pwd.pcapng","alias":"nDPId-test","version":"","ndpi_version":"","ndpi_api_version":0,"size_per_flow":1480,"packets-captured":1,"packets-processed":0,"pfring_active":false,"pfring_recv":0,"pfring_drop":0,"pfring_shunt":0,"total-skipped-flows":0,"total-l4-payload-len":0,"total-not-detected-flows":0,"total-guessed-flows":0,"total-detected-flows":0,"total-detection-updates":0,"total-updates":0,"current-active-flows":0,"total-active-flows":0,"total-idle-flows":0,"total-compressions":0,"total-compression-diff":0,"current-compression-diff":0,"global-alloc-count":0,"global-free-count":0,"global-alloc-bytes":0,"global-free-bytes":0,"total-events-serialized":2,"global_ts_usec":1730389991421152}
00782{"flow_event_id":1,"flow_event_name":"new","thread_id":0,"packet_id":1,"source":"cfgs\/classification_only\/pcap\/http-pwd.pcapng","alias":"nDPId-test","flow_id":1,"flow_state":"info","flow_src_packets_processed":1,"flow_dst_packets_processed":0,"flow_first_seen":1730389991421152,"flow_src_last_pkt_time":1730389991421152,"flow_dst_last_pkt_time":1730389991421152,"flow_idle_time":7580000000,"flow_src_min_l4_payload_len":0,"flow_dst_min_l4_payload_len":0,"flow_src_max_l4_payload_len":0,"flow_dst_max_l4_payload_len":0,"flow_src_tot_l4_payload_len":0,"flow_dst_tot_l4_payload_len":0,"midstream":0,"thread_ts_usec":1730389991421152,"l3_proto":"ip4","src_ip":"127.0.0.1","dst_ip":"127.0.0.1","src_port":56451,"dst_port":3000,"l4_proto":"tcp","flow_datalink":0,"flow_max_packets":5}
00563{"packet_event_id":2,"packet_event_name":"packet-flow","thread_id":0,"packet_id":1,"source":"cfgs\/classification_only\/pcap\/http-pwd.pcapng","alias":"nDPId-test","flow_id":1,"flow_packet_id":1,"flow_src_last_pkt_time":1730389991421152,"flow_dst_last_pkt_time":1730389991421152,"flow_idle_time":7580000000,"pkt_datalink":0,"pkt_caplen":68,"pkt_type":2048,"pkt_l3_offset":4,"pkt_l4_offset":24,"pkt_len":68,"pkt_l4_len":44,"thread_ts_usec":1730389991421152,"pkt":"AgAAAEUAAEAAAEAAQAYAAH8AAAF\/AAAB3IMLuM2poQEAAAAAsAL\/\/\/40AAACBD\/YAQMDBgEBCApDaaEzAAAAAAQCAAA="}
00563{"packet_event_id":2,"packet_event_name":"packet-flow","thread_id":0,"packet_id":2,"source":"cfgs\/classification_only\/pcap\/http-pwd.pcapng","alias":"nDPId-test","flow_id":1,"flow_packet_id":2,"flow_src_last_pkt_time":1730389991421152,"flow_dst_last_pkt_time":1730389991421176,"flow_idle_time":7580000000,"pkt_datalink":0,"pkt_caplen":68,"pkt_type":2048,"pkt_l3_offset":4,"pkt_l4_offset":24,"pkt_len":68,"pkt_l4_len":44,"thread_ts_usec":1730389991421176,"pkt":"AgAAAEUAAEAAAEAAQAYAAH8AAAF\/AAABC7jcg4DfELnNqaECsBL\/\/\/40AAACBD\/YAQMDBgEBCArdWitYQ2mhMwQCAAA="}
00544{"packet_event_id":2,"packet_event_name":"packet-flow","thread_id":0,"packet_id":3,"source":"cfgs\/classification_only\/pcap\/http-pwd.pcapng","alias":"nDPId-test","flow_id":1,"flow_packet_id":3,"flow_src_last_pkt_time":1730389991421182,"flow_dst_last_pkt_time":1730389991421176,"flow_idle_time":7580000000,"pkt_datalink":0,"pkt_caplen":56,"pkt_type":2048,"pkt_l3_offset":4,"pkt_l4_offset":24,"pkt_len":56,"pkt_l4_len":32,"thread_ts_usec":1730389991421182,"pkt":"AgAAAEUAADQAAEAAQAYAAH8AAAF\/AAAB3IMLuM2poQKA3xC6gBAY6\/4oAAABAQgKQ2mhM91aK1g="}
00544{"packet_event_id":2,"packet_event_name":"packet-flow","thread_id":0,"packet_id":4,"source":"cfgs\/classification_only\/pcap\/http-pwd.pcapng","alias":"nDPId-test","flow_id":1,"flow_packet_id":4,"flow_src_last_pkt_time":1730389991421182,"flow_dst_last_pkt_time":1730389991421187,"flow_idle_time":7580000000,"pkt_datalink":0,"pkt_caplen":56,"pkt_type":2048,"pkt_l3_offset":4,"pkt_l4_offset":24,"pkt_len":56,"pkt_l4_len":32,"thread_ts_usec":1730389991421187,"pkt":"AgAAAEUAADQAAEAAQAYAAH8AAAF\/AAABC7jcg4DfELrNqaECgBAY6\/4oAAABAQgK3VorWENpoTM="}
01466{"packet_event_id":2,"packet_event_name":"packet-flow","thread_id":0,"packet_id":5,"source":"cfgs\/classification_only\/pcap\/http-pwd.pcapng","alias":"nDPId-test","flow_id":1,"flow_packet_id":5,"flow_src_last_pkt_time":1730389991421470,"flow_dst_last_pkt_time":1730389991421187,"flow_idle_time":7580000000,"pkt_datalink":0,"pkt_caplen":747,"pkt_type":2048,"pkt_l3_offset":4,"pkt_l4_offset":24,"pkt_len":747,"pkt_l4_len":723,"thread_ts_usec":1730389991421470,"pkt":"AgAAAEUAAucAAEAAQAYAAH8AAAF\/AAAB3IMLuM2poQKA3xC6gBgY6wDcAAABAQgKQ2mhM91aK1hQT1NUIC9hdXRob3JpemUuaHRtbCBIVFRQLzEuMQ0KSG9zdDogbG9jYWxob3N0OjMwMDANCkFjY2VwdDogdGV4dC9odG1sLGFwcGxpY2F0aW9uL3hodG1sK3htbCxhcHBsaWNhdGlvbi94bWw7cT0wLjksKi8qO3E9MC44DQpDb250ZW50LVR5cGU6IGFwcGxpY2F0aW9uL3gtd3d3LWZvcm0tdXJsZW5jb2RlZA0KT3JpZ2luOiBodHRwOi8vbG9jYWxob3N0OjMwMDANClNlYy1GZXRjaC1TaXRlOiBzYW1lLW9yaWdpbg0KVXBncmFkZS1JbnNlY3VyZS1SZXF1ZXN0czogMQ0KU2VjLUZldGNoLU1vZGU6IG5hdmlnYXRlDQpVc2VyLUFnZW50OiBNb3ppbGxhLzUuMCAoTWFjaW50b3NoOyBJbnRlbCBNYWMgT1MgWCAxMF8xNV83KSBBcHBsZVdlYktpdC82MDUuMS4xNSAoS0hUTUwsIGxpa2UgR2Vja28pIFZlcnNpb24vMTguMSBTYWZhcmkvNjA1LjEuMTUNClJlZmVyZXI6IGh0dHA6Ly9sb2NhbGhvc3Q6MzAwMC9sdWEvbG9naW4ubHVhP3JlZmVyZXI9bG9jYWxob3N0JTNBMzAwMCUyRg0KU2VjLUZldGNoLURlc3Q6IGRvY3VtZW50DQpDb250ZW50LUxlbmd0aDogNTYNCkFjY2VwdC1MYW5ndWFnZTogZW4tR0IsZW47cT0wLjkNClByaW9yaXR5OiB1PTAsIGkNCkFjY2VwdC1FbmNvZGluZzogZ3ppcCwgZGVmbGF0ZQ0KQ29va2llOiBzZXNzaW9uXzMwMDBfMD07IHR6b2Zmc2V0PTM2MDANCkNvbm5lY3Rpb246IGtlZXAtYWxpdmUNCg0K"}
01420{"flow_event_id":7,"flow_event_name":"detected","thread_id":0,"packet_id":5,"source":"cfgs\/classification_only\/pcap\/http-pwd.pcapng","alias":"nDPId-test","flow_id":1,"flow_state":"info","flow_src_packets_processed":3,"flow_dst_packets_processed":2,"flow_first_seen":1730389991421152,"flow_src_last_pkt_time":1730389991421470,"flow_dst_last_pkt_time":1730389991421187,"flow_idle_time":7580000000,"flow_src_min_l4_payload_len":0,"flow_dst_min_l4_payload_len":0,"flow_src_max_l4_payload_len":691,"flow_dst_max_l4_payload_len":0,"flow_src_tot_l4_payload_len":691,"flow_dst_tot_l4_payload_len":0,"midstream":0,"thread_ts_usec":1730389991421470,"l3_proto":"ip4","src_ip":"127.0.0.1","dst_ip":"127.0.0.1","src_port":56451,"dst_port":3000,"l4_proto":"tcp","ndpi": {"flow_risk": {"5": {"risk":"Known Proto on Non Std Port","severity":"Medium","risk_score": {"total":160,"client":140,"server":20}}},"confidence": {"6":"DPI"},"proto":"HTTP","proto_id":"7","proto_by_ip":"Unknown","proto_by_ip_id":0,"encrypted":0,"breed":"Acceptable","category_id":5,"category":"Web","hostname":"localhost","domainame":"localhost","http": {"url":"localhost:3000\/authorize.html","code":0,"content_type":"","user_agent":"Mozilla\/5.0 (Macintosh; Intel Mac OS X 10_15_7) AppleWebKit\/605.1.15 (KHTML, like Gecko) Version\/18.1 Safari\/605.1.15","request_content_type":"application\/x-www-form-urlencoded","detected_os":"Intel Mac OS X 10_15_7"}}}
01539{"flow_event_id":8,"flow_event_name":"detection-update","thread_id":0,"packet_id":7,"source":"cfgs\/classification_only\/pcap\/http-pwd.pcapng","alias":"nDPId-test","flow_id":1,"flow_state":"info","flow_src_packets_processed":4,"flow_dst_packets_processed":3,"flow_first_seen":1730389991421152,"flow_src_last_pkt_time":1730389991421516,"flow_dst_last_pkt_time":1730389991421475,"flow_idle_time":7580000000,"flow_src_min_l4_payload_len":0,"flow_dst_min_l4_payload_len":0,"flow_src_max_l4_payload_len":691,"flow_dst_max_l4_payload_len":0,"flow_src_tot_l4_payload_len":747,"flow_dst_tot_l4_payload_len":0,"midstream":0,"thread_ts_usec":1730389991421516,"l3_proto":"ip4","src_ip":"127.0.0.1","dst_ip":"127.0.0.1","src_port":56451,"dst_port":3000,"l4_proto":"tcp","ndpi": {"flow_risk": {"5": {"risk":"Known Proto on Non Std Port","severity":"Medium","risk_score": {"total":160,"client":140,"server":20}},"36": {"risk":"Clear-Text Credentials","severity":"High","risk_score": {"total":200,"client":160,"server":40}}},"confidence": {"6":"DPI"},"proto":"HTTP","proto_id":"7","proto_by_ip":"Unknown","proto_by_ip_id":0,"encrypted":0,"breed":"Acceptable","category_id":5,"category":"Web","hostname":"localhost","domainame":"localhost","http": {"url":"localhost:3000\/authorize.html","code":0,"content_type":"","user_agent":"Mozilla\/5.0 (Macintosh; Intel Mac OS X 10_15_7) AppleWebKit\/605.1.15 (KHTML, like Gecko) Version\/18.1 Safari\/605.1.15","request_content_type":"application\/x-www-form-urlencoded","detected_os":"Intel Mac OS X 10_15_7"}}}
01435{"flow_event_id":8,"flow_event_name":"detection-update","thread_id":0,"packet_id":9,"source":"cfgs\/classification_only\/pcap\/http-pwd.pcapng","alias":"nDPId-test","flow_id":1,"flow_state":"info","flow_src_packets_processed":4,"flow_dst_packets_processed":5,"flow_first_seen":1730389991421152,"flow_src_last_pkt_time":1730389991421516,"flow_dst_last_pkt_time":1730389991422019,"flow_idle_time":7580000000,"flow_src_min_l4_payload_len":0,"flow_dst_min_l4_payload_len":0,"flow_src_max_l4_payload_len":691,"flow_dst_max_l4_payload_len":250,"flow_src_tot_l4_payload_len":747,"flow_dst_tot_l4_payload_len":250,"midstream":0,"thread_ts_usec":1730389991422019,"l3_proto":"ip4","src_ip":"127.0.0.1","dst_ip":"127.0.0.1","src_port":56451,"dst_port":3000,"l4_proto":"tcp","ndpi": {"flow_risk": {"36": {"risk":"Clear-Text Credentials","severity":"High","risk_score": {"total":200,"client":160,"server":40}}},"confidence": {"6":"DPI"},"proto":"HTTP.ntop","proto_id":"7.26","proto_by_ip":"Unknown","proto_by_ip_id":0,"encrypted":0,"breed":"Safe","category_id":14,"category":"Network","hostname":"localhost","domainame":"localhost","http": {"url":"localhost:3000\/authorize.html","code":302,"content_type":"","user_agent":"Mozilla\/5.0 (Macintosh; Intel Mac OS X 10_15_7) AppleWebKit\/605.1.15 (KHTML, like Gecko) Version\/18.1 Safari\/605.1.15","request_content_type":"application\/x-www-form-urlencoded","detected_os":"Intel Mac OS X 10_15_7"}}}
01128{"flow_event_id":2,"flow_event_name":"end","thread_id":0,"packet_id":14,"source":"cfgs\/classification_only\/pcap\/http-pwd.pcapng","alias":"nDPId-test","flow_id":1,"flow_state":"finished","flow_src_packets_processed":7,"flow_dst_packets_processed":7,"flow_first_seen":1730389991421152,"flow_src_last_pkt_time":1730389991426436,"flow_dst_last_pkt_time":1730389991426455,"flow_idle_time":7580000000,"flow_src_min_l4_payload_len":0,"flow_dst_min_l4_payload_len":0,"flow_src_max_l4_payload_len":691,"flow_dst_max_l4_payload_len":250,"flow_src_tot_l4_payload_len":747,"flow_dst_tot_l4_payload_len":250,"midstream":0,"thread_ts_usec":1730389991426455,"l3_proto":"ip4","src_ip":"127.0.0.1","dst_ip":"127.0.0.1","src_port":56451,"dst_port":3000,"l4_proto":"tcp","flow_datalink":0,"flow_max_packets":5,"ndpi": {"flow_risk": {"36": {"risk":"Clear-Text Credentials","severity":"High","risk_score": {"total":200,"client":160,"server":40}}},"confidence": {"6":"DPI"},"proto":"HTTP.ntop","proto_id":"7.26","proto_by_ip":"Unknown","proto_by_ip_id":0,"encrypted":0,"breed":"Safe","category_id":14,"category":"Network","hostname":"localhost"}}
00828{"daemon_event_id":3,"daemon_event_name":"shutdown","thread_id":0,"packet_id":14,"source":"cfgs\/classification_only\/pcap\/http-pwd.pcapng","alias":"nDPId-test","version":"","ndpi_version":"","ndpi_api_version":0,"size_per_flow":1480,"packets-captured":14,"packets-processed":14,"pfring_active":false,"pfring_recv":0,"pfring_drop":0,"pfring_shunt":0,"total-skipped-flows":0,"total-l4-payload-len":997,"total-not-detected-flows":0,"total-guessed-flows":0,"total-detected-flows":1,"total-detection-updates":2,"total-updates":0,"current-active-flows":0,"total-active-flows":1,"total-idle-flows":1,"total-compressions":0,"total-compression-diff":0,"current-compression-diff":0,"global-alloc-count":0,"global-free-count":0,"global-alloc-bytes":0,"global-free-bytes":0,"total-events-serialized":13,"global_ts_usec":1730389991426455}
~~~~~~~~~~~~~~~~~~~~ SUMMARY ~~~~~~~~~~~~~~~~~~~~
~~ packets captured/processed: 14/14
~~ skipped flows.............: 0
~~ total layer4 data length..: 997 bytes
~~ total detected protocols..: 1
~~ total active/idle flows...: 1/1
~~ total timeout flows.......: 0
~~~~~~~~~~~~~~~~~~~~~~~~~~~~~~~~~~~~~~~~~~~~~~~~~
~~ total memory allocated....: 9410286 bytes
~~ total memory freed........: 9410286 bytes
~~ total allocations/frees...: 154526/154526
~~~~~~~~~~~~~~~~~~~~~~~~~~~~~~~~~~~~~~~~~~~~~~~~~
~~ json message min len.......: 549 chars
~~ json message max len.......: 1544 chars
~~ json message avg len.......: 1038 chars
