00648{"daemon_event_id":1,"daemon_event_name":"init","thread_id":0,"packet_id":0,"source":"cfgs\/classification_only\/pcap\/tls_1.2_unidir_client_no_cert.pcapng","alias":"nDPId-test","version":"1.7.0","ndpi_version":"4.15.0-5461-7053687","ndpi_api_version":13280,"size_per_flow":1448,"max-flows-per-thread":32768,"max-idle-flows-per-thread":1024,"reader-thread-count":1,"flow-scan-interval":10000000,"generic-max-idle-time":600000000,"icmp-max-idle-time":120000000,"udp-max-idle-time":180000000,"tcp-max-idle-time":7560000000,"max-packets-per-flow-to-send":5,"max-packets-per-flow-to-process":32,"max-packets-per-flow-to-analyse":32,"global_ts_usec":0}
00869{"daemon_event_id":4,"daemon_event_name":"status","thread_id":0,"packet_id":1,"source":"cfgs\/classification_only\/pcap\/tls_1.2_unidir_client_no_cert.pcapng","alias":"nDPId-test","version":"1.7.0","ndpi_version":"4.15.0-5461-7053687","ndpi_api_version":13280,"size_per_flow":1448,"packets-captured":1,"packets-processed":0,"pfring_active":false,"pfring_recv":0,"pfring_drop":0,"pfring_shunt":0,"total-skipped-flows":0,"total-l4-payload-len":0,"total-not-detected-flows":0,"total-guessed-flows":0,"total-detected-flows":0,"total-detection-updates":0,"total-updates":0,"current-active-flows":0,"total-active-flows":0,"total-idle-flows":0,"total-compressions":0,"total-compression-diff":0,"current-compression-diff":0,"global-alloc-count":0,"global-free-count":0,"global-alloc-bytes":0,"global-free-bytes":0,"total-events-serialized":2,"global_ts_usec":1655389592153034}
00811{"flow_event_id":1,"flow_event_name":"new","thread_id":0,"packet_id":1,"source":"cfgs\/classification_only\/pcap\/tls_1.2_unidir_client_no_cert.pcapng","alias":"nDPId-test","flow_id":1,"flow_state":"info","flow_src_packets_processed":1,"flow_dst_packets_processed":0,"flow_first_seen":1655389592153034,"flow_src_last_pkt_time":1655389592153034,"flow_dst_last_pkt_time":1655389592153034,"flow_idle_time":7580000000,"flow_src_min_l4_payload_len":0,"flow_dst_min_l4_payload_len":0,"flow_src_max_l4_payload_len":0,"flow_dst_max_l4_payload_len":0,"flow_src_tot_l4_payload_len":0,"flow_dst_tot_l4_payload_len":0,"midstream":0,"thread_ts_usec":1655389592153034,"l3_proto":"ip4","src_ip":"192.168.12.156","dst_ip":"172.67.21.133","src_port":39958,"dst_port":443,"l4_proto":"tcp","flow_datalink":1,"flow_max_packets":5}
00591{"packet_event_id":2,"packet_event_name":"packet-flow","thread_id":0,"packet_id":1,"source":"cfgs\/classification_only\/pcap\/tls_1.2_unidir_client_no_cert.pcapng","alias":"nDPId-test","flow_id":1,"flow_packet_id":1,"flow_src_last_pkt_time":1655389592153034,"flow_dst_last_pkt_time":1655389592153034,"flow_idle_time":7580000000,"pkt_datalink":1,"pkt_caplen":74,"pkt_type":2048,"pkt_l3_offset":14,"pkt_l4_offset":34,"pkt_len":74,"pkt_l4_len":40,"thread_ts_usec":1655389592153034,"pkt":"CL6sCxduJjb1W8R1CABFAAA8LQBAAEAGfq\/AqAycrEMVhZwWAbuIMgssAAAAAKAC\/\/9bCQAAAgQFtAQCCAoQnRwbAAAAAAEDAwk="}
00560{"packet_event_id":2,"packet_event_name":"packet-flow","thread_id":0,"packet_id":2,"source":"cfgs\/classification_only\/pcap\/tls_1.2_unidir_client_no_cert.pcapng","alias":"nDPId-test","flow_id":1,"flow_packet_id":2,"flow_src_last_pkt_time":1655389592207546,"flow_dst_last_pkt_time":1655389592153034,"flow_idle_time":7580000000,"pkt_datalink":1,"pkt_caplen":54,"pkt_type":2048,"pkt_l3_offset":14,"pkt_l4_offset":34,"pkt_len":54,"pkt_l4_len":20,"thread_ts_usec":1655389592207546,"pkt":"CL6sCxduJjb1W8R1CABFAAAoLQFAAEAGfsLAqAycrEMVhZwWAbuIMgstwx6+DVAQAKxtvgAA"}
01262{"packet_event_id":2,"packet_event_name":"packet-flow","thread_id":0,"packet_id":3,"source":"cfgs\/classification_only\/pcap\/tls_1.2_unidir_client_no_cert.pcapng","alias":"nDPId-test","flow_id":1,"flow_packet_id":3,"flow_src_last_pkt_time":1655389592208489,"flow_dst_last_pkt_time":1655389592153034,"flow_idle_time":7580000000,"pkt_datalink":1,"pkt_caplen":571,"pkt_type":2048,"pkt_l3_offset":14,"pkt_l4_offset":34,"pkt_len":571,"pkt_l4_len":537,"thread_ts_usec":1655389592208489,"pkt":"CL6sCxduJjb1W8R1CABFAAItLQJAAEAGfLzAqAycrEMVhZwWAbuIMgstwx6+DVAYAKy7+AAAFgMBAgABAAH8AwNMe0pOfKDgGGEcKmNZultSywyxCFzaSXJC5Yc2T4k18yCMccSHTLc6u77I7rKgloPHXem\/eIollts0D\/kX46bregAiEwETAhMDwCvALMypwC\/AMMyowAnACsATwBQAnACdAC8ANQEAAZEAAAASABAAAA1zYi5hZHRpZHkub3JnABcAAP8BAAEAAAoACAAGAB0AFwAYAAsAAgEAACMAwMdswymTtNyKpgmoigvFmzas05foxOlAf46HdKjLpI7ryS5G\/fjyZZCMrfFLU0CKp+nR5JlUacAjgqyjEKSAojpQD4nZBH\/RcPkFpM4o1XkBTYzO0z3tOCW1sEaDv\/XFS\/CGCDHolYAeRPZVcLHILuATKNkwsKfvc7c7sVBnbTNljb5j5iRSsBNarLQyQkhGKEOWoi3r1dbxtraDne1N4BdF8Deedzd8qkwF4D76hm2ZOz9nSjCrgIxlxoJki2kNmQAQAAsACQhodHRwLzEuMQAFAAUBAAAAAAANABQAEgQDCAQEAQUDCAUFAQgGBgECAQAzACYAJAAdACC99ZQOOiLagtJWG3C4EOH9sqNDaCC1g7DmUNmoAJ8laQAtAAIBAQArAAkIAwQDAwMCAwEAFQArAAAAAAAAAAAAAAAAAAAAAAAAAAAAAAAAAAAAAAAAAAAAAAAAAAAAAAAAAA=="}
01248{"flow_event_id":7,"flow_event_name":"detected","thread_id":0,"packet_id":3,"source":"cfgs\/classification_only\/pcap\/tls_1.2_unidir_client_no_cert.pcapng","alias":"nDPId-test","flow_id":1,"flow_state":"info","flow_src_packets_processed":3,"flow_dst_packets_processed":0,"flow_first_seen":1655389592153034,"flow_src_last_pkt_time":1655389592208489,"flow_dst_last_pkt_time":1655389592153034,"flow_idle_time":7580000000,"flow_src_min_l4_payload_len":0,"flow_dst_min_l4_payload_len":0,"flow_src_max_l4_payload_len":517,"flow_dst_max_l4_payload_len":0,"flow_src_tot_l4_payload_len":517,"flow_dst_tot_l4_payload_len":0,"midstream":0,"thread_ts_usec":1655389592208489,"l3_proto":"ip4","src_ip":"192.168.12.156","dst_ip":"172.67.21.133","src_port":39958,"dst_port":443,"l4_proto":"tcp","ndpi": {"confidence": {"6":"DPI"},"proto":"TLS","proto_id":"91","proto_by_ip":"Cloudflare","proto_by_ip_id":220,"encrypted":1,"breed":"Safe","category_id":5,"category":"Web","hostname":"sb.adtidy.org","domainame":"sb.adtidy.org","tls": {"version":"TLSv1.2","ja3s":"","ja4":"t13d1713h1_5b57614c22b0_eca864cca44a","unsafe_cipher":0,"cipher":"TLS_NULL_WITH_NULL_NULL","advertised_alpns":"http\/1.1","tls_supported_versions":"TLSv1.3,TLSv1.2,TLSv1.1,TLSv1","blocks":0}}}
00560{"packet_event_id":2,"packet_event_name":"packet-flow","thread_id":0,"packet_id":4,"source":"cfgs\/classification_only\/pcap\/tls_1.2_unidir_client_no_cert.pcapng","alias":"nDPId-test","flow_id":1,"flow_packet_id":4,"flow_src_last_pkt_time":1655389592250074,"flow_dst_last_pkt_time":1655389592153034,"flow_idle_time":7580000000,"pkt_datalink":1,"pkt_caplen":54,"pkt_type":2048,"pkt_l3_offset":14,"pkt_l4_offset":34,"pkt_len":54,"pkt_l4_len":20,"thread_ts_usec":1655389592250074,"pkt":"CL6sCxduJjb1W8R1CABFAAAoLQNAAEAGfsDAqAycrEMVhZwWAbuIMg0ywx6+r1AQAKxrFwAA"}
00631{"packet_event_id":2,"packet_event_name":"packet-flow","thread_id":0,"packet_id":5,"source":"cfgs\/classification_only\/pcap\/tls_1.2_unidir_client_no_cert.pcapng","alias":"nDPId-test","flow_id":1,"flow_packet_id":5,"flow_src_last_pkt_time":1655389592255139,"flow_dst_last_pkt_time":1655389592153034,"flow_idle_time":7580000000,"pkt_datalink":1,"pkt_caplen":105,"pkt_type":2048,"pkt_l3_offset":14,"pkt_l4_offset":34,"pkt_len":105,"pkt_l4_len":71,"thread_ts_usec":1655389592255139,"pkt":"CL6sCxduJjb1W8R1CABFAABbLQRAAEAGfozAqAycrEMVhZwWAbuIMg0ywx6+r1AYAKxWUQAAFAMDAAEBFgMDACgAAAAAAAAAAAHqNiA\/AZp+DK3ZaLmgyUaCAFQqANlaQ7IRek9VkVX6"}
00993{"flow_event_id":2,"flow_event_name":"end","thread_id":0,"packet_id":10,"source":"cfgs\/classification_only\/pcap\/tls_1.2_unidir_client_no_cert.pcapng","alias":"nDPId-test","flow_id":1,"flow_state":"info","flow_src_packets_processed":10,"flow_dst_packets_processed":0,"flow_first_seen":1655389592153034,"flow_src_last_pkt_time":1655389592454103,"flow_dst_last_pkt_time":1655389592153034,"flow_idle_time":7580000000,"flow_src_min_l4_payload_len":0,"flow_dst_min_l4_payload_len":0,"flow_src_max_l4_payload_len":517,"flow_dst_max_l4_payload_len":0,"flow_src_tot_l4_payload_len":989,"flow_dst_tot_l4_payload_len":0,"midstream":0,"thread_ts_usec":1655389592454103,"l3_proto":"ip4","src_ip":"192.168.12.156","dst_ip":"172.67.21.133","src_port":39958,"dst_port":443,"l4_proto":"tcp","flow_datalink":1,"flow_max_packets":5,"ndpi": {"confidence": {"6":"DPI"},"proto":"TLS","proto_id":"91","proto_by_ip":"Cloudflare","proto_by_ip_id":220,"encrypted":1,"breed":"Safe","category_id":5,"category":"Web"}}
00877{"daemon_event_id":3,"daemon_event_name":"shutdown","thread_id":0,"packet_id":10,"source":"cfgs\/classification_only\/pcap\/tls_1.2_unidir_client_no_cert.pcapng","alias":"nDPId-test","version":"1.7.0","ndpi_version":"4.15.0-5461-7053687","ndpi_api_version":13280,"size_per_flow":1448,"packets-captured":10,"packets-processed":10,"pfring_active":false,"pfring_recv":0,"pfring_drop":0,"pfring_shunt":0,"total-skipped-flows":0,"total-l4-payload-len":989,"total-not-detected-flows":0,"total-guessed-flows":0,"total-detected-flows":1,"total-detection-updates":0,"total-updates":0,"current-active-flows":0,"total-active-flows":1,"total-idle-flows":1,"total-compressions":0,"total-compression-diff":0,"current-compression-diff":0,"global-alloc-count":0,"global-free-count":0,"global-alloc-bytes":0,"global-free-bytes":0,"total-events-serialized":11,"global_ts_usec":1655389592454103}
~~~~~~~~~~~~~~~~~~~~ SUMMARY ~~~~~~~~~~~~~~~~~~~~
~~ packets captured/processed: 10/10
~~ skipped flows.............: 0
~~ total layer4 data length..: 989 bytes
~~ total detected protocols..: 1
~~ total active/idle flows...: 1/1
~~ total timeout flows.......: 0
~~~~~~~~~~~~~~~~~~~~~~~~~~~~~~~~~~~~~~~~~~~~~~~~~
~~ total memory allocated....: 8616017 bytes
~~ total memory freed........: 8616017 bytes
~~ total allocations/frees...: 139808/139808
~~~~~~~~~~~~~~~~~~~~~~~~~~~~~~~~~~~~~~~~~~~~~~~~~
~~ json message min len.......: 565 chars
~~ json message max len.......: 1267 chars
~~ json message avg len.......: 912 chars
