00472{"daemon_event_id":1,"daemon_event_name":"init","thread_id":0,"packet_id":0,"source":"modbus.pcap","alias":"nDPId-test","max-flows-per-thread":2048,"max-idle-flows-per-thread":64,"tick-resolution":1000,"reader-thread-count":1,"flow-scan-interval":10000000,"generic-max-idle-time":600000000,"icmp-max-idle-time":120000000,"udp-max-idle-time":180000000,"tcp-max-idle-time":3265032704,"max-packets-per-flow-to-send":3,"max-packets-per-flow-to-process":32,"global_ts_usec":0}
00549{"daemon_event_id":4,"daemon_event_name":"status","thread_id":0,"packet_id":1,"source":"modbus.pcap","alias":"nDPId-test","packets-captured":1,"packets-processed":0,"total-skipped-flows":0,"total-l4-payload-len":0,"total-not-detected-flows":0,"total-guessed-flows":0,"total-detected-flows":0,"total-detection-updates":0,"total-updates":0,"current-active-flows":0,"total-active-flows":0,"total-idle-flows":0,"total-compressions":0,"total-compression-diff":0,"current-compression-diff":0,"total-events-serialized":2,"global_ts_usec":1223541953927963}
00758{"flow_event_id":1,"flow_event_name":"new","thread_id":0,"packet_id":1,"source":"modbus.pcap","alias":"nDPId-test","flow_id":1,"flow_state":"info","flow_src_packets_processed":1,"flow_dst_packets_processed":0,"flow_first_seen":1223541953927963,"flow_src_last_pkt_time":1223541953927963,"flow_dst_last_pkt_time":1223541953927963,"flow_idle_time":3285032704,"flow_src_min_l4_payload_len":12,"flow_dst_min_l4_payload_len":0,"flow_src_max_l4_payload_len":12,"flow_dst_max_l4_payload_len":0,"flow_src_tot_l4_payload_len":12,"flow_dst_tot_l4_payload_len":0,"midstream":1,"thread_ts_usec":1223541953927963,"l3_proto":"ip4","src_ip":"192.168.110.131","dst_ip":"192.168.110.138","src_port":2074,"dst_port":502,"l4_proto":"tcp","flow_datalink":1,"flow_max_packets":3}
00524{"packet_event_id":2,"packet_event_name":"packet-flow","thread_id":0,"packet_id":1,"source":"modbus.pcap","alias":"nDPId-test","flow_id":1,"flow_packet_id":1,"flow_src_last_pkt_time":1223541953927963,"flow_dst_last_pkt_time":1223541953927963,"flow_idle_time":3285032704,"pkt_oversize":false,"pkt_caplen":66,"pkt_type":2048,"pkt_l3_offset":14,"pkt_l4_offset":34,"pkt_len":66,"pkt_l4_len":32,"thread_ts_usec":1223541953927963,"pkt":"ABzAX0kKAArkxYMKCABFAAA0i\/1AAIAGEGjAqG6DwKhuiggaAfZB0urG4RU6zlAY\/MYAMgAAANEAAAAGAQMAAQAB"}
00868{"flow_event_id":7,"flow_event_name":"detected","thread_id":0,"packet_id":1,"source":"modbus.pcap","alias":"nDPId-test","flow_id":1,"flow_state":"info","flow_src_packets_processed":1,"flow_dst_packets_processed":0,"flow_first_seen":1223541953927963,"flow_src_last_pkt_time":1223541953927963,"flow_dst_last_pkt_time":1223541953927963,"flow_idle_time":3285032704,"flow_src_min_l4_payload_len":12,"flow_dst_min_l4_payload_len":0,"flow_src_max_l4_payload_len":12,"flow_dst_max_l4_payload_len":0,"flow_src_tot_l4_payload_len":12,"flow_dst_tot_l4_payload_len":0,"midstream":1,"thread_ts_usec":1223541953927963,"l3_proto":"ip4","src_ip":"192.168.110.131","dst_ip":"192.168.110.138","src_port":2074,"dst_port":502,"l4_proto":"tcp","ndpi": {"confidence": {"6":"DPI"},"proto":"Modbus","proto_id":"44","encrypted":0,"breed":"Acceptable","category_id":31,"category":"IoT-Scada"}}
00523{"packet_event_id":2,"packet_event_name":"packet-flow","thread_id":0,"packet_id":2,"source":"modbus.pcap","alias":"nDPId-test","flow_id":1,"flow_packet_id":2,"flow_src_last_pkt_time":1223541953927963,"flow_dst_last_pkt_time":1223541953929098,"flow_idle_time":3285032704,"pkt_oversize":false,"pkt_caplen":65,"pkt_type":2048,"pkt_l3_offset":14,"pkt_l4_offset":34,"pkt_len":65,"pkt_l4_len":31,"thread_ts_usec":1223541953929098,"pkt":"AArkxYMKABzAX0kKCABFAAAzO9pAAIAGYIzAqG6KwKhugwH2CBrhFTrOQdLq0lAY++v\/BAAAANEAAAAFAQMCAAA="}
00524{"packet_event_id":2,"packet_event_name":"packet-flow","thread_id":0,"packet_id":3,"source":"modbus.pcap","alias":"nDPId-test","flow_id":1,"flow_packet_id":3,"flow_src_last_pkt_time":1223541953929171,"flow_dst_last_pkt_time":1223541953929098,"flow_idle_time":3285032704,"pkt_oversize":false,"pkt_caplen":66,"pkt_type":2048,"pkt_l3_offset":14,"pkt_l4_offset":34,"pkt_len":66,"pkt_l4_len":32,"thread_ts_usec":1223541953929171,"pkt":"ABzAX0kKAArkxYMKCABFAAA0i\/5AAIAGEGfAqG6DwKhuiggaAfZB0urS4RU62VAY\/LsAJgAAANIAAAAGAQMAAAAB"}
01344{"flow_event_id":5,"flow_event_name":"analyse","thread_id":0,"packet_id":32,"source":"modbus.pcap","alias":"nDPId-test","flow_id":1,"flow_state":"finished","flow_src_packets_processed":16,"flow_dst_packets_processed":16,"flow_first_seen":1223541953927963,"flow_src_last_pkt_time":1223541960939284,"flow_dst_last_pkt_time":1223541960940128,"flow_idle_time":3285032704,"flow_src_min_l4_payload_len":12,"flow_dst_min_l4_payload_len":0,"flow_src_max_l4_payload_len":12,"flow_dst_max_l4_payload_len":11,"flow_src_tot_l4_payload_len":192,"flow_dst_tot_l4_payload_len":176,"midstream":1,"thread_ts_usec":1223541960940128,"l3_proto":"ip4","src_ip":"192.168.110.131","dst_ip":"192.168.110.138","src_port":2074,"dst_port":502,"l4_proto":"tcp","flow_datalink":1,"flow_max_packets":3,"data_analysis": {"iat": {"flow_min":65,"flow_avg":8362195.0,"flow_max":260578073,"flow_stddev":45301172.0,"c_to_s_min":65,"c_to_s_avg":16723404.0,"c_to_s_max":260578073,"c_to_s_stddev":62964856.0,"s_to_c_min":503,"s_to_c_avg":985.9,"s_to_c_max":1440,"s_to_c_stddev":229.5},"pktlen": {"c_to_s_min":66,"c_to_s_avg":66.0,"c_to_s_max":66,"c_to_s_stddev":0.0,"s_to_c_min":65,"s_to_c_avg":65.0,"s_to_c_max":65,"s_to_c_stddev":0.0}},"ndpi": {"confidence": {"6":"DPI"},"proto":"Modbus","proto_id":"44","encrypted":0,"breed":"Acceptable","category_id":31,"category":"IoT-Scada"}}
00915{"flow_event_id":3,"flow_event_name":"idle","thread_id":0,"packet_id":102,"source":"modbus.pcap","alias":"nDPId-test","flow_id":1,"flow_state":"finished","flow_src_packets_processed":51,"flow_dst_packets_processed":51,"flow_first_seen":1223541953927963,"flow_src_last_pkt_time":1223541977036283,"flow_dst_last_pkt_time":1223541977037227,"flow_idle_time":3285032704,"flow_src_min_l4_payload_len":12,"flow_dst_min_l4_payload_len":0,"flow_src_max_l4_payload_len":12,"flow_dst_max_l4_payload_len":11,"flow_src_tot_l4_payload_len":612,"flow_dst_tot_l4_payload_len":561,"midstream":1,"thread_ts_usec":1223541977037227,"l3_proto":"ip4","src_ip":"192.168.110.131","dst_ip":"192.168.110.138","src_port":2074,"dst_port":502,"l4_proto":"tcp","flow_datalink":1,"flow_max_packets":3,"ndpi": {"confidence": {"6":"DPI"},"proto":"Modbus","proto_id":"44","encrypted":0,"breed":"Acceptable","category_id":31,"category":"IoT-Scada"}}
00561{"daemon_event_id":3,"daemon_event_name":"shutdown","thread_id":0,"packet_id":102,"source":"modbus.pcap","alias":"nDPId-test","packets-captured":102,"packets-processed":102,"total-skipped-flows":0,"total-l4-payload-len":1173,"total-not-detected-flows":0,"total-guessed-flows":0,"total-detected-flows":1,"total-detection-updates":0,"total-updates":0,"current-active-flows":0,"total-active-flows":1,"total-idle-flows":1,"total-compressions":0,"total-compression-diff":0,"current-compression-diff":0,"total-events-serialized":10,"global_ts_usec":1223541977037227}
~~~~~~~~~~~~~~~~~~~~ SUMMARY ~~~~~~~~~~~~~~~~~~~~
~~ packets captured/processed: 102/102
~~ skipped flows.............: 0
~~ total layer4 data length..: 1173 bytes
~~ total detected protocols..: 1
~~ total active/idle flows...: 1/1
~~ total timeout flows.......: 0
~~~~~~~~~~~~~~~~~~~~~~~~~~~~~~~~~~~~~~~~~~~~~~~~~
~~ total memory allocated....: 6034818 bytes
~~ total memory freed........: 6034818 bytes
~~ total allocations/frees...: 121536/121536
~~~~~~~~~~~~~~~~~~~~~~~~~~~~~~~~~~~~~~~~~~~~~~~~~
~~ json string min len.......: 477 chars
~~ json string max len.......: 1349 chars
~~ json string avg len.......: 881 chars
