00474{"daemon_event_id":1,"daemon_event_name":"init","thread_id":0,"packet_id":0,"source":"quic_q39.pcap","alias":"nDPId-test","max-flows-per-thread":2048,"max-idle-flows-per-thread":64,"tick-resolution":1000,"reader-thread-count":1,"flow-scan-interval":10000000,"generic-max-idle-time":600000000,"icmp-max-idle-time":120000000,"udp-max-idle-time":180000000,"tcp-max-idle-time":3265032704,"max-packets-per-flow-to-send":3,"max-packets-per-flow-to-process":32,"global_ts_usec":0}
00551{"daemon_event_id":4,"daemon_event_name":"status","thread_id":0,"packet_id":1,"source":"quic_q39.pcap","alias":"nDPId-test","packets-captured":1,"packets-processed":0,"total-skipped-flows":0,"total-l4-payload-len":0,"total-not-detected-flows":0,"total-guessed-flows":0,"total-detected-flows":0,"total-detection-updates":0,"total-updates":0,"current-active-flows":0,"total-active-flows":0,"total-idle-flows":0,"total-compressions":0,"total-compression-diff":0,"current-compression-diff":0,"total-events-serialized":2,"global_ts_usec":1509098995610775}
00764{"flow_event_id":1,"flow_event_name":"new","thread_id":0,"packet_id":1,"source":"quic_q39.pcap","alias":"nDPId-test","flow_id":1,"flow_state":"info","flow_src_packets_processed":1,"flow_dst_packets_processed":0,"flow_first_seen":1509098995610775,"flow_src_last_pkt_time":1509098995610775,"flow_dst_last_pkt_time":1509098995610775,"flow_idle_time":200000000,"flow_src_min_l4_payload_len":1350,"flow_dst_min_l4_payload_len":0,"flow_src_max_l4_payload_len":1350,"flow_dst_max_l4_payload_len":0,"flow_src_tot_l4_payload_len":1350,"flow_dst_tot_l4_payload_len":0,"midstream":0,"thread_ts_usec":1509098995610775,"l3_proto":"ip4","src_ip":"170.216.16.209","dst_ip":"21.157.183.227","src_port":38620,"dst_port":443,"l4_proto":"udp","flow_datalink":1,"flow_max_packets":3}
02301{"packet_event_id":2,"packet_event_name":"packet-flow","thread_id":0,"packet_id":1,"source":"quic_q39.pcap","alias":"nDPId-test","flow_id":1,"flow_packet_id":1,"flow_src_last_pkt_time":1509098995610775,"flow_dst_last_pkt_time":1509098995610775,"flow_idle_time":200000000,"pkt_oversize":false,"pkt_caplen":1392,"pkt_type":2048,"pkt_l3_offset":14,"pkt_l4_offset":34,"pkt_len":1392,"pkt_l4_len":1358,"thread_ts_usec":1509098995610775,"pkt":"AAAAPJ7rSEb7OSWDCABFAAVipylAAD8RBjiq2BDRFZ2345bcAbsFTtxhDeca1dd1bE1NUTAzOQFpm58AnJnQaHUqfgGgAQQAQ0hMTxsAAABQQUQA1AEAAFNOSQDhAQAAU1RLABcCAABWRVIAGwIAAENDUwArAgAATk9OQ0sCAABNU1BDTwIAAEFFQURTAgAAVUFJRIACAABTQ0lEkAIAAFRDSUSUAgAAUERNRJgCAABTTUhMnAIAAElDU0ygAgAAQ1RJTagCAABOT05QyAIAAFBVQlPoAgAATUlEU+wCAABTQ0xT8AIAAEtFWFP0AgAAWExDVPwCAABDU0NU\/AIAAENPUFT8AgAAQ0NSVBQDAABJUlRUGAMAAENGQ1ccAwAAU0ZDVyADAAAtLS0tLS0tLS0tLS0tLS0tLS0tLS0tLS0tLS0tLS0tLS0tLS0tLS0tLS0tLS0tLS0tLS0tLS0tLS0tLS0tLS0tLS0tLS0tLS0tLS0tLS0tLS0tLS0tLS0tLS0tLS0tLS0tLS0tLS0tLS0tLS0tLS0tLS0tLS0tLS0tLS0tLS0tLS0tLS0tLS0tLS0tLS0tLS0tLS0tLS0tLS0tLS0tLS0tLS0tLS0tLS0tLS0tLS0tLS0tLS0tLS0tLS0tLS0tLS0tLS0tLS0tLS0tLS0tLS0tLS0tLS0tLS0tLS0tLS0tLS0tLS0tLS0tLS0tLS0tLS0tLS0tLS0tLS0tLS0tLS0tLS0tLS0tLS0tLS0tLS0tLS0tLS0tLS0tLS0tLS0tLS0tLS0tLS0tLS0tLS0tLS0tLS0tLS0tLS0tLS0tLS0tLS0tLS0tLS0tLS0tLS0tLS0tLS0tLS0tLS0tLS0tLS0tLS0tLS0tLS0tLS0tLS0tLS0tLS0tLS0tLS0tLS0tLS0tLS0tLS0tLS0tLS0tLS0tLS0tLS0tLS0tLS0tLS0tLS0tLS0tLS0tLS0tLS0tLS0tLS0tLS0tLS0tLS0tLS0tLS0tLS0tLS0tLS0tLS0tLS0tLS1zLnlvdXR1YmUuY29tHmY9ku1OY40wxAcfyyHFWACuKRu9GR6V2xdJs\/1DZWDRgILbvi6YPymdOys8LmRShvdEmFTSUTAzOQHogWCSkhrofu2AhqIVgpFZ8wXyMDAwMDAwMDBOGwyq+nKlq\/7gyjM9fK1HfmcRm2QAAABBRVNHY29tLmdvb2dsZS5hbmRyb2lkLnlvdXR1YmUgQ3JvbmV0LzYzLjAuMzIyMy43EbUkNcc61MtqjsJrlOUgFgAAAABYNTA5AQAAAB4AAADyBfNZAAAAAJSFXrmNCzW2XCwCM6DbC32c2YfxELPjjStDUbaq7wmHTyY4LQBCW\/iNJqUlz2Wd46tERlhzvdEC41udof7lNxBkAAAAAQAAAEMyNTVDwyMTjfiB70PDIxON+IHvmpHtbxwAgQ5AC3uQqa5564NqFQAAAPAAAABgAAAAAAAAAAAAAAAAAAAAAAAAAAAAAAAAAAAAAAAAAAAAAAAAAAAAAAAAAAAAAAAAAAAAAAAAAAAAAAAAAAAAAAAAAAAAAAAAAAAAAAAAAAAAAAAAAAAAAAAAAAAAAAAAAAAAAAAAAAAAAAAAAAAAAAAAAAAAAAAAAAAAAAAAAAAAAAAAAAAAAAAAAAAAAAAAAAAAAAAAAAAAAAAAAAAAAAAAAAAAAAAAAAAAAAAAAAAAAAAAAAAAAAAAAAAAAAAAAAAAAAAAAAAAAAAAAAAAAAAAAAAAAAAAAAAAAAAAAAAAAAAAAAAAAAAAAAAAAAAAAAAAAAAAAAAAAAAAAAAAAAAAAAAAAAAAAAAAAAAAAAAAAAAAAAAAAAAAAAAAAAAAAAAAAAAAAAAA"}
00972{"flow_event_id":7,"flow_event_name":"detected","thread_id":0,"packet_id":1,"source":"quic_q39.pcap","alias":"nDPId-test","flow_id":1,"flow_state":"info","flow_src_packets_processed":1,"flow_dst_packets_processed":0,"flow_first_seen":1509098995610775,"flow_src_last_pkt_time":1509098995610775,"flow_dst_last_pkt_time":1509098995610775,"flow_idle_time":200000000,"flow_src_min_l4_payload_len":1350,"flow_dst_min_l4_payload_len":0,"flow_src_max_l4_payload_len":1350,"flow_dst_max_l4_payload_len":0,"flow_src_tot_l4_payload_len":1350,"flow_dst_tot_l4_payload_len":0,"midstream":0,"thread_ts_usec":1509098995610775,"l3_proto":"ip4","src_ip":"170.216.16.209","dst_ip":"21.157.183.227","src_port":38620,"dst_port":443,"l4_proto":"udp","ndpi": {"confidence": {"6":"DPI"},"proto":"QUIC.YouTube","proto_id":"188.124","encrypted":1,"breed":"Fun","category_id":1,"category":"Media","hostname":"s.youtube.com","quic": {"user_agent":"com.google.android.youtube Cronet\/63.0.3223.7"}}}
02038{"packet_event_id":2,"packet_event_name":"packet-flow","thread_id":0,"packet_id":2,"source":"quic_q39.pcap","alias":"nDPId-test","flow_id":1,"flow_packet_id":2,"flow_src_last_pkt_time":1509098995619706,"flow_dst_last_pkt_time":1509098995610775,"flow_idle_time":200000000,"pkt_oversize":false,"pkt_caplen":1174,"pkt_type":2048,"pkt_l3_offset":14,"pkt_l4_offset":34,"pkt_len":1174,"pkt_l4_len":1140,"thread_ts_usec":1509098995619706,"pkt":"AAAAPJ7rSEb7OSWDCABFAASIpypAAD8RBxGq2BDRFZ2345bcAbsEdFQcDeca1dd1bE1NUTAzOQJfXHZ4r4NHY5hNEdjLP+5ayCAfN4aRrJwcGbvr9Ig30\/shURCI87o6EE5x2r0qaxNPy9ijcArYvwm83T\/uUNOwvPrQL1kQ63P7NcdMjvNaDrlFf0DGfuOc7NBPTTXBkaePu98lEtAf3wsOApXg5IhtfmWdfKrgEpCXWFWsxttw6C4\/lCwJqkUGaOjHW5OhnY9r8qCDBdkX4XN\/4WmFW6nWq\/XYAKSy+w3zKPd0+LJKlxsYwrzgGV2rjQwmb93iv1FFvCzNy4lqNoUoMblenytDJV5TJvGYH4s+\/7AX7HDhbJj+lIeaRA3g7dV3H3kgoU\/SpbsdOzy0YVY6Bp9yZermraiyHURn7bAotygD2Vp7YwNcdNEG9BU3funEay5GDjyBK1j66ZDJgNXirLZjzse1+VcJnT0WzMubicwvU30jDw+McSt9Bti6\/gP9FAz9\/lD31IeL8vackSc4lx75mviO5HS6BA\/NqsjQ9B8m4Ji2diYR80xUpIbgdFQiU+oifhm6+LGlaffXf5zfdWBFidIfld\/b7JT3SCK0xn1oi2TKxI8Oroqc4ijms7JGelhl0fef2CpmP0WCIT2YgyU6YwvWa1W7lII+N1ZbTeUAByGqF1QhTf5cSKd79GJRi+dbNY7B3Wj4KJv9v8GAF7TKwPiEZdDEpbOPHL\/FjvVpM04y5hU8HR+06oyFgTK1\/6hdbKNXNH9cJjr2nmUmezntPWc2AFfXM+e\/7E1fv7zcT4Kq1YOLXr9\/RjJvDNQoj81czTWLgfREm6KUrj\/r6fSbFJFnhuScfBlR9k2Pc7b3lIEZb0KXGhxHCyB1J7D8gUoqDhJYFGV+VkGVNhJpozvYPJ8ykH\/Y41HD8nsSDL9iDj9URAxCKHefDlX7Pwz6OhBfkcIZAyY3zG\/w9rr4x0Pl7U6qcsdZ1MBpDJ9qjugA+Tt8C4JpvLxNAR0kx92LyFnt3BYr58WDPwTbktI01oxzKDO5QfY46azjmnqJ+Or2LI93bDxwCMYKsLGAmehhGKZad4Iy8CQig4MBQDG0NMhHKAI6+BaplljmUnDnEalyg57\/03tWWLR4CQIYoKQ9N\/\/fDmFtkFJjraB0A767qxG7Cy8Linc3qzCa86538v6kM371bSCg\/XlL+EWzVEgq8MNOp+Kf2xPBIqWXFiVMGJ1GcpQwm6iQItRpY+85J5+RUK5X+3OW5ex3EYIjJUr+g2x3sFkDiuAsaRHgrjj6WnNpOZnghw1uaYp+E3H8VPrRSwSKqch7lieJx+ojtBtD\/W9etVSxGJeGD7lz+4wIhuht4d\/jcmgefkRDKcrraaR9azCKs\/kbJ\/PpVxbRsVvTZyAXgG+ABf\/0Dt+UshFkLro\/tuKww4FrErwElInQ+88Azyk3w8tcu1AYrDqSPj2BvjSRVwl0PO7TtbVWqgcuYET3exljbs22Rr5eyEoiPXhNZMDC79zLn441b43FrUKvwSHTJR\/j33VYKbaP4oVCvb26Vw=="}
00542{"packet_event_id":2,"packet_event_name":"packet-flow","thread_id":0,"packet_id":3,"source":"quic_q39.pcap","alias":"nDPId-test","flow_id":1,"flow_packet_id":3,"flow_src_last_pkt_time":1509098995619706,"flow_dst_last_pkt_time":1509098995647453,"flow_idle_time":200000000,"pkt_oversize":false,"pkt_caplen":77,"pkt_type":2048,"pkt_l3_offset":14,"pkt_l4_offset":34,"pkt_len":77,"pkt_l4_len":43,"thread_ts_usec":1509098995647453,"pkt":"AAAAPJ7rSEb7OSWDCABFAAA\/AABAADgRuYQVnbfjqtgQ0QG7ltwAKyQ\/COca1dd1bE1NATKbKH1UbNEn\/TIU5EABJEsBAQAAAAANBgA="}
01369{"flow_event_id":5,"flow_event_name":"analyse","thread_id":0,"packet_id":32,"source":"quic_q39.pcap","alias":"nDPId-test","flow_id":1,"flow_state":"finished","flow_src_packets_processed":16,"flow_dst_packets_processed":16,"flow_first_seen":1509098995610775,"flow_src_last_pkt_time":1509099004752497,"flow_dst_last_pkt_time":1509099004382425,"flow_idle_time":200000000,"flow_src_min_l4_payload_len":41,"flow_dst_min_l4_payload_len":0,"flow_src_max_l4_payload_len":1350,"flow_dst_max_l4_payload_len":1350,"flow_src_tot_l4_payload_len":14377,"flow_dst_tot_l4_payload_len":2074,"midstream":0,"thread_ts_usec":1509099004752497,"l3_proto":"ip4","src_ip":"170.216.16.209","dst_ip":"21.157.183.227","src_port":38620,"dst_port":443,"l4_proto":"udp","flow_datalink":1,"flow_max_packets":3,"data_analysis": {"iat": {"flow_min":7,"flow_avg":66117524.0,"flow_max":2106619029,"flow_stddev":366486464.0,"c_to_s_min":66,"c_to_s_avg":132207248.0,"c_to_s_max":2106619029,"c_to_s_stddev":509793056.0,"s_to_c_min":7,"s_to_c_avg":27799.1,"s_to_c_max":119221,"s_to_c_stddev":36602.8},"pktlen": {"c_to_s_min":83,"c_to_s_avg":940.6,"c_to_s_max":1392,"c_to_s_stddev":575.5,"s_to_c_min":60,"s_to_c_avg":171.9,"s_to_c_max":1392,"s_to_c_stddev":320.0}},"ndpi": {"confidence": {"6":"DPI"},"proto":"QUIC.YouTube","proto_id":"188.124","encrypted":1,"breed":"Fun","category_id":1,"category":"Media"}}
00920{"flow_event_id":3,"flow_event_name":"idle","thread_id":0,"packet_id":60,"source":"quic_q39.pcap","alias":"nDPId-test","flow_id":1,"flow_state":"finished","flow_src_packets_processed":27,"flow_dst_packets_processed":33,"flow_first_seen":1509098995610775,"flow_src_last_pkt_time":1509099044522763,"flow_dst_last_pkt_time":1509099044559423,"flow_idle_time":200000000,"flow_src_min_l4_payload_len":23,"flow_dst_min_l4_payload_len":0,"flow_src_max_l4_payload_len":1350,"flow_dst_max_l4_payload_len":1350,"flow_src_tot_l4_payload_len":18965,"flow_dst_tot_l4_payload_len":2686,"midstream":0,"thread_ts_usec":1509099044559423,"l3_proto":"ip4","src_ip":"170.216.16.209","dst_ip":"21.157.183.227","src_port":38620,"dst_port":443,"l4_proto":"udp","flow_datalink":1,"flow_max_packets":3,"ndpi": {"confidence": {"6":"DPI"},"proto":"QUIC.YouTube","proto_id":"188.124","encrypted":1,"breed":"Fun","category_id":1,"category":"Media"}}
00561{"daemon_event_id":3,"daemon_event_name":"shutdown","thread_id":0,"packet_id":60,"source":"quic_q39.pcap","alias":"nDPId-test","packets-captured":60,"packets-processed":60,"total-skipped-flows":0,"total-l4-payload-len":21651,"total-not-detected-flows":0,"total-guessed-flows":0,"total-detected-flows":1,"total-detection-updates":0,"total-updates":0,"current-active-flows":0,"total-active-flows":1,"total-idle-flows":1,"total-compressions":0,"total-compression-diff":0,"current-compression-diff":0,"total-events-serialized":10,"global_ts_usec":1509099044559423}
~~~~~~~~~~~~~~~~~~~~ SUMMARY ~~~~~~~~~~~~~~~~~~~~
~~ packets captured/processed: 60/60
~~ skipped flows.............: 0
~~ total layer4 data length..: 21651 bytes
~~ total detected protocols..: 1
~~ total active/idle flows...: 1/1
~~ total timeout flows.......: 0
~~~~~~~~~~~~~~~~~~~~~~~~~~~~~~~~~~~~~~~~~~~~~~~~~
~~ total memory allocated....: 6033646 bytes
~~ total memory freed........: 6033646 bytes
~~ total allocations/frees...: 121495/121495
~~~~~~~~~~~~~~~~~~~~~~~~~~~~~~~~~~~~~~~~~~~~~~~~~
~~ json string min len.......: 479 chars
~~ json string max len.......: 2306 chars
~~ json string avg len.......: 1385 chars
