00479{"daemon_event_id":1,"daemon_event_name":"init","thread_id":0,"packet_id":0,"source":"whatsappfiles.pcap","alias":"nDPId-test","max-flows-per-thread":2048,"max-idle-flows-per-thread":64,"tick-resolution":1000,"reader-thread-count":1,"flow-scan-interval":10000000,"generic-max-idle-time":600000000,"icmp-max-idle-time":120000000,"udp-max-idle-time":180000000,"tcp-max-idle-time":3265032704,"max-packets-per-flow-to-send":3,"max-packets-per-flow-to-process":32,"global_ts_usec":0}
00556{"daemon_event_id":4,"daemon_event_name":"status","thread_id":0,"packet_id":1,"source":"whatsappfiles.pcap","alias":"nDPId-test","packets-captured":1,"packets-processed":0,"total-skipped-flows":0,"total-l4-payload-len":0,"total-not-detected-flows":0,"total-guessed-flows":0,"total-detected-flows":0,"total-detection-updates":0,"total-updates":0,"current-active-flows":0,"total-active-flows":0,"total-idle-flows":0,"total-compressions":0,"total-compression-diff":0,"current-compression-diff":0,"total-events-serialized":2,"global_ts_usec":1519924083411187}
00758{"flow_event_id":1,"flow_event_name":"new","thread_id":0,"packet_id":1,"source":"whatsappfiles.pcap","alias":"nDPId-test","flow_id":1,"flow_state":"info","flow_src_packets_processed":1,"flow_dst_packets_processed":0,"flow_first_seen":1519924083411187,"flow_src_last_pkt_time":1519924083411187,"flow_dst_last_pkt_time":1519924083411187,"flow_idle_time":3285032704,"flow_src_min_l4_payload_len":0,"flow_dst_min_l4_payload_len":0,"flow_src_max_l4_payload_len":0,"flow_dst_max_l4_payload_len":0,"flow_src_tot_l4_payload_len":0,"flow_dst_tot_l4_payload_len":0,"midstream":0,"thread_ts_usec":1519924083411187,"l3_proto":"ip4","src_ip":"192.168.2.29","dst_ip":"185.60.216.53","src_port":49674,"dst_port":443,"l4_proto":"tcp","flow_datalink":1,"flow_max_packets":3}
00547{"packet_event_id":2,"packet_event_name":"packet-flow","thread_id":0,"packet_id":1,"source":"whatsappfiles.pcap","alias":"nDPId-test","flow_id":1,"flow_packet_id":1,"flow_src_last_pkt_time":1519924083411187,"flow_dst_last_pkt_time":1519924083411187,"flow_idle_time":3285032704,"pkt_oversize":false,"pkt_caplen":78,"pkt_type":2048,"pkt_l3_offset":14,"pkt_l4_offset":34,"pkt_len":78,"pkt_l4_len":44,"thread_ts_usec":1519924083411187,"pkt":"XEl5dU5qkLkxKPrKCABFAABAAABAAEAG5oDAqAIduTzYNcIKAbs8JoRvAAAAALDC\/\/8eywAAAgQFtAEDAwYBAQgKKOUV+QAAAAAEAgAA"}
00541{"packet_event_id":2,"packet_event_name":"packet-flow","thread_id":0,"packet_id":2,"source":"whatsappfiles.pcap","alias":"nDPId-test","flow_id":1,"flow_packet_id":2,"flow_src_last_pkt_time":1519924083411187,"flow_dst_last_pkt_time":1519924083501147,"flow_idle_time":3285032704,"pkt_oversize":false,"pkt_caplen":74,"pkt_type":2048,"pkt_l3_offset":14,"pkt_l4_offset":34,"pkt_len":74,"pkt_l4_len":40,"thread_ts_usec":1519924083501147,"pkt":"kLkxKPrKXEl5dU5qCABFAAA8AABAAFUG0YS5PNg1wKgCHQG7wgonNGFZPCaEcKASbTj4zgAAAgQFggQCCAoJITj5KOUV+QEDAwg="}
00529{"packet_event_id":2,"packet_event_name":"packet-flow","thread_id":0,"packet_id":3,"source":"whatsappfiles.pcap","alias":"nDPId-test","flow_id":1,"flow_packet_id":3,"flow_src_last_pkt_time":1519924083503118,"flow_dst_last_pkt_time":1519924083501147,"flow_idle_time":3285032704,"pkt_oversize":false,"pkt_caplen":66,"pkt_type":2048,"pkt_l3_offset":14,"pkt_l4_offset":34,"pkt_len":66,"pkt_l4_len":32,"thread_ts_usec":1519924083503118,"pkt":"XEl5dU5qkLkxKPrKCABFAAA0AABAAEAG5ozAqAIduTzYNcIKAbs8JoRwJzRhWoAQCAWMQgAAAQEICijlFlQJITj5"}
01110{"flow_event_id":7,"flow_event_name":"detected","thread_id":0,"packet_id":4,"source":"whatsappfiles.pcap","alias":"nDPId-test","flow_id":1,"flow_state":"info","flow_src_packets_processed":3,"flow_dst_packets_processed":1,"flow_first_seen":1519924083411187,"flow_src_last_pkt_time":1519924083506116,"flow_dst_last_pkt_time":1519924083501147,"flow_idle_time":3285032704,"flow_src_min_l4_payload_len":0,"flow_dst_min_l4_payload_len":0,"flow_src_max_l4_payload_len":243,"flow_dst_max_l4_payload_len":0,"flow_src_tot_l4_payload_len":243,"flow_dst_tot_l4_payload_len":0,"midstream":0,"thread_ts_usec":1519924083506116,"l3_proto":"ip4","src_ip":"192.168.2.29","dst_ip":"185.60.216.53","src_port":49674,"dst_port":443,"l4_proto":"tcp","ndpi": {"confidence": {"6":"DPI"},"proto":"TLS.WhatsAppFiles","proto_id":"91.242","encrypted":1,"breed":"Acceptable","category_id":7,"category":"Download","hostname":"mmg-fna.whatsapp.net","tls": {"version":"TLSv1.2","ja3":"107144b88827da5da9ed42d8776ccdc5","ja3s":"","unsafe_cipher":0,"cipher":"TLS_NULL_WITH_NULL_NULL","alpn":"h2,h2-16,h2-15,h2-14,spdy\/3.1,spdy\/3,http\/1.1"}}}
01172{"flow_event_id":8,"flow_event_name":"detection-update","thread_id":0,"packet_id":6,"source":"whatsappfiles.pcap","alias":"nDPId-test","flow_id":1,"flow_state":"info","flow_src_packets_processed":3,"flow_dst_packets_processed":3,"flow_first_seen":1519924083411187,"flow_src_last_pkt_time":1519924083506116,"flow_dst_last_pkt_time":1519924083598208,"flow_idle_time":3285032704,"flow_src_min_l4_payload_len":0,"flow_dst_min_l4_payload_len":0,"flow_src_max_l4_payload_len":243,"flow_dst_max_l4_payload_len":1398,"flow_src_tot_l4_payload_len":243,"flow_dst_tot_l4_payload_len":1398,"midstream":0,"thread_ts_usec":1519924083598208,"l3_proto":"ip4","src_ip":"192.168.2.29","dst_ip":"185.60.216.53","src_port":49674,"dst_port":443,"l4_proto":"tcp","ndpi": {"confidence": {"6":"DPI"},"proto":"TLS.WhatsAppFiles","proto_id":"91.242","encrypted":1,"breed":"Acceptable","category_id":7,"category":"Download","hostname":"mmg-fna.whatsapp.net","tls": {"version":"TLSv1.2","ja3":"107144b88827da5da9ed42d8776ccdc5","ja3s":"2d1eb5817ece335c24904f516ad5da12","unsafe_cipher":0,"cipher":"TLS_ECDHE_ECDSA_WITH_AES_128_GCM_SHA256","alpn":"h2,h2-16,h2-15,h2-14,spdy\/3.1,spdy\/3,http\/1.1"}}}
01661{"flow_event_id":8,"flow_event_name":"detection-update","thread_id":0,"packet_id":8,"source":"whatsappfiles.pcap","alias":"nDPId-test","flow_id":1,"flow_state":"info","flow_src_packets_processed":3,"flow_dst_packets_processed":5,"flow_first_seen":1519924083411187,"flow_src_last_pkt_time":1519924083506116,"flow_dst_last_pkt_time":1519924083599471,"flow_idle_time":3285032704,"flow_src_min_l4_payload_len":0,"flow_dst_min_l4_payload_len":0,"flow_src_max_l4_payload_len":243,"flow_dst_max_l4_payload_len":1398,"flow_src_tot_l4_payload_len":243,"flow_dst_tot_l4_payload_len":3208,"midstream":0,"thread_ts_usec":1519924083599471,"l3_proto":"ip4","src_ip":"192.168.2.29","dst_ip":"185.60.216.53","src_port":49674,"dst_port":443,"l4_proto":"tcp","ndpi": {"flow_risk": {"9": {"risk":"TLS Cert Expired","severity":"High","risk_score": {"total":260,"client":230,"server":30}}},"confidence": {"6":"DPI"},"proto":"TLS.WhatsAppFiles","proto_id":"91.242","encrypted":1,"breed":"Acceptable","category_id":7,"category":"Download","hostname":"mmg-fna.whatsapp.net","tls": {"version":"TLSv1.2","server_names":"*.cdn.whatsapp.net,*.snr.whatsapp.net,*.whatsapp.com,*.whatsapp.net,whatsapp.com,whatsapp.net","ja3":"107144b88827da5da9ed42d8776ccdc5","ja3s":"2d1eb5817ece335c24904f516ad5da12","unsafe_cipher":0,"cipher":"TLS_ECDHE_ECDSA_WITH_AES_128_GCM_SHA256","issuerDN":"C=US, O=DigiCert Inc, OU=www.digicert.com, CN=DigiCert SHA2 High Assurance Server CA","subjectDN":"C=US, ST=California, L=Menlo Park, O=Facebook, Inc., CN=*.whatsapp.net","alpn":"h2,h2-16,h2-15,h2-14,spdy\/3.1,spdy\/3,http\/1.1","fingerprint":"10:54:EB:4A:A2:2A:42:2F:A6:1C:E7:9C:F4:84:10:7E:30:2E:56:BB"}}}
01503{"flow_event_id":5,"flow_event_name":"analyse","thread_id":0,"packet_id":32,"source":"whatsappfiles.pcap","alias":"nDPId-test","flow_id":1,"flow_state":"finished","flow_src_packets_processed":20,"flow_dst_packets_processed":12,"flow_first_seen":1519924083411187,"flow_src_last_pkt_time":1519924108832377,"flow_dst_last_pkt_time":1519924084217928,"flow_idle_time":3285032704,"flow_src_min_l4_payload_len":0,"flow_dst_min_l4_payload_len":0,"flow_src_max_l4_payload_len":1398,"flow_dst_max_l4_payload_len":1398,"flow_src_tot_l4_payload_len":5152,"flow_dst_tot_l4_payload_len":3695,"midstream":0,"thread_ts_usec":1519924108832377,"l3_proto":"ip4","src_ip":"192.168.2.29","dst_ip":"185.60.216.53","src_port":49674,"dst_port":443,"l4_proto":"tcp","flow_datalink":1,"flow_max_packets":3,"data_analysis": {"iat": {"flow_min":4,"flow_avg":121945456.0,"flow_max":3876833521,"flow_stddev":674411328.0,"c_to_s_min":4,"c_to_s_avg":195091712.0,"c_to_s_max":3876833521,"c_to_s_stddev":844666432.0,"s_to_c_min":6,"s_to_c_avg":35034.5,"s_to_c_max":100854,"s_to_c_stddev":43253.4},"pktlen": {"c_to_s_min":66,"c_to_s_avg":324.2,"c_to_s_max":1464,"c_to_s_stddev":484.6,"s_to_c_min":66,"s_to_c_avg":374.6,"s_to_c_max":1464,"s_to_c_stddev":501.9}},"ndpi": {"flow_risk": {"9": {"risk":"TLS Cert Expired","severity":"High","risk_score": {"total":260,"client":230,"server":30}}},"confidence": {"6":"DPI"},"proto":"TLS.WhatsAppFiles","proto_id":"91.242","encrypted":1,"breed":"Acceptable","category_id":7,"category":"Download"}}
00760{"flow_event_id":1,"flow_event_name":"new","thread_id":0,"packet_id":311,"source":"whatsappfiles.pcap","alias":"nDPId-test","flow_id":2,"flow_state":"info","flow_src_packets_processed":1,"flow_dst_packets_processed":0,"flow_first_seen":1519924240121220,"flow_src_last_pkt_time":1519924240121220,"flow_dst_last_pkt_time":1519924240121220,"flow_idle_time":3285032704,"flow_src_min_l4_payload_len":0,"flow_dst_min_l4_payload_len":0,"flow_src_max_l4_payload_len":0,"flow_dst_max_l4_payload_len":0,"flow_src_tot_l4_payload_len":0,"flow_dst_tot_l4_payload_len":0,"midstream":0,"thread_ts_usec":1519924240121220,"l3_proto":"ip4","src_ip":"192.168.2.29","dst_ip":"185.60.216.53","src_port":49698,"dst_port":443,"l4_proto":"tcp","flow_datalink":1,"flow_max_packets":3}
00549{"packet_event_id":2,"packet_event_name":"packet-flow","thread_id":0,"packet_id":311,"source":"whatsappfiles.pcap","alias":"nDPId-test","flow_id":2,"flow_packet_id":1,"flow_src_last_pkt_time":1519924240121220,"flow_dst_last_pkt_time":1519924240121220,"flow_idle_time":3285032704,"pkt_oversize":false,"pkt_caplen":78,"pkt_type":2048,"pkt_l3_offset":14,"pkt_l4_offset":34,"pkt_len":78,"pkt_l4_len":44,"thread_ts_usec":1519924240121220,"pkt":"XEl5dU5qkLkxKPrKCABFAABAAABAAEAG5oDAqAIduTzYNcIiAbuCj0EnAAAAALDC\/\/+6MAAAAgQFtAEDAwYBAQgKKOd3WAAAAAAEAgAA"}
00543{"packet_event_id":2,"packet_event_name":"packet-flow","thread_id":0,"packet_id":312,"source":"whatsappfiles.pcap","alias":"nDPId-test","flow_id":2,"flow_packet_id":2,"flow_src_last_pkt_time":1519924240121220,"flow_dst_last_pkt_time":1519924240177946,"flow_idle_time":3285032704,"pkt_oversize":false,"pkt_caplen":74,"pkt_type":2048,"pkt_l3_offset":14,"pkt_l4_offset":34,"pkt_len":74,"pkt_l4_len":40,"thread_ts_usec":1519924240177946,"pkt":"kLkxKPrKXEl5dU5qCABFAAA8AABAAFUG0YS5PNg1wKgCHQG7wiLPr2ypgo9BKKASbTgw1AAAAgQFggQCCAq3hjooKOd3WAEDAwg="}
00531{"packet_event_id":2,"packet_event_name":"packet-flow","thread_id":0,"packet_id":313,"source":"whatsappfiles.pcap","alias":"nDPId-test","flow_id":2,"flow_packet_id":3,"flow_src_last_pkt_time":1519924240182174,"flow_dst_last_pkt_time":1519924240177946,"flow_idle_time":3285032704,"pkt_oversize":false,"pkt_caplen":66,"pkt_type":2048,"pkt_l3_offset":14,"pkt_l4_offset":34,"pkt_len":66,"pkt_l4_len":32,"thread_ts_usec":1519924240182174,"pkt":"XEl5dU5qkLkxKPrKCABFAAA0AABAAEAG5ozAqAIduTzYNcIiAbuCj0Eoz69sqoAQCAXEZQAAAQEICijnd5W3hjoo"}
01112{"flow_event_id":7,"flow_event_name":"detected","thread_id":0,"packet_id":314,"source":"whatsappfiles.pcap","alias":"nDPId-test","flow_id":2,"flow_state":"info","flow_src_packets_processed":3,"flow_dst_packets_processed":1,"flow_first_seen":1519924240121220,"flow_src_last_pkt_time":1519924240183173,"flow_dst_last_pkt_time":1519924240177946,"flow_idle_time":3285032704,"flow_src_min_l4_payload_len":0,"flow_dst_min_l4_payload_len":0,"flow_src_max_l4_payload_len":517,"flow_dst_max_l4_payload_len":0,"flow_src_tot_l4_payload_len":517,"flow_dst_tot_l4_payload_len":0,"midstream":0,"thread_ts_usec":1519924240183173,"l3_proto":"ip4","src_ip":"192.168.2.29","dst_ip":"185.60.216.53","src_port":49698,"dst_port":443,"l4_proto":"tcp","ndpi": {"confidence": {"6":"DPI"},"proto":"TLS.WhatsAppFiles","proto_id":"91.242","encrypted":1,"breed":"Acceptable","category_id":7,"category":"Download","hostname":"mmg-fna.whatsapp.net","tls": {"version":"TLSv1.2","ja3":"4e1a414c4f4c99097edd2a9a98e336c8","ja3s":"","unsafe_cipher":0,"cipher":"TLS_NULL_WITH_NULL_NULL","alpn":"h2,h2-16,h2-15,h2-14,spdy\/3.1,spdy\/3,http\/1.1"}}}
01172{"flow_event_id":8,"flow_event_name":"detection-update","thread_id":0,"packet_id":316,"source":"whatsappfiles.pcap","alias":"nDPId-test","flow_id":2,"flow_state":"info","flow_src_packets_processed":3,"flow_dst_packets_processed":3,"flow_first_seen":1519924240121220,"flow_src_last_pkt_time":1519924240183173,"flow_dst_last_pkt_time":1519924240244034,"flow_idle_time":3285032704,"flow_src_min_l4_payload_len":0,"flow_dst_min_l4_payload_len":0,"flow_src_max_l4_payload_len":517,"flow_dst_max_l4_payload_len":146,"flow_src_tot_l4_payload_len":517,"flow_dst_tot_l4_payload_len":146,"midstream":0,"thread_ts_usec":1519924240244034,"l3_proto":"ip4","src_ip":"192.168.2.29","dst_ip":"185.60.216.53","src_port":49698,"dst_port":443,"l4_proto":"tcp","ndpi": {"confidence": {"6":"DPI"},"proto":"TLS.WhatsAppFiles","proto_id":"91.242","encrypted":1,"breed":"Acceptable","category_id":7,"category":"Download","hostname":"mmg-fna.whatsapp.net","tls": {"version":"TLSv1.2","ja3":"4e1a414c4f4c99097edd2a9a98e336c8","ja3s":"96681175a9547081bf3d417f1a572091","unsafe_cipher":0,"cipher":"TLS_ECDHE_ECDSA_WITH_AES_128_GCM_SHA256","alpn":"h2,h2-16,h2-15,h2-14,spdy\/3.1,spdy\/3,http\/1.1"}}}
01372{"flow_event_id":5,"flow_event_name":"analyse","thread_id":0,"packet_id":342,"source":"whatsappfiles.pcap","alias":"nDPId-test","flow_id":2,"flow_state":"finished","flow_src_packets_processed":13,"flow_dst_packets_processed":19,"flow_first_seen":1519924240121220,"flow_src_last_pkt_time":1519924240317078,"flow_dst_last_pkt_time":1519924240518900,"flow_idle_time":3285032704,"flow_src_min_l4_payload_len":0,"flow_dst_min_l4_payload_len":0,"flow_src_max_l4_payload_len":517,"flow_dst_max_l4_payload_len":1398,"flow_src_tot_l4_payload_len":975,"flow_dst_tot_l4_payload_len":12875,"midstream":0,"thread_ts_usec":1519924240518900,"l3_proto":"ip4","src_ip":"192.168.2.29","dst_ip":"185.60.216.53","src_port":49698,"dst_port":443,"l4_proto":"tcp","flow_datalink":1,"flow_max_packets":3,"data_analysis": {"iat": {"flow_min":4,"flow_avg":1471584.0,"flow_max":46693007,"flow_stddev":8122051.5,"c_to_s_min":4,"c_to_s_avg":3593313.8,"c_to_s_max":46693007,"c_to_s_stddev":12441810.0,"s_to_c_min":6,"s_to_c_avg":19873.9,"s_to_c_max":107518,"s_to_c_stddev":32914.3},"pktlen": {"c_to_s_min":66,"c_to_s_avg":141.9,"c_to_s_max":583,"c_to_s_stddev":139.7,"s_to_c_min":66,"s_to_c_avg":744.1,"s_to_c_max":1464,"s_to_c_stddev":666.4}},"ndpi": {"confidence": {"6":"DPI"},"proto":"TLS.WhatsAppFiles","proto_id":"91.242","encrypted":1,"breed":"Acceptable","category_id":7,"category":"Download"}}
01058{"flow_event_id":2,"flow_event_name":"end","thread_id":0,"packet_id":620,"source":"whatsappfiles.pcap","alias":"nDPId-test","flow_id":1,"flow_state":"finished","flow_src_packets_processed":161,"flow_dst_packets_processed":149,"flow_first_seen":1519924083411187,"flow_src_last_pkt_time":1519924193366820,"flow_dst_last_pkt_time":1519924193429446,"flow_idle_time":3285032704,"flow_src_min_l4_payload_len":0,"flow_dst_min_l4_payload_len":0,"flow_src_max_l4_payload_len":1398,"flow_dst_max_l4_payload_len":1398,"flow_src_tot_l4_payload_len":178544,"flow_dst_tot_l4_payload_len":4980,"midstream":0,"thread_ts_usec":1519924247388841,"l3_proto":"ip4","src_ip":"192.168.2.29","dst_ip":"185.60.216.53","src_port":49674,"dst_port":443,"l4_proto":"tcp","flow_datalink":1,"flow_max_packets":3,"ndpi": {"flow_risk": {"9": {"risk":"TLS Cert Expired","severity":"High","risk_score": {"total":260,"client":230,"server":30}}},"confidence": {"6":"DPI"},"proto":"TLS.WhatsAppFiles","proto_id":"91.242","encrypted":1,"breed":"Acceptable","category_id":7,"category":"Download"}}
00939{"flow_event_id":3,"flow_event_name":"idle","thread_id":0,"packet_id":620,"source":"whatsappfiles.pcap","alias":"nDPId-test","flow_id":2,"flow_state":"finished","flow_src_packets_processed":132,"flow_dst_packets_processed":178,"flow_first_seen":1519924240121220,"flow_src_last_pkt_time":1519924247388841,"flow_dst_last_pkt_time":1519924247384385,"flow_idle_time":3285032704,"flow_src_min_l4_payload_len":0,"flow_dst_min_l4_payload_len":0,"flow_src_max_l4_payload_len":517,"flow_dst_max_l4_payload_len":1398,"flow_src_tot_l4_payload_len":1170,"flow_dst_tot_l4_payload_len":225649,"midstream":0,"thread_ts_usec":1519924247388841,"l3_proto":"ip4","src_ip":"192.168.2.29","dst_ip":"185.60.216.53","src_port":49698,"dst_port":443,"l4_proto":"tcp","flow_datalink":1,"flow_max_packets":3,"ndpi": {"confidence": {"6":"DPI"},"proto":"TLS.WhatsAppFiles","proto_id":"91.242","encrypted":1,"breed":"Acceptable","category_id":7,"category":"Download"}}
00570{"daemon_event_id":3,"daemon_event_name":"shutdown","thread_id":0,"packet_id":620,"source":"whatsappfiles.pcap","alias":"nDPId-test","packets-captured":620,"packets-processed":620,"total-skipped-flows":0,"total-l4-payload-len":410343,"total-not-detected-flows":0,"total-guessed-flows":0,"total-detected-flows":2,"total-detection-updates":3,"total-updates":0,"current-active-flows":0,"total-active-flows":2,"total-idle-flows":2,"total-compressions":0,"total-compression-diff":0,"current-compression-diff":0,"total-events-serialized":20,"global_ts_usec":1519924247388841}
~~~~~~~~~~~~~~~~~~~~ SUMMARY ~~~~~~~~~~~~~~~~~~~~
~~ packets captured/processed: 620/620
~~ skipped flows.............: 0
~~ total layer4 data length..: 410343 bytes
~~ total detected protocols..: 2
~~ total active/idle flows...: 2/2
~~ total timeout flows.......: 0
~~~~~~~~~~~~~~~~~~~~~~~~~~~~~~~~~~~~~~~~~~~~~~~~~
~~ total memory allocated....: 6066489 bytes
~~ total memory freed........: 6066489 bytes
~~ total allocations/frees...: 122081/122081
~~~~~~~~~~~~~~~~~~~~~~~~~~~~~~~~~~~~~~~~~~~~~~~~~
~~ json string min len.......: 484 chars
~~ json string max len.......: 1666 chars
~~ json string avg len.......: 1074 chars
