00471{"daemon_event_id":1,"daemon_event_name":"init","thread_id":0,"packet_id":0,"source":"zcash.pcap","alias":"nDPId-test","max-flows-per-thread":2048,"max-idle-flows-per-thread":64,"tick-resolution":1000,"reader-thread-count":1,"flow-scan-interval":10000000,"generic-max-idle-time":600000000,"icmp-max-idle-time":120000000,"udp-max-idle-time":180000000,"tcp-max-idle-time":3265032704,"max-packets-per-flow-to-send":3,"max-packets-per-flow-to-process":32,"global_ts_usec":0}
00548{"daemon_event_id":4,"daemon_event_name":"status","thread_id":0,"packet_id":1,"source":"zcash.pcap","alias":"nDPId-test","packets-captured":1,"packets-processed":0,"total-skipped-flows":0,"total-l4-payload-len":0,"total-not-detected-flows":0,"total-guessed-flows":0,"total-detected-flows":0,"total-detection-updates":0,"total-updates":0,"current-active-flows":0,"total-active-flows":0,"total-idle-flows":0,"total-compressions":0,"total-compression-diff":0,"current-compression-diff":0,"total-events-serialized":2,"global_ts_usec":1514196094240063}
00752{"flow_event_id":1,"flow_event_name":"new","thread_id":0,"packet_id":1,"source":"zcash.pcap","alias":"nDPId-test","flow_id":1,"flow_state":"info","flow_src_packets_processed":1,"flow_dst_packets_processed":0,"flow_first_seen":1514196094240063,"flow_src_last_pkt_time":1514196094240063,"flow_dst_last_pkt_time":1514196094240063,"flow_idle_time":3285032704,"flow_src_min_l4_payload_len":0,"flow_dst_min_l4_payload_len":0,"flow_src_max_l4_payload_len":0,"flow_dst_max_l4_payload_len":0,"flow_src_tot_l4_payload_len":0,"flow_dst_tot_l4_payload_len":0,"midstream":0,"thread_ts_usec":1514196094240063,"l3_proto":"ip4","src_ip":"192.168.2.92","dst_ip":"178.32.196.217","src_port":55190,"dst_port":9050,"l4_proto":"tcp","flow_datalink":1,"flow_max_packets":3}
00534{"packet_event_id":2,"packet_event_name":"packet-flow","thread_id":0,"packet_id":1,"source":"zcash.pcap","alias":"nDPId-test","flow_id":1,"flow_packet_id":1,"flow_src_last_pkt_time":1514196094240063,"flow_dst_last_pkt_time":1514196094240063,"flow_idle_time":3285032704,"pkt_oversize":false,"pkt_caplen":74,"pkt_type":2048,"pkt_l3_offset":14,"pkt_l4_offset":34,"pkt_len":74,"pkt_l4_len":40,"thread_ts_usec":1514196094240063,"pkt":"fmgbW\/gUcIXCQA64CABFAAA8ux1AAEAGRaDAqAJcsiDE2deWI1qAnf85AAAAAKACchAV6gAAAgQFtAQCCApPjruwAAAAAAEDAwc="}
00536{"packet_event_id":2,"packet_event_name":"packet-flow","thread_id":0,"packet_id":2,"source":"zcash.pcap","alias":"nDPId-test","flow_id":1,"flow_packet_id":2,"flow_src_last_pkt_time":1514196094240063,"flow_dst_last_pkt_time":1514196094322725,"flow_idle_time":3285032704,"pkt_oversize":false,"pkt_caplen":74,"pkt_type":2048,"pkt_l3_offset":14,"pkt_l4_offset":34,"pkt_len":74,"pkt_l4_len":40,"thread_ts_usec":1514196094322725,"pkt":"cIXCQA64fmgbW\/gUCABFAAA8AABAADMGDb6yIMTZwKgCXCNa15Yj5r0mgJ3\/OqAScSDZNwAAAgQFtAQCCArshW\/8T467sAEDAwk="}
00523{"packet_event_id":2,"packet_event_name":"packet-flow","thread_id":0,"packet_id":3,"source":"zcash.pcap","alias":"nDPId-test","flow_id":1,"flow_packet_id":3,"flow_src_last_pkt_time":1514196094322778,"flow_dst_last_pkt_time":1514196094322725,"flow_idle_time":3285032704,"pkt_oversize":false,"pkt_caplen":66,"pkt_type":2048,"pkt_l3_offset":14,"pkt_l4_offset":34,"pkt_len":66,"pkt_l4_len":32,"thread_ts_usec":1514196094322778,"pkt":"fmgbW\/gUcIXCQA64CABFAAA0ux5AAEAGRafAqAJcsiDE2deWI1qAnf86I+a9J4AQAOV4LAAAAQEICk+Ou8XshW\/8"}
01095{"flow_event_id":7,"flow_event_name":"detected","thread_id":0,"packet_id":4,"source":"zcash.pcap","alias":"nDPId-test","flow_id":1,"flow_state":"info","flow_src_packets_processed":3,"flow_dst_packets_processed":1,"flow_first_seen":1514196094240063,"flow_src_last_pkt_time":1514196094322947,"flow_dst_last_pkt_time":1514196094322725,"flow_idle_time":3285032704,"flow_src_min_l4_payload_len":0,"flow_dst_min_l4_payload_len":0,"flow_src_max_l4_payload_len":260,"flow_dst_max_l4_payload_len":0,"flow_src_tot_l4_payload_len":260,"flow_dst_tot_l4_payload_len":0,"midstream":0,"thread_ts_usec":1514196094322947,"l3_proto":"ip4","src_ip":"192.168.2.92","dst_ip":"178.32.196.217","src_port":55190,"dst_port":9050,"l4_proto":"tcp","ndpi": {"flow_risk": {"5": {"risk":"Known Proto on Non Std Port","severity":"Medium","risk_score": {"total":260,"client":230,"server":30}},"22": {"risk":"Unsafe Protocol","severity":"Low","risk_score": {"total":750,"client":575,"server":175}}},"confidence": {"6":"DPI"},"proto":"Mining","proto_id":"42","encrypted":0,"breed":"Unsafe","category_id":99,"category":"Mining"}}
01594{"flow_event_id":5,"flow_event_name":"analyse","thread_id":0,"packet_id":32,"source":"zcash.pcap","alias":"nDPId-test","flow_id":1,"flow_state":"finished","flow_src_packets_processed":18,"flow_dst_packets_processed":14,"flow_first_seen":1514196094240063,"flow_src_last_pkt_time":1514196187394861,"flow_dst_last_pkt_time":1514196187518495,"flow_idle_time":3285032704,"flow_src_min_l4_payload_len":0,"flow_dst_min_l4_payload_len":0,"flow_src_max_l4_payload_len":260,"flow_dst_max_l4_payload_len":303,"flow_src_tot_l4_payload_len":1724,"flow_dst_tot_l4_payload_len":1124,"midstream":0,"thread_ts_usec":1514196187518495,"l3_proto":"ip4","src_ip":"192.168.2.92","dst_ip":"178.32.196.217","src_port":55190,"dst_port":9050,"l4_proto":"tcp","flow_datalink":1,"flow_max_packets":3,"data_analysis": {"iat": {"flow_min":24,"flow_avg":36635824.0,"flow_max":1079067965,"flow_stddev":187430864.0,"c_to_s_min":31,"c_to_s_avg":64379200.0,"c_to_s_max":1079067965,"c_to_s_stddev":246354656.0,"s_to_c_min":24,"s_to_c_avg":965768.6,"s_to_c_max":7848849,"s_to_c_stddev":2267734.2},"pktlen": {"c_to_s_min":66,"c_to_s_avg":162.2,"c_to_s_max":326,"c_to_s_stddev":96.9,"s_to_c_min":66,"s_to_c_avg":149.4,"s_to_c_max":369,"s_to_c_stddev":101.0}},"ndpi": {"flow_risk": {"5": {"risk":"Known Proto on Non Std Port","severity":"Medium","risk_score": {"total":260,"client":230,"server":30}},"22": {"risk":"Unsafe Protocol","severity":"Low","risk_score": {"total":750,"client":575,"server":175}}},"confidence": {"6":"DPI"},"proto":"Mining","proto_id":"42","encrypted":0,"breed":"Unsafe","category_id":99,"category":"Mining"}}
00554{"daemon_event_id":4,"daemon_event_name":"status","thread_id":0,"packet_id":88,"source":"zcash.pcap","alias":"nDPId-test","packets-captured":88,"packets-processed":87,"total-skipped-flows":0,"total-l4-payload-len":6805,"total-not-detected-flows":0,"total-guessed-flows":0,"total-detected-flows":1,"total-detection-updates":0,"total-updates":0,"current-active-flows":1,"total-active-flows":1,"total-idle-flows":0,"total-compressions":0,"total-compression-diff":0,"current-compression-diff":0,"total-events-serialized":9,"global_ts_usec":1514196730496095}
01144{"flow_event_id":3,"flow_event_name":"idle","thread_id":0,"packet_id":145,"source":"zcash.pcap","alias":"nDPId-test","flow_id":1,"flow_state":"finished","flow_src_packets_processed":83,"flow_dst_packets_processed":62,"flow_first_seen":1514196094240063,"flow_src_last_pkt_time":1514197248783309,"flow_dst_last_pkt_time":1514197248783271,"flow_idle_time":3285032704,"flow_src_min_l4_payload_len":0,"flow_dst_min_l4_payload_len":0,"flow_src_max_l4_payload_len":260,"flow_dst_max_l4_payload_len":303,"flow_src_tot_l4_payload_len":6299,"flow_dst_tot_l4_payload_len":4723,"midstream":0,"thread_ts_usec":1514197248783309,"l3_proto":"ip4","src_ip":"192.168.2.92","dst_ip":"178.32.196.217","src_port":55190,"dst_port":9050,"l4_proto":"tcp","flow_datalink":1,"flow_max_packets":3,"ndpi": {"flow_risk": {"5": {"risk":"Known Proto on Non Std Port","severity":"Medium","risk_score": {"total":260,"client":230,"server":30}},"22": {"risk":"Unsafe Protocol","severity":"Low","risk_score": {"total":750,"client":575,"server":175}}},"confidence": {"6":"DPI"},"proto":"Mining","proto_id":"42","encrypted":0,"breed":"Unsafe","category_id":99,"category":"Mining"}}
00561{"daemon_event_id":3,"daemon_event_name":"shutdown","thread_id":0,"packet_id":145,"source":"zcash.pcap","alias":"nDPId-test","packets-captured":145,"packets-processed":145,"total-skipped-flows":0,"total-l4-payload-len":11022,"total-not-detected-flows":0,"total-guessed-flows":0,"total-detected-flows":1,"total-detection-updates":0,"total-updates":0,"current-active-flows":0,"total-active-flows":1,"total-idle-flows":1,"total-compressions":0,"total-compression-diff":0,"current-compression-diff":0,"total-events-serialized":11,"global_ts_usec":1514197248783309}
~~~~~~~~~~~~~~~~~~~~ SUMMARY ~~~~~~~~~~~~~~~~~~~~
~~ packets captured/processed: 145/145
~~ skipped flows.............: 0
~~ total layer4 data length..: 11022 bytes
~~ total detected protocols..: 1
~~ total active/idle flows...: 1/1
~~ total timeout flows.......: 0
~~~~~~~~~~~~~~~~~~~~~~~~~~~~~~~~~~~~~~~~~~~~~~~~~
~~ total memory allocated....: 6046345 bytes
~~ total memory freed........: 6046345 bytes
~~ total allocations/frees...: 121582/121582
~~~~~~~~~~~~~~~~~~~~~~~~~~~~~~~~~~~~~~~~~~~~~~~~~
~~ json string min len.......: 476 chars
~~ json string max len.......: 1599 chars
~~ json string avg len.......: 1015 chars
