flow_datalink,l3_proto,src_ip,dst_ip,l4_proto,src_port,dst_port,flow_state,flow_src_packets_processed,flow_dst_packets_processed,flow_first_seen,flow_src_last_pkt_time,flow_dst_last_pkt_time,flow_src_min_l4_payload_len,flow_dst_min_l4_payload_len,flow_src_max_l4_payload_len,flow_dst_max_l4_payload_len,flow_src_tot_l4_payload_len,flow_dst_tot_l4_payload_len,midstream,iat_min,iat_avg,iat_max,iat_stddev,iat_var,iat_ent,iat_data,pktlen_min,pktlen_avg,pktlen_max,pktlen_stddev,pktlen_var,pktlen_ent,pktlen_data,bins_c_to_s,bins_s_to_c,directions,entropies,proto,proto_id,encrypted,breed,category,confidence_id,confidence,risks
1,ip4,10.0.0.8,10.0.0.3,tcp,2789,20000,finished,20,12,1097501938503079,1097502061905496,1097501941569134,0,0,25,17,168,102,0,0,4079628.2,120145678,21203112.0,449571977166848.0,0.4,"0,0,201,0,0,411,0,0,1564,0,0,151649,0,0,2891882,0,0,795,0,0,3043080,0,0,21210,0,0,212002,0,0,120145678,0",46,52.2,65,6.8,46.8,5.0,"48,48,48,48,48,48,46,46,46,57,57,57,46,46,46,55,55,55,65,65,65,46,46,46,57,57,57,46,46,46,64,64","20,0,0,0,0,0,0,0,0,0,0,0,0,0,0,0,0,0,0,0,0,0,0,0,0,0,0,0,0,0,0,0,0,0,0,0,0,0,0,0,0,0,0,0,0,0,0,0","12,0,0,0,0,0,0,0,0,0,0,0,0,0,0,0,0,0,0,0,0,0,0,0,0,0,0,0,0,0,0,0,0,0,0,0,0,0,0,0,0,0,0,0,0,0,0,0","0,0,0,1,1,1,0,0,0,1,1,1,0,0,0,0,0,0,0,0,0,1,1,1,1,1,1,0,0,0,0,0","4.259637833,4.259637833,4.259637833,4.683206558,4.683206558,4.683206558,4.102729797,4.102729797,4.102729797,4.867636204,4.867636204,4.867636204,4.146208286,4.146208286,4.146208286,4.803641796,4.803641796,4.803641796,5.091148376,5.091148376,5.091148376,4.146208286,4.146208286,4.146208286,4.750165939,4.750165939,4.750165939,4.146208286,4.146208286,4.146208286,4.932524681,4.932524681",DNP3,244,0,Acceptable,IoT-Scada,6,DPI,""
1,ip4,10.0.0.8,10.0.0.3,tcp,2803,20000,finished,18,14,1097502623045756,1097502648521527,1097502648521681,0,0,24,17,144,51,0,0,1643603.1,17487311,4346023.5,18887919796224.0,2.2,"0,0,174,0,0,378,0,0,1487,0,0,181225,0,0,17203302,0,0,17487311,0,0,4814054,0,0,4907006,0,0,3276812,0,0,3079947,0",46,50.8,64,7.1,50.0,5.0,"48,48,48,48,48,48,46,46,46,57,57,57,46,46,46,64,64,64,46,46,46,64,64,64,46,46,46,46,46,46,46,46","18,0,0,0,0,0,0,0,0,0,0,0,0,0,0,0,0,0,0,0,0,0,0,0,0,0,0,0,0,0,0,0,0,0,0,0,0,0,0,0,0,0,0,0,0,0,0,0","14,0,0,0,0,0,0,0,0,0,0,0,0,0,0,0,0,0,0,0,0,0,0,0,0,0,0,0,0,0,0,0,0,0,0,0,0,0,0,0,0,0,0,0,0,0,0,0","0,0,0,1,1,1,0,0,0,1,1,1,0,0,0,0,0,0,1,1,1,0,0,0,1,1,1,0,0,0,1,1","4.259637833,4.259637833,4.259637833,4.599873543,4.599873543,4.599873543,4.032184124,4.032184124,4.032184124,4.588809967,4.588809967,4.588809967,4.075662136,4.075662136,4.075662136,4.807524681,4.807524681,4.807524681,4.075662136,4.075662136,4.075662136,4.889479637,4.889479637,4.889479637,4.102729797,4.102729797,4.102729797,4.146208286,4.146208286,4.146208286,4.146208286,4.146208286",DNP3,244,0,Acceptable,IoT-Scada,6,DPI,""
1,ip4,10.0.0.8,10.0.0.3,tcp,2828,20000,finished,20,12,1097504102255746,1097504186592304,1097504103409070,0,0,25,17,168,102,0,0,2757738.0,82989444,14650606.0,214640269197312.0,0.2,"0,0,167,0,0,372,0,0,1487,0,0,144969,0,0,996855,0,0,774,0,0,1141407,0,0,10263,0,0,204144,0,0,82989444,0",46,52.2,65,6.8,46.8,5.0,"48,48,48,48,48,48,46,46,46,57,57,57,46,46,46,55,55,55,65,65,65,46,46,46,57,57,57,46,46,46,64,64","20,0,0,0,0,0,0,0,0,0,0,0,0,0,0,0,0,0,0,0,0,0,0,0,0,0,0,0,0,0,0,0,0,0,0,0,0,0,0,0,0,0,0,0,0,0,0,0","12,0,0,0,0,0,0,0,0,0,0,0,0,0,0,0,0,0,0,0,0,0,0,0,0,0,0,0,0,0,0,0,0,0,0,0,0,0,0,0,0,0,0,0,0,0,0,0","0,0,0,1,1,1,0,0,0,1,1,1,0,0,0,0,0,0,0,0,0,1,1,1,1,1,1,0,0,0,0,0","4.233697891,4.233697891,4.233697891,4.698933601,4.698933601,4.698933601,4.075662136,4.075662136,4.075662136,4.854392529,4.854392529,4.854392529,4.119140625,4.119140625,4.119140625,4.817366600,4.817366600,4.817366600,5.114375591,5.114375591,5.114375591,4.162618637,4.162618637,4.162618637,4.765161514,4.765161514,4.765161514,4.075662136,4.075662136,4.075662136,4.901274681,4.901274681",DNP3,244,0,Acceptable,IoT-Scada,6,DPI,""
1,ip4,10.0.0.9,10.0.0.3,tcp,1080,20000,finished,18,14,1097505644006837,1097505754575976,1097505754654239,0,0,18,23,99,205,0,0,7136017.5,75076356,19839044.0,393587648888832.0,1.9,"0,0,172,0,0,422,0,0,75028631,0,0,75076356,0,0,533,0,0,48219,0,0,553,0,0,153041,0,0,35338826,0,0,35569788,0",46,52.7,63,5.9,34.5,5.0,"48,48,48,48,48,48,46,46,46,55,55,55,57,57,57,57,57,57,46,46,46,63,63,63,46,46,46,58,58,58,57,57","18,0,0,0,0,0,0,0,0,0,0,0,0,0,0,0,0,0,0,0,0,0,0,0,0,0,0,0,0,0,0,0,0,0,0,0,0,0,0,0,0,0,0,0,0,0,0,0","14,0,0,0,0,0,0,0,0,0,0,0,0,0,0,0,0,0,0,0,0,0,0,0,0,0,0,0,0,0,0,0,0,0,0,0,0,0,0,0,0,0,0,0,0,0,0,0","0,0,0,1,1,1,0,0,0,0,0,0,1,1,1,1,1,1,0,0,0,1,1,1,0,0,0,0,0,0,1,1","4.202244282,4.202244282,4.202244282,4.683207035,4.683207035,4.683207035,4.162618637,4.162618637,4.162618637,4.907654285,4.907654285,4.907654285,4.659897804,4.659897804,4.659897804,4.765161991,4.765161991,4.765161991,4.162618637,4.162618637,4.162618637,4.927980900,4.927980900,4.927980900,4.162619114,4.162619114,4.162619114,4.909368515,4.909368515,4.909368515,4.673142433,4.673142433",DNP3,244,0,Acceptable,IoT-Scada,6,DPI,""
1,ip4,10.0.0.8,10.0.0.3,tcp,1086,20000,finished,20,12,1097507785883614,1097507788771853,1097507788624309,0,0,25,17,167,102,0,0,181578.5,2639445,625878.8,391724269568.0,1.5,"0,0,139,0,0,330,0,0,1310,0,0,168563,0,0,2471106,0,0,796,0,0,2639445,0,0,99801,0,0,232167,0,0,15277,0",46,52.2,65,6.8,46.1,5.0,"48,48,48,48,48,48,46,46,46,57,57,57,46,46,46,55,55,55,64,64,64,46,46,46,57,57,57,46,46,46,65,65","20,0,0,0,0,0,0,0,0,0,0,0,0,0,0,0,0,0,0,0,0,0,0,0,0,0,0,0,0,0,0,0,0,0,0,0,0,0,0,0,0,0,0,0,0,0,0,0","12,0,0,0,0,0,0,0,0,0,0,0,0,0,0,0,0,0,0,0,0,0,0,0,0,0,0,0,0,0,0,0,0,0,0,0,0,0,0,0,0,0,0,0,0,0,0,0","0,0,0,1,1,1,0,0,0,1,1,1,0,0,0,0,0,0,0,0,0,1,1,1,1,1,1,0,0,0,0,0","4.202244282,4.202244282,4.202244282,4.683207035,4.683207035,4.683207035,4.119140148,4.119140148,4.119140148,4.854392529,4.854392529,4.854392529,4.162619114,4.162619114,4.162619114,4.767277718,4.767277718,4.767277718,4.850569725,4.850569725,4.850569725,4.119140625,4.119140625,4.119140625,4.806060791,4.806060791,4.806060791,4.206097126,4.206097126,4.206097126,5.071992874,5.071992874",DNP3,244,0,Acceptable,IoT-Scada,6,DPI,""
1,ip4,10.0.0.8,10.0.0.3,tcp,1184,20000,finished,20,12,1097512255234470,1097512267645965,1097512267537969,0,0,24,17,144,153,0,0,797257.9,9487840,2344670.8,5497481068544.0,1.9,"0,0,157,0,0,360,0,0,1427,0,0,192830,0,0,9226978,0,0,9487840,0,0,187102,0,0,2636386,0,0,2814075,0,0,167839,0",46,52.8,64,7.0,48.7,5.0,"48,48,48,48,48,48,46,46,46,57,57,57,46,46,46,64,64,64,57,57,57,46,46,46,64,64,64,57,57,57,46,46","20,0,0,0,0,0,0,0,0,0,0,0,0,0,0,0,0,0,0,0,0,0,0,0,0,0,0,0,0,0,0,0,0,0,0,0,0,0,0,0,0,0,0,0,0,0,0,0","12,0,0,0,0,0,0,0,0,0,0,0,0,0,0,0,0,0,0,0,0,0,0,0,0,0,0,0,0,0,0,0,0,0,0,0,0,0,0,0,0,0,0,0,0,0,0,0","0,0,0,1,1,1,0,0,0,1,1,1,0,0,0,0,0,0,1,1,1,0,0,0,0,0,0,1,1,1,0,0","4.217971325,4.217971325,4.217971325,4.641540051,4.641540051,4.641540051,4.032184124,4.032184124,4.032184124,4.784216881,4.784216881,4.784216881,4.075662136,4.075662136,4.075662136,4.924864769,4.924864769,4.924864769,4.906424999,4.906424999,4.906424999,4.075662136,4.075662136,4.075662136,4.924864769,4.924864769,4.924864769,4.858093739,4.858093739,4.858093739,4.075662136,4.075662136",DNP3,244,0,Acceptable,IoT-Scada,6,DPI,""
1,ip4,10.0.0.9,10.0.0.3,tcp,1084,20000,finished,18,14,1097513177295531,1097513185001370,1097513185001533,0,0,24,17,144,51,0,0,497156.2,3963212,1082464.4,1171729022976.0,2.5,"0,0,199,0,0,410,0,0,1542,0,0,125290,0,0,3672101,0,0,3963212,0,0,1744251,0,0,1702440,0,0,2163787,0,0,2038609,0",46,50.8,64,7.1,50.0,5.0,"48,48,48,48,48,48,46,46,46,57,57,57,46,46,46,64,64,64,46,46,46,64,64,64,46,46,46,46,46,46,46,46","18,0,0,0,0,0,0,0,0,0,0,0,0,0,0,0,0,0,0,0,0,0,0,0,0,0,0,0,0,0,0,0,0,0,0,0,0,0,0,0,0,0,0,0,0,0,0,0","14,0,0,0,0,0,0,0,0,0,0,0,0,0,0,0,0,0,0,0,0,0,0,0,0,0,0,0,0,0,0,0,0,0,0,0,0,0,0,0,0,0,0,0,0,0,0,0","0,0,0,1,1,1,0,0,0,1,1,1,0,0,0,0,0,0,1,1,1,0,0,0,1,1,1,0,0,0,1,1","4.202244282,4.202244282,4.202244282,4.641540051,4.641540051,4.641540051,4.075662136,4.075662136,4.075662136,4.893180847,4.893180847,4.893180847,4.119140148,4.119140148,4.119140148,4.926108360,4.926108360,4.926108360,4.162619114,4.162619114,4.162619114,4.957358360,4.957358360,4.957358360,4.075662613,4.075662613,4.075662613,4.119140625,4.119140625,4.119140625,4.162619114,4.162619114",DNP3,244,0,Acceptable,IoT-Scada,6,DPI,""
timestamp,json_lines,json_bytes,flow_src_total_bytes,flow_dst_total_bytes,flow_new_count,flow_end_count,flow_idle_count,flow_update_count,flow_analyse_count,flow_guessed_count,flow_detected_count,flow_detection_update_count,flow_not_detected_count,flow_risky_count,packet_count,packet_flow_count,init_count,reconnect_count,shutdown_count,status_count,error_unknown_datalink,error_unknown_l3_protocol,error_unsupported_datalink,error_packet_too_short,error_packet_type_unknown,error_packet_header_invalid,error_ip4_packet_too_short,error_ip4_size_smaller_than_header,error_ip4_l4_payload_detection,error_ip6_packet_too_short,error_ip6_size_smaller_than_header,error_ip6_l4_payload_detection,error_tcp_packet_too_short,error_udp_packet_too_short,error_capture_size_smaller_than_packet,error_max_flows_to_track,error_flow_memory_alloc,flow_state_info,flow_state_finished,flow_breed_safe_count,flow_breed_acceptable_count,flow_breed_fun_count,flow_breed_unsafe_count,flow_breed_potentially_dangerous_count,flow_breed_tracker_ads_count,flow_breed_dangerous_count,flow_breed_unrated_count,flow_breed_unknown_count,flow_category_unspecified_count,flow_category_media_count,flow_category_vpn_count,flow_category_email_count,flow_category_data_transfer_count,flow_category_web_count,flow_category_social_network_count,flow_category_download_count,flow_category_game_count,flow_category_chat_count,flow_category_voip_count,flow_category_database_count,flow_category_remote_access_count,flow_category_cloud_count,flow_category_network_count,flow_category_collaborative_count,flow_category_rpc_count,flow_category_streaming_count,flow_category_system_count,flow_category_software_update_count,flow_category_music_count,flow_category_video_count,flow_category_shopping_count,flow_category_productivity_count,flow_category_file_sharing_count,flow_category_conn_check_count,flow_category_iot_scada_count,flow_category_virt_assistant_count,flow_category_cybersecurity_count,flow_category_adult_content_count,flow_category_mining_count,flow_category_malware_count,flow_category_advertisment_count,flow_category_banned_site_count,flow_category_site_unavail_count,flow_category_allowed_site_count,flow_category_antimalware_count,flow_category_crypto_currency_count,flow_category_gambling_count,flow_category_unknown_count,flow_confidence_by_port,flow_confidence_dpi_partial,flow_confidence_dpi_partial_cache,flow_confidence_dpi_cache,flow_confidence_dpi,flow_confidence_nbpf,flow_confidence_by_ip,flow_confidence_dpi_aggressive,flow_confidence_custom_rule,flow_confidence_unknown,flow_severity_low,flow_severity_medium,flow_severity_high,flow_severity_severe,flow_severity_critical,flow_severity_emergency,flow_severity_unknown,flow_l3_ip4_count,flow_l3_ip6_count,flow_l3_other_count,flow_l4_tcp_count,flow_l4_udp_count,flow_l4_icmp_count,flow_l4_other_count,flow_active_count,flow_detected_count,flow_guessed_count,flow_not_detected_count,flow_risk_1_count,flow_risk_2_count,flow_risk_3_count,flow_risk_4_count,flow_risk_5_count,flow_risk_6_count,flow_risk_7_count,flow_risk_8_count,flow_risk_9_count,flow_risk_10_count,flow_risk_11_count,flow_risk_12_count,flow_risk_13_count,flow_risk_14_count,flow_risk_15_count,flow_risk_16_count,flow_risk_17_count,flow_risk_18_count,flow_risk_19_count,flow_risk_20_count,flow_risk_21_count,flow_risk_22_count,flow_risk_23_count,flow_risk_24_count,flow_risk_25_count,flow_risk_26_count,flow_risk_27_count,flow_risk_28_count,flow_risk_29_count,flow_risk_30_count,flow_risk_31_count,flow_risk_32_count,flow_risk_33_count,flow_risk_34_count,flow_risk_35_count,flow_risk_36_count,flow_risk_37_count,flow_risk_38_count,flow_risk_39_count,flow_risk_40_count,flow_risk_41_count,flow_risk_42_count,flow_risk_43_count,flow_risk_44_count,flow_risk_45_count,flow_risk_46_count,flow_risk_47_count,flow_risk_48_count,flow_risk_49_count,flow_risk_50_count,flow_risk_51_count,flow_risk_52_count,flow_risk_53_count,flow_risk_54_count,flow_risk_55_count,flow_risk_56_count,flow_risk_unknown_count
0,81,65925,2559,5229,8,2,6,0,7,0,8,0,0,0,0,40,1,0,1,8,0,0,0,0,0,0,0,0,0,0,0,0,0,0,0,0,0,0,8,0,8,0,0,0,0,0,0,0,0,0,0,0,0,0,0,0,0,0,0,0,0,0,0,0,0,0,0,0,0,0,0,0,0,0,8,0,0,0,0,0,0,0,0,0,0,0,0,0,0,0,0,0,0,0,0,0,0,0,0,0,0,0,0,0,0,0,0,0,0,0,0,0,0,0,0,0,0,0,0,0,0,0,0,0,0,0,0,0,0,0,0,0,0,0,0,0,0,0,0,0,0,0,0,8,0,0,0,0,0,0,0,0,0,0,0,0,8,0,0,8,0,0,0,8,8,0,0,0,0,0,0,0,0,0,0,0,0,0,0,0,0,0,0,0,0,0,0,0,0,0,0,0,0,0,0,0,0,0,0,0,0,0,0,0,0,0,0,0,0,0,0,0,0,0,0,0,0,0,0,0,0,0,0,0
