flow_datalink,l3_proto,src_ip,dst_ip,l4_proto,src_port,dst_port,flow_state,flow_src_packets_processed,flow_dst_packets_processed,flow_first_seen,flow_src_last_pkt_time,flow_dst_last_pkt_time,flow_src_min_l4_payload_len,flow_dst_min_l4_payload_len,flow_src_max_l4_payload_len,flow_dst_max_l4_payload_len,flow_src_tot_l4_payload_len,flow_dst_tot_l4_payload_len,midstream,iat_min,iat_avg,iat_max,iat_stddev,iat_var,iat_ent,iat_data,pktlen_min,pktlen_avg,pktlen_max,pktlen_stddev,pktlen_var,pktlen_ent,pktlen_data,bins_c_to_s,bins_s_to_c,directions,entropies,proto,proto_id,encrypted,breed,category,confidence_id,confidence,risks
1,ip4,208.245.107.3,192.168.0.20,tcp,4000,45578,finished,16,16,1493755109301176,1493755110311293,1493755110311459,0,0,457,86,1522,86,1,170,65174.2,314954,68088.5,4636038656.0,4.4,"170,209,52428,3585,93980,87569,49399,50741,50707,52796,52875,49653,49630,49737,49707,49456,49402,49750,49791,49981,50005,49926,49930,49589,49596,49797,49760,50218,50168,314891,314954",40,93.1,497,87.5,7658.2,4.6,"79,46,126,155,40,46,497,46,216,46,219,46,129,46,96,46,171,46,98,46,67,46,92,46,67,46,75,46,94,46,67,46","4,6,1,1,1,2,0,0,0,0,0,0,0,0,1,0,0,0,0,0,0,0,0,0,0,0,0,0,0,0,0,0,0,0,0,0,0,0,0,0,0,0,0,0,0,0,0,0","15,0,1,0,0,0,0,0,0,0,0,0,0,0,0,0,0,0,0,0,0,0,0,0,0,0,0,0,0,0,0,0,0,0,0,0,0,0,0,0,0,0,0,0,0,0,0,0","0,1,1,0,0,1,0,1,0,1,0,1,0,1,0,1,0,1,0,1,0,1,0,1,0,1,0,1,0,1,0,1","5.154581547,4.414441109,6.395655632,5.091774940,4.780641556,4.457919598,5.201892376,4.414441109,4.962749958,4.457919598,5.236365318,4.414441109,5.106607437,4.457919598,5.098806381,4.457919598,5.104629040,4.398030281,5.136437416,4.347350597,5.144082069,4.457919598,4.962267876,4.414441109,5.073113441,4.370962620,5.166584492,4.457919598,4.922869682,4.457919598,5.102964401,4.370963097",FIX,230,0,Safe,RPC,6,DPI,""
1,ip4,8.17.22.31,192.168.0.20,tcp,4000,47968,finished,16,16,1493755109264927,1493755110667807,1493755110668000,0,0,69,87,553,87,1,25,90514.6,300186,84141.6,7079807488.0,4.2,"147,100141,123,100163,124,100018,123,100053,25,99913,99995,100225,100166,100788,100836,300170,29,300186,26,222,17881,82390,142005,200503,158539,99966,99944,398,386,200212,200256",52,72.0,139,23.6,558.3,4.9,"82,52,87,78,52,52,87,86,52,52,78,52,121,52,77,52,91,121,52,52,139,52,91,52,87,52,87,52,76,52,84,52","6,8,2,0,0,0,0,0,0,0,0,0,0,0,0,0,0,0,0,0,0,0,0,0,0,0,0,0,0,0,0,0,0,0,0,0,0,0,0,0,0,0,0,0,0,0,0,0","15,0,1,0,0,0,0,0,0,0,0,0,0,0,0,0,0,0,0,0,0,0,0,0,0,0,0,0,0,0,0,0,0,0,0,0,0,0,0,0,0,0,0,0,0,0,0,0","0,1,0,0,1,1,0,0,1,1,0,1,0,1,0,1,0,0,1,1,1,0,0,1,0,1,0,1,0,1,0,1","5.351819992,5.248330116,5.436416626,5.363250256,5.103910923,5.156889915,5.413428307,5.384781837,5.115703106,5.168681622,5.321646214,5.132944584,5.563299656,5.209868431,5.466999531,5.248330116,5.438351631,5.219768047,5.118427753,5.132945061,6.504659653,5.091758728,5.478478432,5.209868431,5.454665184,5.171406746,5.204155445,5.209868431,5.232492447,5.209868431,5.401538372,5.132945061",FIX,230,0,Safe,RPC,6,DPI,""
1,ip4,8.17.22.31,192.168.0.20,tcp,4000,43594,finished,16,16,1493755109242949,1493755111999185,1493755111999341,0,0,188,85,1313,85,1,24,177826.7,291268,112931.7,12753577984.0,4.5,"209,293,265,250589,114,250615,24,223,18233,232135,291268,250073,208970,250691,250733,250586,250560,250658,250654,250671,250658,250632,30,250660,26,251471,251453,249735,249759,250325,250315",52,95.7,240,52.0,2700.5,4.8,"138,52,77,52,91,138,52,52,137,52,155,52,155,52,172,52,155,52,155,52,104,52,240,99,52,52,121,52,189,52,104,52","2,4,3,5,1,1,0,0,0,0,0,0,0,0,0,0,0,0,0,0,0,0,0,0,0,0,0,0,0,0,0,0,0,0,0,0,0,0,0,0,0,0,0,0,0,0,0,0","15,0,1,0,0,0,0,0,0,0,0,0,0,0,0,0,0,0,0,0,0,0,0,0,0,0,0,0,0,0,0,0,0,0,0,0,0,0,0,0,0,0,0,0,0,0,0,0","0,1,0,1,0,0,1,1,1,0,0,1,0,1,0,1,0,1,0,1,0,1,0,0,1,1,0,1,0,1,0,1","5.494600296,5.156889439,5.286477566,5.118427753,5.354906082,5.367415428,5.156889915,5.118428230,6.408948421,5.130219936,5.439220428,5.209867954,5.526780605,5.248329639,5.560081959,5.171406746,5.428024292,5.209867954,5.492540359,5.209868431,5.433600426,5.171406746,5.581422329,5.564811230,5.171406746,5.209867954,5.463109970,5.209867954,5.382565022,5.209867954,5.537013054,5.209868431",FIX,230,0,Safe,RPC,6,DPI,""
1,ip4,208.245.107.3,192.168.0.20,tcp,4000,45584,finished,16,16,1493755109440420,1493755120254899,1493755120295550,0,0,39,87,498,173,1,168,699019.6,5507323,1280900.8,1640706605056.0,3.7,"168,500717,500699,200419,200471,184,89723,210661,340264,500679,460548,5507291,5507323,600979,600971,400442,400455,700964,700990,400404,400386,600557,600559,400806,400807,600830,600822,215,54314,45693,140268",40,63.6,127,21.9,481.2,4.9,"75,46,75,46,79,46,127,40,75,46,75,46,75,46,75,46,75,46,75,46,75,46,75,46,75,46,79,46,126,40,75,46","2,14,0,0,0,0,0,0,0,0,0,0,0,0,0,0,0,0,0,0,0,0,0,0,0,0,0,0,0,0,0,0,0,0,0,0,0,0,0,0,0,0,0,0,0,0,0,0","14,0,2,0,0,0,0,0,0,0,0,0,0,0,0,0,0,0,0,0,0,0,0,0,0,0,0,0,0,0,0,0,0,0,0,0,0,0,0,0,0,0,0,0,0,0,0,0","0,1,0,1,0,1,1,0,0,1,0,1,0,1,0,1,0,1,0,1,0,1,0,1,0,1,0,1,1,0,0,1","4.945594788,4.398030758,5.188046455,4.398030758,5.199008465,4.457919598,6.476713657,4.730641365,4.962196827,4.457919598,5.241379738,4.501398087,5.161379337,4.501398087,5.025595188,4.457919598,5.052261829,4.457919598,5.214713573,4.457919598,5.224778175,4.501398087,5.241379738,4.457919598,5.025595188,4.501398087,5.249641418,4.501398087,6.379781723,4.730641365,4.998929024,4.457919598",FIX,230,0,Safe,RPC,6,DPI,""
1,ip4,8.17.22.31,192.168.0.20,tcp,4000,40918,finished,16,16,1493755110328857,1493755130974521,1493755130974683,0,0,81,85,651,170,1,110,1331983.5,4175061,1132458.4,1282462056448.0,4.4,"110,1093319,1093395,599016,598995,1546128,1546141,239,22763,2072709,2137804,913298,870712,442005,442027,3366066,3366054,1195438,1195405,437653,437695,1550229,1550211,211,22417,1711389,1774342,1498173,1457475,4175061,4175010",52,77.7,137,28.5,811.2,4.9,"91,52,112,52,91,52,91,52,137,52,91,52,91,52,112,52,91,52,112,52,91,52,91,52,137,52,91,52,133,52,91,52","2,13,1,0,0,0,0,0,0,0,0,0,0,0,0,0,0,0,0,0,0,0,0,0,0,0,0,0,0,0,0,0,0,0,0,0,0,0,0,0,0,0,0,0,0,0,0,0","14,0,2,0,0,0,0,0,0,0,0,0,0,0,0,0,0,0,0,0,0,0,0,0,0,0,0,0,0,0,0,0,0,0,0,0,0,0,0,0,0,0,0,0,0,0,0,0","0,1,0,1,0,1,0,1,1,0,0,1,0,1,0,1,0,1,0,1,0,1,0,1,1,0,0,1,0,1,0,1","5.567693233,5.103910923,5.539355278,5.053297043,5.492160797,5.118427753,5.446647644,5.118427753,6.341468334,5.115703106,5.351537228,5.171406269,5.539231300,5.171406746,5.445882797,5.171406746,5.442563534,5.118428230,5.588550091,5.209868431,5.417931080,5.209867954,5.425766945,5.132945061,6.498472691,5.168681622,5.496372223,5.094483376,5.470992565,5.171406269,5.501759529,5.171406746",FIX,230,0,Safe,RPC,6,DPI,""
timestamp,json_lines,json_bytes,flow_src_total_bytes,flow_dst_total_bytes,flow_new_count,flow_end_count,flow_idle_count,flow_update_count,flow_analyse_count,flow_guessed_count,flow_detected_count,flow_detection_update_count,flow_not_detected_count,flow_risky_count,packet_count,packet_flow_count,init_count,reconnect_count,shutdown_count,status_count,error_unknown_datalink,error_unknown_l3_protocol,error_unsupported_datalink,error_packet_too_short,error_packet_type_unknown,error_packet_header_invalid,error_ip4_packet_too_short,error_ip4_size_smaller_than_header,error_ip4_l4_payload_detection,error_ip6_packet_too_short,error_ip6_size_smaller_than_header,error_ip6_l4_payload_detection,error_tcp_packet_too_short,error_udp_packet_too_short,error_capture_size_smaller_than_packet,error_max_flows_to_track,error_flow_memory_alloc,flow_state_info,flow_state_finished,flow_breed_safe_count,flow_breed_acceptable_count,flow_breed_fun_count,flow_breed_unsafe_count,flow_breed_potentially_dangerous_count,flow_breed_tracker_ads_count,flow_breed_dangerous_count,flow_breed_unrated_count,flow_breed_unknown_count,flow_category_unspecified_count,flow_category_media_count,flow_category_vpn_count,flow_category_email_count,flow_category_data_transfer_count,flow_category_web_count,flow_category_social_network_count,flow_category_download_count,flow_category_game_count,flow_category_chat_count,flow_category_voip_count,flow_category_database_count,flow_category_remote_access_count,flow_category_cloud_count,flow_category_network_count,flow_category_collaborative_count,flow_category_rpc_count,flow_category_streaming_count,flow_category_system_count,flow_category_software_update_count,flow_category_music_count,flow_category_video_count,flow_category_shopping_count,flow_category_productivity_count,flow_category_file_sharing_count,flow_category_conn_check_count,flow_category_iot_scada_count,flow_category_virt_assistant_count,flow_category_cybersecurity_count,flow_category_adult_content_count,flow_category_mining_count,flow_category_malware_count,flow_category_advertisment_count,flow_category_banned_site_count,flow_category_site_unavail_count,flow_category_allowed_site_count,flow_category_antimalware_count,flow_category_crypto_currency_count,flow_category_gambling_count,flow_category_unknown_count,flow_confidence_by_port,flow_confidence_dpi_partial,flow_confidence_dpi_partial_cache,flow_confidence_dpi_cache,flow_confidence_dpi,flow_confidence_nbpf,flow_confidence_by_ip,flow_confidence_dpi_aggressive,flow_confidence_custom_rule,flow_confidence_unknown,flow_severity_low,flow_severity_medium,flow_severity_high,flow_severity_severe,flow_severity_critical,flow_severity_emergency,flow_severity_unknown,flow_l3_ip4_count,flow_l3_ip6_count,flow_l3_other_count,flow_l4_tcp_count,flow_l4_udp_count,flow_l4_icmp_count,flow_l4_other_count,flow_active_count,flow_detected_count,flow_guessed_count,flow_not_detected_count,flow_risk_1_count,flow_risk_2_count,flow_risk_3_count,flow_risk_4_count,flow_risk_5_count,flow_risk_6_count,flow_risk_7_count,flow_risk_8_count,flow_risk_9_count,flow_risk_10_count,flow_risk_11_count,flow_risk_12_count,flow_risk_13_count,flow_risk_14_count,flow_risk_15_count,flow_risk_16_count,flow_risk_17_count,flow_risk_18_count,flow_risk_19_count,flow_risk_20_count,flow_risk_21_count,flow_risk_22_count,flow_risk_23_count,flow_risk_24_count,flow_risk_25_count,flow_risk_26_count,flow_risk_27_count,flow_risk_28_count,flow_risk_29_count,flow_risk_30_count,flow_risk_31_count,flow_risk_32_count,flow_risk_33_count,flow_risk_34_count,flow_risk_35_count,flow_risk_36_count,flow_risk_37_count,flow_risk_38_count,flow_risk_39_count,flow_risk_40_count,flow_risk_41_count,flow_risk_42_count,flow_risk_43_count,flow_risk_44_count,flow_risk_45_count,flow_risk_46_count,flow_risk_47_count,flow_risk_48_count,flow_risk_49_count,flow_risk_50_count,flow_risk_51_count,flow_risk_52_count,flow_risk_53_count,flow_risk_54_count,flow_risk_55_count,flow_risk_56_count,flow_risk_unknown_count
0,104,80958,34736,2850,12,0,12,0,5,0,12,0,0,0,0,60,1,0,1,1,0,0,0,0,0,0,0,0,0,0,0,0,0,0,0,0,0,0,12,12,0,0,0,0,0,0,0,0,0,0,0,0,0,0,0,0,0,0,0,0,0,0,0,0,12,0,0,0,0,0,0,0,0,0,0,0,0,0,0,0,0,0,0,0,0,0,0,0,0,0,0,0,0,0,0,0,0,0,0,0,0,0,0,0,0,0,0,0,0,0,0,0,0,0,0,0,0,0,0,0,0,0,0,0,0,0,0,0,0,0,0,0,0,0,0,0,0,0,0,0,0,0,0,12,0,0,0,0,0,0,0,0,0,0,0,0,12,0,0,12,0,0,0,12,12,0,0,0,0,0,0,0,0,0,0,0,0,0,0,0,0,0,0,0,0,0,0,0,0,0,0,0,0,0,0,0,0,0,0,0,0,0,0,0,0,0,0,0,0,0,0,0,0,0,0,0,0,0,0,0,0,0,0,0
