flow_datalink,l3_proto,src_ip,dst_ip,l4_proto,src_port,dst_port,flow_state,flow_src_packets_processed,flow_dst_packets_processed,flow_first_seen,flow_src_last_pkt_time,flow_dst_last_pkt_time,flow_src_min_l4_payload_len,flow_dst_min_l4_payload_len,flow_src_max_l4_payload_len,flow_dst_max_l4_payload_len,flow_src_tot_l4_payload_len,flow_dst_tot_l4_payload_len,midstream,iat_min,iat_avg,iat_max,iat_stddev,iat_var,iat_ent,iat_data,pktlen_min,pktlen_avg,pktlen_max,pktlen_stddev,pktlen_var,pktlen_ent,pktlen_data,bins_c_to_s,bins_s_to_c,directions,entropies,proto,proto_id,encrypted,breed,category,confidence_id,confidence,risks
1,ip4,192.168.0.4,192.254.189.169,tcp,54337,80,finished,14,18,1381844050222515,1381844057134728,1381844055865656,0,0,739,1448,739,17637,0,139,405011.4,4861829,1193509.9,1424465723392.0,2.2,"180032,180140,139,193993,206403,1322,401505,596,594,735,724,4027,4555,8666,4603,3019,7560,3303,5323,8621,158972,3971,162953,3627,4243,7859,2612,2607,4861805,4861829,1269016",52,626.9,1500,665.6,443042.2,4.1,"64,60,52,791,52,1500,537,52,131,52,274,52,1500,1500,52,1500,1500,52,1500,1500,52,1500,1500,52,1500,1500,52,975,52,52,52,52","13,0,0,0,0,0,0,0,0,0,0,0,0,0,0,0,0,0,0,0,0,0,0,1,0,0,0,0,0,0,0,0,0,0,0,0,0,0,0,0,0,0,0,0,0,0,0,0","3,0,1,0,0,0,1,0,0,0,0,0,0,0,0,1,0,0,0,0,0,0,0,0,0,0,0,0,1,0,0,0,0,0,0,0,0,0,0,0,0,0,0,0,0,11,0,0","0,1,0,0,1,1,1,0,1,0,1,0,1,1,0,1,1,0,1,1,0,1,1,0,1,1,0,1,0,1,0,0","4.441382408,5.118823051,5.130219936,5.854406357,5.046594620,5.442737579,5.621041775,5.077241421,5.402398586,5.024262905,5.623777390,5.077241421,5.441255569,5.120078564,4.955154419,5.048518181,5.069016457,5.130219936,5.089414597,5.056834221,5.053296566,5.097548008,5.174168587,5.115702629,5.356103420,5.382487297,5.046594620,5.653643131,5.038779736,5.046595097,5.130219936,5.085056305",HTTP,7,0,Acceptable,Web,6,DPI,"36,43"
timestamp,json_lines,json_bytes,flow_src_total_bytes,flow_dst_total_bytes,flow_new_count,flow_end_count,flow_idle_count,flow_update_count,flow_analyse_count,flow_guessed_count,flow_detected_count,flow_detection_update_count,flow_not_detected_count,flow_risky_count,packet_count,packet_flow_count,init_count,reconnect_count,shutdown_count,status_count,error_unknown_datalink,error_unknown_l3_protocol,error_unsupported_datalink,error_packet_too_short,error_packet_type_unknown,error_packet_header_invalid,error_ip4_packet_too_short,error_ip4_size_smaller_than_header,error_ip4_l4_payload_detection,error_ip6_packet_too_short,error_ip6_size_smaller_than_header,error_ip6_l4_payload_detection,error_tcp_packet_too_short,error_udp_packet_too_short,error_capture_size_smaller_than_packet,error_max_flows_to_track,error_flow_memory_alloc,flow_state_info,flow_state_finished,flow_breed_safe_count,flow_breed_acceptable_count,flow_breed_fun_count,flow_breed_unsafe_count,flow_breed_potentially_dangerous_count,flow_breed_tracker_ads_count,flow_breed_dangerous_count,flow_breed_unrated_count,flow_breed_unknown_count,flow_category_unspecified_count,flow_category_media_count,flow_category_vpn_count,flow_category_email_count,flow_category_data_transfer_count,flow_category_web_count,flow_category_social_network_count,flow_category_download_count,flow_category_game_count,flow_category_chat_count,flow_category_voip_count,flow_category_database_count,flow_category_remote_access_count,flow_category_cloud_count,flow_category_network_count,flow_category_collaborative_count,flow_category_rpc_count,flow_category_streaming_count,flow_category_system_count,flow_category_software_update_count,flow_category_music_count,flow_category_video_count,flow_category_shopping_count,flow_category_productivity_count,flow_category_file_sharing_count,flow_category_conn_check_count,flow_category_iot_scada_count,flow_category_virt_assistant_count,flow_category_cybersecurity_count,flow_category_adult_content_count,flow_category_mining_count,flow_category_malware_count,flow_category_advertisment_count,flow_category_banned_site_count,flow_category_site_unavail_count,flow_category_allowed_site_count,flow_category_antimalware_count,flow_category_crypto_currency_count,flow_category_gambling_count,flow_category_unknown_count,flow_confidence_by_port,flow_confidence_dpi_partial,flow_confidence_dpi_partial_cache,flow_confidence_dpi_cache,flow_confidence_dpi,flow_confidence_nbpf,flow_confidence_by_ip,flow_confidence_dpi_aggressive,flow_confidence_custom_rule,flow_confidence_unknown,flow_severity_low,flow_severity_medium,flow_severity_high,flow_severity_severe,flow_severity_critical,flow_severity_emergency,flow_severity_unknown,flow_l3_ip4_count,flow_l3_ip6_count,flow_l3_other_count,flow_l4_tcp_count,flow_l4_udp_count,flow_l4_icmp_count,flow_l4_other_count,flow_active_count,flow_detected_count,flow_guessed_count,flow_not_detected_count,flow_risk_1_count,flow_risk_2_count,flow_risk_3_count,flow_risk_4_count,flow_risk_5_count,flow_risk_6_count,flow_risk_7_count,flow_risk_8_count,flow_risk_9_count,flow_risk_10_count,flow_risk_11_count,flow_risk_12_count,flow_risk_13_count,flow_risk_14_count,flow_risk_15_count,flow_risk_16_count,flow_risk_17_count,flow_risk_18_count,flow_risk_19_count,flow_risk_20_count,flow_risk_21_count,flow_risk_22_count,flow_risk_23_count,flow_risk_24_count,flow_risk_25_count,flow_risk_26_count,flow_risk_27_count,flow_risk_28_count,flow_risk_29_count,flow_risk_30_count,flow_risk_31_count,flow_risk_32_count,flow_risk_33_count,flow_risk_34_count,flow_risk_35_count,flow_risk_36_count,flow_risk_37_count,flow_risk_38_count,flow_risk_39_count,flow_risk_40_count,flow_risk_41_count,flow_risk_42_count,flow_risk_43_count,flow_risk_44_count,flow_risk_45_count,flow_risk_46_count,flow_risk_47_count,flow_risk_48_count,flow_risk_49_count,flow_risk_50_count,flow_risk_51_count,flow_risk_52_count,flow_risk_53_count,flow_risk_54_count,flow_risk_55_count,flow_risk_56_count,flow_risk_unknown_count
0,13,13450,739,17637,1,1,0,0,1,0,1,1,0,1,0,5,1,0,1,1,0,0,0,0,0,0,0,0,0,0,0,0,0,0,0,0,0,0,1,0,1,0,0,0,0,0,0,0,0,0,0,0,0,1,0,0,0,0,0,0,0,0,0,0,0,0,0,0,0,0,0,0,0,0,0,0,0,0,0,0,0,0,0,0,0,0,0,0,0,0,0,0,0,0,0,0,0,0,0,0,0,0,0,0,0,0,0,0,0,0,0,0,0,0,0,0,0,0,0,0,0,0,0,0,0,0,0,0,0,0,0,0,0,0,0,0,0,0,0,0,0,0,0,1,0,0,0,0,0,1,0,2,0,0,0,0,1,0,0,1,0,0,0,1,1,0,0,0,0,0,0,0,0,0,0,0,0,0,0,0,0,0,0,0,0,0,0,0,0,0,0,0,0,0,0,0,0,0,0,0,0,0,0,2,0,0,0,0,0,0,1,0,0,0,0,0,0,0,0,0,0,0,0,0
