flow_datalink,l3_proto,src_ip,dst_ip,l4_proto,src_port,dst_port,flow_state,flow_src_packets_processed,flow_dst_packets_processed,flow_first_seen,flow_src_last_pkt_time,flow_dst_last_pkt_time,flow_src_min_l4_payload_len,flow_dst_min_l4_payload_len,flow_src_max_l4_payload_len,flow_dst_max_l4_payload_len,flow_src_tot_l4_payload_len,flow_dst_tot_l4_payload_len,midstream,iat_min,iat_avg,iat_max,iat_stddev,iat_var,iat_ent,iat_data,pktlen_min,pktlen_avg,pktlen_max,pktlen_stddev,pktlen_var,pktlen_ent,pktlen_data,bins_c_to_s,bins_s_to_c,directions,entropies,proto,proto_id,encrypted,breed,category,confidence_id,confidence,risks
1,ip4,192.168.190.20,192.168.190.5,tcp,55630,119,finished,19,13,1258844926423672,1258844993785292,1258844993785209,0,0,31,1448,113,4808,0,29,4345908.0,25684268,7782391.0,60565611347968.0,3.1,"157,178,17001,17072,178,379,673149,673694,608,343,40452,19518042,19565845,7986,4770071,4784435,14326,95,29,25683555,25684268,770,12078373,12090740,12467,209,55,4543973,116,4544308,283",40,205.9,1500,397.4,157950.1,3.6,"60,60,52,176,52,65,52,99,78,52,101,52,65,1280,52,65,1500,52,172,52,83,102,52,63,1500,52,318,52,58,52,80,40","19,0,0,0,0,0,0,0,0,0,0,0,0,0,0,0,0,0,0,0,0,0,0,0,0,0,0,0,0,0,0,0,0,0,0,0,0,0,0,0,0,0,0,0,0,0,0,0","4,3,0,2,0,0,0,0,1,0,0,0,0,0,0,0,0,0,0,0,0,0,0,0,0,0,0,0,0,0,0,0,0,0,0,0,0,0,1,0,0,0,0,0,0,2,0,0","0,1,0,1,0,0,1,1,0,1,1,0,0,1,0,0,1,0,1,0,0,1,0,0,1,0,1,0,0,0,1,0","4.471673489,4.918822765,4.878231525,5.476410866,4.931209564,5.179985523,4.961856842,5.561774254,5.435857296,5.000318050,5.478010178,4.892747879,5.210754871,5.673897266,4.969671249,5.291449070,5.852569103,4.878231049,5.413592815,4.878231049,5.543476105,5.549430847,4.931209564,5.298630238,5.766685963,4.767184258,5.374790192,4.825252533,4.982897282,4.817437172,5.532413483,3.670482159",Usenet,93,0,Acceptable,Web,6,DPI,""
timestamp,json_lines,json_bytes,flow_src_total_bytes,flow_dst_total_bytes,flow_new_count,flow_end_count,flow_idle_count,flow_update_count,flow_analyse_count,flow_guessed_count,flow_detected_count,flow_detection_update_count,flow_not_detected_count,flow_risky_count,packet_count,packet_flow_count,init_count,reconnect_count,shutdown_count,status_count,error_unknown_datalink,error_unknown_l3_protocol,error_unsupported_datalink,error_packet_too_short,error_packet_type_unknown,error_packet_header_invalid,error_ip4_packet_too_short,error_ip4_size_smaller_than_header,error_ip4_l4_payload_detection,error_ip6_packet_too_short,error_ip6_size_smaller_than_header,error_ip6_l4_payload_detection,error_tcp_packet_too_short,error_udp_packet_too_short,error_capture_size_smaller_than_packet,error_max_flows_to_track,error_flow_memory_alloc,flow_state_info,flow_state_finished,flow_breed_safe_count,flow_breed_acceptable_count,flow_breed_fun_count,flow_breed_unsafe_count,flow_breed_potentially_dangerous_count,flow_breed_tracker_ads_count,flow_breed_dangerous_count,flow_breed_unrated_count,flow_breed_unknown_count,flow_category_unspecified_count,flow_category_media_count,flow_category_vpn_count,flow_category_email_count,flow_category_data_transfer_count,flow_category_web_count,flow_category_social_network_count,flow_category_download_count,flow_category_game_count,flow_category_chat_count,flow_category_voip_count,flow_category_database_count,flow_category_remote_access_count,flow_category_cloud_count,flow_category_network_count,flow_category_collaborative_count,flow_category_rpc_count,flow_category_streaming_count,flow_category_system_count,flow_category_software_update_count,flow_category_music_count,flow_category_video_count,flow_category_shopping_count,flow_category_productivity_count,flow_category_file_sharing_count,flow_category_conn_check_count,flow_category_iot_scada_count,flow_category_virt_assistant_count,flow_category_cybersecurity_count,flow_category_adult_content_count,flow_category_mining_count,flow_category_malware_count,flow_category_advertisment_count,flow_category_banned_site_count,flow_category_site_unavail_count,flow_category_allowed_site_count,flow_category_antimalware_count,flow_category_crypto_currency_count,flow_category_gambling_count,flow_category_unknown_count,flow_confidence_by_port,flow_confidence_dpi_partial,flow_confidence_dpi_partial_cache,flow_confidence_dpi_cache,flow_confidence_dpi,flow_confidence_nbpf,flow_confidence_by_ip,flow_confidence_dpi_aggressive,flow_confidence_custom_rule,flow_confidence_unknown,flow_severity_low,flow_severity_medium,flow_severity_high,flow_severity_severe,flow_severity_critical,flow_severity_emergency,flow_severity_unknown,flow_l3_ip4_count,flow_l3_ip6_count,flow_l3_other_count,flow_l4_tcp_count,flow_l4_udp_count,flow_l4_icmp_count,flow_l4_other_count,flow_active_count,flow_detected_count,flow_guessed_count,flow_not_detected_count,flow_risk_1_count,flow_risk_2_count,flow_risk_3_count,flow_risk_4_count,flow_risk_5_count,flow_risk_6_count,flow_risk_7_count,flow_risk_8_count,flow_risk_9_count,flow_risk_10_count,flow_risk_11_count,flow_risk_12_count,flow_risk_13_count,flow_risk_14_count,flow_risk_15_count,flow_risk_16_count,flow_risk_17_count,flow_risk_18_count,flow_risk_19_count,flow_risk_20_count,flow_risk_21_count,flow_risk_22_count,flow_risk_23_count,flow_risk_24_count,flow_risk_25_count,flow_risk_26_count,flow_risk_27_count,flow_risk_28_count,flow_risk_29_count,flow_risk_30_count,flow_risk_31_count,flow_risk_32_count,flow_risk_33_count,flow_risk_34_count,flow_risk_35_count,flow_risk_36_count,flow_risk_37_count,flow_risk_38_count,flow_risk_39_count,flow_risk_40_count,flow_risk_41_count,flow_risk_42_count,flow_risk_43_count,flow_risk_44_count,flow_risk_45_count,flow_risk_46_count,flow_risk_47_count,flow_risk_48_count,flow_risk_49_count,flow_risk_50_count,flow_risk_51_count,flow_risk_52_count,flow_risk_53_count,flow_risk_54_count,flow_risk_55_count,flow_risk_56_count,flow_risk_unknown_count
0,12,10136,113,4808,1,1,0,0,1,0,1,0,0,0,0,5,1,0,1,1,0,0,0,0,0,0,0,0,0,0,0,0,0,0,0,0,0,0,1,0,1,0,0,0,0,0,0,0,0,0,0,0,0,1,0,0,0,0,0,0,0,0,0,0,0,0,0,0,0,0,0,0,0,0,0,0,0,0,0,0,0,0,0,0,0,0,0,0,0,0,0,0,0,0,0,0,0,0,0,0,0,0,0,0,0,0,0,0,0,0,0,0,0,0,0,0,0,0,0,0,0,0,0,0,0,0,0,0,0,0,0,0,0,0,0,0,0,0,0,0,0,0,0,1,0,0,0,0,0,0,0,0,0,0,0,0,1,0,0,1,0,0,0,1,1,0,0,0,0,0,0,0,0,0,0,0,0,0,0,0,0,0,0,0,0,0,0,0,0,0,0,0,0,0,0,0,0,0,0,0,0,0,0,0,0,0,0,0,0,0,0,0,0,0,0,0,0,0,0,0,0,0,0,0
