flow_datalink,l3_proto,src_ip,dst_ip,l4_proto,src_port,dst_port,flow_state,flow_src_packets_processed,flow_dst_packets_processed,flow_first_seen,flow_src_last_pkt_time,flow_dst_last_pkt_time,flow_src_min_l4_payload_len,flow_dst_min_l4_payload_len,flow_src_max_l4_payload_len,flow_dst_max_l4_payload_len,flow_src_tot_l4_payload_len,flow_dst_tot_l4_payload_len,midstream,iat_min,iat_avg,iat_max,iat_stddev,iat_var,iat_ent,iat_data,pktlen_min,pktlen_avg,pktlen_max,pktlen_stddev,pktlen_var,pktlen_ent,pktlen_data,bins_c_to_s,bins_s_to_c,directions,entropies,proto,proto_id,encrypted,breed,category,confidence_id,confidence,risks
1,ip4,192.168.1.204,192.145.125.35,udp,63670,1198,info,21,11,87609474,89456311,88825983,73,0,679,1116,3115,6510,0,8,98817.6,1082706,265178.8,70319783936.0,2.4,"36503,37170,34817,51,22,8,12,34710,68,19,15,30459,31119,31774,54,31119,282,1045872,1082706,103,218338,91,15,11,34796,1189,13872,57,22,22,398050",101,328.8,1144,349.5,122181.9,4.4,"114,126,409,122,1144,1144,1144,1144,126,130,134,138,834,707,284,362,146,150,173,122,392,150,159,129,129,129,128,117,117,101,189,128","0,0,4,12,2,1,0,0,0,0,0,1,0,0,0,0,0,0,0,0,0,1,0,0,0,0,0,0,0,0,0,0,0,0,0,0,0,0,0,0,0,0,0,0,0,0,0,0","0,0,2,1,0,0,0,0,1,0,1,1,0,0,0,0,0,0,0,0,0,0,0,0,0,1,0,0,0,0,0,0,0,0,4,0,0,0,0,0,0,0,0,0,0,0,0,0","0,1,0,1,1,1,1,1,0,0,0,0,1,0,1,1,0,0,0,1,1,0,0,0,0,0,0,0,0,0,0,0","6.285833836,6.574460030,6.914950848,6.427595139,7.850133896,7.818133354,7.800798893,7.842847347,6.303515434,6.469485283,6.482215405,6.459611416,7.768293381,7.693883896,7.179449081,7.458499432,6.471373081,6.424789429,6.796693802,6.355833054,7.444475651,6.568186760,6.619147778,6.537427425,6.412118435,6.473360538,6.475629807,6.317978859,6.331737041,6.152075768,6.867091179,6.444379807",,,,,,,,""
1,ip4,192.168.1.204,212.129.45.224,tcp,49766,995,info,15,17,96300241,97399908,97431999,0,0,1417,1460,3449,6441,0,7,71981.5,562257,120648.8,14556123136.0,3.7,"37880,38134,1806,34394,51,32792,37583,41,7,15,37379,1040,32077,31137,32434,32443,75980,75921,32574,60,34626,34996,33564,34092,82850,427960,562257,84948,33625,185067,183692",40,350.9,1500,470.2,221099.3,4.0,"52,52,40,128,46,140,423,136,1500,1500,1500,40,140,116,252,863,152,46,728,46,298,160,383,164,405,40,1457,46,142,46,143,46","4,0,1,6,0,0,1,0,0,0,0,1,0,0,0,0,0,0,0,0,0,1,0,0,0,0,0,0,0,0,0,0,0,0,0,0,0,0,0,0,0,0,0,0,1,0,0,0","7,0,1,2,0,0,0,0,1,0,1,1,0,0,0,0,0,0,0,0,0,0,0,0,0,1,0,0,0,0,0,0,0,0,0,0,0,0,0,0,0,0,0,0,0,3,0,0","0,1,0,0,1,1,0,1,1,1,1,0,0,1,0,1,0,1,0,1,1,0,1,0,1,0,0,1,0,1,0,1","4.584304333,4.870416641,4.815311432,6.518347740,4.544876099,6.561948299,7.045429230,6.558662891,7.862508297,7.858582973,7.879600525,4.884183884,6.465450287,6.267211914,7.004919052,7.731593132,6.575685024,4.914867401,7.735645771,4.914866924,7.154484749,6.545032501,7.388613224,6.541764259,7.457901955,4.881687164,7.832018375,4.958345413,6.624888420,4.827910900,6.572180748,4.914867401",,,,,,,,""
timestamp,json_lines,json_bytes,flow_src_total_bytes,flow_dst_total_bytes,flow_new_count,flow_end_count,flow_idle_count,flow_update_count,flow_analyse_count,flow_guessed_count,flow_detected_count,flow_detection_update_count,flow_not_detected_count,flow_risky_count,packet_count,packet_flow_count,init_count,reconnect_count,shutdown_count,status_count,error_unknown_datalink,error_unknown_l3_protocol,error_unsupported_datalink,error_packet_too_short,error_packet_type_unknown,error_packet_header_invalid,error_ip4_packet_too_short,error_ip4_size_smaller_than_header,error_ip4_l4_payload_detection,error_ip6_packet_too_short,error_ip6_size_smaller_than_header,error_ip6_l4_payload_detection,error_tcp_packet_too_short,error_udp_packet_too_short,error_capture_size_smaller_than_packet,error_max_flows_to_track,error_flow_memory_alloc,flow_state_info,flow_state_finished,flow_breed_safe_count,flow_breed_acceptable_count,flow_breed_fun_count,flow_breed_unsafe_count,flow_breed_potentially_dangerous_count,flow_breed_tracker_ads_count,flow_breed_dangerous_count,flow_breed_unrated_count,flow_breed_unknown_count,flow_category_unspecified_count,flow_category_media_count,flow_category_vpn_count,flow_category_email_count,flow_category_data_transfer_count,flow_category_web_count,flow_category_social_network_count,flow_category_download_count,flow_category_game_count,flow_category_chat_count,flow_category_voip_count,flow_category_database_count,flow_category_remote_access_count,flow_category_cloud_count,flow_category_network_count,flow_category_collaborative_count,flow_category_rpc_count,flow_category_streaming_count,flow_category_system_count,flow_category_software_update_count,flow_category_music_count,flow_category_video_count,flow_category_shopping_count,flow_category_productivity_count,flow_category_file_sharing_count,flow_category_conn_check_count,flow_category_iot_scada_count,flow_category_virt_assistant_count,flow_category_cybersecurity_count,flow_category_adult_content_count,flow_category_mining_count,flow_category_malware_count,flow_category_advertisment_count,flow_category_banned_site_count,flow_category_site_unavail_count,flow_category_allowed_site_count,flow_category_antimalware_count,flow_category_crypto_currency_count,flow_category_gambling_count,flow_category_unknown_count,flow_confidence_by_port,flow_confidence_dpi_partial,flow_confidence_dpi_partial_cache,flow_confidence_dpi_cache,flow_confidence_dpi,flow_confidence_nbpf,flow_confidence_by_ip,flow_confidence_dpi_aggressive,flow_confidence_custom_rule,flow_confidence_unknown,flow_severity_low,flow_severity_medium,flow_severity_high,flow_severity_severe,flow_severity_critical,flow_severity_emergency,flow_severity_unknown,flow_l3_ip4_count,flow_l3_ip6_count,flow_l3_other_count,flow_l4_tcp_count,flow_l4_udp_count,flow_l4_icmp_count,flow_l4_other_count,flow_active_count,flow_detected_count,flow_guessed_count,flow_not_detected_count,flow_risk_1_count,flow_risk_2_count,flow_risk_3_count,flow_risk_4_count,flow_risk_5_count,flow_risk_6_count,flow_risk_7_count,flow_risk_8_count,flow_risk_9_count,flow_risk_10_count,flow_risk_11_count,flow_risk_12_count,flow_risk_13_count,flow_risk_14_count,flow_risk_15_count,flow_risk_16_count,flow_risk_17_count,flow_risk_18_count,flow_risk_19_count,flow_risk_20_count,flow_risk_21_count,flow_risk_22_count,flow_risk_23_count,flow_risk_24_count,flow_risk_25_count,flow_risk_26_count,flow_risk_27_count,flow_risk_28_count,flow_risk_29_count,flow_risk_30_count,flow_risk_31_count,flow_risk_32_count,flow_risk_33_count,flow_risk_34_count,flow_risk_35_count,flow_risk_36_count,flow_risk_37_count,flow_risk_38_count,flow_risk_39_count,flow_risk_40_count,flow_risk_41_count,flow_risk_42_count,flow_risk_43_count,flow_risk_44_count,flow_risk_45_count,flow_risk_46_count,flow_risk_47_count,flow_risk_48_count,flow_risk_49_count,flow_risk_50_count,flow_risk_51_count,flow_risk_52_count,flow_risk_53_count,flow_risk_54_count,flow_risk_55_count,flow_risk_56_count,flow_risk_unknown_count
0,37,32325,14846,24399,4,0,4,0,2,2,2,1,0,1,0,20,1,0,1,0,0,0,0,0,0,0,0,0,0,0,0,0,0,0,0,0,0,1,3,0,2,0,0,0,0,0,0,0,0,0,2,0,0,0,0,0,0,0,0,0,0,0,0,0,0,0,0,0,0,0,0,0,0,0,0,0,0,0,0,0,0,0,0,0,0,0,0,0,0,0,0,0,0,0,0,0,0,0,0,0,0,0,0,0,0,0,0,0,0,0,0,0,0,0,0,0,0,0,0,0,0,0,0,0,0,0,0,0,0,0,0,0,0,0,0,0,0,0,0,0,0,0,0,2,0,0,0,0,0,2,2,0,0,0,0,0,4,0,0,2,2,0,0,4,2,2,0,0,0,0,0,0,2,0,0,0,0,0,0,0,0,0,2,0,0,0,0,0,0,0,0,0,0,0,0,0,0,0,0,0,0,0,0,0,0,0,0,0,0,0,0,0,0,0,0,0,0,0,0,0,0,0,0,0
