flow_datalink,l3_proto,src_ip,dst_ip,l4_proto,src_port,dst_port,flow_state,flow_src_packets_processed,flow_dst_packets_processed,flow_first_seen,flow_src_last_pkt_time,flow_dst_last_pkt_time,flow_src_min_l4_payload_len,flow_dst_min_l4_payload_len,flow_src_max_l4_payload_len,flow_dst_max_l4_payload_len,flow_src_tot_l4_payload_len,flow_dst_tot_l4_payload_len,midstream,iat_min,iat_avg,iat_max,iat_stddev,iat_var,iat_ent,iat_data,pktlen_min,pktlen_avg,pktlen_max,pktlen_stddev,pktlen_var,pktlen_ent,pktlen_data,bins_c_to_s,bins_s_to_c,directions,entropies,proto,proto_id,encrypted,breed,category,confidence_id,confidence,risks
1,ip4,192.168.43.159,52.215.125.151,tcp,19127,443,info,12,20,1751380979069858,1751380980547137,1751380981057554,0,0,1360,1360,6003,10578,0,0,111773.4,489732,135576.3,18380933120.0,3.8,"191648,191729,456,0,181880,219,0,181933,182908,0,227224,0,235242,188351,0,0,0,379060,3533,0,202603,290270,379,0,0,489732,3612,234716,278539,941,0",40,558.9,1400,594.5,353482.7,4.1,"52,52,40,1400,687,40,40,265,104,40,219,1400,81,40,1400,1400,883,67,40,1400,81,40,1400,1400,881,67,40,1170,40,1400,1400,316","4,2,1,0,0,0,0,0,0,0,0,0,0,0,0,0,0,0,0,0,1,0,0,0,0,0,0,0,0,0,0,0,0,0,0,1,0,0,0,0,0,0,3,0,0,0,0,0","9,0,0,0,0,1,0,1,1,0,0,0,0,0,0,0,0,0,0,0,0,0,0,0,0,0,2,0,0,0,0,0,0,0,0,0,0,0,0,0,0,0,6,0,0,0,0,0","0,1,0,0,0,1,1,1,0,1,1,0,0,1,1,1,1,1,0,0,0,1,1,1,1,1,0,0,1,1,1,1","4.714205742,4.884933949,4.831686974,7.786003590,7.385989666,4.784183979,4.784183979,6.727743149,6.053701401,4.834184170,7.026135445,7.878670692,5.975535393,4.780641556,7.856169224,7.871372223,7.742848873,5.623528481,4.931687355,7.872314930,5.998993874,4.834183693,7.836326122,7.864439964,7.803820133,5.457807064,4.981687069,7.824966908,4.884183884,7.831421852,7.888859272,7.341914654",TLS.Blacknut,91.107,1,Fun,Game,6,DPI,""
1,ip4,192.168.43.159,172.67.42.21,tcp,19191,443,info,12,20,1751381031097046,1751381033537362,1751381033666838,0,0,1360,1360,4436,10174,0,0,161616.4,876863,251562.1,63283486720.0,3.4,"167783,167959,1633,0,340761,516328,0,147,0,0,174031,2239,0,2303,4809,3592,108651,11261,765245,269,0,876863,504389,711616,113435,363976,171815,1003,0,0,0",40,498.1,1400,553.4,306248.8,4.1,"52,52,40,1400,410,1400,40,40,1400,1400,841,40,52,841,52,104,665,40,40,1044,181,67,40,697,40,578,40,1400,71,1400,71,1400","6,0,1,0,0,0,0,0,0,0,0,1,0,0,0,0,0,0,0,1,1,0,0,0,0,0,0,0,0,0,0,0,0,0,0,0,0,0,0,0,0,0,2,0,0,0,0,0","10,0,0,0,1,0,0,0,0,0,0,0,0,0,0,0,1,0,0,0,0,0,0,0,0,2,0,0,0,0,0,1,0,0,0,0,0,0,0,0,0,0,5,0,0,0,0,0","0,1,0,0,0,0,1,1,1,1,1,0,1,1,0,0,0,1,1,1,1,1,0,0,1,1,0,1,1,1,1,1","4.661227226,4.884933472,4.831687450,7.780591011,6.857981205,7.736375809,4.834184170,4.834184170,7.845101833,7.874835014,7.784056187,4.881687641,4.778976440,7.785583496,4.794297695,5.947743893,7.669537067,4.784184456,4.834184170,7.828474522,6.797306538,5.593678474,4.884183884,7.729642391,4.784184456,7.708610535,4.734184265,7.869575977,5.705943584,7.840100765,5.628342152,7.863358021",TLS.Boosteroid,91.108,1,Fun,Game,6,DPI,""
timestamp,json_lines,json_bytes,flow_src_total_bytes,flow_dst_total_bytes,flow_new_count,flow_end_count,flow_idle_count,flow_update_count,flow_analyse_count,flow_guessed_count,flow_detected_count,flow_detection_update_count,flow_not_detected_count,flow_risky_count,packet_count,packet_flow_count,init_count,reconnect_count,shutdown_count,status_count,error_unknown_datalink,error_unknown_l3_protocol,error_unsupported_datalink,error_packet_too_short,error_packet_type_unknown,error_packet_header_invalid,error_ip4_packet_too_short,error_ip4_size_smaller_than_header,error_ip4_l4_payload_detection,error_ip6_packet_too_short,error_ip6_size_smaller_than_header,error_ip6_l4_payload_detection,error_tcp_packet_too_short,error_udp_packet_too_short,error_capture_size_smaller_than_packet,error_max_flows_to_track,error_flow_memory_alloc,flow_state_info,flow_state_finished,flow_breed_safe_count,flow_breed_acceptable_count,flow_breed_fun_count,flow_breed_unsafe_count,flow_breed_potentially_dangerous_count,flow_breed_tracker_ads_count,flow_breed_dangerous_count,flow_breed_unrated_count,flow_breed_unknown_count,flow_category_unspecified_count,flow_category_media_count,flow_category_vpn_count,flow_category_email_count,flow_category_data_transfer_count,flow_category_web_count,flow_category_social_network_count,flow_category_download_count,flow_category_game_count,flow_category_chat_count,flow_category_voip_count,flow_category_database_count,flow_category_remote_access_count,flow_category_cloud_count,flow_category_network_count,flow_category_collaborative_count,flow_category_rpc_count,flow_category_streaming_count,flow_category_system_count,flow_category_software_update_count,flow_category_music_count,flow_category_video_count,flow_category_shopping_count,flow_category_productivity_count,flow_category_file_sharing_count,flow_category_conn_check_count,flow_category_iot_scada_count,flow_category_virt_assistant_count,flow_category_cybersecurity_count,flow_category_adult_content_count,flow_category_mining_count,flow_category_malware_count,flow_category_advertisment_count,flow_category_banned_site_count,flow_category_site_unavail_count,flow_category_allowed_site_count,flow_category_antimalware_count,flow_category_crypto_currency_count,flow_category_gambling_count,flow_category_unknown_count,flow_confidence_by_port,flow_confidence_dpi_partial,flow_confidence_dpi_partial_cache,flow_confidence_dpi_cache,flow_confidence_dpi,flow_confidence_nbpf,flow_confidence_by_ip,flow_confidence_dpi_aggressive,flow_confidence_custom_rule,flow_confidence_unknown,flow_severity_low,flow_severity_medium,flow_severity_high,flow_severity_severe,flow_severity_critical,flow_severity_emergency,flow_severity_unknown,flow_l3_ip4_count,flow_l3_ip6_count,flow_l3_other_count,flow_l4_tcp_count,flow_l4_udp_count,flow_l4_icmp_count,flow_l4_other_count,flow_active_count,flow_detected_count,flow_guessed_count,flow_not_detected_count,flow_risk_1_count,flow_risk_2_count,flow_risk_3_count,flow_risk_4_count,flow_risk_5_count,flow_risk_6_count,flow_risk_7_count,flow_risk_8_count,flow_risk_9_count,flow_risk_10_count,flow_risk_11_count,flow_risk_12_count,flow_risk_13_count,flow_risk_14_count,flow_risk_15_count,flow_risk_16_count,flow_risk_17_count,flow_risk_18_count,flow_risk_19_count,flow_risk_20_count,flow_risk_21_count,flow_risk_22_count,flow_risk_23_count,flow_risk_24_count,flow_risk_25_count,flow_risk_26_count,flow_risk_27_count,flow_risk_28_count,flow_risk_29_count,flow_risk_30_count,flow_risk_31_count,flow_risk_32_count,flow_risk_33_count,flow_risk_34_count,flow_risk_35_count,flow_risk_36_count,flow_risk_37_count,flow_risk_38_count,flow_risk_39_count,flow_risk_40_count,flow_risk_41_count,flow_risk_42_count,flow_risk_43_count,flow_risk_44_count,flow_risk_45_count,flow_risk_46_count,flow_risk_47_count,flow_risk_48_count,flow_risk_49_count,flow_risk_50_count,flow_risk_51_count,flow_risk_52_count,flow_risk_53_count,flow_risk_54_count,flow_risk_55_count,flow_risk_56_count,flow_risk_unknown_count
0,32,35526,18386,67079,3,3,0,0,2,0,3,3,0,0,0,15,1,0,1,1,0,0,0,0,0,0,0,0,0,0,0,0,0,0,0,0,0,1,2,0,0,3,0,0,0,0,0,0,0,0,0,0,0,0,0,0,2,0,0,0,0,0,0,0,0,1,0,0,0,0,0,0,0,0,0,0,0,0,0,0,0,0,0,0,0,0,0,0,0,0,0,0,0,0,0,0,0,0,0,0,0,0,0,0,0,0,0,0,0,0,0,0,0,0,0,0,0,0,0,0,0,0,0,0,0,0,0,0,0,0,0,0,0,0,0,0,0,0,0,0,0,0,0,3,0,0,0,0,0,0,0,0,0,0,0,0,3,0,0,3,0,0,0,3,3,0,0,0,0,0,0,0,0,0,0,0,0,0,0,0,0,0,0,0,0,0,0,0,0,0,0,0,0,0,0,0,0,0,0,0,0,0,0,0,0,0,0,0,0,0,0,0,0,0,0,0,0,0,0,0,0,0,0,0
