     DAEMON-EVENT: init
     DAEMON-EVENT: [Processed: 0 pkts][ZLib][compressions: 0|diff: 0 / 0]
     DAEMON-EVENT: [Flows][active: 0 / 0|skipped: 0|!detected: 0|guessed: 0|detection-updates: 0|updates: 0]
              new: [.....1] [ip4][..tcp] [.....100.16.1.2][18324] -> [.....100.16.1.1][..179]
         detected: [.....1] [ip4][..tcp] [.....100.16.1.2][18324] -> [.....100.16.1.1][..179] [BGP][Unknown][Network][Acceptable]
                   RISK: Malicious Fingerprint
             idle: [.....1] [ip4][..tcp] [.....100.16.1.2][18324] -> [.....100.16.1.1][..179] [BGP][Unknown][Network][Acceptable]
                   RISK: Malicious Fingerprint
     DAEMON-EVENT: shutdown
