     DAEMON-EVENT: init
     DAEMON-EVENT: [Processed: 0 pkts][ZLib][compressions: 0|diff: 0 / 0]
     DAEMON-EVENT: [Flows][active: 0 / 0|skipped: 0|!detected: 0|guessed: 0|detection-updates: 0|updates: 0]
              new: [.....1] [ip4][..udp] [.123.212.25.229][49531] -> [..171.47.173.23][..623]
         detected: [.....1] [ip4][..udp] [.123.212.25.229][49531] -> [..171.47.173.23][..623] [RMCP][Unknown][System][Safe]
     DAEMON-EVENT: [Processed: 1 pkts][ZLib][compressions: 0|diff: 0 / 0]
     DAEMON-EVENT: [Flows][active: 1 / 1|skipped: 0|!detected: 0|guessed: 0|detection-updates: 0|updates: 0]
              new: [.....2] [ip4][..udp] [.54.229.154.152][59937] -> [...14.85.79.172][..623]
         detected: [.....2] [ip4][..udp] [.54.229.154.152][59937] -> [...14.85.79.172][..623] [RMCP][AWS_EC2][System][Safe]
              new: [.....3] [ip4][..udp] [..137.141.61.18][59937] -> [...82.132.4.178][..623]
         detected: [.....3] [ip4][..udp] [..137.141.61.18][59937] -> [...82.132.4.178][..623] [RMCP][Unknown][System][Safe]
             idle: [.....1] [ip4][..udp] [.123.212.25.229][49531] -> [..171.47.173.23][..623] [RMCP][Unknown][System][Safe]
     DAEMON-EVENT: [Processed: 3 pkts][ZLib][compressions: 0|diff: 0 / 0]
     DAEMON-EVENT: [Flows][active: 2 / 3|skipped: 0|!detected: 0|guessed: 0|detection-updates: 0|updates: 0]
              new: [.....4] [ip4][..udp] [.129.222.153.30][58065] -> [190.219.142.148][..623]
         detected: [.....4] [ip4][..udp] [.129.222.153.30][58065] -> [190.219.142.148][..623] [RMCP][Unknown][System][Safe]
             idle: [.....2] [ip4][..udp] [.54.229.154.152][59937] -> [...14.85.79.172][..623] [RMCP][AWS_EC2][System][Safe]
             idle: [.....3] [ip4][..udp] [..137.141.61.18][59937] -> [...82.132.4.178][..623] [RMCP][Unknown][System][Safe]
              new: [.....5] [ip4][..udp] [..64.240.55.240][57984] -> [...30.144.16.67][..623]
         detected: [.....5] [ip4][..udp] [..64.240.55.240][57984] -> [...30.144.16.67][..623] [RMCP][Unknown][System][Safe]
              new: [.....6] [ip4][..udp] [..127.36.88.103][34698] -> [.164.114.97.252][..623]
         detected: [.....6] [ip4][..udp] [..127.36.88.103][34698] -> [.164.114.97.252][..623] [RMCP][Unknown][System][Safe]
             idle: [.....4] [ip4][..udp] [.129.222.153.30][58065] -> [190.219.142.148][..623] [RMCP][Unknown][System][Safe]
             idle: [.....6] [ip4][..udp] [..127.36.88.103][34698] -> [.164.114.97.252][..623] [RMCP][Unknown][System][Safe]
             idle: [.....5] [ip4][..udp] [..64.240.55.240][57984] -> [...30.144.16.67][..623] [RMCP][Unknown][System][Safe]
     DAEMON-EVENT: shutdown
