     DAEMON-EVENT: init
     DAEMON-EVENT: [Processed: 0 pkts][ZLib][compressions: 0|diff: 0 / 0]
     DAEMON-EVENT: [Flows][active: 0 / 0|skipped: 0|!detected: 0|guessed: 0|detection-updates: 0|updates: 0]
              new: [.....1] [ip4][..tcp] [..192.168.3.109][53528] -> [..192.168.3.107][...80] [MIDSTREAM]
         detected: [.....1] [ip4][..tcp] [..192.168.3.109][53528] -> [..192.168.3.107][...80] [HTTP][Unknown][Web][Acceptable][192.168.3.107]
                   RISK: SQL Injection, HTTP/TLS/QUIC Numeric Hostname/SNI
             idle: [.....1] [ip4][..tcp] [..192.168.3.109][53528] -> [..192.168.3.107][...80] [HTTP][Unknown][Web][Acceptable][192.168.3.107]
                   RISK: SQL Injection, HTTP/TLS/QUIC Numeric Hostname/SNI
     DAEMON-EVENT: shutdown
