     DAEMON-EVENT: init
     DAEMON-EVENT: [Processed: 0 pkts][ZLib][compressions: 0|diff: 0 / 0]
     DAEMON-EVENT: [Flows][active: 0 / 0|skipped: 0|!detected: 0|guessed: 0|detection-updates: 0|updates: 0]
              new: [.....1] [ip4][..udp] [..172.16.63.224][55050] -> [...172.16.63.21][13958]
         detected: [.....1] [ip4][..udp] [..172.16.63.224][55050] -> [...172.16.63.21][13958] [STUN][Unknown][Network][Acceptable][]
 detection-update: [.....1] [ip4][..udp] [..172.16.63.224][55050] -> [...172.16.63.21][13958] [STUN.RTP][Unknown][Media][Acceptable][]
             idle: [.....1] [ip4][..udp] [..172.16.63.224][55050] -> [...172.16.63.21][13958] [STUN.RTP][Unknown][Media][Acceptable]
     DAEMON-EVENT: shutdown
