00583{"daemon_event_id":1,"daemon_event_name":"init","thread_id":0,"packet_id":0,"source":"cfgs\/default\/pcap\/bt-dns.pcap","alias":"nDPId-test","version":"","ndpi_version":"","ndpi_api_version":0,"size_per_flow":1448,"max-flows-per-thread":32768,"max-idle-flows-per-thread":1024,"reader-thread-count":1,"flow-scan-interval":10000000,"generic-max-idle-time":600000000,"icmp-max-idle-time":120000000,"udp-max-idle-time":180000000,"tcp-max-idle-time":7560000000,"max-packets-per-flow-to-send":5,"max-packets-per-flow-to-process":32,"max-packets-per-flow-to-analyse":32,"global_ts_usec":0}
00733{"flow_event_id":1,"flow_event_name":"new","thread_id":0,"packet_id":1,"source":"cfgs\/default\/pcap\/bt-dns.pcap","alias":"nDPId-test","flow_id":1,"flow_state":"info","flow_src_packets_processed":1,"flow_dst_packets_processed":0,"flow_first_seen":78726493,"flow_src_last_pkt_time":78726493,"flow_dst_last_pkt_time":78726493,"flow_idle_time":200000000,"flow_src_min_l4_payload_len":30,"flow_dst_min_l4_payload_len":0,"flow_src_max_l4_payload_len":30,"flow_dst_max_l4_payload_len":0,"flow_src_tot_l4_payload_len":30,"flow_dst_tot_l4_payload_len":0,"midstream":0,"thread_ts_usec":78726493,"l3_proto":"ip4","src_ip":"10.0.2.15","dst_ip":"10.0.2.3","src_port":59751,"dst_port":53,"l4_proto":"udp","flow_datalink":1,"flow_max_packets":5}
00523{"packet_event_id":2,"packet_event_name":"packet-flow","thread_id":0,"packet_id":1,"source":"cfgs\/default\/pcap\/bt-dns.pcap","alias":"nDPId-test","flow_id":1,"flow_packet_id":1,"flow_src_last_pkt_time":78726493,"flow_dst_last_pkt_time":78726493,"flow_idle_time":200000000,"pkt_datalink":1,"pkt_caplen":72,"pkt_type":2048,"pkt_l3_offset":14,"pkt_l4_offset":34,"pkt_len":72,"pkt_l4_len":38,"thread_ts_usec":78726493,"pkt":"UlQAEjUDCAAn5uVZCABFAAA6fBwAAIARpoUKAAIPCgACA+lnADUAJvPGb\/EBAAABAAAAAAAACHV0b3JyZW50A2NvbQAAAQAB"}
01032{"flow_event_id":7,"flow_event_name":"detected","thread_id":0,"packet_id":1,"source":"cfgs\/default\/pcap\/bt-dns.pcap","alias":"nDPId-test","flow_id":1,"flow_state":"info","flow_src_packets_processed":1,"flow_dst_packets_processed":0,"flow_first_seen":78726493,"flow_src_last_pkt_time":78726493,"flow_dst_last_pkt_time":78726493,"flow_idle_time":200000000,"flow_src_min_l4_payload_len":30,"flow_dst_min_l4_payload_len":0,"flow_src_max_l4_payload_len":30,"flow_dst_max_l4_payload_len":0,"flow_src_tot_l4_payload_len":30,"flow_dst_tot_l4_payload_len":0,"midstream":0,"thread_ts_usec":78726493,"l3_proto":"ip4","src_ip":"10.0.2.15","dst_ip":"10.0.2.3","src_port":59751,"dst_port":53,"l4_proto":"udp","ndpi": {"confidence": {"6":"DPI"},"proto":"DNS","proto_id":"5","proto_by_ip":"Unknown","proto_by_ip_id":0,"encrypted":0,"breed":"Acceptable","category_id":14,"category":"Network","hostname":"utorrent.com","domainame":"utorrent.com","dns": {"num_queries":0,"num_answers":0,"reply_code":0,"query_type":1,"rsp_type":0,"rsp_addr": []}}}
00547{"packet_event_id":2,"packet_event_name":"packet-flow","thread_id":0,"packet_id":2,"source":"cfgs\/default\/pcap\/bt-dns.pcap","alias":"nDPId-test","flow_id":1,"flow_packet_id":2,"flow_src_last_pkt_time":78726493,"flow_dst_last_pkt_time":78730365,"flow_idle_time":200000000,"pkt_datalink":1,"pkt_caplen":88,"pkt_type":2048,"pkt_l3_offset":14,"pkt_l4_offset":34,"pkt_len":88,"pkt_l4_len":54,"thread_ts_usec":78730365,"pkt":"CAAn5uVZUlQAEjUCCABFAABKEKAAAEARUfIKAAIDCgACDwA16WcANruUb\/GBgAABAAEAAAAACHV0b3JyZW50A2NvbQAAAQABwAwAAQABAAAC5wAEYo+SBw=="}
01064{"flow_event_id":8,"flow_event_name":"detection-update","thread_id":0,"packet_id":2,"source":"cfgs\/default\/pcap\/bt-dns.pcap","alias":"nDPId-test","flow_id":1,"flow_state":"info","flow_src_packets_processed":1,"flow_dst_packets_processed":1,"flow_first_seen":78726493,"flow_src_last_pkt_time":78726493,"flow_dst_last_pkt_time":78730365,"flow_idle_time":200000000,"flow_src_min_l4_payload_len":30,"flow_dst_min_l4_payload_len":0,"flow_src_max_l4_payload_len":30,"flow_dst_max_l4_payload_len":46,"flow_src_tot_l4_payload_len":30,"flow_dst_tot_l4_payload_len":46,"midstream":0,"thread_ts_usec":78730365,"l3_proto":"ip4","src_ip":"10.0.2.15","dst_ip":"10.0.2.3","src_port":59751,"dst_port":53,"l4_proto":"udp","ndpi": {"confidence": {"6":"DPI"},"proto":"DNS","proto_id":"5","proto_by_ip":"Unknown","proto_by_ip_id":0,"encrypted":0,"breed":"Acceptable","category_id":14,"category":"Network","hostname":"utorrent.com","domainame":"utorrent.com","dns": {"num_queries":1,"num_answers":1,"reply_code":0,"query_type":1,"rsp_type":1,"rsp_addr": ["98.143.146.7,ttl=743"]}}}
00947{"flow_event_id":3,"flow_event_name":"idle","thread_id":0,"packet_id":2,"source":"cfgs\/default\/pcap\/bt-dns.pcap","alias":"nDPId-test","flow_id":1,"flow_state":"finished","flow_src_packets_processed":1,"flow_dst_packets_processed":1,"flow_first_seen":78726493,"flow_src_last_pkt_time":78726493,"flow_dst_last_pkt_time":78730365,"flow_idle_time":200000000,"flow_src_min_l4_payload_len":30,"flow_dst_min_l4_payload_len":0,"flow_src_max_l4_payload_len":30,"flow_dst_max_l4_payload_len":46,"flow_src_tot_l4_payload_len":30,"flow_dst_tot_l4_payload_len":46,"midstream":0,"thread_ts_usec":78730365,"l3_proto":"ip4","src_ip":"10.0.2.15","dst_ip":"10.0.2.3","src_port":59751,"dst_port":53,"l4_proto":"udp","flow_datalink":1,"flow_max_packets":5,"ndpi": {"confidence": {"6":"DPI"},"proto":"DNS","proto_id":"5","proto_by_ip":"Unknown","proto_by_ip_id":0,"encrypted":0,"breed":"Acceptable","category_id":14,"category":"Network","hostname":"utorrent.com"}}
00799{"daemon_event_id":3,"daemon_event_name":"shutdown","thread_id":0,"packet_id":2,"source":"cfgs\/default\/pcap\/bt-dns.pcap","alias":"nDPId-test","version":"","ndpi_version":"","ndpi_api_version":0,"size_per_flow":1448,"packets-captured":2,"packets-processed":2,"pfring_active":false,"pfring_recv":0,"pfring_drop":0,"pfring_shunt":0,"total-skipped-flows":0,"total-l4-payload-len":76,"total-not-detected-flows":0,"total-guessed-flows":0,"total-detected-flows":1,"total-detection-updates":1,"total-updates":0,"current-active-flows":0,"total-active-flows":1,"total-idle-flows":1,"total-compressions":0,"total-compression-diff":0,"current-compression-diff":0,"global-alloc-count":0,"global-free-count":0,"global-alloc-bytes":0,"global-free-bytes":0,"total-events-serialized":8,"global_ts_usec":78730365}
~~~~~~~~~~~~~~~~~~~~ SUMMARY ~~~~~~~~~~~~~~~~~~~~
~~ packets captured/processed: 2/2
~~ skipped flows.............: 0
~~ total layer4 data length..: 76 bytes
~~ total detected protocols..: 1
~~ total active/idle flows...: 1/1
~~ total timeout flows.......: 0
~~~~~~~~~~~~~~~~~~~~~~~~~~~~~~~~~~~~~~~~~~~~~~~~~
~~ total memory allocated....: 8613707 bytes
~~ total memory freed........: 8613707 bytes
~~ total allocations/frees...: 139797/139797
~~~~~~~~~~~~~~~~~~~~~~~~~~~~~~~~~~~~~~~~~~~~~~~~~
~~ json message min len.......: 528 chars
~~ json message max len.......: 1069 chars
~~ json message avg len.......: 788 chars
