00586{"daemon_event_id":1,"daemon_event_name":"init","thread_id":0,"packet_id":0,"source":"cfgs\/default\/pcap\/bt-http.pcapng","alias":"nDPId-test","version":"","ndpi_version":"","ndpi_api_version":0,"size_per_flow":1448,"max-flows-per-thread":32768,"max-idle-flows-per-thread":1024,"reader-thread-count":1,"flow-scan-interval":10000000,"generic-max-idle-time":600000000,"icmp-max-idle-time":120000000,"udp-max-idle-time":180000000,"tcp-max-idle-time":7560000000,"max-packets-per-flow-to-send":5,"max-packets-per-flow-to-process":32,"max-packets-per-flow-to-analyse":32,"global_ts_usec":0}
00807{"daemon_event_id":4,"daemon_event_name":"status","thread_id":0,"packet_id":1,"source":"cfgs\/default\/pcap\/bt-http.pcapng","alias":"nDPId-test","version":"","ndpi_version":"","ndpi_api_version":0,"size_per_flow":1448,"packets-captured":1,"packets-processed":0,"pfring_active":false,"pfring_recv":0,"pfring_drop":0,"pfring_shunt":0,"total-skipped-flows":0,"total-l4-payload-len":0,"total-not-detected-flows":0,"total-guessed-flows":0,"total-detected-flows":0,"total-detection-updates":0,"total-updates":0,"current-active-flows":0,"total-active-flows":0,"total-idle-flows":0,"total-compressions":0,"total-compression-diff":0,"current-compression-diff":0,"global-alloc-count":0,"global-free-count":0,"global-alloc-bytes":0,"global-free-bytes":0,"total-events-serialized":2,"global_ts_usec":1631962352376282}
00776{"flow_event_id":1,"flow_event_name":"new","thread_id":0,"packet_id":1,"source":"cfgs\/default\/pcap\/bt-http.pcapng","alias":"nDPId-test","flow_id":1,"flow_state":"info","flow_src_packets_processed":1,"flow_dst_packets_processed":0,"flow_first_seen":1631962352376282,"flow_src_last_pkt_time":1631962352376282,"flow_dst_last_pkt_time":1631962352376282,"flow_idle_time":7580000000,"flow_src_min_l4_payload_len":0,"flow_dst_min_l4_payload_len":0,"flow_src_max_l4_payload_len":0,"flow_dst_max_l4_payload_len":0,"flow_src_tot_l4_payload_len":0,"flow_dst_tot_l4_payload_len":0,"midstream":0,"thread_ts_usec":1631962352376282,"l3_proto":"ip4","src_ip":"192.168.1.128","dst_ip":"176.31.225.118","src_port":46882,"dst_port":80,"l4_proto":"tcp","flow_datalink":1,"flow_max_packets":5}
00556{"packet_event_id":2,"packet_event_name":"packet-flow","thread_id":0,"packet_id":1,"source":"cfgs\/default\/pcap\/bt-http.pcapng","alias":"nDPId-test","flow_id":1,"flow_packet_id":1,"flow_src_last_pkt_time":1631962352376282,"flow_dst_last_pkt_time":1631962352376282,"flow_idle_time":7580000000,"pkt_datalink":1,"pkt_caplen":74,"pkt_type":2048,"pkt_l3_offset":14,"pkt_l4_offset":34,"pkt_len":74,"pkt_l4_len":40,"thread_ts_usec":1631962352376282,"pkt":"pJGxgjQ5PKn0qB\/sCABFAAA8rHZAAEAGOofAqAGAsB\/hdrciAFDsRCPNAAAAAKACC2gBUwAAAgQFtAQCCApMENP4AAAAAAEDAwA="}
00535{"packet_event_id":2,"packet_event_name":"packet-flow","thread_id":0,"packet_id":2,"source":"cfgs\/default\/pcap\/bt-http.pcapng","alias":"nDPId-test","flow_id":1,"flow_packet_id":2,"flow_src_last_pkt_time":1631962352376282,"flow_dst_last_pkt_time":1631962352393006,"flow_idle_time":7580000000,"pkt_datalink":1,"pkt_caplen":60,"pkt_type":2048,"pkt_l3_offset":14,"pkt_l4_offset":34,"pkt_len":60,"pkt_l4_len":24,"thread_ts_usec":1631962352393006,"pkt":"PKn0qB\/spJGxgjQ5CABFAAAsAABAADMG9A2wH+F2wKgBgABQtyLpFLp77EQjzmASRHCYbQAAAgQCGAAA"}
00528{"packet_event_id":2,"packet_event_name":"packet-flow","thread_id":0,"packet_id":3,"source":"cfgs\/default\/pcap\/bt-http.pcapng","alias":"nDPId-test","flow_id":1,"flow_packet_id":3,"flow_src_last_pkt_time":1631962352393045,"flow_dst_last_pkt_time":1631962352393006,"flow_idle_time":7580000000,"pkt_datalink":1,"pkt_caplen":54,"pkt_type":2048,"pkt_l3_offset":14,"pkt_l4_offset":34,"pkt_len":54,"pkt_l4_len":20,"thread_ts_usec":1631962352393045,"pkt":"pJGxgjQ5PKn0qB\/sCABFAAAorHdAAEAGOprAqAGAsB\/hdrciAFDsRCPO6RS6fFAQC2jllgAA"}
01027{"packet_event_id":2,"packet_event_name":"packet-flow","thread_id":0,"packet_id":4,"source":"cfgs\/default\/pcap\/bt-http.pcapng","alias":"nDPId-test","flow_id":1,"flow_packet_id":4,"flow_src_last_pkt_time":1631962352393146,"flow_dst_last_pkt_time":1631962352393006,"flow_idle_time":7580000000,"pkt_datalink":1,"pkt_caplen":424,"pkt_type":2048,"pkt_l3_offset":14,"pkt_l4_offset":34,"pkt_len":424,"pkt_l4_len":390,"thread_ts_usec":1631962352393146,"pkt":"pJGxgjQ5PKn0qB\/sCABFAAGarHhAAEAGOSfAqAGAsB\/hdrciAFDsRCPO6RS6fFAYC2j+9gAAR0VUIC9hbm5vdW5jZT9pbmZvX2hhc2g9JWFhN2klYzRTJTBkJWRlJTA2JTI0JTE4cyVkYSVkNCUzYSViNSVjYyVlYyUyYyVlNiUyMiZwZWVyX2lkPS1UUjI5NDAtY2hobzkyYzU2cHVsJnBvcnQ9NTE0MTMmdXBsb2FkZWQ9MCZkb3dubG9hZGVkPTAmbGVmdD0yODIwNTA1NjAmbnVtd2FudD04MCZrZXk9M2I1NTAyY2MmY29tcGFjdD0xJnN1cHBvcnRjcnlwdG89MSZyZXF1aXJlY3J5cHRvPTEmZXZlbnQ9c3RhcnRlZCBIVFRQLzEuMQ0KSG9zdDogdHJhY2tlci50cmFja2VyZml4LmNvbQ0KVXNlci1BZ2VudDogVHJhbnNtaXNzaW9uLzIuOTQNCkFjY2VwdDogKi8qDQpBY2NlcHQtRW5jb2Rpbmc6IGd6aXA7cT0xLjAsIGRlZmxhdGUsIGlkZW50aXR5DQoNCg=="}
01349{"flow_event_id":7,"flow_event_name":"detected","thread_id":0,"packet_id":4,"source":"cfgs\/default\/pcap\/bt-http.pcapng","alias":"nDPId-test","flow_id":1,"flow_state":"info","flow_src_packets_processed":3,"flow_dst_packets_processed":1,"flow_first_seen":1631962352376282,"flow_src_last_pkt_time":1631962352393146,"flow_dst_last_pkt_time":1631962352393006,"flow_idle_time":7580000000,"flow_src_min_l4_payload_len":0,"flow_dst_min_l4_payload_len":0,"flow_src_max_l4_payload_len":370,"flow_dst_max_l4_payload_len":0,"flow_src_tot_l4_payload_len":370,"flow_dst_tot_l4_payload_len":0,"midstream":0,"thread_ts_usec":1631962352393146,"l3_proto":"ip4","src_ip":"192.168.1.128","dst_ip":"176.31.225.118","src_port":46882,"dst_port":80,"l4_proto":"tcp","ndpi": {"confidence": {"6":"DPI"},"proto":"HTTP.BitTorrent","proto_id":"7.37","proto_by_ip":"Unknown","proto_by_ip_id":0,"encrypted":0,"breed":"Acceptable","category_id":7,"category":"Download","hostname":"tracker.trackerfix.com","domainame":"tracker.trackerfix.com","http": {"url":"tracker.trackerfix.com\/announce?info_hash=%aa7i%c4S%0d%de%06%24%18s%da%d4%3a%b5%cc%ec%2c%e6%22&peer_id=-TR2940-chho92c56pul&port=51413&uploaded=0&downloaded=0&left=282050560&numwant=80&key=3b5502cc&compact=1&supportcrypto=1&requirecrypto=1&event=started","code":0,"content_type":"","user_agent":"Transmission\/2.94"}}}
00986{"packet_event_id":2,"packet_event_name":"packet-flow","thread_id":0,"packet_id":5,"source":"cfgs\/default\/pcap\/bt-http.pcapng","alias":"nDPId-test","flow_id":1,"flow_packet_id":5,"flow_src_last_pkt_time":1631962352393146,"flow_dst_last_pkt_time":1631962352417837,"flow_idle_time":7580000000,"pkt_datalink":1,"pkt_caplen":394,"pkt_type":2048,"pkt_l3_offset":14,"pkt_l4_offset":34,"pkt_len":394,"pkt_l4_len":360,"thread_ts_usec":1631962352417837,"pkt":"PKn0qB\/spJGxgjQ5CABFAAF8AABAADMG8r2wH+F2wKgBgABQtyLpFLp87EQlQFAZRHAAXAAASFRUUC8xLjEgMzA3IFRlbXBvcmFyeSBSZWRpcmVjdA0KQ29ubmVjdGlvbjogY2xvc2UNClByYWdtYTogbm8tY2FjaGUNCmNhY2hlLWNvbnRyb2w6IG5vLWNhY2hlDQpMb2NhdGlvbjogL2Fubm91bmNlP2luZm9faGFzaD0lYWE3aSVjNFMlMGQlZGUlMDYlMjQlMThzJWRhJWQ0JTNhJWI1JWNjJWVjJTJjJWU2JTIyJnBlZXJfaWQ9LVRSMjk0MC1jaGhvOTJjNTZwdWwmcG9ydD01MTQxMyZ1cGxvYWRlZD0wJmRvd25sb2FkZWQ9MCZsZWZ0PTI4MjA1MDU2MCZudW13YW50PTgwJmtleT0zYjU1MDJjYyZjb21wYWN0PTEmc3VwcG9ydGNyeXB0bz0xJnJlcXVpcmVjcnlwdG89MSZldmVudD1zdGFydGVkDQoNCg=="}
01022{"flow_event_id":2,"flow_event_name":"end","thread_id":0,"packet_id":14,"source":"cfgs\/default\/pcap\/bt-http.pcapng","alias":"nDPId-test","flow_id":1,"flow_state":"finished","flow_src_packets_processed":12,"flow_dst_packets_processed":2,"flow_first_seen":1631962352376282,"flow_src_last_pkt_time":1631962409934151,"flow_dst_last_pkt_time":1631962352417837,"flow_idle_time":7580000000,"flow_src_min_l4_payload_len":0,"flow_dst_min_l4_payload_len":0,"flow_src_max_l4_payload_len":370,"flow_dst_max_l4_payload_len":340,"flow_src_tot_l4_payload_len":370,"flow_dst_tot_l4_payload_len":340,"midstream":0,"thread_ts_usec":1631962409934151,"l3_proto":"ip4","src_ip":"192.168.1.128","dst_ip":"176.31.225.118","src_port":46882,"dst_port":80,"l4_proto":"tcp","flow_datalink":1,"flow_max_packets":5,"ndpi": {"confidence": {"6":"DPI"},"proto":"HTTP.BitTorrent","proto_id":"7.37","proto_by_ip":"Unknown","proto_by_ip_id":0,"encrypted":0,"breed":"Acceptable","category_id":7,"category":"Download","hostname":"tracker.trackerfix.com"}}
00815{"daemon_event_id":3,"daemon_event_name":"shutdown","thread_id":0,"packet_id":14,"source":"cfgs\/default\/pcap\/bt-http.pcapng","alias":"nDPId-test","version":"","ndpi_version":"","ndpi_api_version":0,"size_per_flow":1448,"packets-captured":14,"packets-processed":14,"pfring_active":false,"pfring_recv":0,"pfring_drop":0,"pfring_shunt":0,"total-skipped-flows":0,"total-l4-payload-len":710,"total-not-detected-flows":0,"total-guessed-flows":0,"total-detected-flows":1,"total-detection-updates":0,"total-updates":0,"current-active-flows":0,"total-active-flows":1,"total-idle-flows":1,"total-compressions":0,"total-compression-diff":0,"current-compression-diff":0,"global-alloc-count":0,"global-free-count":0,"global-alloc-bytes":0,"global-free-bytes":0,"total-events-serialized":11,"global_ts_usec":1631962409934151}
~~~~~~~~~~~~~~~~~~~~ SUMMARY ~~~~~~~~~~~~~~~~~~~~
~~ packets captured/processed: 14/14
~~ skipped flows.............: 0
~~ total layer4 data length..: 710 bytes
~~ total detected protocols..: 1
~~ total active/idle flows...: 1/1
~~ total timeout flows.......: 0
~~~~~~~~~~~~~~~~~~~~~~~~~~~~~~~~~~~~~~~~~~~~~~~~~
~~ total memory allocated....: 8645880 bytes
~~ total memory freed........: 8645880 bytes
~~ total allocations/frees...: 140563/140563
~~~~~~~~~~~~~~~~~~~~~~~~~~~~~~~~~~~~~~~~~~~~~~~~~
~~ json message min len.......: 533 chars
~~ json message max len.......: 1354 chars
~~ json message avg len.......: 929 chars
