00607{"daemon_event_id":1,"daemon_event_name":"init","thread_id":0,"packet_id":0,"source":"cfgs\/default\/pcap\/custom_rules_overwrite_domains.pcap","alias":"nDPId-test","version":"","ndpi_version":"","ndpi_api_version":0,"size_per_flow":1480,"max-flows-per-thread":32768,"max-idle-flows-per-thread":1024,"reader-thread-count":1,"flow-scan-interval":10000000,"generic-max-idle-time":600000000,"icmp-max-idle-time":120000000,"udp-max-idle-time":180000000,"tcp-max-idle-time":7560000000,"max-packets-per-flow-to-send":5,"max-packets-per-flow-to-process":32,"max-packets-per-flow-to-analyse":32,"global_ts_usec":0}
00828{"daemon_event_id":4,"daemon_event_name":"status","thread_id":0,"packet_id":1,"source":"cfgs\/default\/pcap\/custom_rules_overwrite_domains.pcap","alias":"nDPId-test","version":"","ndpi_version":"","ndpi_api_version":0,"size_per_flow":1480,"packets-captured":1,"packets-processed":0,"pfring_active":false,"pfring_recv":0,"pfring_drop":0,"pfring_shunt":0,"total-skipped-flows":0,"total-l4-payload-len":0,"total-not-detected-flows":0,"total-guessed-flows":0,"total-detected-flows":0,"total-detection-updates":0,"total-updates":0,"current-active-flows":0,"total-active-flows":0,"total-idle-flows":0,"total-compressions":0,"total-compression-diff":0,"current-compression-diff":0,"global-alloc-count":0,"global-free-count":0,"global-alloc-bytes":0,"global-free-bytes":0,"total-events-serialized":2,"global_ts_usec":1760964921304285}
00797{"flow_event_id":1,"flow_event_name":"new","thread_id":0,"packet_id":1,"source":"cfgs\/default\/pcap\/custom_rules_overwrite_domains.pcap","alias":"nDPId-test","flow_id":1,"flow_state":"info","flow_src_packets_processed":1,"flow_dst_packets_processed":0,"flow_first_seen":1760964921304285,"flow_src_last_pkt_time":1760964921304285,"flow_dst_last_pkt_time":1760964921304285,"flow_idle_time":7580000000,"flow_src_min_l4_payload_len":0,"flow_dst_min_l4_payload_len":0,"flow_src_max_l4_payload_len":0,"flow_dst_max_l4_payload_len":0,"flow_src_tot_l4_payload_len":0,"flow_dst_tot_l4_payload_len":0,"midstream":0,"thread_ts_usec":1760964921304285,"l3_proto":"ip4","src_ip":"192.168.1.143","dst_ip":"64.233.167.84","src_port":46326,"dst_port":443,"l4_proto":"tcp","flow_datalink":1,"flow_max_packets":5}
00575{"packet_event_id":2,"packet_event_name":"packet-flow","thread_id":0,"packet_id":1,"source":"cfgs\/default\/pcap\/custom_rules_overwrite_domains.pcap","alias":"nDPId-test","flow_id":1,"flow_packet_id":1,"flow_src_last_pkt_time":1760964921304285,"flow_dst_last_pkt_time":1760964921304285,"flow_idle_time":7580000000,"pkt_datalink":1,"pkt_caplen":74,"pkt_type":2048,"pkt_l3_offset":14,"pkt_l4_offset":34,"pkt_len":74,"pkt_l4_len":40,"thread_ts_usec":1760964921304285,"pkt":"ILAB4IZiqFlfzU+rCABFAAA8yU1AAEAGxvnAqAGPQOmnVLT2AbsBqlR6AAAAAKAC+vCqowAAAgQFtAQCCApGF7LlAAAAAAEDAwc="}
00577{"packet_event_id":2,"packet_event_name":"packet-flow","thread_id":0,"packet_id":2,"source":"cfgs\/default\/pcap\/custom_rules_overwrite_domains.pcap","alias":"nDPId-test","flow_id":1,"flow_packet_id":2,"flow_src_last_pkt_time":1760964921304285,"flow_dst_last_pkt_time":1760964921326634,"flow_idle_time":7580000000,"pkt_datalink":1,"pkt_caplen":74,"pkt_type":2048,"pkt_l3_offset":14,"pkt_l4_offset":34,"pkt_len":74,"pkt_l4_len":40,"thread_ts_usec":1760964921326634,"pkt":"qFlfzU+rILAB4IZiCABFAAA8AABAAHkGV0dA6adUwKgBjwG7tPYRFA33AapUe6AS\/\/9SbgAAAgQFhAQCCApov72dRhey5QEDAwg="}
00563{"packet_event_id":2,"packet_event_name":"packet-flow","thread_id":0,"packet_id":3,"source":"cfgs\/default\/pcap\/custom_rules_overwrite_domains.pcap","alias":"nDPId-test","flow_id":1,"flow_packet_id":3,"flow_src_last_pkt_time":1760964921326683,"flow_dst_last_pkt_time":1760964921326634,"flow_idle_time":7580000000,"pkt_datalink":1,"pkt_caplen":66,"pkt_type":2048,"pkt_l3_offset":14,"pkt_l4_offset":34,"pkt_len":66,"pkt_l4_len":32,"thread_ts_usec":1760964921326683,"pkt":"ILAB4IZiqFlfzU+rCABFAAA0yU5AAEAGxwDAqAGPQOmnVLT2AbsBqlR7ERQN+IAQAfaqmwAAAQEICkYXsvtov72d"}
03909{"packet_event_id":2,"packet_event_name":"packet-flow","thread_id":0,"packet_id":4,"source":"cfgs\/default\/pcap\/custom_rules_overwrite_domains.pcap","alias":"nDPId-test","flow_id":1,"flow_packet_id":4,"flow_src_last_pkt_time":1760964921327839,"flow_dst_last_pkt_time":1760964921326634,"flow_idle_time":7580000000,"pkt_datalink":1,"pkt_caplen":2541,"pkt_type":2048,"pkt_l3_offset":14,"pkt_l4_offset":34,"pkt_len":2541,"pkt_l4_len":2507,"thread_ts_usec":1760964921327839,"pkt":"ILAB4IZiqFlfzU+rCABFAAnfyU9AAEAGvVTAqAGPQOmnVLT2AbsBqlR7ERQN+IAYAfa0RgAAAQEICkYXsvxov72dFgMBCaYBAAmiAwMaU+TBMUSEAo3PPdaiYZIHeLZAnuXKdOmlUoP8hjhbmiB0x6tsneFlZ\/TDANZ42Wty6qDgfmMtoYovgQQAhr4ZswAiEwETAxMCwCvAL8ypzKjALMAwwArACcATwBQAnACdAC8ANQEACTcAAAAYABYAABNhY2NvdW50cy5nb29nbGUuY29tABcAAP8BAAEAAAoAEAAOEewAHQAXABgAGQEAAQEACwACAQAAEAAOAAwCaDIIaHR0cC8xLjEABQAFAQAAAAAAIgAKAAgEAwUDBgMCAwASAAAAMwUvBS0R7ATAwrnEfzBAUsyDpptJ1pNziNdpf1J+pNtSbXNBlASQxKASOUiDU+M7ueCaErm7N4yY1bosxWm4RoK8dGKKUwcTKGKSjcioQDaAS4twdpzCnjnIOXV4BIuj1JOqnBN1SwQlf7uk4NSjVGzMhcU7tOiPVZgDiHeH\/pN996a33ZS\/GncW+1wUCoZl22tNB+GqbmmvIHUQCswvitoM4OVleti4altRmolW6owLzZEcZBlO2eY2i6o4CSUmzUkUgNFfKYpQjSeKgEOxbdFF5OYeD0BFoSBjYymVedTB9VefH3y55ocqiDN09ZSfPtkdYqNlEqXDm7hyXxnFEyo0bIhqsIpYhDOAsytIISZrG7lTykQQ32AKIdkROhYMkGU2IDVb\/nWzfuSq3UzCoYODZuwwDEsVp\/uNjecx2pxI8RCdR7JjtWgbvnTG\/CKzwdSiKCR9yQR2SrxGLpl2NcgQwqoW+DVMGSoUv6HBa2ZLpBdDhMpLNuhduwInCBojztIdani5oixMcfFD02vE\/UjAzgq8DbA7mQKWMYXNK9h1IKDEGFJyiuFREVOEmZAbDOpUiyhwBwe5+SlJuwJSA6aDmEmbhuqDAuU8s9UZm6Y\/mDeg\/WxVcMkSXKp2StKxPDKoCYygOdOl+6BsK2yhE7pmNLTM1VF6pSCzB5k4tlJedQddaKKK3uyb7DuXp+ecx+TDFBls72EpLlsXRLOOGKIvDdpmLwkebPynvRUO1tJM0xVwLlEyj9BkwzGuCiG87us4VDfEG+Rskqt091pOjSEyslUk\/ZY4K+l+5XAeIpIrjMx0kfYL6bITPVSd8Ch0CQg3OxMoY5U4oFA+YqpFa4RjSeiTReHM09kdbhWCLGAfjjZnQ3ik7bR9WGl1AGwp4HFf1OGzsxmG9jYJ5RIMfQQvd9GKnrerU6x3\/AkWSNaxXfpqZWygIQOcXIuFLBELRoEOWSknI5cshDwUNIJwXqHFWqgKD2Q0ZIgYwmwSLpxWGQiN2My7PIaHM2XE2cVLJIq2M4GxZUIUbuVve9q3a2Yvn5WvMfl5jgcGMaCKT8iR6odEiEfFUqaxjAmI7kVKhVAf8mo18RhxSaw0JgZtdqyUDtqNpIUf6RZLa+qfg8WUxWMCykiN0XJmDQa2wFR2DgMbhBJwgqS9h+l54nyI3iAbDJkcYUVEgnpeF3c+IxZcPHdJwwg2ibSBjhTOJHC8VhEiplSXhnZM5uQq2SZTSjAkMklAG0FhCfQ8jGHCO4ddh+J6wgnKW7Zd1HUo7foWWCaVGnINQve8+KYyiESqczWF+qhG9eJq6UVCpycH1+MoGOg2fonN\/ESYFCNH8OViVGyFOaO9PGyG3zivjiRXUzI+iQGX4dCAFVZyZZVg75EMT5Rw+sgp9EG7PqGP2qmVs6ZVLDtzVJUMC1JyYOhrV+ZhZcR8uyyVFRKx+aE6TsMEBJpn9uABUItr2Ga9V3Y7vJwUCropjgA7JeCg\/XN2z+Kv9oIthSxaJwo+hXOQt9qYZ1oe8RNMXflal+XGFqtE3qgM74kkwzFxfQyhq7PZ4B+kro0nz0\/8dli00FTH1xR9+kyJ1\/urxyCKCmusaz\/zgyXsdXOMVpuGRuA23Z3tVRVJZpQAx\/gaIQAdACCKCmusaz\/zgyXsdXOMVpuGRuA23Z3tVRVJZpQAx\/gaIQAXAEEEKUtGeducSjkaryrptqdJHnWixhjyibf4CSw3cbDQMgB762\/YVmtrD8+FZWmuGto2HNw3N4Vb6co7Wt6E2NNglwAqAAAAKwAFBAMEAwMADQAYABYEAwUDBgMIBAgFCAYEAQUBBgECAwIBAC0AAgEBABwAAkABABsABwYAAQACAAP+DQI5AAABAAN8ACCF2be2m34juCDj2RPa7TiQS4b5clILe+pJ23qQayDs4QIPMOTqR\/+30ll++M+UAqJx5VXZXDXPh3+h5NMJOrBmyQm5NXiypHtVC7H7aYKNFjvudalzwXUnBQuf44W7o7Oop+eRLq7ybROnKuSf313X2gBLFl4LIvQm33i7ZP23WJV7vgk06R\/83qaSdn5LulwvMwpQOU23wZbetJBk4K\/rjqq2Cv6LjvpTtEYGgAxAaX\/wO+T18IBA0aXde\/rEdW1jhzmRBmIjHWrWUi4RhDX95G\/szgti2vkvssBh0mkPhvP0ioXj7O68cr4RLj9cN9d7vHq2KwkrVJEqE6Cxf0oh6FB+IE2+OamvLmHQgL0ZLtoFdX5nIoIi7L\/c\/dxSuuJHHlT9pTJhtK1jxohclQ7UJ78UbRzwPvje6OZ90Cp1GaszCB5nCen+eAaTtiNbgXZCzxHWdq5AIiZZT2b8E4AuYXNVHAJZNGCFh5d2q8HS7YoA\/ftID5hOJajKriJspFOyW5SRbd+JWAeB\/0sJU5IglvaQdOU+UGelw+n\/eI34s3kPcotyq7GHJ7hy7frutkHsBYAOQ4P4jKO431KR3aDC3gXPIYxTjdfP1EvCgi3SBhn1t\/vnhZmNWBg0KiDkR2H1sw7TcLltWzdJVma+HykV1xw\/viFuYjMMuX8AwjvT2424iefCFFU54GdqCOfscw7DkvAXD0iAmm8Ja1\/Dk3DxOt5nbCnL5OG8SHv8JSlwirwAKQEXAPIA7AJ+c0oJ3gB2LhiU7ohdYAdR9CAwuoyPTO4wPx+yZ6I0z78S9GBN+uYaM5kk8cLgR3qwrm3cgLF9wuv0IGG1QMj\/Exhjt1BUc\/U\/SZsN1mX0GlRkITJFfxByM99EEiygcXWZPcCXyg2QI2DUhAfBL7Ea+kSLm1zn4aIe6tliArX9IQmF7Dq1YSupERmOLrtPlPl3xEvT+eyIzW9rE3srKHG9rR0Np+SUJ9OggnTs+Guo342e2gTIXRumfnQLo1SWAZexyqbjAvm78D6hX0R6c6uOVfA4YTYI13pKBQQh6uesL0JSVQoSJrfLd46NjwTMoQAhIPZF8\/w+\/N38eg\/ptvuKgDxIw2yMxXBZgd6CegtmMOGT"}
01250{"flow_event_id":7,"flow_event_name":"detected","thread_id":0,"packet_id":4,"source":"cfgs\/default\/pcap\/custom_rules_overwrite_domains.pcap","alias":"nDPId-test","flow_id":1,"flow_state":"info","flow_src_packets_processed":3,"flow_dst_packets_processed":1,"flow_first_seen":1760964921304285,"flow_src_last_pkt_time":1760964921327839,"flow_dst_last_pkt_time":1760964921326634,"flow_idle_time":7580000000,"flow_src_min_l4_payload_len":0,"flow_dst_min_l4_payload_len":0,"flow_src_max_l4_payload_len":2475,"flow_dst_max_l4_payload_len":0,"flow_src_tot_l4_payload_len":2475,"flow_dst_tot_l4_payload_len":0,"midstream":0,"thread_ts_usec":1760964921327839,"l3_proto":"ip4","src_ip":"192.168.1.143","dst_ip":"64.233.167.84","src_port":46326,"dst_port":443,"l4_proto":"tcp","ndpi": {"confidence": {"6":"DPI"},"proto":"TLS.Google","proto_id":"91.126","proto_by_ip":"Google","proto_by_ip_id":126,"encrypted":1,"breed":"Acceptable","category_id":5,"category":"Web","hostname":"accounts.google.com","domainame":"accounts.google.com","tls": {"version":"TLSv1.2","ja3s":"","ja4":"t13d1718h2_5b57614c22b0_e7cacf613b58","unsafe_cipher":0,"cipher":"TLS_NULL_WITH_NULL_NULL","advertised_alpns":"h2,http\/1.1","tls_supported_versions":"TLSv1.3,TLSv1.2","blocks":0}}}
00571{"packet_event_id":2,"packet_event_name":"packet-flow","thread_id":0,"packet_id":5,"source":"cfgs\/default\/pcap\/custom_rules_overwrite_domains.pcap","alias":"nDPId-test","flow_id":1,"flow_packet_id":5,"flow_src_last_pkt_time":1760964921328359,"flow_dst_last_pkt_time":1760964921326634,"flow_idle_time":7580000000,"pkt_datalink":1,"pkt_caplen":72,"pkt_type":2048,"pkt_l3_offset":14,"pkt_l4_offset":34,"pkt_len":72,"pkt_l4_len":38,"thread_ts_usec":1760964921328359,"pkt":"ILAB4IZiqFlfzU+rCABFAAA6yVFAAEAGxvfAqAGPQOmnVLT2AbsBql4mERQN+IAYAfaqoQAAAQEICkYXsv1ov72dFAMDAAEB"}
01296{"flow_event_id":8,"flow_event_name":"detection-update","thread_id":0,"packet_id":10,"source":"cfgs\/default\/pcap\/custom_rules_overwrite_domains.pcap","alias":"nDPId-test","flow_id":1,"flow_state":"info","flow_src_packets_processed":5,"flow_dst_packets_processed":5,"flow_first_seen":1760964921304285,"flow_src_last_pkt_time":1760964921328401,"flow_dst_last_pkt_time":1760964921348760,"flow_idle_time":7580000000,"flow_src_min_l4_payload_len":0,"flow_dst_min_l4_payload_len":0,"flow_src_max_l4_payload_len":4419,"flow_dst_max_l4_payload_len":1858,"flow_src_tot_l4_payload_len":6900,"flow_dst_tot_l4_payload_len":1858,"midstream":0,"thread_ts_usec":1760964921348760,"l3_proto":"ip4","src_ip":"192.168.1.143","dst_ip":"64.233.167.84","src_port":46326,"dst_port":443,"l4_proto":"tcp","ndpi": {"confidence": {"6":"DPI"},"proto":"TLS.Google","proto_id":"91.126","proto_by_ip":"Google","proto_by_ip_id":126,"encrypted":1,"breed":"Acceptable","category_id":5,"category":"Web","hostname":"accounts.google.com","domainame":"accounts.google.com","tls": {"version":"TLSv1.3","ja3s":"2b0648ab686ee45e0e7c35fcfb0eea7e","ja4":"t13d1718h2_5b57614c22b0_e7cacf613b58","unsafe_cipher":0,"cipher":"TLS_AES_128_GCM_SHA256","advertised_alpns":"h2,http\/1.1","tls_supported_versions":"TLSv1.3,TLSv1.2","blocks":0}}}
02152{"flow_event_id":5,"flow_event_name":"analyse","thread_id":0,"packet_id":32,"source":"cfgs\/default\/pcap\/custom_rules_overwrite_domains.pcap","alias":"nDPId-test","flow_id":1,"flow_state":"info","flow_src_packets_processed":15,"flow_dst_packets_processed":17,"flow_first_seen":1760964921304285,"flow_src_last_pkt_time":1760964921416596,"flow_dst_last_pkt_time":1760964921435421,"flow_idle_time":7580000000,"flow_src_min_l4_payload_len":0,"flow_dst_min_l4_payload_len":0,"flow_src_max_l4_payload_len":4419,"flow_dst_max_l4_payload_len":1858,"flow_src_tot_l4_payload_len":7117,"flow_dst_tot_l4_payload_len":4694,"midstream":0,"thread_ts_usec":1760964921435421,"l3_proto":"ip4","src_ip":"192.168.1.143","dst_ip":"64.233.167.84","src_port":46326,"dst_port":443,"l4_proto":"tcp","flow_datalink":1,"flow_max_packets":5,"data_analysis": {"iat": {"min":0,"avg":7853.1,"max":60534,"stddev":14243.3,"var":202872752.0,"ent":3.1,"data": [22349,22398,1156,520,42,20617,0,0,1509,0,0,0,0,20391,18,12,652,606,20389,41123,0,0,0,0,60534,1426,1192,4030,736,24,23723]},"pktlen": {"min":52,"avg":421.6,"max":4471,"stddev":924.4,"var":854508.3,"ent":3.2,"data": [60,60,52,2527,58,4471,52,52,52,1910,114,52,52,83,52,52,52,136,83,52,1452,722,366,341,83,52,91,91,91,76,52,52]},"bins": {"c_to_s": [10,2,1,0,0,0,0,0,0,0,0,0,0,0,0,0,0,0,0,0,0,0,0,0,0,0,0,0,0,0,0,0,0,0,0,0,0,0,0,0,0,0,0,0,0,0,0,2],"s_to_c": [10,2,0,0,0,0,0,0,0,2,0,0,0,0,0,0,0,0,0,0,1,0,0,0,0,0,0,0,0,0,0,0,0,0,0,0,0,0,0,0,0,0,0,1,0,0,0,1]},"directions": [0,1,0,0,0,0,1,1,1,1,1,1,1,1,0,0,0,0,0,1,1,1,1,1,1,0,1,0,0,0,0,1],"entropies": [4.646634102,5.212701797,4.897086143,7.816514969,4.956866741,7.955480576,5.178914070,5.140452385,5.101990700,7.886328697,6.212090969,5.010550976,4.988526344,5.749540806,4.933627129,4.933627129,4.933627129,6.142579079,5.693960667,5.103911400,7.892829418,7.668910027,7.338832855,7.263511181,5.734539032,5.049012184,5.937283039,5.850928307,5.893327236,5.523987293,5.010550499,5.026988029]},"ndpi": {"confidence": {"6":"DPI"},"proto":"TLS.Google","proto_id":"91.126","proto_by_ip":"Google","proto_by_ip_id":126,"encrypted":1,"breed":"Acceptable","category_id":5,"category":"Web"}}
00798{"flow_event_id":1,"flow_event_name":"new","thread_id":0,"packet_id":35,"source":"cfgs\/default\/pcap\/custom_rules_overwrite_domains.pcap","alias":"nDPId-test","flow_id":2,"flow_state":"info","flow_src_packets_processed":1,"flow_dst_packets_processed":0,"flow_first_seen":1760964925970876,"flow_src_last_pkt_time":1760964925970876,"flow_dst_last_pkt_time":1760964925970876,"flow_idle_time":7580000000,"flow_src_min_l4_payload_len":0,"flow_dst_min_l4_payload_len":0,"flow_src_max_l4_payload_len":0,"flow_dst_max_l4_payload_len":0,"flow_src_tot_l4_payload_len":0,"flow_dst_tot_l4_payload_len":0,"midstream":0,"thread_ts_usec":1760964925970876,"l3_proto":"ip4","src_ip":"192.168.1.143","dst_ip":"17.253.144.10","src_port":46116,"dst_port":443,"l4_proto":"tcp","flow_datalink":1,"flow_max_packets":5}
00576{"packet_event_id":2,"packet_event_name":"packet-flow","thread_id":0,"packet_id":35,"source":"cfgs\/default\/pcap\/custom_rules_overwrite_domains.pcap","alias":"nDPId-test","flow_id":2,"flow_packet_id":1,"flow_src_last_pkt_time":1760964925970876,"flow_dst_last_pkt_time":1760964925970876,"flow_idle_time":7580000000,"pkt_datalink":1,"pkt_caplen":74,"pkt_type":2048,"pkt_l3_offset":14,"pkt_l4_offset":34,"pkt_len":74,"pkt_l4_len":40,"thread_ts_usec":1760964925970876,"pkt":"ILAB4IZiqFlfzU+rCABFAAA8lS9AAEAGQU7AqAGPEf2QCrQkAbthT3ztAAAAAKAC+vBkbQAAAgQFtAQCCAoO6n06AAAAAAEDAwc="}
00577{"packet_event_id":2,"packet_event_name":"packet-flow","thread_id":0,"packet_id":36,"source":"cfgs\/default\/pcap\/custom_rules_overwrite_domains.pcap","alias":"nDPId-test","flow_id":2,"flow_packet_id":2,"flow_src_last_pkt_time":1760964925970876,"flow_dst_last_pkt_time":1760964925990099,"flow_idle_time":7580000000,"pkt_datalink":1,"pkt_caplen":74,"pkt_type":2048,"pkt_l3_offset":14,"pkt_l4_offset":34,"pkt_len":74,"pkt_l4_len":40,"thread_ts_usec":1760964925990099,"pkt":"qFlfzU+rILAB4IZiCABFAAA8AABAADYG4H0R\/ZAKwKgBjwG7tCSc2eipYU987qASfHBL+AAAAgQFtAQCCAprnQnkDup9OgEDAwk="}
00564{"packet_event_id":2,"packet_event_name":"packet-flow","thread_id":0,"packet_id":37,"source":"cfgs\/default\/pcap\/custom_rules_overwrite_domains.pcap","alias":"nDPId-test","flow_id":2,"flow_packet_id":3,"flow_src_last_pkt_time":1760964925990163,"flow_dst_last_pkt_time":1760964925990099,"flow_idle_time":7580000000,"pkt_datalink":1,"pkt_caplen":66,"pkt_type":2048,"pkt_l3_offset":14,"pkt_l4_offset":34,"pkt_len":66,"pkt_l4_len":32,"thread_ts_usec":1760964925990163,"pkt":"ILAB4IZiqFlfzU+rCABFAAA0lTBAAEAGQVXAqAGPEf2QCrQkAbthT3zunNnoqoAQAfZkZQAAAQEICg7qfU5rnQnk"}
03809{"packet_event_id":2,"packet_event_name":"packet-flow","thread_id":0,"packet_id":38,"source":"cfgs\/default\/pcap\/custom_rules_overwrite_domains.pcap","alias":"nDPId-test","flow_id":2,"flow_packet_id":4,"flow_src_last_pkt_time":1760964925991307,"flow_dst_last_pkt_time":1760964925990099,"flow_idle_time":7580000000,"pkt_datalink":1,"pkt_caplen":2467,"pkt_type":2048,"pkt_l3_offset":14,"pkt_l4_offset":34,"pkt_len":2467,"pkt_l4_len":2433,"thread_ts_usec":1760964925991307,"pkt":"ILAB4IZiqFlfzU+rCABFAAmVlTFAAEAGN\/PAqAGPEf2QCrQkAbthT3zunNnoqoAYAfZtxgAAAQEICg7qfU9rnQnkFgMBCVwBAAlYAwN0baD1E7paCmuTkoh20nu8d5FTAOGE83s9tttjOiHycCDOO9vQ4533AWz\/kRmPYdyYD6Dz89RYS8YDuZT3MVJEtAAiEwETAxMCwCvAL8ypzKjALMAwwArACcATwBQAnACdAC8ANQEACO0AAAAOAAwAAAlhcHBsZS5jb20AFwAA\/wEAAQAACgAQAA4R7AAdABcAGAAZAQABAQALAAIBAAAQAA4ADAJoMghodHRwLzEuMQAFAAUBAAAAAAAiAAoACAQDBQMGAwIDABIAAAAzBS8FLRHsBMBCmjAeGLX6FKB48MhkOYhCBj+Pwk7vhQPsOy5Dh0YLuri3VY\/Ne3HF5sqmtgfJxpWDaJQyi28fgT7XBWbFQEpDJQy2clvWEBxx2A7SKqB08W4WwzpU0k2m4nAOkrYcJkPnWV1XWMgecg\/LfHyKdjIv+3PkcZ\/Kg1Aa2J8BW7i5mowS2yMLNoQEK1r3QivT6sZz9pDtnH1506rdlVSI80iIU2pb5ZG7qERX2oWvvLb7hZhUqYsGGj++M5i00mN7pD3J4p4t1Wkd+QyikMnGkK4haFj38nZNYB6x8ZsXNXgscIbx43DDu0s6syiHeTPo8yJV+JxWVrOSO4rNJnErUjZ2U7w5qZTpdXm+RRLhs3ekYwgcZ6IgAKbHhyLi0FbjuQBBC06igDjZRpwuYb0GbA5f55XQGhB8W3MZg3xb8sUbuIOpYFvcqWq6JcKfYXXsyIXnCLMy4rbVfFt3F2UqqWhd6AKVhB09C7TvQF6zILGoWRYimbNg95QKNiXtvD6KEWVVKTCQhCSkR6y1xmvhNyZIga5gFZpNt7C9Sjdnup6XCmkMSrVf2SivaqS1NpGQMyb0YWUzkCk6cU2a4QT5tC9GbL3o3JmpUE3\/xsFb5BNNM1B0y7jt5ihrCmmMx6h54CGlEchbHBsJ5o1DdLjF2p9djDxaWgsiSjy0g6FFd3YRiyY6ck5SqC8U0SdLZpbkA7me2Q7t5CmH27htUBRJjI5PMENvKyLsCkNu1LqcxLBDGomU56BMVgY9uJJWkSx9MmbCqJ\/SV2IuaJJra11ySgZf8zv11RoK94DweqeSRsIDGXNZ4K5Ki6hlaazzJ1YPUg3tKGToBzeEEYUzEoViCs6ZaaY7rIdZJUyMKRWIoUbvewwyRbKouMVcmFE7GlR3bEVImSUJx7FFMwE9cl3KVhD0iJE3JEK3ygqjMCfy15eug4KLlDx50QC+ZBDb+Kgw1qvOpmByRJ4mAxL5hQiIxUx6cZrcVg6RW3TX4ahXkxnYGyR180PWhcUNxp2rdQlpZgOYMRzj2ktaUiJINYRx6Q41BDr5pyIDDHlOV2OUhj63W3hL7FNadR7dY1GLJxdXgrv71lKrdWCVqWbEhwyM85zXnKTiG5rMckr1MTZ6Zy3a6KimK4XhpqYibByTklLzRxjQpFtgJs\/l1CoH4SpHclA26pYkKL8vS6IzKmNKyDRiFEnyg4bCh6zYp7xTZ1LTMEv30xAKZXtjkHkAOwz+6GZ2SWcd4X65tr\/5WXUUy7j\/6pT3\/DauxCkhnJm+8lbN0UF\/tyLvnLe6tQXRJhHQqKtCiCIk5iAxyaSrtpHhGhydYDNwIqoum1VmRKZYt8ipZ3kMBm8YqCN\/ZGLpfMawiRCSM2HKNLuCmDbyoAerdTKVsL9VaZlnnHsXlgeNhwr7G6e2Gq\/lAAN0DMavoc1Lipvi4ToGGgERR6PyeVmvCCZogRWlbC3nxI61kgsuBjGDAXbG0q45FMuNKx5eEBhDi4jZUcy2pKL9FXCWOw0TuWJpZ8O4gL7rwVX1JYLepC8wkbtv1JyFfSKd\/8sHAwLbtYwkEEbMPdl\/34VPKqVeHv6GPCNtDmr0dkrlLTXbPcWWBDdLgrauc1WkplN4KDC26iUxAB0AICNtDmr0dkrlLTXbPcWWBDdLgrauc1WkplN4KDC26iUxABcAQQQ4jdxB7cgouttihElnF08LtQdVo2RK6kgpXui58wVbaZc0iY7jpxmWhyU4lg22xU7BEXtf\/7yQEe4OUUxza1kqACsABQQDBAMDAA0AGAAWBAMFAwYDCAQIBQgGBAEFAQYBAgMCAQAtAAIBAQAcAAJAAQAbAAcGAAEAAgAD\/g0CGQAAAQADGgAg0ehFngOog25e16NnXv2VZT1Rb7W74EJC8MRwy2BWZNIB75NRk+MKVKfN88aG0SmF9iiuyjOiU\/9efP1q51mJSPHJEeg32xw1laqNq3Q22NfZJ2mtLYHwUHS6qBT9\/JTkoFPT3hiMQyeKFr9TEI94OaY0Ta3hoAUxBzaWvJYGXoIeN2Si5Tw8Q8p\/CHkSeV1d8GEvlyRU\/auMBUXM8W7nvKqMG0nqgt446EKciCS3Vlg02G4ynUWK8Yz7wOTBbfzhTBFkeQE25\/IHBGOrqn0Ot37BSJIwnl\/GFmGBImm+Gv96pkz6nlTn1e4Y0JRwccr+awh4XYfT1r4qH+8OrhsqH9UE0BhJmAZbjeVn2vQ\/2OMDx8qMWqIlaRUvbMhWhoQoEu1ve8dEHPdybr\/PTPq4cRgvrCZciib4gL0\/C+82qmcwl40KKN4urDreaB7MJNLZFU9FgHL3i5CqxV5MkOaFN6ogGdt4zpmwfxKPRQNghrgwmIBIWZoGUW6nmUfDkFpfQd8lg4Nlkqh48HjqP+X\/9jr99scyOfd91sL20xVrjYTjNOnO7ydyzRX\/fyGyenpVsLgHnnq9M7EdR3rQVB22H0QXqwrgxV4T+RtM+VRHwm8rgmF4obnqSlnk8ySOEsUecN6SHAEPjjcV7zO0BrWjrwXOkfrn+Vn5m3vapXUWIQtJvEDJSpkBOEKsgDqq23LC2AApAPsA1gDQNXZLak81azNBVzZvcEQ2UnLTiqhjQGzKa6e5FekOpH4KM1ZwA5\/0dX8sGJSg2paFYG0mfFlldkOAYtfVYeJc\/7UH1E+Q6C+XjLDJHFl5hEDMRfGiVHqbaQI6N+ME9WVLZOlRHRlfRZTWoAPbG6+LPosw4jvxY7emhlPOkOrHVqN77w8DOiohuwM37uk\/e4hqasGOSARVwQUSBtpMKn7hd5xt\/gp1zadIgMkD+MtzH6JT0G7+P6oNrmUBX1DWIxP4b2y2VG1zuX8aIVb1UYTg4susRvIAISAhPg+1bh\/RSgRPZ0qaB9T5hhi8S8kA8fkwiFdTko1Xfg=="}
01223{"flow_event_id":7,"flow_event_name":"detected","thread_id":0,"packet_id":38,"source":"cfgs\/default\/pcap\/custom_rules_overwrite_domains.pcap","alias":"nDPId-test","flow_id":2,"flow_state":"info","flow_src_packets_processed":3,"flow_dst_packets_processed":1,"flow_first_seen":1760964925970876,"flow_src_last_pkt_time":1760964925991307,"flow_dst_last_pkt_time":1760964925990099,"flow_idle_time":7580000000,"flow_src_min_l4_payload_len":0,"flow_dst_min_l4_payload_len":0,"flow_src_max_l4_payload_len":2401,"flow_dst_max_l4_payload_len":0,"flow_src_tot_l4_payload_len":2401,"flow_dst_tot_l4_payload_len":0,"midstream":0,"thread_ts_usec":1760964925991307,"l3_proto":"ip4","src_ip":"192.168.1.143","dst_ip":"17.253.144.10","src_port":46116,"dst_port":443,"l4_proto":"tcp","ndpi": {"confidence": {"6":"DPI"},"proto":"TLS.Apple","proto_id":"91.140","proto_by_ip":"Apple","proto_by_ip_id":140,"encrypted":1,"breed":"Safe","category_id":5,"category":"Web","hostname":"apple.com","domainame":"apple.com","tls": {"version":"TLSv1.2","ja3s":"","ja4":"t13d1717h2_5b57614c22b0_e6dcd7ae0a9e","unsafe_cipher":0,"cipher":"TLS_NULL_WITH_NULL_NULL","advertised_alpns":"h2,http\/1.1","tls_supported_versions":"TLSv1.3,TLSv1.2","blocks":0}}}
00567{"packet_event_id":2,"packet_event_name":"packet-flow","thread_id":0,"packet_id":39,"source":"cfgs\/default\/pcap\/custom_rules_overwrite_domains.pcap","alias":"nDPId-test","flow_id":2,"flow_packet_id":5,"flow_src_last_pkt_time":1760964925991307,"flow_dst_last_pkt_time":1760964926010683,"flow_idle_time":7580000000,"pkt_datalink":1,"pkt_caplen":66,"pkt_type":2048,"pkt_l3_offset":14,"pkt_l4_offset":34,"pkt_len":66,"pkt_l4_len":32,"thread_ts_usec":1760964926010683,"pkt":"qFlfzU+rILAB4IZiCABFAAA0IIxAADYGv\/kR\/ZAKwKgBjwG7tCSc2eiqYU+GT4AQAD\/tbQAAAQEICmudCfgO6n1P"}
01266{"flow_event_id":8,"flow_event_name":"detection-update","thread_id":0,"packet_id":40,"source":"cfgs\/default\/pcap\/custom_rules_overwrite_domains.pcap","alias":"nDPId-test","flow_id":2,"flow_state":"info","flow_src_packets_processed":3,"flow_dst_packets_processed":3,"flow_first_seen":1760964925970876,"flow_src_last_pkt_time":1760964925991307,"flow_dst_last_pkt_time":1760964926010683,"flow_idle_time":7580000000,"flow_src_min_l4_payload_len":0,"flow_dst_min_l4_payload_len":0,"flow_src_max_l4_payload_len":2401,"flow_dst_max_l4_payload_len":218,"flow_src_tot_l4_payload_len":2401,"flow_dst_tot_l4_payload_len":218,"midstream":0,"thread_ts_usec":1760964926010683,"l3_proto":"ip4","src_ip":"192.168.1.143","dst_ip":"17.253.144.10","src_port":46116,"dst_port":443,"l4_proto":"tcp","ndpi": {"confidence": {"6":"DPI"},"proto":"TLS.Apple","proto_id":"91.140","proto_by_ip":"Apple","proto_by_ip_id":140,"encrypted":1,"breed":"Safe","category_id":5,"category":"Web","hostname":"apple.com","domainame":"apple.com","tls": {"version":"TLSv1.3","ja3s":"2b0648ab686ee45e0e7c35fcfb0eea7e","ja4":"t13d1717h2_5b57614c22b0_e6dcd7ae0a9e","unsafe_cipher":0,"cipher":"TLS_AES_128_GCM_SHA256","advertised_alpns":"h2,http\/1.1","tls_supported_versions":"TLSv1.3,TLSv1.2","blocks":0}}}
00797{"flow_event_id":1,"flow_event_name":"new","thread_id":0,"packet_id":54,"source":"cfgs\/default\/pcap\/custom_rules_overwrite_domains.pcap","alias":"nDPId-test","flow_id":3,"flow_state":"info","flow_src_packets_processed":1,"flow_dst_packets_processed":0,"flow_first_seen":1760964926071819,"flow_src_last_pkt_time":1760964926071819,"flow_dst_last_pkt_time":1760964926071819,"flow_idle_time":7580000000,"flow_src_min_l4_payload_len":0,"flow_dst_min_l4_payload_len":0,"flow_src_max_l4_payload_len":0,"flow_dst_max_l4_payload_len":0,"flow_src_tot_l4_payload_len":0,"flow_dst_tot_l4_payload_len":0,"midstream":0,"thread_ts_usec":1760964926071819,"l3_proto":"ip4","src_ip":"192.168.1.143","dst_ip":"23.60.189.51","src_port":43052,"dst_port":443,"l4_proto":"tcp","flow_datalink":1,"flow_max_packets":5}
00576{"packet_event_id":2,"packet_event_name":"packet-flow","thread_id":0,"packet_id":54,"source":"cfgs\/default\/pcap\/custom_rules_overwrite_domains.pcap","alias":"nDPId-test","flow_id":3,"flow_packet_id":1,"flow_src_last_pkt_time":1760964926071819,"flow_dst_last_pkt_time":1760964926071819,"flow_idle_time":7580000000,"pkt_datalink":1,"pkt_caplen":74,"pkt_type":2048,"pkt_l3_offset":14,"pkt_l4_offset":34,"pkt_len":74,"pkt_l4_len":40,"thread_ts_usec":1760964926071819,"pkt":"ILAB4IZiqFlfzU+rCABFAAA8mylAAEAGCOzAqAGPFzy9M6gsAbsjQ4wNAAAAAKAC+vCW1QAAAgQFtAQCCApFLHioAAAAAAEDAwc="}
00578{"packet_event_id":2,"packet_event_name":"packet-flow","thread_id":0,"packet_id":55,"source":"cfgs\/default\/pcap\/custom_rules_overwrite_domains.pcap","alias":"nDPId-test","flow_id":3,"flow_packet_id":2,"flow_src_last_pkt_time":1760964926071819,"flow_dst_last_pkt_time":1760964926088581,"flow_idle_time":7580000000,"pkt_datalink":1,"pkt_caplen":74,"pkt_type":2048,"pkt_l3_offset":14,"pkt_l4_offset":34,"pkt_len":74,"pkt_l4_len":40,"thread_ts_usec":1760964926088581,"pkt":"qFlfzU+rILAB4IZiCABFAAA8AABAADgGrBUXPL0zwKgBjwG7qCxQFW9WI0OMDqAS\/oguWwAAAgQFtAQCCAqC7Cr\/RSx4qAEDAwc="}
00565{"packet_event_id":2,"packet_event_name":"packet-flow","thread_id":0,"packet_id":56,"source":"cfgs\/default\/pcap\/custom_rules_overwrite_domains.pcap","alias":"nDPId-test","flow_id":3,"flow_packet_id":3,"flow_src_last_pkt_time":1760964926088655,"flow_dst_last_pkt_time":1760964926088581,"flow_idle_time":7580000000,"pkt_datalink":1,"pkt_caplen":66,"pkt_type":2048,"pkt_l3_offset":14,"pkt_l4_offset":34,"pkt_len":66,"pkt_l4_len":32,"thread_ts_usec":1760964926088655,"pkt":"ILAB4IZiqFlfzU+rCABFAAA0mypAAEAGCPPAqAGPFzy9M6gsAbsjQ4wOUBVvV4AQAfaWzQAAAQEICkUseLmC7Cr\/"}
03998{"packet_event_id":2,"packet_event_name":"packet-flow","thread_id":0,"packet_id":57,"source":"cfgs\/default\/pcap\/custom_rules_overwrite_domains.pcap","alias":"nDPId-test","flow_id":3,"flow_packet_id":4,"flow_src_last_pkt_time":1760964926089765,"flow_dst_last_pkt_time":1760964926088581,"flow_idle_time":7580000000,"pkt_datalink":1,"pkt_caplen":2599,"pkt_type":2048,"pkt_l3_offset":14,"pkt_l4_offset":34,"pkt_len":2599,"pkt_l4_len":2565,"thread_ts_usec":1760964926089765,"pkt":"ILAB4IZiqFlfzU+rCABFAAoZmytAAEAG\/wzAqAGPFzy9M6gsAbsjQ4wOUBVvV4AYAfagsgAAAQEICkUseLqC7Cr\/FgMBCeABAAncAwOyj65eVxD0V9szoOpQcoDM\/WL41nTn7wNJNxd8Si+GyiAMm0mn\/g4CWTRnB\/FBszP\/\/F5WLKCHdnnC+RCM1gWLVQAiEwETAxMCwCvAL8ypzKjALMAwwArACcATwBQAnACdAC8ANQEACXEAAAASABAAAA13d3cuYXBwbGUuY29tABcAAP8BAAEAAAoAEAAOEewAHQAXABgAGQEAAQEACwACAQAAEAAOAAwCaDIIaHR0cC8xLjEABQAFAQAAAAAAIgAKAAgEAwUDBgMCAwASAAAAMwUvBS0R7ATAkmQynywX38AihqYq6KswDEVFVbgHraAYXUwYhVyxgBN9GbDKBnp3PdCqLIgtezpbc9PHrqKBEypM9GB9A\/euT4OuOPPA6UaXafPG0ZQozShrSCfB2wFzL8ErvTkT+yJfX2S4uIKQdSBM23t6txNIw2I6ACxNiqpzONx2xeXHbSV0DiEjcsQZpNXISDKn1qEkRPeW\/tqDKOsvEKIV\/NO4N+eNxPteLpabGLmvzcVkf8vECvu\/eEtLCKsLJhouc9WBuJubJCMkjfmPfJiGp5qLdmB+CiKF1UcxSzQC8Dq7uUxH7NBKqjafVrIL3rorYBo3TXQl9UQZgBIotamFfbnNu6Bx8nxDJPl0TmGu1gqb3awFxLY4FmQhsrlMBXuJkEEtIdNPYtl2buSg8joKKFW4E2BqdXTGQ6xdkNCULFpLqAeaFhOrvJVbzzM+csALFexR\/iO6ERwVqDJSm6suRANi9kK4FdAsiTpHZcU1cKW879eBBoZhJqQa89CF2fwXAdpPwUm47CIaa2rFSiwtGmIjL+UCPAwEy5iYd3pAqdCZJ\/gQA2sMZloG0agHwZQyNJsrsHvIm2uMXkqGMdm3itUdV1pKySfGJVCgtCxYPrV2mFPMgqyeZRs9tyNEfiSu0qDA\/KCPpnRJW4WpWXh4ONMMrKNb9IZ6u7BO7NDOTfMaFdwIJbKv7jGk7enMlBvFH0KZImAZgeeEdOVjf9wdzpEjIQhw58oIh1twlhpda1TPQegKvoaA6edwvkjE2EhkslFP7pNWoDJ5GsKvDJA0+ux70MLDrJdhJtF8HuWaVWYFugVGAiZQaRSRCVOWI9mUXzo7pIqj9PJd7TS4\/UmALsaDtnQpL3QQS3lb\/FqUpRo1nakAKMCK8OZt26xAlAN78nuEyYVw0VKwn2c6u6eEuvkEOgRGrSwcv6WMnKaEDsq2HtMDlaUomiLOmSg2jNUFn0Y+ZJx2vXU3zZMSAB0yunwDOWSL6IoT0GhKRSFHCRKZfIiWFrMcziZAn+XHxlJ7JVQBt8OavmmzGLg5r7cupwEg0NBO61DExlB9KLgKa7mnNWx3+dLB7XNp0dSDwoOTp1Ya7ERIbWhPwORiBBlbAQI6F0G9AybBZLaU9mGAcaFphvM5mZMjWxEbfKoMGet1M+LPZqMehQw4LBlRMscQjDxo5hhgwdUgCqIbvhe9eAQo3FIR9OjOgmy3FVe\/\/WOKDEt4CAYwwfWdYZYVD7NLpnNM8CPJEVQ2AAxKsulfzcodgtA\/VQBNV9NBbQWWhdw989l5A3dntAgn67UjixYLw4N54+E\/OmmR3UJfpixxNfEC1qkwu+ZsgGIgVJaTWVo1drhl80hciaA909tathSwTyW2aCZni+uHGgUmEvR4Vqg7fXqCL4udaYUMlhQTjBmjhfaPVfm4gVOrSjhv0rDO0TEfkiGYAAxqu6J+b5YLPFl7KGIUHgCoYck9SMK7u7w5yOQhvhhLcsaEGZsse2nFJBFQnEpYSTFsCeEczitbedkYjZm27yp44YGPayZ9wMYK4EIp\/+l\/awWHEwrS16Egscinj2jRDq1wEbkUW3MlDCYAwl5yjb\/1Jnho9E7LxWiDLAcpGw\/esNQ5A5lkxg\/LUpx6JAAdACByjb\/1Jnho9E7LxWiDLAcpGw\/esNQ5A5lkxg\/LUpx6JAAXAEEEuUSDYYECXFg5pioSiVeVX69J2NZh3iFGEuQuN+USyS9Qb+t53w9sO8JlEoV38nltTmQP3D5BlEUS4dIU1ZWagwArAAUEAwQDAwANABgAFgQDBQMGAwgECAUIBgQBBQEGAQIDAgEALQACAQEAHAACQAEAGwAHBgABAAIAA\/4NAlkAAAEAA\/EAIPCUwN\/PxfBX+zEW1x19D8c5aF5g1WmxlOwkC6ie4x28Ai+lP+Zizp\/RR6mYL2PQaPt0l9Fvx9ai9jEmO2CdFw0v05Jxt\/zqzsY5LEa4hpQCnDNFd0TzyZ0o\/uLo1x0iANZZ82DH9Fy6ZMR+25D9pQMQCwBbPk1oQ8k2yNVMCOxevAxg9tGwWtCWRqxiKTLfshk4450oUgbUvSGL75mSi3jFzQj90vUUIzPKkHsOUZUh0yt6YOXwCxtgnigD1LiroEgpMhPGH8steTJ9xWd7ItkehIbjfObuL3Y+Y1iiYBk5VOy\/gtNgGo1DfUVpLqkP9wqPaNDcDyUOxd8ahrDn6HdsZIKcpdHOigls\/o8Pd46xmDDTpPPDgCI0yxsXwDN5eohVN5RVgpIG6KaJk6U6R9DQ2qH1owFtNsuk8LGtCpsA6kFnq7COsS6YXgQXpnNL4MtKMYKp1PCE6X5pEYXnxWZcQD79Iufto35BE2drYkxBJTQ1Jz71vdJVtDUY\/GbImNOYV5q6dcjk14zBsmasoA0BvZs9k00GDOCaKOJJCHZkfwXQSpoYcna0djkkKIWGGNVoS1YfePWtNhCw46qNWKrWNEgFUEmllNXsL2t1xyJkuJ7Yll8mKJlsBVyQdetxAGiPM5di3pkdLRraDuDMFaxG+9DPRBT4WD9UA7g1p64largmyu4rER50R8SxKkPhq+6qsY\/WqkLQitMMS15xj\/ttqVpNfyfmqKKpiNplTqGGeXIT\/2KZAm0cA0mcLAAMBdTKgmvcRqhVjfz6ngwbzT\/3ACkBOwEGAQAAABrKC0\/yEo4Drj12iDNbAl9BKnxhuTBwHXLxUbfL2\/kw689UbbdgVchmyvFBwIafvR3xMG+fwU5iO+hEOOcj976QGAYd6BSAsP9cHow7vaW4MU95UFKqaN1io7A4YvLUNzMA4w\/A3SaPIvjBCFvRkeJW3eT\/mriTI7zJfXHci1BlSRh2DHAzVYSWq9PqxixHysm4A4h2qsZ8uh7XrlYX0kux3ksj9zXZX7YD3nfDggxVxZSfISrKDRDoYSMmjXmRjmNxvs+B0a\/QMNsTpu\/j1mtd5nzFyMsxiUGoju39PVYVZmsqFmybAqzyU19JEjRZf+IWjP\/68G7qyPGT2wNZ6+lHwQAxMCiIBIegn9ov3KKX1kdfaziYmxgJ9wOVi55KYPuav5hXBDsh5eloXgB02p6okM3p2g=="}
01231{"flow_event_id":7,"flow_event_name":"detected","thread_id":0,"packet_id":57,"source":"cfgs\/default\/pcap\/custom_rules_overwrite_domains.pcap","alias":"nDPId-test","flow_id":3,"flow_state":"info","flow_src_packets_processed":3,"flow_dst_packets_processed":1,"flow_first_seen":1760964926071819,"flow_src_last_pkt_time":1760964926089765,"flow_dst_last_pkt_time":1760964926088581,"flow_idle_time":7580000000,"flow_src_min_l4_payload_len":0,"flow_dst_min_l4_payload_len":0,"flow_src_max_l4_payload_len":2533,"flow_dst_max_l4_payload_len":0,"flow_src_tot_l4_payload_len":2533,"flow_dst_tot_l4_payload_len":0,"midstream":0,"thread_ts_usec":1760964926089765,"l3_proto":"ip4","src_ip":"192.168.1.143","dst_ip":"23.60.189.51","src_port":43052,"dst_port":443,"l4_proto":"tcp","ndpi": {"confidence": {"6":"DPI"},"proto":"TLS.Apple","proto_id":"91.140","proto_by_ip":"Akamai","proto_by_ip_id":467,"encrypted":1,"breed":"Safe","category_id":5,"category":"Web","hostname":"www.apple.com","domainame":"www.apple.com","tls": {"version":"TLSv1.2","ja3s":"","ja4":"t13d1717h2_5b57614c22b0_e6dcd7ae0a9e","unsafe_cipher":0,"cipher":"TLS_NULL_WITH_NULL_NULL","advertised_alpns":"h2,http\/1.1","tls_supported_versions":"TLSv1.3,TLSv1.2","blocks":0}}}
00564{"packet_event_id":2,"packet_event_name":"packet-flow","thread_id":0,"packet_id":58,"source":"cfgs\/default\/pcap\/custom_rules_overwrite_domains.pcap","alias":"nDPId-test","flow_id":3,"flow_packet_id":5,"flow_src_last_pkt_time":1760964926089765,"flow_dst_last_pkt_time":1760964926106571,"flow_idle_time":7580000000,"pkt_datalink":1,"pkt_caplen":66,"pkt_type":2048,"pkt_l3_offset":14,"pkt_l4_offset":34,"pkt_len":66,"pkt_l4_len":32,"thread_ts_usec":1760964926106571,"pkt":"qFlfzU+rILAB4IZiCABFAAA0aUNAADgGQtoXPL0zwKgBjwG7qCxQFW9XI0ORtoAQAgxT2AAAAQEICoLsKxFFLHi6"}
01274{"flow_event_id":8,"flow_event_name":"detection-update","thread_id":0,"packet_id":60,"source":"cfgs\/default\/pcap\/custom_rules_overwrite_domains.pcap","alias":"nDPId-test","flow_id":3,"flow_state":"info","flow_src_packets_processed":3,"flow_dst_packets_processed":4,"flow_first_seen":1760964926071819,"flow_src_last_pkt_time":1760964926089765,"flow_dst_last_pkt_time":1760964926106572,"flow_idle_time":7580000000,"flow_src_min_l4_payload_len":0,"flow_dst_min_l4_payload_len":0,"flow_src_max_l4_payload_len":2533,"flow_dst_max_l4_payload_len":264,"flow_src_tot_l4_payload_len":2533,"flow_dst_tot_l4_payload_len":264,"midstream":0,"thread_ts_usec":1760964926106572,"l3_proto":"ip4","src_ip":"192.168.1.143","dst_ip":"23.60.189.51","src_port":43052,"dst_port":443,"l4_proto":"tcp","ndpi": {"confidence": {"6":"DPI"},"proto":"TLS.Apple","proto_id":"91.140","proto_by_ip":"Akamai","proto_by_ip_id":467,"encrypted":1,"breed":"Safe","category_id":5,"category":"Web","hostname":"www.apple.com","domainame":"www.apple.com","tls": {"version":"TLSv1.3","ja3s":"2253c82f03b621c5144709b393fde2c9","ja4":"t13d1717h2_5b57614c22b0_e6dcd7ae0a9e","unsafe_cipher":0,"cipher":"TLS_AES_256_GCM_SHA384","advertised_alpns":"h2,http\/1.1","tls_supported_versions":"TLSv1.3,TLSv1.2","blocks":0}}}
00990{"flow_event_id":3,"flow_event_name":"idle","thread_id":0,"packet_id":63,"source":"cfgs\/default\/pcap\/custom_rules_overwrite_domains.pcap","alias":"nDPId-test","flow_id":3,"flow_state":"info","flow_src_packets_processed":6,"flow_dst_packets_processed":4,"flow_first_seen":1760964926071819,"flow_src_last_pkt_time":1760964926107827,"flow_dst_last_pkt_time":1760964926106572,"flow_idle_time":7580000000,"flow_src_min_l4_payload_len":0,"flow_dst_min_l4_payload_len":0,"flow_src_max_l4_payload_len":2533,"flow_dst_max_l4_payload_len":264,"flow_src_tot_l4_payload_len":2705,"flow_dst_tot_l4_payload_len":264,"midstream":0,"thread_ts_usec":1760964926107827,"l3_proto":"ip4","src_ip":"192.168.1.143","dst_ip":"23.60.189.51","src_port":43052,"dst_port":443,"l4_proto":"tcp","flow_datalink":1,"flow_max_packets":5,"ndpi": {"confidence": {"6":"DPI"},"proto":"TLS.Apple","proto_id":"91.140","proto_by_ip":"Akamai","proto_by_ip_id":467,"encrypted":1,"breed":"Safe","category_id":5,"category":"Web"}}
01038{"flow_event_id":2,"flow_event_name":"end","thread_id":0,"packet_id":63,"source":"cfgs\/default\/pcap\/custom_rules_overwrite_domains.pcap","alias":"nDPId-test","flow_id":1,"flow_state":"finished","flow_src_packets_processed":16,"flow_dst_packets_processed":18,"flow_first_seen":1760964921304285,"flow_src_last_pkt_time":1760964921435471,"flow_dst_last_pkt_time":1760964921435421,"flow_idle_time":7580000000,"flow_src_min_l4_payload_len":0,"flow_dst_min_l4_payload_len":0,"flow_src_max_l4_payload_len":4419,"flow_dst_max_l4_payload_len":1858,"flow_src_tot_l4_payload_len":7117,"flow_dst_tot_l4_payload_len":4694,"midstream":0,"thread_ts_usec":1760964926107827,"l3_proto":"ip4","src_ip":"192.168.1.143","dst_ip":"64.233.167.84","src_port":46326,"dst_port":443,"l4_proto":"tcp","flow_datalink":1,"flow_max_packets":5,"ndpi": {"confidence": {"6":"DPI"},"proto":"TLS.Google","proto_id":"91.126","proto_by_ip":"Google","proto_by_ip_id":126,"encrypted":1,"breed":"Acceptable","category_id":5,"category":"Web","hostname":"accounts.google.com"}}
00991{"flow_event_id":2,"flow_event_name":"end","thread_id":0,"packet_id":63,"source":"cfgs\/default\/pcap\/custom_rules_overwrite_domains.pcap","alias":"nDPId-test","flow_id":2,"flow_state":"info","flow_src_packets_processed":9,"flow_dst_packets_processed":10,"flow_first_seen":1760964925970876,"flow_src_last_pkt_time":1760964926031823,"flow_dst_last_pkt_time":1760964926050964,"flow_idle_time":7580000000,"flow_src_min_l4_payload_len":0,"flow_dst_min_l4_payload_len":0,"flow_src_max_l4_payload_len":2401,"flow_dst_max_l4_payload_len":850,"flow_src_tot_l4_payload_len":3172,"flow_dst_tot_l4_payload_len":1418,"midstream":0,"thread_ts_usec":1760964926107827,"l3_proto":"ip4","src_ip":"192.168.1.143","dst_ip":"17.253.144.10","src_port":46116,"dst_port":443,"l4_proto":"tcp","flow_datalink":1,"flow_max_packets":5,"ndpi": {"confidence": {"6":"DPI"},"proto":"TLS.Apple","proto_id":"91.140","proto_by_ip":"Apple","proto_by_ip_id":140,"encrypted":1,"breed":"Safe","category_id":5,"category":"Web"}}
00838{"daemon_event_id":3,"daemon_event_name":"shutdown","thread_id":0,"packet_id":63,"source":"cfgs\/default\/pcap\/custom_rules_overwrite_domains.pcap","alias":"nDPId-test","version":"","ndpi_version":"","ndpi_api_version":0,"size_per_flow":1480,"packets-captured":63,"packets-processed":63,"pfring_active":false,"pfring_recv":0,"pfring_drop":0,"pfring_shunt":0,"total-skipped-flows":0,"total-l4-payload-len":19370,"total-not-detected-flows":0,"total-guessed-flows":0,"total-detected-flows":3,"total-detection-updates":3,"total-updates":0,"current-active-flows":0,"total-active-flows":3,"total-idle-flows":3,"total-compressions":0,"total-compression-diff":0,"current-compression-diff":0,"global-alloc-count":0,"global-free-count":0,"global-alloc-bytes":0,"global-free-bytes":0,"total-events-serialized":31,"global_ts_usec":1760964926107827}
~~~~~~~~~~~~~~~~~~~~ SUMMARY ~~~~~~~~~~~~~~~~~~~~
~~ packets captured/processed: 63/63
~~ skipped flows.............: 0
~~ total layer4 data length..: 19370 bytes
~~ total detected protocols..: 3
~~ total active/idle flows...: 3/3
~~ total timeout flows.......: 0
~~~~~~~~~~~~~~~~~~~~~~~~~~~~~~~~~~~~~~~~~~~~~~~~~
~~ total memory allocated....: 9481463 bytes
~~ total memory freed........: 9481463 bytes
~~ total allocations/frees...: 154612/154612
~~~~~~~~~~~~~~~~~~~~~~~~~~~~~~~~~~~~~~~~~~~~~~~~~
~~ json message min len.......: 568 chars
~~ json message max len.......: 4003 chars
~~ json message avg len.......: 2284 chars
