00624{"daemon_event_id":1,"daemon_event_name":"init","thread_id":0,"packet_id":0,"source":"cfgs\/default\/pcap\/custom_rules_ipv6.pcapng","alias":"nDPId-test","version":"1.7.0","ndpi_version":"4.15.0-5470-df94d7e","ndpi_api_version":13286,"size_per_flow":1448,"max-flows-per-thread":32768,"max-idle-flows-per-thread":1024,"reader-thread-count":1,"flow-scan-interval":10000000,"generic-max-idle-time":600000000,"icmp-max-idle-time":120000000,"udp-max-idle-time":180000000,"tcp-max-idle-time":7560000000,"max-packets-per-flow-to-send":5,"max-packets-per-flow-to-process":32,"max-packets-per-flow-to-analyse":32,"global_ts_usec":0}
00844{"daemon_event_id":4,"daemon_event_name":"status","thread_id":0,"packet_id":1,"source":"cfgs\/default\/pcap\/custom_rules_ipv6.pcapng","alias":"nDPId-test","version":"1.7.0","ndpi_version":"4.15.0-5470-df94d7e","ndpi_api_version":13286,"size_per_flow":1448,"packets-captured":1,"packets-processed":0,"pfring_active":false,"pfring_recv":0,"pfring_drop":0,"pfring_shunt":0,"total-skipped-flows":0,"total-l4-payload-len":0,"total-not-detected-flows":0,"total-guessed-flows":0,"total-detected-flows":0,"total-detection-updates":0,"total-updates":0,"current-active-flows":0,"total-active-flows":0,"total-idle-flows":0,"total-compressions":0,"total-compression-diff":0,"current-compression-diff":0,"global-alloc-count":0,"global-free-count":0,"global-alloc-bytes":0,"global-free-bytes":0,"total-events-serialized":2,"global_ts_usec":921159902141757}
00806{"flow_event_id":1,"flow_event_name":"new","thread_id":0,"packet_id":1,"source":"cfgs\/default\/pcap\/custom_rules_ipv6.pcapng","alias":"nDPId-test","flow_id":1,"flow_state":"info","flow_src_packets_processed":1,"flow_dst_packets_processed":0,"flow_first_seen":921159902141757,"flow_src_last_pkt_time":921159902141757,"flow_dst_last_pkt_time":921159902141757,"flow_idle_time":200000000,"flow_src_min_l4_payload_len":28,"flow_dst_min_l4_payload_len":0,"flow_src_max_l4_payload_len":28,"flow_dst_max_l4_payload_len":0,"flow_src_tot_l4_payload_len":28,"flow_dst_tot_l4_payload_len":0,"midstream":0,"thread_ts_usec":921159902141757,"l3_proto":"ip6","src_ip":"3ffe:507::1:200:86ff:fe05:80da","dst_ip":"3ffe:501:4819::42","src_port":21554,"dst_port":5333,"l4_proto":"udp","flow_datalink":1,"flow_max_packets":5}
00588{"packet_event_id":2,"packet_event_name":"packet-flow","thread_id":0,"packet_id":1,"source":"cfgs\/default\/pcap\/custom_rules_ipv6.pcapng","alias":"nDPId-test","flow_id":1,"flow_packet_id":1,"flow_src_last_pkt_time":921159902141757,"flow_dst_last_pkt_time":921159902141757,"flow_idle_time":200000000,"pkt_datalink":1,"pkt_caplen":90,"pkt_type":34525,"pkt_l3_offset":14,"pkt_l4_offset":54,"pkt_len":90,"pkt_l4_len":36,"thread_ts_usec":921159902141757,"pkt":"AGCXun1\/AACGUYYrht1gAAAAACQRQD\/+BQcAAAABAgCG\/\/4FgNo\/\/gUBSBkAAAAAAAAAAABCVDIU1QAkkJMABgEAAAEAAAAAAAAGaXRvanVuA29yZwAA\/wAB"}
01158{"packet_event_id":2,"packet_event_name":"packet-flow","thread_id":0,"packet_id":2,"source":"cfgs\/default\/pcap\/custom_rules_ipv6.pcapng","alias":"nDPId-test","flow_id":1,"flow_packet_id":2,"flow_src_last_pkt_time":921159902141757,"flow_dst_last_pkt_time":921159902215272,"flow_idle_time":200000000,"pkt_datalink":1,"pkt_caplen":510,"pkt_type":34525,"pkt_l3_offset":14,"pkt_l4_offset":54,"pkt_len":510,"pkt_l4_len":456,"thread_ts_usec":921159902215272,"pkt":"AACGUYYrAGCXun1\/ht1gAAAAAcgR5j\/+BQFIGQAAAAAAAAAAAEI\/\/gUHAAAAAQIAhv\/+BYDaFNVUMgHInvQABoWAAAEABgACAAUGaXRvanVuA29yZwAA\/wABwAwAAgABAAAOEAAUB2NvY29udXQGaXRvanVuA29yZwDADAACAAEAAA4QABoFdGlnZXIFaGlyb28Ib3Nob2t1amkDb3JnAMAMAA8AAQAADhAAFgAKB2NvY29udXQGaXRvanVuA29yZwDADAAPAAEAAA4QABMAFARraXdpBml0b2p1bgNvcmcAwAwAAQABAAAOEAAE0qBfYcAMAAYAAQAADhAAMQZpdG9qdW4Db3JnAARyb290Bml0b2p1bgNvcmcAC+pHaAAADhAAAAEsADbugAAADhDADAACAAEAAA4QABQHY29jb251dAZpdG9qdW4Db3JnAMAMAAIAAQAADhAAGgV0aWdlcgVoaXJvbwhvc2hva3VqaQNvcmcAB2NvY29udXTADAABAAEAAA4QAATSoF9hBXRpZ2VyBWhpcm9vCG9zaG9rdWppwBMAAQABAAAOEAAE0pEh8gRraXdpwAwAHAABAAAOEAAQP\/4FAQQQAAACwN\/\/\/kcDPsFzABwAAQAADhAAED\/+BQEEEAEAUlQA\/\/7aSL\/BcwABAAEAAA4QAATSoF9j"}
00847{"daemon_event_id":4,"daemon_event_name":"status","thread_id":0,"packet_id":3,"source":"cfgs\/default\/pcap\/custom_rules_ipv6.pcapng","alias":"nDPId-test","version":"1.7.0","ndpi_version":"4.15.0-5470-df94d7e","ndpi_api_version":13286,"size_per_flow":1448,"packets-captured":3,"packets-processed":2,"pfring_active":false,"pfring_recv":0,"pfring_drop":0,"pfring_shunt":0,"total-skipped-flows":0,"total-l4-payload-len":476,"total-not-detected-flows":0,"total-guessed-flows":0,"total-detected-flows":0,"total-detection-updates":0,"total-updates":0,"current-active-flows":1,"total-active-flows":1,"total-idle-flows":0,"total-compressions":0,"total-compression-diff":0,"current-compression-diff":0,"global-alloc-count":0,"global-free-count":0,"global-alloc-bytes":0,"global-free-bytes":0,"total-events-serialized":6,"global_ts_usec":1639052947771491}
00844{"flow_event_id":1,"flow_event_name":"new","thread_id":0,"packet_id":3,"source":"cfgs\/default\/pcap\/custom_rules_ipv6.pcapng","alias":"nDPId-test","flow_id":2,"flow_state":"info","flow_src_packets_processed":1,"flow_dst_packets_processed":0,"flow_first_seen":1639052947771491,"flow_src_last_pkt_time":1639052947771491,"flow_dst_last_pkt_time":1639052947771491,"flow_idle_time":200000000,"flow_src_min_l4_payload_len":1225,"flow_dst_min_l4_payload_len":0,"flow_src_max_l4_payload_len":1225,"flow_dst_max_l4_payload_len":0,"flow_src_tot_l4_payload_len":1225,"flow_dst_tot_l4_payload_len":0,"midstream":0,"thread_ts_usec":1639052947771491,"l3_proto":"ip6","src_ip":"247f:855b:5e16:3caf:3f2c:4134:9592:661b","dst_ip":"21bc:b273:7f68:88d7:77a8:585:3990:927b","src_port":100,"dst_port":1991,"l4_proto":"udp","flow_datalink":1,"flow_max_packets":5}
02215{"packet_event_id":2,"packet_event_name":"packet-flow","thread_id":0,"packet_id":3,"source":"cfgs\/default\/pcap\/custom_rules_ipv6.pcapng","alias":"nDPId-test","flow_id":2,"flow_packet_id":1,"flow_src_last_pkt_time":1639052947771491,"flow_dst_last_pkt_time":1639052947771491,"flow_idle_time":200000000,"pkt_datalink":1,"pkt_caplen":1287,"pkt_type":34525,"pkt_l3_offset":14,"pkt_l4_offset":54,"pkt_len":1287,"pkt_l4_len":1233,"thread_ts_usec":1639052947771491,"pkt":"AAAAAAAAAAIAMzxWht1gAAAABNERPyR\/hVteFjyvPyxBNJWSZhshvLJzf2iI13eoBYU5kJJ7AGQHxwTRtFQX\/v0AAQAAAAAaDQS8AAEAAAAAGg3ty6JKrYU18U2SnV6TZ4GWPTkMaTeI9UivesrOAyLeyxCH9Ett98n\/BUnyUWlx5VOsHuSnNHK30aiWa0bQql\/OXO+\/gsGi9Vb3WsWwYwBW0pVyHQ0B46+DlfcYN9qmkFlJh9kPJ0YDdosoedP6B1hATFaaYqjsVizwYv4HbXzokGD8PNwSlO3kQDrYIDtSZtpx53PdVwuoZxmUt2\/suWUGs8IBjSst\/7lN9W\/tNGh8FPVXN62L5CDnpEZkkIUsEaeXQROB99R7U\/ALAM\/PILPWGKHcK40NY0zdzRDoPZgcslPBdXAvOL0SyOsktYL4LsfNMroozoQrT1QygQh\/o+MoyM33fxWmZDikDkltMfPc33LY24DbMLEUJSzHfiOjIRCt2AqzjcvSCQ38yEO+w9IlHTAlWBz5qVIMz7e1qCh3VJZC2Uk5DzFw28f9kldm3DfO9X7n7ddcO7HPXGEKSAl\/dwOtNCSxzRyxVMkINXT1F8R3Kr1X0P79jeYNVsXDuoN440ZxqXaTe3v0EasLalE31omPrKPox8OjFKowZ\/SB2G59InZnkarkjdu7hofmRIpcf1D0LJ3M2t8stXvQJI6nUBwyqpp5ngwHNvz79ijs5osivjMa3ty3XsPR+UNx8lznc42OZ1sGTXR0GLXtbRRqi7Z+4UroQBOGMmj+qZ8+nmZa1QVZaDNzAO8RnvnWLVhMuivh1V4phVCw91Xn3+UI\/Yq\/HuRtkiiI4kcN+I7R7A0JaMt0M2QaUHpH\/RO\/Z5WhuDGAMKrjoa7iJZvXMIIyECgYOrb7SOnPE2s3lSzDu7L3oxtwwlAylIXUQaomQnBMvB3FgbB6sUeYuhXFnMNy372f9keLastrb\/zBNJ51N\/OVuA6B8wsbBsXGn8cGnWZR2no5OrWHInzQk69yG731TtvqCHK0cXkmZv8FcaBZBELVB9ipqEVcSZkd+jnn\/t8Abzkn7pB+sMPEXMqIs5QJ7XJPl0ndMGtuhy6yPPoXAW+ICkWKMXbgJRWDbCXvYXNR4+vU\/VosznWRONI5l3QbtVvN+cDigIswYX29jz4xZcn6V4kBfpRMLOAzyovu9Kqb4CMRAAZG3cC2PKlxE5a1Le13Q1hKVJKJpAITen73s\/tG1LSh8h0ljZQqCT9vsB418MDr50io5+X4sUm3wUHzm6zfNYpxQupY1pT1JptaHZiDxZjS3ZXx6kha2vcHtmQyYyxdoRL9hcTVRT8MNr4FV7Wcl6hfgek7k1qWbCCdZejjISGI+kEtgx0Q6LVKF6ecXJ3rg4aQXVd2dslKHzHPrIAHtxUnnqmjZyXIQ2ftOFVgObSb+gEi\/MesMAdhLiYHOOuP+UEVRIAuAkdvrQn+T4E6jQ\/y2JFluy8pQnPkoLwOumUrd5SpyEaqoCaTiXWXj4KqbJyqqSa5WR\/Tqdr8FovyWg3dT0gR6zCv6HfHWt1gY7rHuLyUJN3p3vhJlqMR6cesxmaJwoXuqhhOLnvYjvUbc\/hIxS8Bbqpi4atOXiC6GVEtb4bWUS\/ux9Fq2ZwJ4B\/5D0UfjHbWiETDrnG4dRBdY8Qzx3a3pDvzONf1PZ1KOdnkPMqzglGKxtgmCYP53\/TX"}
00982{"flow_event_id":7,"flow_event_name":"detected","thread_id":0,"packet_id":3,"source":"cfgs\/default\/pcap\/custom_rules_ipv6.pcapng","alias":"nDPId-test","flow_id":2,"flow_state":"info","flow_src_packets_processed":1,"flow_dst_packets_processed":0,"flow_first_seen":1639052947771491,"flow_src_last_pkt_time":1639052947771491,"flow_dst_last_pkt_time":1639052947771491,"flow_idle_time":200000000,"flow_src_min_l4_payload_len":1225,"flow_dst_min_l4_payload_len":0,"flow_src_max_l4_payload_len":1225,"flow_dst_max_l4_payload_len":0,"flow_src_tot_l4_payload_len":1225,"flow_dst_tot_l4_payload_len":0,"midstream":0,"thread_ts_usec":1639052947771491,"l3_proto":"ip6","src_ip":"247f:855b:5e16:3caf:3f2c:4134:9592:661b","dst_ip":"21bc:b273:7f68:88d7:77a8:585:3990:927b","src_port":100,"dst_port":1991,"l4_proto":"udp","ndpi": {"confidence": {"6":"DPI"},"proto":"DTLS","proto_id":"30","proto_by_ip":"Unknown","proto_by_ip_id":0,"encrypted":1,"breed":"Safe","category_id":5,"category":"Web"}}
00847{"flow_event_id":1,"flow_event_name":"new","thread_id":0,"packet_id":4,"source":"cfgs\/default\/pcap\/custom_rules_ipv6.pcapng","alias":"nDPId-test","flow_id":3,"flow_state":"info","flow_src_packets_processed":1,"flow_dst_packets_processed":0,"flow_first_seen":1639052947771491,"flow_src_last_pkt_time":1639052947771491,"flow_dst_last_pkt_time":1639052947771491,"flow_idle_time":200000000,"flow_src_min_l4_payload_len":1225,"flow_dst_min_l4_payload_len":0,"flow_src_max_l4_payload_len":1225,"flow_dst_max_l4_payload_len":0,"flow_src_tot_l4_payload_len":1225,"flow_dst_tot_l4_payload_len":0,"midstream":0,"thread_ts_usec":1639052947771491,"l3_proto":"ip6","src_ip":"247f:855b:5e16:3caf:3f2c:4134:9592:661b","dst_ip":"21bc:b273:7f68:88d7:77a8:585:3990:927b","src_port":36098,"dst_port":50621,"l4_proto":"udp","flow_datalink":1,"flow_max_packets":5}
02215{"packet_event_id":2,"packet_event_name":"packet-flow","thread_id":0,"packet_id":4,"source":"cfgs\/default\/pcap\/custom_rules_ipv6.pcapng","alias":"nDPId-test","flow_id":3,"flow_packet_id":1,"flow_src_last_pkt_time":1639052947771491,"flow_dst_last_pkt_time":1639052947771491,"flow_idle_time":200000000,"pkt_datalink":1,"pkt_caplen":1287,"pkt_type":34525,"pkt_l3_offset":14,"pkt_l4_offset":54,"pkt_len":1287,"pkt_l4_len":1233,"thread_ts_usec":1639052947771491,"pkt":"AAAAAAAAAAIA5Qyfht1gAAAABNERPyR\/hVteFjyvPyxBNJWSZhshvLJzf2iI13eoBYU5kJJ7jQLFvQTRqBEX\/v0AAQAAAAAaDQS8AAEAAAAAGg3ty6JKrYU18U2SnV6TZ4GWPTkMaTeI9UivesrOAyLeyxCH9Ett98n\/BUnyUWlx5VOsHuSnNHK30aiWa0bQql\/OXO+\/gsGi9Vb3WsWwYwBW0pVyHQ0B46+DlfcYN9qmkFlJh9kPJ0YDdosoedP6B1hATFaaYqjsVizwYv4HbXzokGD8PNwSlO3kQDrYIDtSZtpx53PdVwuoZxmUt2\/suWUGs8IBjSst\/7lN9W\/tNGh8FPVXN62L5CDnpEZkkIUsEaeXQROB99R7U\/ALAM\/PILPWGKHcK40NY0zdzRDoPZgcslPBdXAvOL0SyOsktYL4LsfNMroozoQrT1QygQh\/o+MoyM33fxWmZDikDkltMfPc33LY24DbMLEUJSzHfiOjIRCt2AqzjcvSCQ38yEO+w9IlHTAlWBz5qVIMz7e1qCh3VJZC2Uk5DzFw28f9kldm3DfO9X7n7ddcO7HPXGEKSAl\/dwOtNCSxzRyxVMkINXT1F8R3Kr1X0P79jeYNVsXDuoN440ZxqXaTe3v0EasLalE31omPrKPox8OjFKowZ\/SB2G59InZnkarkjdu7hofmRIpcf1D0LJ3M2t8stXvQJI6nUBwyqpp5ngwHNvz79ijs5osivjMa3ty3XsPR+UNx8lznc42OZ1sGTXR0GLXtbRRqi7Z+4UroQBOGMmj+qZ8+nmZa1QVZaDNzAO8RnvnWLVhMuivh1V4phVCw91Xn3+UI\/Yq\/HuRtkiiI4kcN+I7R7A0JaMt0M2QaUHpH\/RO\/Z5WhuDGAMKrjoa7iJZvXMIIyECgYOrb7SOnPE2s3lSzDu7L3oxtwwlAylIXUQaomQnBMvB3FgbB6sUeYuhXFnMNy372f9keLastrb\/zBNJ51N\/OVuA6B8wsbBsXGn8cGnWZR2no5OrWHInzQk69yG731TtvqCHK0cXkmZv8FcaBZBELVB9ipqEVcSZkd+jnn\/t8Abzkn7pB+sMPEXMqIs5QJ7XJPl0ndMGtuhy6yPPoXAW+ICkWKMXbgJRWDbCXvYXNR4+vU\/VosznWRONI5l3QbtVvN+cDigIswYX29jz4xZcn6V4kBfpRMLOAzyovu9Kqb4CMRAAZG3cC2PKlxE5a1Le13Q1hKVJKJpAITen73s\/tG1LSh8h0ljZQqCT9vsB418MDr50io5+X4sUm3wUHzm6zfNYpxQupY1pT1JptaHZiDxZjS3ZXx6kha2vcHtmQyYyxdoRL9hcTVRT8MNr4FV7Wcl6hfgek7k1qWbCCdZejjISGI+kEtgx0Q6LVKF6ecXJ3rg4aQXVd2dslKHzHPrIAHtxUnnqmjZyXIQ2ftOFVgObSb+gEi\/MesMAdhLiYHOOuP+UEVRIAuAkdvrQn+T4E6jQ\/y2JFluy8pQnPkoLwOumUrd5SpyEaqoCaTiXWXj4KqbJyqqSa5WR\/Tqdr8FovyWg3dT0gR6zCv6HfHWt1gY7rHuLyUJN3p3vhJlqMR6cesxmaJwoXuqhhOLnvYjvUbc\/hIxS8Bbqpi4atOXiC6GVEtb4bWUS\/ux9Fq2ZwJ4B\/5D0UfjHbWiETDrnG4dRBdY8Qzx3a3pDvzONf1PZ1KOdnkPMqzglGKxtgmCYP53\/TX"}
00985{"flow_event_id":7,"flow_event_name":"detected","thread_id":0,"packet_id":4,"source":"cfgs\/default\/pcap\/custom_rules_ipv6.pcapng","alias":"nDPId-test","flow_id":3,"flow_state":"info","flow_src_packets_processed":1,"flow_dst_packets_processed":0,"flow_first_seen":1639052947771491,"flow_src_last_pkt_time":1639052947771491,"flow_dst_last_pkt_time":1639052947771491,"flow_idle_time":200000000,"flow_src_min_l4_payload_len":1225,"flow_dst_min_l4_payload_len":0,"flow_src_max_l4_payload_len":1225,"flow_dst_max_l4_payload_len":0,"flow_src_tot_l4_payload_len":1225,"flow_dst_tot_l4_payload_len":0,"midstream":0,"thread_ts_usec":1639052947771491,"l3_proto":"ip6","src_ip":"247f:855b:5e16:3caf:3f2c:4134:9592:661b","dst_ip":"21bc:b273:7f68:88d7:77a8:585:3990:927b","src_port":36098,"dst_port":50621,"l4_proto":"udp","ndpi": {"confidence": {"6":"DPI"},"proto":"DTLS","proto_id":"30","proto_by_ip":"Unknown","proto_by_ip_id":0,"encrypted":1,"breed":"Safe","category_id":5,"category":"Web"}}
00940{"flow_event_id":9,"flow_event_name":"not-detected","thread_id":0,"packet_id":5,"source":"cfgs\/default\/pcap\/custom_rules_ipv6.pcapng","alias":"nDPId-test","flow_id":1,"flow_state":"info","flow_src_packets_processed":1,"flow_dst_packets_processed":1,"flow_first_seen":921159902141757,"flow_src_last_pkt_time":921159902141757,"flow_dst_last_pkt_time":921159902215272,"flow_idle_time":200000000,"flow_src_min_l4_payload_len":28,"flow_dst_min_l4_payload_len":0,"flow_src_max_l4_payload_len":28,"flow_dst_max_l4_payload_len":448,"flow_src_tot_l4_payload_len":28,"flow_dst_tot_l4_payload_len":448,"midstream":0,"thread_ts_usec":1639052947771491,"l3_proto":"ip6","src_ip":"3ffe:507::1:200:86ff:fe05:80da","dst_ip":"3ffe:501:4819::42","src_port":21554,"dst_port":5333,"l4_proto":"udp","ndpi": {"proto":"Unknown","proto_id":"0","proto_by_ip":"Unknown","proto_by_ip_id":0,"encrypted":0,"breed":"Unrated","category_id":0,"category":"Unspecified"}}
00812{"flow_event_id":3,"flow_event_name":"idle","thread_id":0,"packet_id":5,"source":"cfgs\/default\/pcap\/custom_rules_ipv6.pcapng","alias":"nDPId-test","flow_id":1,"flow_state":"info","flow_src_packets_processed":1,"flow_dst_packets_processed":1,"flow_first_seen":921159902141757,"flow_src_last_pkt_time":921159902141757,"flow_dst_last_pkt_time":921159902215272,"flow_idle_time":200000000,"flow_src_min_l4_payload_len":28,"flow_dst_min_l4_payload_len":0,"flow_src_max_l4_payload_len":28,"flow_dst_max_l4_payload_len":448,"flow_src_tot_l4_payload_len":28,"flow_dst_tot_l4_payload_len":448,"midstream":0,"thread_ts_usec":1639052947771491,"l3_proto":"ip6","src_ip":"3ffe:507::1:200:86ff:fe05:80da","dst_ip":"3ffe:501:4819::42","src_port":21554,"dst_port":5333,"l4_proto":"udp","flow_datalink":1,"flow_max_packets":5}
00849{"daemon_event_id":4,"daemon_event_name":"status","thread_id":0,"packet_id":5,"source":"cfgs\/default\/pcap\/custom_rules_ipv6.pcapng","alias":"nDPId-test","version":"1.7.0","ndpi_version":"4.15.0-5470-df94d7e","ndpi_api_version":13286,"size_per_flow":1448,"packets-captured":5,"packets-processed":4,"pfring_active":false,"pfring_recv":0,"pfring_drop":0,"pfring_shunt":0,"total-skipped-flows":0,"total-l4-payload-len":2926,"total-not-detected-flows":1,"total-guessed-flows":0,"total-detected-flows":2,"total-detection-updates":0,"total-updates":0,"current-active-flows":2,"total-active-flows":3,"total-idle-flows":1,"total-compressions":0,"total-compression-diff":0,"current-compression-diff":0,"global-alloc-count":0,"global-free-count":0,"global-alloc-bytes":0,"global-free-bytes":0,"total-events-serialized":15,"global_ts_usec":1697468695606215}
00799{"flow_event_id":1,"flow_event_name":"new","thread_id":0,"packet_id":5,"source":"cfgs\/default\/pcap\/custom_rules_ipv6.pcapng","alias":"nDPId-test","flow_id":4,"flow_state":"info","flow_src_packets_processed":1,"flow_dst_packets_processed":0,"flow_first_seen":1697468695606215,"flow_src_last_pkt_time":1697468695606215,"flow_dst_last_pkt_time":1697468695606215,"flow_idle_time":200000000,"flow_src_min_l4_payload_len":256,"flow_dst_min_l4_payload_len":0,"flow_src_max_l4_payload_len":256,"flow_dst_max_l4_payload_len":0,"flow_src_tot_l4_payload_len":256,"flow_dst_tot_l4_payload_len":0,"midstream":0,"thread_ts_usec":1697468695606215,"l3_proto":"ip6","src_ip":"fe80::76ac:b9ff:fe6c:c124","dst_ip":"ff02::1","src_port":12719,"dst_port":26993,"l4_proto":"udp","flow_datalink":1,"flow_max_packets":5}
00894{"packet_event_id":2,"packet_event_name":"packet-flow","thread_id":0,"packet_id":5,"source":"cfgs\/default\/pcap\/custom_rules_ipv6.pcapng","alias":"nDPId-test","flow_id":4,"flow_packet_id":1,"flow_src_last_pkt_time":1697468695606215,"flow_dst_last_pkt_time":1697468695606215,"flow_idle_time":200000000,"pkt_datalink":1,"pkt_caplen":318,"pkt_type":34525,"pkt_l3_offset":14,"pkt_l4_offset":54,"pkt_len":318,"pkt_l4_len":264,"thread_ts_usec":1697468695606215,"pkt":"MzMAAAABdKy5BVOoht1gCiQKAQgRAf6AAAAAAAAAdqy5\/\/5swST\/AgAAAAAAAAAAAAAAAAABMa9pcQEICAgCBgD8NQAEAAAAADUABAAAAAA1AAQAAAAANQAEAAAAADUABAAAAAA1AAQAAAAANQAEAAAAADUABAAAAAACAAp0rLlswSTAqAGKNQAEAAAAAAEABnSsuWzBJAoABAAaK9ALAApVQVAtQUMtUHJvDAAFVTdQRzIDACNCWi5xY2E5NTZ4XzYuNS4yOCsxNDQ5MS4yMzAxMjcuMTYxMhYADDYuNS4yOC4xNDQ5MRUABVU3UEcyFwABABgAAQAZAAEBGgABARMABnSsuWzBJBIABAAAAGwbAAUzLjQuMScACGzPYx5MclIbKgAQoL0SJJZDS0aMz2MeTHJSGywAAQA4AAEA"}
00799{"flow_event_id":1,"flow_event_name":"new","thread_id":0,"packet_id":6,"source":"cfgs\/default\/pcap\/custom_rules_ipv6.pcapng","alias":"nDPId-test","flow_id":5,"flow_state":"info","flow_src_packets_processed":1,"flow_dst_packets_processed":0,"flow_first_seen":1697468695606215,"flow_src_last_pkt_time":1697468695606215,"flow_dst_last_pkt_time":1697468695606215,"flow_idle_time":200000000,"flow_src_min_l4_payload_len":256,"flow_dst_min_l4_payload_len":0,"flow_src_max_l4_payload_len":256,"flow_dst_max_l4_payload_len":0,"flow_src_tot_l4_payload_len":256,"flow_dst_tot_l4_payload_len":0,"midstream":0,"thread_ts_usec":1697468695606215,"l3_proto":"ip6","src_ip":"fe80::76ac:b9ff:fedd:a1e2","dst_ip":"ff02::1","src_port":12719,"dst_port":26993,"l4_proto":"udp","flow_datalink":1,"flow_max_packets":5}
00895{"packet_event_id":2,"packet_event_name":"packet-flow","thread_id":0,"packet_id":6,"source":"cfgs\/default\/pcap\/custom_rules_ipv6.pcapng","alias":"nDPId-test","flow_id":5,"flow_packet_id":1,"flow_src_last_pkt_time":1697468695606215,"flow_dst_last_pkt_time":1697468695606215,"flow_idle_time":200000000,"pkt_datalink":1,"pkt_caplen":318,"pkt_type":34525,"pkt_l3_offset":14,"pkt_l4_offset":54,"pkt_len":318,"pkt_l4_len":264,"thread_ts_usec":1697468695606215,"pkt":"MzMAAAABdKy5\/u6bht1gCiQKAQgRAf6AAAAAAAAAdqy5\/\/7doeL\/AgAAAAAAAAAAAAAAAAABMa9pcQEIJtkCBgD8NQAEAAAAADUABAAAAAA1AAQAAAAANQAEAAAAADUABAAAAAA1AAQAAAAANQAEAAAAADUABAAAAAACAAp0rLlswSTAqAGKNQAEAAAAAAEABnSsuWzBJAoABAAaK9ALAApVQVAtQUMtUHJvDAAFVTdQRzIDACNCWi5xY2E5NTZ4XzYuNS4yOCsxNDQ5MS4yMzAxMjcuMTYxMhYADDYuNS4yOC4xNDQ5MRUABVU3UEcyFwABABgAAQAZAAEBGgABARMABnSsuWzBJBIABAAAAGwbAAUzLjQuMScACGzPYx5MclIbKgAQoL0SJJZDS0aMz2MeTHJSGywAAQA4AAEA"}
00799{"flow_event_id":1,"flow_event_name":"new","thread_id":0,"packet_id":7,"source":"cfgs\/default\/pcap\/custom_rules_ipv6.pcapng","alias":"nDPId-test","flow_id":6,"flow_state":"info","flow_src_packets_processed":1,"flow_dst_packets_processed":0,"flow_first_seen":1697468695606215,"flow_src_last_pkt_time":1697468695606215,"flow_dst_last_pkt_time":1697468695606215,"flow_idle_time":200000000,"flow_src_min_l4_payload_len":256,"flow_dst_min_l4_payload_len":0,"flow_src_max_l4_payload_len":256,"flow_dst_max_l4_payload_len":0,"flow_src_tot_l4_payload_len":256,"flow_dst_tot_l4_payload_len":0,"midstream":0,"thread_ts_usec":1697468695606215,"l3_proto":"ip6","src_ip":"fe80::76ac:b9ff:fe6c:c124","dst_ip":"ff02::1","src_port":12718,"dst_port":26993,"l4_proto":"udp","flow_datalink":1,"flow_max_packets":5}
00894{"packet_event_id":2,"packet_event_name":"packet-flow","thread_id":0,"packet_id":7,"source":"cfgs\/default\/pcap\/custom_rules_ipv6.pcapng","alias":"nDPId-test","flow_id":6,"flow_packet_id":1,"flow_src_last_pkt_time":1697468695606215,"flow_dst_last_pkt_time":1697468695606215,"flow_idle_time":200000000,"pkt_datalink":1,"pkt_caplen":318,"pkt_type":34525,"pkt_l3_offset":14,"pkt_l4_offset":54,"pkt_len":318,"pkt_l4_len":264,"thread_ts_usec":1697468695606215,"pkt":"MzMAAAABdKy5hQ8sht1gCiQKAQgRAf6AAAAAAAAAdqy5\/\/5swST\/AgAAAAAAAAAAAAAAAAABMa5pcQEICAkCBgD8NQAEAAAAADUABAAAAAA1AAQAAAAANQAEAAAAADUABAAAAAA1AAQAAAAANQAEAAAAADUABAAAAAACAAp0rLlswSTAqAGKNQAEAAAAAAEABnSsuWzBJAoABAAaK9ALAApVQVAtQUMtUHJvDAAFVTdQRzIDACNCWi5xY2E5NTZ4XzYuNS4yOCsxNDQ5MS4yMzAxMjcuMTYxMhYADDYuNS4yOC4xNDQ5MRUABVU3UEcyFwABABgAAQAZAAEBGgABARMABnSsuWzBJBIABAAAAGwbAAUzLjQuMScACGzPYx5MclIbKgAQoL0SJJZDS0aMz2MeTHJSGywAAQA4AAEA"}
00799{"flow_event_id":1,"flow_event_name":"new","thread_id":0,"packet_id":8,"source":"cfgs\/default\/pcap\/custom_rules_ipv6.pcapng","alias":"nDPId-test","flow_id":7,"flow_state":"info","flow_src_packets_processed":1,"flow_dst_packets_processed":0,"flow_first_seen":1697468695606215,"flow_src_last_pkt_time":1697468695606215,"flow_dst_last_pkt_time":1697468695606215,"flow_idle_time":200000000,"flow_src_min_l4_payload_len":256,"flow_dst_min_l4_payload_len":0,"flow_src_max_l4_payload_len":256,"flow_dst_max_l4_payload_len":0,"flow_src_tot_l4_payload_len":256,"flow_dst_tot_l4_payload_len":0,"midstream":0,"thread_ts_usec":1697468695606215,"l3_proto":"ip6","src_ip":"fe80::76ac:b9ff:fe6c:c124","dst_ip":"ff02::1","src_port":12717,"dst_port":64315,"l4_proto":"udp","flow_datalink":1,"flow_max_packets":5}
00894{"packet_event_id":2,"packet_event_name":"packet-flow","thread_id":0,"packet_id":8,"source":"cfgs\/default\/pcap\/custom_rules_ipv6.pcapng","alias":"nDPId-test","flow_id":7,"flow_packet_id":1,"flow_src_last_pkt_time":1697468695606215,"flow_dst_last_pkt_time":1697468695606215,"flow_idle_time":200000000,"pkt_datalink":1,"pkt_caplen":318,"pkt_type":34525,"pkt_l3_offset":14,"pkt_l4_offset":54,"pkt_len":318,"pkt_l4_len":264,"thread_ts_usec":1697468695606215,"pkt":"MzMAAAABdKy5V61Kht1gCiQKAQgRAf6AAAAAAAAAdqy5\/\/5swST\/AgAAAAAAAAAAAAAAAAABMa37OwEIdj8CBgD8NQAEAAAAADUABAAAAAA1AAQAAAAANQAEAAAAADUABAAAAAA1AAQAAAAANQAEAAAAADUABAAAAAACAAp0rLlswSTAqAGKNQAEAAAAAAEABnSsuWzBJAoABAAaK9ALAApVQVAtQUMtUHJvDAAFVTdQRzIDACNCWi5xY2E5NTZ4XzYuNS4yOCsxNDQ5MS4yMzAxMjcuMTYxMhYADDYuNS4yOC4xNDQ5MRUABVU3UEcyFwABABgAAQAZAAEBGgABARMABnSsuWzBJBIABAAAAGwbAAUzLjQuMScACGzPYx5MclIbKgAQoL0SJJZDS0aMz2MeTHJSGywAAQA4AAEA"}
01021{"flow_event_id":3,"flow_event_name":"idle","thread_id":0,"packet_id":8,"source":"cfgs\/default\/pcap\/custom_rules_ipv6.pcapng","alias":"nDPId-test","flow_id":2,"flow_state":"finished","flow_src_packets_processed":1,"flow_dst_packets_processed":0,"flow_first_seen":1639052947771491,"flow_src_last_pkt_time":1639052947771491,"flow_dst_last_pkt_time":1639052947771491,"flow_idle_time":200000000,"flow_src_min_l4_payload_len":1225,"flow_dst_min_l4_payload_len":0,"flow_src_max_l4_payload_len":1225,"flow_dst_max_l4_payload_len":0,"flow_src_tot_l4_payload_len":1225,"flow_dst_tot_l4_payload_len":0,"midstream":0,"thread_ts_usec":1697468695606215,"l3_proto":"ip6","src_ip":"247f:855b:5e16:3caf:3f2c:4134:9592:661b","dst_ip":"21bc:b273:7f68:88d7:77a8:585:3990:927b","src_port":100,"dst_port":1991,"l4_proto":"udp","flow_datalink":1,"flow_max_packets":5,"ndpi": {"confidence": {"6":"DPI"},"proto":"DTLS","proto_id":"30","proto_by_ip":"Unknown","proto_by_ip_id":0,"encrypted":1,"breed":"Safe","category_id":5,"category":"Web"}}
00928{"flow_event_id":9,"flow_event_name":"not-detected","thread_id":0,"packet_id":8,"source":"cfgs\/default\/pcap\/custom_rules_ipv6.pcapng","alias":"nDPId-test","flow_id":6,"flow_state":"info","flow_src_packets_processed":1,"flow_dst_packets_processed":0,"flow_first_seen":1697468695606215,"flow_src_last_pkt_time":1697468695606215,"flow_dst_last_pkt_time":1697468695606215,"flow_idle_time":200000000,"flow_src_min_l4_payload_len":256,"flow_dst_min_l4_payload_len":0,"flow_src_max_l4_payload_len":256,"flow_dst_max_l4_payload_len":0,"flow_src_tot_l4_payload_len":256,"flow_dst_tot_l4_payload_len":0,"midstream":0,"thread_ts_usec":1697468695606215,"l3_proto":"ip6","src_ip":"fe80::76ac:b9ff:fe6c:c124","dst_ip":"ff02::1","src_port":12718,"dst_port":26993,"l4_proto":"udp","ndpi": {"proto":"Unknown","proto_id":"0","proto_by_ip":"Unknown","proto_by_ip_id":0,"encrypted":0,"breed":"Unrated","category_id":0,"category":"Unspecified"}}
00800{"flow_event_id":3,"flow_event_name":"idle","thread_id":0,"packet_id":8,"source":"cfgs\/default\/pcap\/custom_rules_ipv6.pcapng","alias":"nDPId-test","flow_id":6,"flow_state":"info","flow_src_packets_processed":1,"flow_dst_packets_processed":0,"flow_first_seen":1697468695606215,"flow_src_last_pkt_time":1697468695606215,"flow_dst_last_pkt_time":1697468695606215,"flow_idle_time":200000000,"flow_src_min_l4_payload_len":256,"flow_dst_min_l4_payload_len":0,"flow_src_max_l4_payload_len":256,"flow_dst_max_l4_payload_len":0,"flow_src_tot_l4_payload_len":256,"flow_dst_tot_l4_payload_len":0,"midstream":0,"thread_ts_usec":1697468695606215,"l3_proto":"ip6","src_ip":"fe80::76ac:b9ff:fe6c:c124","dst_ip":"ff02::1","src_port":12718,"dst_port":26993,"l4_proto":"udp","flow_datalink":1,"flow_max_packets":5}
00928{"flow_event_id":9,"flow_event_name":"not-detected","thread_id":0,"packet_id":8,"source":"cfgs\/default\/pcap\/custom_rules_ipv6.pcapng","alias":"nDPId-test","flow_id":5,"flow_state":"info","flow_src_packets_processed":1,"flow_dst_packets_processed":0,"flow_first_seen":1697468695606215,"flow_src_last_pkt_time":1697468695606215,"flow_dst_last_pkt_time":1697468695606215,"flow_idle_time":200000000,"flow_src_min_l4_payload_len":256,"flow_dst_min_l4_payload_len":0,"flow_src_max_l4_payload_len":256,"flow_dst_max_l4_payload_len":0,"flow_src_tot_l4_payload_len":256,"flow_dst_tot_l4_payload_len":0,"midstream":0,"thread_ts_usec":1697468695606215,"l3_proto":"ip6","src_ip":"fe80::76ac:b9ff:fedd:a1e2","dst_ip":"ff02::1","src_port":12719,"dst_port":26993,"l4_proto":"udp","ndpi": {"proto":"Unknown","proto_id":"0","proto_by_ip":"Unknown","proto_by_ip_id":0,"encrypted":0,"breed":"Unrated","category_id":0,"category":"Unspecified"}}
00800{"flow_event_id":3,"flow_event_name":"idle","thread_id":0,"packet_id":8,"source":"cfgs\/default\/pcap\/custom_rules_ipv6.pcapng","alias":"nDPId-test","flow_id":5,"flow_state":"info","flow_src_packets_processed":1,"flow_dst_packets_processed":0,"flow_first_seen":1697468695606215,"flow_src_last_pkt_time":1697468695606215,"flow_dst_last_pkt_time":1697468695606215,"flow_idle_time":200000000,"flow_src_min_l4_payload_len":256,"flow_dst_min_l4_payload_len":0,"flow_src_max_l4_payload_len":256,"flow_dst_max_l4_payload_len":0,"flow_src_tot_l4_payload_len":256,"flow_dst_tot_l4_payload_len":0,"midstream":0,"thread_ts_usec":1697468695606215,"l3_proto":"ip6","src_ip":"fe80::76ac:b9ff:fedd:a1e2","dst_ip":"ff02::1","src_port":12719,"dst_port":26993,"l4_proto":"udp","flow_datalink":1,"flow_max_packets":5}
00928{"flow_event_id":9,"flow_event_name":"not-detected","thread_id":0,"packet_id":8,"source":"cfgs\/default\/pcap\/custom_rules_ipv6.pcapng","alias":"nDPId-test","flow_id":4,"flow_state":"info","flow_src_packets_processed":1,"flow_dst_packets_processed":0,"flow_first_seen":1697468695606215,"flow_src_last_pkt_time":1697468695606215,"flow_dst_last_pkt_time":1697468695606215,"flow_idle_time":200000000,"flow_src_min_l4_payload_len":256,"flow_dst_min_l4_payload_len":0,"flow_src_max_l4_payload_len":256,"flow_dst_max_l4_payload_len":0,"flow_src_tot_l4_payload_len":256,"flow_dst_tot_l4_payload_len":0,"midstream":0,"thread_ts_usec":1697468695606215,"l3_proto":"ip6","src_ip":"fe80::76ac:b9ff:fe6c:c124","dst_ip":"ff02::1","src_port":12719,"dst_port":26993,"l4_proto":"udp","ndpi": {"proto":"Unknown","proto_id":"0","proto_by_ip":"Unknown","proto_by_ip_id":0,"encrypted":0,"breed":"Unrated","category_id":0,"category":"Unspecified"}}
00800{"flow_event_id":3,"flow_event_name":"idle","thread_id":0,"packet_id":8,"source":"cfgs\/default\/pcap\/custom_rules_ipv6.pcapng","alias":"nDPId-test","flow_id":4,"flow_state":"info","flow_src_packets_processed":1,"flow_dst_packets_processed":0,"flow_first_seen":1697468695606215,"flow_src_last_pkt_time":1697468695606215,"flow_dst_last_pkt_time":1697468695606215,"flow_idle_time":200000000,"flow_src_min_l4_payload_len":256,"flow_dst_min_l4_payload_len":0,"flow_src_max_l4_payload_len":256,"flow_dst_max_l4_payload_len":0,"flow_src_tot_l4_payload_len":256,"flow_dst_tot_l4_payload_len":0,"midstream":0,"thread_ts_usec":1697468695606215,"l3_proto":"ip6","src_ip":"fe80::76ac:b9ff:fe6c:c124","dst_ip":"ff02::1","src_port":12719,"dst_port":26993,"l4_proto":"udp","flow_datalink":1,"flow_max_packets":5}
00928{"flow_event_id":9,"flow_event_name":"not-detected","thread_id":0,"packet_id":8,"source":"cfgs\/default\/pcap\/custom_rules_ipv6.pcapng","alias":"nDPId-test","flow_id":7,"flow_state":"info","flow_src_packets_processed":1,"flow_dst_packets_processed":0,"flow_first_seen":1697468695606215,"flow_src_last_pkt_time":1697468695606215,"flow_dst_last_pkt_time":1697468695606215,"flow_idle_time":200000000,"flow_src_min_l4_payload_len":256,"flow_dst_min_l4_payload_len":0,"flow_src_max_l4_payload_len":256,"flow_dst_max_l4_payload_len":0,"flow_src_tot_l4_payload_len":256,"flow_dst_tot_l4_payload_len":0,"midstream":0,"thread_ts_usec":1697468695606215,"l3_proto":"ip6","src_ip":"fe80::76ac:b9ff:fe6c:c124","dst_ip":"ff02::1","src_port":12717,"dst_port":64315,"l4_proto":"udp","ndpi": {"proto":"Unknown","proto_id":"0","proto_by_ip":"Unknown","proto_by_ip_id":0,"encrypted":0,"breed":"Unrated","category_id":0,"category":"Unspecified"}}
00800{"flow_event_id":3,"flow_event_name":"idle","thread_id":0,"packet_id":8,"source":"cfgs\/default\/pcap\/custom_rules_ipv6.pcapng","alias":"nDPId-test","flow_id":7,"flow_state":"info","flow_src_packets_processed":1,"flow_dst_packets_processed":0,"flow_first_seen":1697468695606215,"flow_src_last_pkt_time":1697468695606215,"flow_dst_last_pkt_time":1697468695606215,"flow_idle_time":200000000,"flow_src_min_l4_payload_len":256,"flow_dst_min_l4_payload_len":0,"flow_src_max_l4_payload_len":256,"flow_dst_max_l4_payload_len":0,"flow_src_tot_l4_payload_len":256,"flow_dst_tot_l4_payload_len":0,"midstream":0,"thread_ts_usec":1697468695606215,"l3_proto":"ip6","src_ip":"fe80::76ac:b9ff:fe6c:c124","dst_ip":"ff02::1","src_port":12717,"dst_port":64315,"l4_proto":"udp","flow_datalink":1,"flow_max_packets":5}
01024{"flow_event_id":3,"flow_event_name":"idle","thread_id":0,"packet_id":8,"source":"cfgs\/default\/pcap\/custom_rules_ipv6.pcapng","alias":"nDPId-test","flow_id":3,"flow_state":"finished","flow_src_packets_processed":1,"flow_dst_packets_processed":0,"flow_first_seen":1639052947771491,"flow_src_last_pkt_time":1639052947771491,"flow_dst_last_pkt_time":1639052947771491,"flow_idle_time":200000000,"flow_src_min_l4_payload_len":1225,"flow_dst_min_l4_payload_len":0,"flow_src_max_l4_payload_len":1225,"flow_dst_max_l4_payload_len":0,"flow_src_tot_l4_payload_len":1225,"flow_dst_tot_l4_payload_len":0,"midstream":0,"thread_ts_usec":1697468695606215,"l3_proto":"ip6","src_ip":"247f:855b:5e16:3caf:3f2c:4134:9592:661b","dst_ip":"21bc:b273:7f68:88d7:77a8:585:3990:927b","src_port":36098,"dst_port":50621,"l4_proto":"udp","flow_datalink":1,"flow_max_packets":5,"ndpi": {"confidence": {"6":"DPI"},"proto":"DTLS","proto_id":"30","proto_by_ip":"Unknown","proto_by_ip_id":0,"encrypted":1,"breed":"Safe","category_id":5,"category":"Web"}}
00851{"daemon_event_id":3,"daemon_event_name":"shutdown","thread_id":0,"packet_id":8,"source":"cfgs\/default\/pcap\/custom_rules_ipv6.pcapng","alias":"nDPId-test","version":"1.7.0","ndpi_version":"4.15.0-5470-df94d7e","ndpi_api_version":13286,"size_per_flow":1448,"packets-captured":8,"packets-processed":8,"pfring_active":false,"pfring_recv":0,"pfring_drop":0,"pfring_shunt":0,"total-skipped-flows":0,"total-l4-payload-len":3950,"total-not-detected-flows":5,"total-guessed-flows":0,"total-detected-flows":2,"total-detection-updates":0,"total-updates":0,"current-active-flows":0,"total-active-flows":7,"total-idle-flows":7,"total-compressions":0,"total-compression-diff":0,"current-compression-diff":0,"global-alloc-count":0,"global-free-count":0,"global-alloc-bytes":0,"global-free-bytes":0,"total-events-serialized":34,"global_ts_usec":1697468695606215}
~~~~~~~~~~~~~~~~~~~~ SUMMARY ~~~~~~~~~~~~~~~~~~~~
~~ packets captured/processed: 8/8
~~ skipped flows.............: 0
~~ total layer4 data length..: 3950 bytes
~~ total detected protocols..: 2
~~ total active/idle flows...: 7/7
~~ total timeout flows.......: 1
~~~~~~~~~~~~~~~~~~~~~~~~~~~~~~~~~~~~~~~~~~~~~~~~~
~~ total memory allocated....: 8628418 bytes
~~ total memory freed........: 8628418 bytes
~~ total allocations/frees...: 139866/139866
~~~~~~~~~~~~~~~~~~~~~~~~~~~~~~~~~~~~~~~~~~~~~~~~~
~~ json message min len.......: 593 chars
~~ json message max len.......: 2220 chars
~~ json message avg len.......: 1405 chars
