00616{"daemon_event_id":1,"daemon_event_name":"init","thread_id":0,"packet_id":0,"source":"cfgs\/default\/pcap\/dnscrypt-v2.pcap","alias":"nDPId-test","version":"1.7.0","ndpi_version":"4.15.0-5470-df94d7e","ndpi_api_version":13286,"size_per_flow":1448,"max-flows-per-thread":32768,"max-idle-flows-per-thread":1024,"reader-thread-count":1,"flow-scan-interval":10000000,"generic-max-idle-time":600000000,"icmp-max-idle-time":120000000,"udp-max-idle-time":180000000,"tcp-max-idle-time":7560000000,"max-packets-per-flow-to-send":5,"max-packets-per-flow-to-process":32,"max-packets-per-flow-to-analyse":32,"global_ts_usec":0}
00836{"daemon_event_id":4,"daemon_event_name":"status","thread_id":0,"packet_id":1,"source":"cfgs\/default\/pcap\/dnscrypt-v2.pcap","alias":"nDPId-test","version":"1.7.0","ndpi_version":"4.15.0-5470-df94d7e","ndpi_api_version":13286,"size_per_flow":1448,"packets-captured":1,"packets-processed":0,"pfring_active":false,"pfring_recv":0,"pfring_drop":0,"pfring_shunt":0,"total-skipped-flows":0,"total-l4-payload-len":0,"total-not-detected-flows":0,"total-guessed-flows":0,"total-detected-flows":0,"total-detection-updates":0,"total-updates":0,"current-active-flows":0,"total-active-flows":0,"total-idle-flows":0,"total-compressions":0,"total-compression-diff":0,"current-compression-diff":0,"global-alloc-count":0,"global-free-count":0,"global-alloc-bytes":0,"global-free-bytes":0,"total-events-serialized":2,"global_ts_usec":946760521313462}
00775{"flow_event_id":1,"flow_event_name":"new","thread_id":0,"packet_id":1,"source":"cfgs\/default\/pcap\/dnscrypt-v2.pcap","alias":"nDPId-test","flow_id":1,"flow_state":"info","flow_src_packets_processed":1,"flow_dst_packets_processed":0,"flow_first_seen":946760521313462,"flow_src_last_pkt_time":946760521313462,"flow_dst_last_pkt_time":946760521313462,"flow_idle_time":200000000,"flow_src_min_l4_payload_len":1088,"flow_dst_min_l4_payload_len":0,"flow_src_max_l4_payload_len":1088,"flow_dst_max_l4_payload_len":0,"flow_src_tot_l4_payload_len":1088,"flow_dst_tot_l4_payload_len":0,"midstream":0,"thread_ts_usec":946760521313462,"l3_proto":"ip4","src_ip":"127.0.0.1","dst_ip":"127.0.0.2","src_port":38650,"dst_port":5353,"l4_proto":"udp","flow_datalink":1,"flow_max_packets":5}
01994{"packet_event_id":2,"packet_event_name":"packet-flow","thread_id":0,"packet_id":1,"source":"cfgs\/default\/pcap\/dnscrypt-v2.pcap","alias":"nDPId-test","flow_id":1,"flow_packet_id":1,"flow_src_last_pkt_time":946760521313462,"flow_dst_last_pkt_time":946760521313462,"flow_idle_time":200000000,"pkt_datalink":1,"pkt_caplen":1130,"pkt_type":2048,"pkt_l3_offset":14,"pkt_l4_offset":34,"pkt_len":1130,"pkt_l4_len":1096,"thread_ts_usec":946760521313462,"pkt":"AABeAAEK6qmpVXFVCABFAARcbhBAALERNCZ\/AAABfwAAApb6FOkESCe048PqxHAbR9XexWcgBKkL3kOeOPWTE2vKv7G3b+NOW862Bvwb1rheRQpQUH1mr6e8OCu\/fibn8cYTAvsRcNZA8\/lTdO1zXx64xZvGw9jDVohyuD42K8UoR60NkNdqxmDm0qVliFWXizmljTn2lD7CTHoYDdzqjjkHmHHUYe7NejwHo7UzJLYj4uUoMZ5OBbpbxqfekl3zx\/Y\/4Zdyfk6\/03lvMbG9F2W\/akMw4XwHvq2g20\/z7ROpAn9pbnoIPgkT0bVLMUloa6KCu+fPabNALYQCzXjw1dWf3V3HgmcswkwsHKRU4IqCA\/69xcDmnZfgajXBSpNTdHGZU3HrpU7Y+zKoXZQEmeLc30bXeW5a9kf14ALJr7nP37xAYcN4G1BzEhKbbjiDg1A8CDSXiipFooV7yrAiiDZFfq27wAKZRhDngTzeslBwu2i9MUBFZfRNYKakWYXb0zhir5\/O29uGdH+oix0VAlOhQ1zI2Iy777Cmv9swWs1wCBkrJE\/94M4tHF8XTS+kICmBd4\/\/oCbnlEOyxgE0tpl\/nt7We2odNwl1bEewLva0FOnwrRvhVpfaOoXJc9u0J1yVggsuxaSQHVALa0pkLJp+\/KL1C5ympFZjeFktaMfNQOPv5Z3ESCDKvkHzBBiVXNmZyBQJjVm8OJ2VxCOFxQRcEAfIQp56nl1CI6spURDZCsZVp2WuwyXhdsymxVlmsZMvMariZ7h1rbuSEhdHqejvERJd+oAjcCDcUCZYn75DUrNO01fMsDJFP9eRjUktxwy4\/sGlfHHZsXsBQsVS+zNosEiqeQlMFWbk\/CQC\/Iy+m8JNr48sNXZTfXlgESJMZXIJGI3ZhFWluGHRiSLjWQPEgvt0+8gtmgy\/Sb56ZYrX4M7I0sBjqZhkP6vZD63SReYDlzFMUXd7hqpdFD+DjTIU374ZDUKtowMci+TNbopqyz97shtgi2xwOH9hFddB1RkG4yQjJkESvH+dEwGDhiyuqu1jbA0SFR8P5u+YYRQ+42CE\/iBU+jTsoOwxLsuWVcddU3vstbXn6rqxHgTXYGQFfuQtZFvSdKWnmTw8z9w8zndi+uHY\/vuoYXfx78owiiwhQhGyfvFoeyz6rWetZHRBw8zdBPggojOpslDYBovfLfe36dR5k4GtMpkpWYRt2em7VCMyF\/XbQIJEmhp+Ako20cMzqWuCfInK3G1X2JqV5rUe\/hqwd4JCyxrYqNuTc0r7m\/tXkqg9Pt8Nefpg\/ArWfvW+92iTAzlNVO3aq1ykTtQZiIeO81hVzagjUmsfI9nbIftuGPqsEIReSMuv5dWv6UgqYAe4C\/Xx87KHRwvxYrw2wdoQQVmttjR1\/zLAosSHz6yXxjq3yFjyK9Klg3OqBxrG0xMTunO9JWWEVDj8mxnhWJ808mUKd\/9SGzIWV6hSgWaIDqMtm18GCQPG3sT0f23Y6zC5qmo="}
00839{"packet_event_id":2,"packet_event_name":"packet-flow","thread_id":0,"packet_id":2,"source":"cfgs\/default\/pcap\/dnscrypt-v2.pcap","alias":"nDPId-test","flow_id":1,"flow_packet_id":2,"flow_src_last_pkt_time":946760521313462,"flow_dst_last_pkt_time":946760521327075,"flow_idle_time":200000000,"pkt_datalink":1,"pkt_caplen":282,"pkt_type":2048,"pkt_l3_offset":14,"pkt_l4_offset":34,"pkt_len":282,"pkt_l4_len":248,"thread_ts_usec":946760521327075,"pkt":"6qmpVXFVLGv1oHfACABFAAEMLuFAADYR8aV\/AAACfwAAARTplvoA+BE2cjZmbnZXajgKUFB9Zq+nvDgrv35wwPFkkokFr1FaigO8H+CEw9XZ9v94iKYdvhofH7\/r0T3rultZ9ZuMYw63KPKpYNyj1i2Vz2KxAnu1y9OcbN8hOMoWFrn1y\/BrWeycOMWNW\/UytoGW9Utt69PEyNka4RcvHRab4iJ\/YjjMR75dgU4mnlrydsdtgAPjXq8XLISW7\/42LpWK7O03ro1N2Q0h\/PZQAkZ8Yr116m7rrS+wia4dqoRvx+npPzTL2uTXQZk6coE4bD7nXs83zCQTiFsawPIKEo\/Czq95ZoX+83ElbKp2Lf2x5F0tvUmYWWas"}
00933{"flow_event_id":7,"flow_event_name":"detected","thread_id":0,"packet_id":2,"source":"cfgs\/default\/pcap\/dnscrypt-v2.pcap","alias":"nDPId-test","flow_id":1,"flow_state":"info","flow_src_packets_processed":1,"flow_dst_packets_processed":1,"flow_first_seen":946760521313462,"flow_src_last_pkt_time":946760521313462,"flow_dst_last_pkt_time":946760521327075,"flow_idle_time":200000000,"flow_src_min_l4_payload_len":1088,"flow_dst_min_l4_payload_len":0,"flow_src_max_l4_payload_len":1088,"flow_dst_max_l4_payload_len":240,"flow_src_tot_l4_payload_len":1088,"flow_dst_tot_l4_payload_len":240,"midstream":0,"thread_ts_usec":946760521327075,"l3_proto":"ip4","src_ip":"127.0.0.1","dst_ip":"127.0.0.2","src_port":38650,"dst_port":5353,"l4_proto":"udp","ndpi": {"confidence": {"6":"DPI"},"proto":"DNScrypt","proto_id":"208","proto_by_ip":"Unknown","proto_by_ip_id":0,"encrypted":1,"breed":"Acceptable","category_id":14,"category":"Network"}}
00775{"flow_event_id":1,"flow_event_name":"new","thread_id":0,"packet_id":3,"source":"cfgs\/default\/pcap\/dnscrypt-v2.pcap","alias":"nDPId-test","flow_id":2,"flow_state":"info","flow_src_packets_processed":1,"flow_dst_packets_processed":0,"flow_first_seen":946760605202862,"flow_src_last_pkt_time":946760605202862,"flow_dst_last_pkt_time":946760605202862,"flow_idle_time":200000000,"flow_src_min_l4_payload_len":1088,"flow_dst_min_l4_payload_len":0,"flow_src_max_l4_payload_len":1088,"flow_dst_max_l4_payload_len":0,"flow_src_tot_l4_payload_len":1088,"flow_dst_tot_l4_payload_len":0,"midstream":0,"thread_ts_usec":946760605202862,"l3_proto":"ip4","src_ip":"127.0.0.1","dst_ip":"127.0.0.2","src_port":42883,"dst_port":5353,"l4_proto":"udp","flow_datalink":1,"flow_max_packets":5}
01978{"packet_event_id":2,"packet_event_name":"packet-flow","thread_id":0,"packet_id":3,"source":"cfgs\/default\/pcap\/dnscrypt-v2.pcap","alias":"nDPId-test","flow_id":2,"flow_packet_id":1,"flow_src_last_pkt_time":946760605202862,"flow_dst_last_pkt_time":946760605202862,"flow_idle_time":200000000,"pkt_datalink":1,"pkt_caplen":1130,"pkt_type":2048,"pkt_l3_offset":14,"pkt_l4_offset":34,"pkt_len":1130,"pkt_l4_len":1096,"thread_ts_usec":946760605202862,"pkt":"AABeAAEK6qmpVXFVCABFAARcltdAALMRCV9\/AAABfwAAAqeDFOkESCe048PqxHAbR9XexWcgBKkL3kOeOPWTE2vKv7G3b+NOW862Bvwb1rheRfk4LvVMuzYHCM64aFNA6T05d8hUdeyA7alWJw86lEbUjUkUtbT59kH5jmUMy6TBNbA9cSZ8ylHF4RX6cVC46FgRWMG7UkBiuIGCYSDYj0qQHCgV\/uKPkd7y7W+9OzpH8mUK0FHIW++OejSvieZlNNJ7hSMqQWE6z3iyVzPN5bD2KljIJn1iUmfgz+QxSJuRx84RGS6ZLYT438yRBqXYq0Vwk3xAT2MdCKiMuYMGqjTyP8B2grnXj9xxXxku1yj6OtSn3nAOQMgpYIcCjgnWS0cRJegnnM5D0O11ZfcQB4Fewco0pEjSFK7kZnpZjtiHj5j7TxqMO4Vn4k86uxQk9GVEN2zODOYc\/yyQRJRQS1vdmwbB8pH1RY9RWIX7c72Uu8J9lT3tB12jgWk7JcvRj3kqUYiVaVTscNevFtQUPd0pSnuajXrJ+hzFBHsYRtQDq\/qTDyuwyCgb8nIkKE96dBEolcLL26\/EMH1RIcplKkl5QSamD4VBOpG8DQ1KIQd5gIQLhlPX6KKqy7L6Do2tx+7dCgtxx1E2Br5zMvuZ\/kHhX+MLJOr0\/iwBeAlPpj1PTcK\/rpOP\/M9aijTDmpjKLIyWYcCRi4HhnB137njSA378aWCbFQ7RmeSIy0aQhzqFaa24Ofa5nIsMouRW4f5GlNLyfxNzMEVOgMupxFBG2voNdFKwsRoKeLkMj7WOY2inFYOw5ZlvlEm8+KlPFlfAPPRaFc4wviLsHB1h5n0OE+4RJNAOIIQjqzgIlOSM8Nf6u6nK9U3brOit1rLsoNbz0kdvgGrYF8iE222nQnizwIIprECi+YiIB1JohhQC2SZBXTJZi6nmVjvNp1U7QtnqJmCDfn5dkvToJTtLdfNYaPdwYRqh9PCxdqOx4DZSEWB8Mcmvv2RlvIDRk4YB8sEcsvl8H3KjJrRLlS2VHOyhoRF4eQShnYQaWWTTPhLW1WnZkJv3V+hfXyWkKSlLqRNpdP6XlsM5ekn2bbYMJyF9X1PMYbcE30O7Cu2G1r8dj6Q3hhF0SdQ5eGuZYgYWN9RTyONhRRMvxQMrb9jKfwKGrdQlTE6utG21dom5hBW5JyJ8gXtHSffRdH1zebg16GOd\/Kdg8neHvERpHgJtjc6onWBEeYVMSOIgY3FsrOPw8Z+8m14x9gAOfHtLW669SkRJ\/5Oy1nHFue3eMdLOD17GsJC9ipo8Nt7h+s4mrZ48orMsFI5zdxcpuO5qIX7Jeo5cM7okkhYTz8e15mkxVdno5gBtUAf8t\/L2X1vjjlcGsVoQKrJmRP1jJTumUkNQcgjkM9fu5JPFOO495nbtE9aMELyNvGpZMayoVzo0osCoDkba4s3ZTHe2irNjakWpfqIdatMniQsiKVkXUcZgJzdhkXaFhlfKxLQ3rNM="}
00753{"packet_event_id":2,"packet_event_name":"packet-flow","thread_id":0,"packet_id":4,"source":"cfgs\/default\/pcap\/dnscrypt-v2.pcap","alias":"nDPId-test","flow_id":2,"flow_packet_id":2,"flow_src_last_pkt_time":946760605202862,"flow_dst_last_pkt_time":946760605216429,"flow_idle_time":200000000,"pkt_datalink":1,"pkt_caplen":218,"pkt_type":2048,"pkt_l3_offset":14,"pkt_l4_offset":34,"pkt_len":218,"pkt_l4_len":184,"thread_ts_usec":946760605216429,"pkt":"6qmpVXFVLGv1oHfACABFAADMP0VAADYR4YF\/AAACfwAAARTpp4MAuJEqcjZmbnZXajj5OC71TLs2BwjOuGgg3QrBP5tprFLasOGCi79PkXAdV2PVq+xNqpM\/kysCzgq0+LOYozLThXw1WZc0FtoVVEapHJrtR+84oNppbLRDK7JMS7PVvGlgxZODr7UkO1B\/D0uRd283CHNw\/vIL9BRqAsong3oxZiw5zr2Y3a2cdTof4h\/tWWCDrx7A7RBVG\/GNrFPjnEGOMX+8J1XSUzpJoAL2W7tia8a8E6E="}
00933{"flow_event_id":7,"flow_event_name":"detected","thread_id":0,"packet_id":4,"source":"cfgs\/default\/pcap\/dnscrypt-v2.pcap","alias":"nDPId-test","flow_id":2,"flow_state":"info","flow_src_packets_processed":1,"flow_dst_packets_processed":1,"flow_first_seen":946760605202862,"flow_src_last_pkt_time":946760605202862,"flow_dst_last_pkt_time":946760605216429,"flow_idle_time":200000000,"flow_src_min_l4_payload_len":1088,"flow_dst_min_l4_payload_len":0,"flow_src_max_l4_payload_len":1088,"flow_dst_max_l4_payload_len":176,"flow_src_tot_l4_payload_len":1088,"flow_dst_tot_l4_payload_len":176,"midstream":0,"thread_ts_usec":946760605216429,"l3_proto":"ip4","src_ip":"127.0.0.1","dst_ip":"127.0.0.2","src_port":42883,"dst_port":5353,"l4_proto":"udp","ndpi": {"confidence": {"6":"DPI"},"proto":"DNScrypt","proto_id":"208","proto_by_ip":"Unknown","proto_by_ip_id":0,"encrypted":1,"breed":"Acceptable","category_id":14,"category":"Network"}}
00775{"flow_event_id":1,"flow_event_name":"new","thread_id":0,"packet_id":5,"source":"cfgs\/default\/pcap\/dnscrypt-v2.pcap","alias":"nDPId-test","flow_id":3,"flow_state":"info","flow_src_packets_processed":1,"flow_dst_packets_processed":0,"flow_first_seen":946760605285191,"flow_src_last_pkt_time":946760605285191,"flow_dst_last_pkt_time":946760605285191,"flow_idle_time":200000000,"flow_src_min_l4_payload_len":1088,"flow_dst_min_l4_payload_len":0,"flow_src_max_l4_payload_len":1088,"flow_dst_max_l4_payload_len":0,"flow_src_tot_l4_payload_len":1088,"flow_dst_tot_l4_payload_len":0,"midstream":0,"thread_ts_usec":946760605285191,"l3_proto":"ip4","src_ip":"127.0.0.1","dst_ip":"127.0.0.2","src_port":50893,"dst_port":5353,"l4_proto":"udp","flow_datalink":1,"flow_max_packets":5}
01990{"packet_event_id":2,"packet_event_name":"packet-flow","thread_id":0,"packet_id":5,"source":"cfgs\/default\/pcap\/dnscrypt-v2.pcap","alias":"nDPId-test","flow_id":3,"flow_packet_id":1,"flow_src_last_pkt_time":946760605285191,"flow_dst_last_pkt_time":946760605285191,"flow_idle_time":200000000,"pkt_datalink":1,"pkt_caplen":1130,"pkt_type":2048,"pkt_l3_offset":14,"pkt_l4_offset":34,"pkt_len":1130,"pkt_l4_len":1096,"thread_ts_usec":946760605285191,"pkt":"AABeAAEK6qmpVXFVCABFAARclutAALMRCUt\/AAABfwAAAsbNFOkESCe048PqxHAbR9XexWcgBKkL3kOeOPWTE2vKv7G3b+NOW862Bvwb1rheRQw0qtTPgEfkm2BM74ld5CA+W62jGSnjSdoiN3bn9c9nxUkSoDVOuV\/3s7ElHCemxe0UkD1LvUy8p8mkYiyJByZqh\/TL+tyM9BYbJLyKl4eVVVUmkWzlIkQ8\/WuhnpFa3Pnl4FCof4Z1AFcjqWHjHTbQ00s\/sO6ObqcqEHiFQ3+hFKPz9bBRBZWfeqEU3hWWN4OunVcVjBVIH+oyNnf9Ldqyao3Hv1uVLcFryZLWtSTQ+TUZP7RHtGoj4axNiM4Sz7wu2+uP+AibNzkF1m9ssUSp2rQ7tNTH+uxSW1kUeR+13R3ypCAFwJqw\/VTXgzMfvcjuBPHrlpMxG36nZL\/+zwmhxqACloTIurY1g7wfxGufh02FIVF4K+Jc183KeSLvKymakWl1jrazrxgKDGwzCmkm\/qXsOyxoyVo59boGN73vaAXF8yLnk\/4vNz04JxTScUka4TOHKUXW8ZZ543tFdfRvtM2NKx84KnERvuwI\/uotbd04NQpoVtEiRRZMADKfart6vq32P23lHeY6n+mIbu2PA0gvFaxx5jWM3JmDKSD0o30ViNPe03NlnYSlQiW5FJ\/53xHptvxGrdm48kY+bJUL4BJa9O5+PfC0wB2a+yNdgtZ8d2Ojegp\/kYc3D4fTqTKjslUMThhuPbtzJcJR7XXfKIBDV5cnnDp7d+CI2Oar3wr\/zAoz9VHG24IjueUhl9sB9wO4qD\/KiPSpxNze8cwgJ24e6LGZ2e3Ay\/9kJIVk41uXqrdi54bVgXRXtvYhvorxpHXFV0LMZL2KCV8o9YlluRovDnaKb2GjLy3\/KKvuxcfe8RkRT3HoRtfYQolh6A5Hcjo\/jY6K8WK9AYDN4oGnBq2Zj4\/\/kX6Io7WhFljPtCYlDuu6c2DaooeLWfDA4aiTOcgajr55j+xPLf7QCmTIPnSNaljtC8eAv2zKtaHTOxfqBnVS2qgCianNYsfZKJnMugiHwOoaiJRwFh7pRkLQHsaRmUwL7vL3V61gMAYHLFcSc9eFMEELE0f\/ZCqihiDw76bxMzGRDmA2k1dv1pc9dZ99Ue\/PDqBzsXDzW0KYkSPi3FTRTVCcb3S1zt0x0i8Xn8a9DcLUqsCeFC+tn1mb0dgeRDdkXiH6Q6fSweEw2PTotOKU\/j9hJM680iuH5tTNwSeded2TpAJ0+s\/qihZjedAPyx6rLEqze3DvE7LdsxMHpTPE+MsP5MLsZXG4gnX+29YRCkNE3C55pGXwdkjw9WH9Kilh0MC0xfYccaNmVdRLqWcpDKmsXOheBIMt\/4erfzigzbscKLMVmi73r5KGkOYVsW04yU067zltq+0GH3UBPFcd61oBOkbsGPO4r1UmBlHZJoz0lwKh1rV3nPuBv46M4MKI6eSRqOL4FFePLAO7NiaYa+o="}
01013{"packet_event_id":2,"packet_event_name":"packet-flow","thread_id":0,"packet_id":6,"source":"cfgs\/default\/pcap\/dnscrypt-v2.pcap","alias":"nDPId-test","flow_id":3,"flow_packet_id":2,"flow_src_last_pkt_time":946760605285191,"flow_dst_last_pkt_time":946760605298451,"flow_idle_time":200000000,"pkt_datalink":1,"pkt_caplen":410,"pkt_type":2048,"pkt_l3_offset":14,"pkt_l4_offset":34,"pkt_len":410,"pkt_l4_len":376,"thread_ts_usec":946760605298451,"pkt":"6qmpVXFVLGv1oHfACABFAAGMP3pAADYR4Ix\/AAACfwAAARTpxs0BeEafcjZmbnZXajgMNKrUz4BH5JtgTO\/vSxmsaEEZ\/CAi1tHviASLJ0uizAKXOLABetwgqhCo5m4k1iiphPsQtmERIqMf5JqXqiSdLy1Ba297cOraSOTaFHJWit3rzIV3AowJFomZ6bNGgpjxuYxUP4ApyAtzXYDJCYeu\/TSh4Op6+VkA6r1rjj0eFvuUrgX0XUc9PplmByW+parwj6z4sTPvV7M24c3XCf31OpXMDgENn0dC\/NtCYAPIhFy5yJH4NN0uv+wCzBvfx5hamAafH0ucNQEWgtIToY\/UKfIcB1p2Rmxkik4bx1XvJZRpgatWlKpSSZ2osdUqE0Gf6dev8q1ZEmaD+Nt91oo9gqW7UnB\/A+rnjMC7Jl4QB0mRDv3NPjcpvDGjZgxCT\/Cm8FWDlE6PMnj9qJUAbU8j4wyOOwo1LdjYHrXav+2Cx6qKLtaO9UmFpkeQ1L0Y\/fU\/6vod5MZsIE9xe3xRC2JrvS8Zsa2Q5fU="}
00933{"flow_event_id":7,"flow_event_name":"detected","thread_id":0,"packet_id":6,"source":"cfgs\/default\/pcap\/dnscrypt-v2.pcap","alias":"nDPId-test","flow_id":3,"flow_state":"info","flow_src_packets_processed":1,"flow_dst_packets_processed":1,"flow_first_seen":946760605285191,"flow_src_last_pkt_time":946760605285191,"flow_dst_last_pkt_time":946760605298451,"flow_idle_time":200000000,"flow_src_min_l4_payload_len":1088,"flow_dst_min_l4_payload_len":0,"flow_src_max_l4_payload_len":1088,"flow_dst_max_l4_payload_len":368,"flow_src_tot_l4_payload_len":1088,"flow_dst_tot_l4_payload_len":368,"midstream":0,"thread_ts_usec":946760605298451,"l3_proto":"ip4","src_ip":"127.0.0.1","dst_ip":"127.0.0.2","src_port":50893,"dst_port":5353,"l4_proto":"udp","ndpi": {"confidence": {"6":"DPI"},"proto":"DNScrypt","proto_id":"208","proto_by_ip":"Unknown","proto_by_ip_id":0,"encrypted":1,"breed":"Acceptable","category_id":14,"category":"Network"}}
00972{"flow_event_id":3,"flow_event_name":"idle","thread_id":0,"packet_id":6,"source":"cfgs\/default\/pcap\/dnscrypt-v2.pcap","alias":"nDPId-test","flow_id":1,"flow_state":"finished","flow_src_packets_processed":1,"flow_dst_packets_processed":1,"flow_first_seen":946760521313462,"flow_src_last_pkt_time":946760521313462,"flow_dst_last_pkt_time":946760521327075,"flow_idle_time":200000000,"flow_src_min_l4_payload_len":1088,"flow_dst_min_l4_payload_len":0,"flow_src_max_l4_payload_len":1088,"flow_dst_max_l4_payload_len":240,"flow_src_tot_l4_payload_len":1088,"flow_dst_tot_l4_payload_len":240,"midstream":0,"thread_ts_usec":946760605298451,"l3_proto":"ip4","src_ip":"127.0.0.1","dst_ip":"127.0.0.2","src_port":38650,"dst_port":5353,"l4_proto":"udp","flow_datalink":1,"flow_max_packets":5,"ndpi": {"confidence": {"6":"DPI"},"proto":"DNScrypt","proto_id":"208","proto_by_ip":"Unknown","proto_by_ip_id":0,"encrypted":1,"breed":"Acceptable","category_id":14,"category":"Network"}}
00972{"flow_event_id":3,"flow_event_name":"idle","thread_id":0,"packet_id":6,"source":"cfgs\/default\/pcap\/dnscrypt-v2.pcap","alias":"nDPId-test","flow_id":2,"flow_state":"finished","flow_src_packets_processed":1,"flow_dst_packets_processed":1,"flow_first_seen":946760605202862,"flow_src_last_pkt_time":946760605202862,"flow_dst_last_pkt_time":946760605216429,"flow_idle_time":200000000,"flow_src_min_l4_payload_len":1088,"flow_dst_min_l4_payload_len":0,"flow_src_max_l4_payload_len":1088,"flow_dst_max_l4_payload_len":176,"flow_src_tot_l4_payload_len":1088,"flow_dst_tot_l4_payload_len":176,"midstream":0,"thread_ts_usec":946760605298451,"l3_proto":"ip4","src_ip":"127.0.0.1","dst_ip":"127.0.0.2","src_port":42883,"dst_port":5353,"l4_proto":"udp","flow_datalink":1,"flow_max_packets":5,"ndpi": {"confidence": {"6":"DPI"},"proto":"DNScrypt","proto_id":"208","proto_by_ip":"Unknown","proto_by_ip_id":0,"encrypted":1,"breed":"Acceptable","category_id":14,"category":"Network"}}
00972{"flow_event_id":3,"flow_event_name":"idle","thread_id":0,"packet_id":6,"source":"cfgs\/default\/pcap\/dnscrypt-v2.pcap","alias":"nDPId-test","flow_id":3,"flow_state":"finished","flow_src_packets_processed":1,"flow_dst_packets_processed":1,"flow_first_seen":946760605285191,"flow_src_last_pkt_time":946760605285191,"flow_dst_last_pkt_time":946760605298451,"flow_idle_time":200000000,"flow_src_min_l4_payload_len":1088,"flow_dst_min_l4_payload_len":0,"flow_src_max_l4_payload_len":1088,"flow_dst_max_l4_payload_len":368,"flow_src_tot_l4_payload_len":1088,"flow_dst_tot_l4_payload_len":368,"midstream":0,"thread_ts_usec":946760605298451,"l3_proto":"ip4","src_ip":"127.0.0.1","dst_ip":"127.0.0.2","src_port":50893,"dst_port":5353,"l4_proto":"udp","flow_datalink":1,"flow_max_packets":5,"ndpi": {"confidence": {"6":"DPI"},"proto":"DNScrypt","proto_id":"208","proto_by_ip":"Unknown","proto_by_ip_id":0,"encrypted":1,"breed":"Acceptable","category_id":14,"category":"Network"}}
00842{"daemon_event_id":3,"daemon_event_name":"shutdown","thread_id":0,"packet_id":6,"source":"cfgs\/default\/pcap\/dnscrypt-v2.pcap","alias":"nDPId-test","version":"1.7.0","ndpi_version":"4.15.0-5470-df94d7e","ndpi_api_version":13286,"size_per_flow":1448,"packets-captured":6,"packets-processed":6,"pfring_active":false,"pfring_recv":0,"pfring_drop":0,"pfring_shunt":0,"total-skipped-flows":0,"total-l4-payload-len":4048,"total-not-detected-flows":0,"total-guessed-flows":0,"total-detected-flows":3,"total-detection-updates":0,"total-updates":0,"current-active-flows":0,"total-active-flows":3,"total-idle-flows":3,"total-compressions":0,"total-compression-diff":0,"current-compression-diff":0,"global-alloc-count":0,"global-free-count":0,"global-alloc-bytes":0,"global-free-bytes":0,"total-events-serialized":18,"global_ts_usec":946760605298451}
~~~~~~~~~~~~~~~~~~~~ SUMMARY ~~~~~~~~~~~~~~~~~~~~
~~ packets captured/processed: 6/6
~~ skipped flows.............: 0
~~ total layer4 data length..: 4048 bytes
~~ total detected protocols..: 3
~~ total active/idle flows...: 3/3
~~ total timeout flows.......: 0
~~~~~~~~~~~~~~~~~~~~~~~~~~~~~~~~~~~~~~~~~~~~~~~~~
~~ total memory allocated....: 8618819 bytes
~~ total memory freed........: 8618819 bytes
~~ total allocations/frees...: 139826/139826
~~~~~~~~~~~~~~~~~~~~~~~~~~~~~~~~~~~~~~~~~~~~~~~~~
~~ json message min len.......: 621 chars
~~ json message max len.......: 1999 chars
~~ json message avg len.......: 1309 chars
