00623{"daemon_event_id":1,"daemon_event_name":"init","thread_id":0,"packet_id":0,"source":"cfgs\/default\/pcap\/dtls_old_version.pcapng","alias":"nDPId-test","version":"1.7.0","ndpi_version":"4.15.0-5458-1216ec6","ndpi_api_version":13268,"size_per_flow":1448,"max-flows-per-thread":32768,"max-idle-flows-per-thread":1024,"reader-thread-count":1,"flow-scan-interval":10000000,"generic-max-idle-time":600000000,"icmp-max-idle-time":120000000,"udp-max-idle-time":180000000,"tcp-max-idle-time":7560000000,"max-packets-per-flow-to-send":5,"max-packets-per-flow-to-process":32,"max-packets-per-flow-to-analyse":32,"global_ts_usec":0}
00844{"daemon_event_id":4,"daemon_event_name":"status","thread_id":0,"packet_id":1,"source":"cfgs\/default\/pcap\/dtls_old_version.pcapng","alias":"nDPId-test","version":"1.7.0","ndpi_version":"4.15.0-5458-1216ec6","ndpi_api_version":13268,"size_per_flow":1448,"packets-captured":1,"packets-processed":0,"pfring_active":false,"pfring_recv":0,"pfring_drop":0,"pfring_shunt":0,"total-skipped-flows":0,"total-l4-payload-len":0,"total-not-detected-flows":0,"total-guessed-flows":0,"total-detected-flows":0,"total-detection-updates":0,"total-updates":0,"current-active-flows":0,"total-active-flows":0,"total-idle-flows":0,"total-compressions":0,"total-compression-diff":0,"current-compression-diff":0,"global-alloc-count":0,"global-free-count":0,"global-alloc-bytes":0,"global-free-bytes":0,"total-events-serialized":2,"global_ts_usec":1592388130600596}
00784{"flow_event_id":1,"flow_event_name":"new","thread_id":0,"packet_id":1,"source":"cfgs\/default\/pcap\/dtls_old_version.pcapng","alias":"nDPId-test","flow_id":1,"flow_state":"info","flow_src_packets_processed":1,"flow_dst_packets_processed":0,"flow_first_seen":1592388130600596,"flow_src_last_pkt_time":1592388130600596,"flow_dst_last_pkt_time":1592388130600596,"flow_idle_time":200000000,"flow_src_min_l4_payload_len":99,"flow_dst_min_l4_payload_len":0,"flow_src_max_l4_payload_len":99,"flow_dst_max_l4_payload_len":0,"flow_src_tot_l4_payload_len":99,"flow_dst_tot_l4_payload_len":0,"midstream":0,"thread_ts_usec":1592388130600596,"l3_proto":"ip4","src_ip":"37.188.4.115","dst_ip":"70.66.6.128","src_port":56453,"dst_port":443,"l4_proto":"udp","flow_datalink":1,"flow_max_packets":5}
00658{"packet_event_id":2,"packet_event_name":"packet-flow","thread_id":0,"packet_id":1,"source":"cfgs\/default\/pcap\/dtls_old_version.pcapng","alias":"nDPId-test","flow_id":1,"flow_packet_id":1,"flow_src_last_pkt_time":1592388130600596,"flow_dst_last_pkt_time":1592388130600596,"flow_idle_time":200000000,"pkt_datalink":1,"pkt_caplen":141,"pkt_type":2048,"pkt_l3_offset":14,"pkt_l4_offset":34,"pkt_len":141,"pkt_l4_len":107,"thread_ts_usec":1592388130600596,"pkt":"AAAAAAAAAAYArvxgCABFAAB\/OTwAAH8Ri0ElvARzRkIGgNyFAbsAaxY5FgEAAAAAAAAAAAAAVgEAAEoAAAAAAAAASgEAXunqImL3nzdrUBZ\/BhfTQm46UvY\/Zrav40oHNoY96qUgA8IpvhXWIFFe7w7KCq\/byTjgCP7o8hqBpXIG\/Tdba9gAAAIANQEA"}
01053{"flow_event_id":7,"flow_event_name":"detected","thread_id":0,"packet_id":1,"source":"cfgs\/default\/pcap\/dtls_old_version.pcapng","alias":"nDPId-test","flow_id":1,"flow_state":"info","flow_src_packets_processed":1,"flow_dst_packets_processed":0,"flow_first_seen":1592388130600596,"flow_src_last_pkt_time":1592388130600596,"flow_dst_last_pkt_time":1592388130600596,"flow_idle_time":200000000,"flow_src_min_l4_payload_len":99,"flow_dst_min_l4_payload_len":0,"flow_src_max_l4_payload_len":99,"flow_dst_max_l4_payload_len":0,"flow_src_tot_l4_payload_len":99,"flow_dst_tot_l4_payload_len":0,"midstream":0,"thread_ts_usec":1592388130600596,"l3_proto":"ip4","src_ip":"37.188.4.115","dst_ip":"70.66.6.128","src_port":56453,"dst_port":443,"l4_proto":"udp","ndpi": {"flow_risk": {"7": {"risk":"Obsolete TLS (v1.1 or older)","severity":"High","risk_score": {"total":310,"client":275,"server":35}}},"confidence": {"6":"DPI"},"proto":"DTLS","proto_id":"30","proto_by_ip":"Unknown","proto_by_ip_id":0,"encrypted":1,"breed":"Safe","category_id":5,"category":"Web"}}
00658{"packet_event_id":2,"packet_event_name":"packet-flow","thread_id":0,"packet_id":2,"source":"cfgs\/default\/pcap\/dtls_old_version.pcapng","alias":"nDPId-test","flow_id":1,"flow_packet_id":2,"flow_src_last_pkt_time":1592388131604491,"flow_dst_last_pkt_time":1592388130600596,"flow_idle_time":200000000,"pkt_datalink":1,"pkt_caplen":141,"pkt_type":2048,"pkt_l3_offset":14,"pkt_l4_offset":34,"pkt_len":141,"pkt_l4_len":107,"thread_ts_usec":1592388131604491,"pkt":"AAAAAAAAAAYArvxgCABFAAB\/OUAAAH8Riz0lvARzRkIGgNyFAbsAaxY5FgEAAAAAAAAAAAAAVgEAAEoAAAAAAAAASgEAXunqImL3nzdrUBZ\/BhfTQm46UvY\/Zrav40oHNoY96qUgA8IpvhXWIFFe7w7KCq\/byTjgCP7o8hqBpXIG\/Tdba9gAAAIANQEA"}
00582{"packet_event_id":2,"packet_event_name":"packet-flow","thread_id":0,"packet_id":3,"source":"cfgs\/default\/pcap\/dtls_old_version.pcapng","alias":"nDPId-test","flow_id":1,"flow_packet_id":3,"flow_src_last_pkt_time":1592388131604491,"flow_dst_last_pkt_time":1592388131689130,"flow_idle_time":200000000,"pkt_datalink":1,"pkt_caplen":90,"pkt_type":2048,"pkt_l3_offset":14,"pkt_l4_offset":34,"pkt_len":90,"pkt_l4_len":56,"thread_ts_usec":1592388131689130,"pkt":"AAAAAAAAAAYArvxgCABFAABM6u4AAPIRZsFGQgaAJbwEcwG73IUAOKixFgEAAAAAAAAAAAAAIwMAABcAAAAAAAAAFwEAFJQvJfDCZcKI8kzWgOcHI1Oo1d90"}
00658{"packet_event_id":2,"packet_event_name":"packet-flow","thread_id":0,"packet_id":4,"source":"cfgs\/default\/pcap\/dtls_old_version.pcapng","alias":"nDPId-test","flow_id":1,"flow_packet_id":4,"flow_src_last_pkt_time":1592388133613774,"flow_dst_last_pkt_time":1592388131689130,"flow_idle_time":200000000,"pkt_datalink":1,"pkt_caplen":141,"pkt_type":2048,"pkt_l3_offset":14,"pkt_l4_offset":34,"pkt_len":141,"pkt_l4_len":107,"thread_ts_usec":1592388133613774,"pkt":"AAAAAAAAAAYArvxgCABFAAB\/OUYAAH8RizclvARzRkIGgNyFAbsAaxY5FgEAAAAAAAAAAAAAVgEAAEoAAAAAAAAASgEAXunqImL3nzdrUBZ\/BhfTQm46UvY\/Zrav40oHNoY96qUgA8IpvhXWIFFe7w7KCq\/byTjgCP7o8hqBpXIG\/Tdba9gAAAIANQEA"}
00582{"packet_event_id":2,"packet_event_name":"packet-flow","thread_id":0,"packet_id":5,"source":"cfgs\/default\/pcap\/dtls_old_version.pcapng","alias":"nDPId-test","flow_id":1,"flow_packet_id":5,"flow_src_last_pkt_time":1592388133613774,"flow_dst_last_pkt_time":1592388133698009,"flow_idle_time":200000000,"pkt_datalink":1,"pkt_caplen":90,"pkt_type":2048,"pkt_l3_offset":14,"pkt_l4_offset":34,"pkt_len":90,"pkt_l4_len":56,"thread_ts_usec":1592388133698009,"pkt":"AAAAAAAAAAYArvxgCABFAABM9VcAAPIRXFhGQgaAJbwEcwG73IUAOKixFgEAAAAAAAAAAAAAIwMAABcAAAAAAAAAFwEAFJQvJfDCZcKI8kzWgOcHI1Oo1d90"}
01170{"flow_event_id":8,"flow_event_name":"detection-update","thread_id":0,"packet_id":7,"source":"cfgs\/default\/pcap\/dtls_old_version.pcapng","alias":"nDPId-test","flow_id":1,"flow_state":"info","flow_src_packets_processed":4,"flow_dst_packets_processed":3,"flow_first_seen":1592388130600596,"flow_src_last_pkt_time":1592388137732924,"flow_dst_last_pkt_time":1592388137817410,"flow_idle_time":200000000,"flow_src_min_l4_payload_len":99,"flow_dst_min_l4_payload_len":0,"flow_src_max_l4_payload_len":119,"flow_dst_max_l4_payload_len":188,"flow_src_tot_l4_payload_len":416,"flow_dst_tot_l4_payload_len":284,"midstream":0,"thread_ts_usec":1592388137817410,"l3_proto":"ip4","src_ip":"37.188.4.115","dst_ip":"70.66.6.128","src_port":56453,"dst_port":443,"l4_proto":"udp","ndpi": {"flow_risk": {"7": {"risk":"Obsolete TLS (v1.1 or older)","severity":"High","risk_score": {"total":310,"client":275,"server":35}},"8": {"risk":"Weak TLS Cipher","severity":"High","risk_score": {"total":150,"client":135,"server":15}}},"confidence": {"6":"DPI"},"proto":"DTLS","proto_id":"30","proto_by_ip":"Unknown","proto_by_ip_id":0,"encrypted":1,"breed":"Safe","category_id":5,"category":"Web"}}
01201{"flow_event_id":3,"flow_event_name":"idle","thread_id":0,"packet_id":7,"source":"cfgs\/default\/pcap\/dtls_old_version.pcapng","alias":"nDPId-test","flow_id":1,"flow_state":"finished","flow_src_packets_processed":4,"flow_dst_packets_processed":3,"flow_first_seen":1592388130600596,"flow_src_last_pkt_time":1592388137732924,"flow_dst_last_pkt_time":1592388137817410,"flow_idle_time":200000000,"flow_src_min_l4_payload_len":99,"flow_dst_min_l4_payload_len":0,"flow_src_max_l4_payload_len":119,"flow_dst_max_l4_payload_len":188,"flow_src_tot_l4_payload_len":416,"flow_dst_tot_l4_payload_len":284,"midstream":0,"thread_ts_usec":1592388137817410,"l3_proto":"ip4","src_ip":"37.188.4.115","dst_ip":"70.66.6.128","src_port":56453,"dst_port":443,"l4_proto":"udp","flow_datalink":1,"flow_max_packets":5,"ndpi": {"flow_risk": {"7": {"risk":"Obsolete TLS (v1.1 or older)","severity":"High","risk_score": {"total":310,"client":275,"server":35}},"8": {"risk":"Weak TLS Cipher","severity":"High","risk_score": {"total":150,"client":135,"server":15}}},"confidence": {"6":"DPI"},"proto":"DTLS","proto_id":"30","proto_by_ip":"Unknown","proto_by_ip_id":0,"encrypted":1,"breed":"Safe","category_id":5,"category":"Web"}}
00849{"daemon_event_id":3,"daemon_event_name":"shutdown","thread_id":0,"packet_id":7,"source":"cfgs\/default\/pcap\/dtls_old_version.pcapng","alias":"nDPId-test","version":"1.7.0","ndpi_version":"4.15.0-5458-1216ec6","ndpi_api_version":13268,"size_per_flow":1448,"packets-captured":7,"packets-processed":7,"pfring_active":false,"pfring_recv":0,"pfring_drop":0,"pfring_shunt":0,"total-skipped-flows":0,"total-l4-payload-len":700,"total-not-detected-flows":0,"total-guessed-flows":0,"total-detected-flows":1,"total-detection-updates":1,"total-updates":0,"current-active-flows":0,"total-active-flows":1,"total-idle-flows":1,"total-compressions":0,"total-compression-diff":0,"current-compression-diff":0,"global-alloc-count":0,"global-free-count":0,"global-alloc-bytes":0,"global-free-bytes":0,"total-events-serialized":12,"global_ts_usec":1592388137817410}
~~~~~~~~~~~~~~~~~~~~ SUMMARY ~~~~~~~~~~~~~~~~~~~~
~~ packets captured/processed: 7/7
~~ skipped flows.............: 0
~~ total layer4 data length..: 700 bytes
~~ total detected protocols..: 1
~~ total active/idle flows...: 1/1
~~ total timeout flows.......: 0
~~~~~~~~~~~~~~~~~~~~~~~~~~~~~~~~~~~~~~~~~~~~~~~~~
~~ total memory allocated....: 8613899 bytes
~~ total memory freed........: 8613899 bytes
~~ total allocations/frees...: 139804/139804
~~~~~~~~~~~~~~~~~~~~~~~~~~~~~~~~~~~~~~~~~~~~~~~~~
~~ json message min len.......: 587 chars
~~ json message max len.......: 1206 chars
~~ json message avg len.......: 884 chars
