00584{"daemon_event_id":1,"daemon_event_name":"init","thread_id":0,"packet_id":0,"source":"cfgs\/default\/pcap\/fastcgi.pcap","alias":"nDPId-test","version":"","ndpi_version":"","ndpi_api_version":0,"size_per_flow":1480,"max-flows-per-thread":32768,"max-idle-flows-per-thread":1024,"reader-thread-count":1,"flow-scan-interval":10000000,"generic-max-idle-time":600000000,"icmp-max-idle-time":120000000,"udp-max-idle-time":180000000,"tcp-max-idle-time":7560000000,"max-packets-per-flow-to-send":5,"max-packets-per-flow-to-process":32,"max-packets-per-flow-to-analyse":32,"global_ts_usec":0}
00805{"daemon_event_id":4,"daemon_event_name":"status","thread_id":0,"packet_id":1,"source":"cfgs\/default\/pcap\/fastcgi.pcap","alias":"nDPId-test","version":"","ndpi_version":"","ndpi_api_version":0,"size_per_flow":1480,"packets-captured":1,"packets-processed":0,"pfring_active":false,"pfring_recv":0,"pfring_drop":0,"pfring_shunt":0,"total-skipped-flows":0,"total-l4-payload-len":0,"total-not-detected-flows":0,"total-guessed-flows":0,"total-detected-flows":0,"total-detection-updates":0,"total-updates":0,"current-active-flows":0,"total-active-flows":0,"total-idle-flows":0,"total-compressions":0,"total-compression-diff":0,"current-compression-diff":0,"global-alloc-count":0,"global-free-count":0,"global-alloc-bytes":0,"global-free-bytes":0,"total-events-serialized":2,"global_ts_usec":1280403893598699}
00766{"flow_event_id":1,"flow_event_name":"new","thread_id":0,"packet_id":1,"source":"cfgs\/default\/pcap\/fastcgi.pcap","alias":"nDPId-test","flow_id":1,"flow_state":"info","flow_src_packets_processed":1,"flow_dst_packets_processed":0,"flow_first_seen":1280403893598699,"flow_src_last_pkt_time":1280403893598699,"flow_dst_last_pkt_time":1280403893598699,"flow_idle_time":7580000000,"flow_src_min_l4_payload_len":0,"flow_dst_min_l4_payload_len":0,"flow_src_max_l4_payload_len":0,"flow_dst_max_l4_payload_len":0,"flow_src_tot_l4_payload_len":0,"flow_dst_tot_l4_payload_len":0,"midstream":0,"thread_ts_usec":1280403893598699,"l3_proto":"ip4","src_ip":"10.0.0.9","dst_ip":"10.0.0.11","src_port":38254,"dst_port":9000,"l4_proto":"tcp","flow_datalink":1,"flow_max_packets":5}
00552{"packet_event_id":2,"packet_event_name":"packet-flow","thread_id":0,"packet_id":1,"source":"cfgs\/default\/pcap\/fastcgi.pcap","alias":"nDPId-test","flow_id":1,"flow_packet_id":1,"flow_src_last_pkt_time":1280403893598699,"flow_dst_last_pkt_time":1280403893598699,"flow_idle_time":7580000000,"pkt_datalink":1,"pkt_caplen":74,"pkt_type":2048,"pkt_l3_offset":14,"pkt_l4_offset":34,"pkt_len":74,"pkt_l4_len":40,"thread_ts_usec":1280403893598699,"pkt":"ABzEfBq8AAvNgo+GCABFAAA8aJRAAEAGvhQKAAAJCgAAC5VuIyi+0TJPAAAAAKACFtD1nwAAAgQFtAQCCAoi61rbAAAAAAEDAwY="}
00553{"packet_event_id":2,"packet_event_name":"packet-flow","thread_id":0,"packet_id":2,"source":"cfgs\/default\/pcap\/fastcgi.pcap","alias":"nDPId-test","flow_id":1,"flow_packet_id":2,"flow_src_last_pkt_time":1280403893598699,"flow_dst_last_pkt_time":1280403893598868,"flow_idle_time":7580000000,"pkt_datalink":1,"pkt_caplen":74,"pkt_type":2048,"pkt_l3_offset":14,"pkt_l4_offset":34,"pkt_len":74,"pkt_l4_len":40,"thread_ts_usec":1280403893598868,"pkt":"AAvNgo+GABzEfBq8CABFAAA8AABAAEAGJqkKAAALCgAACSMolW5v2bTavtEyUKASFqBTYwAAAgQFtAQCCAoN02\/TIuta2wEDAwc="}
00541{"packet_event_id":2,"packet_event_name":"packet-flow","thread_id":0,"packet_id":3,"source":"cfgs\/default\/pcap\/fastcgi.pcap","alias":"nDPId-test","flow_id":1,"flow_packet_id":3,"flow_src_last_pkt_time":1280403893598925,"flow_dst_last_pkt_time":1280403893598868,"flow_idle_time":7580000000,"pkt_datalink":1,"pkt_caplen":66,"pkt_type":2048,"pkt_l3_offset":14,"pkt_l4_offset":34,"pkt_len":66,"pkt_l4_len":32,"thread_ts_usec":1280403893598925,"pkt":"ABzEfBq8AAvNgo+GCABFAAA0aJVAAEAGvhsKAAAJCgAAC5VuIyi+0TJQb9m024AQAFyYcwAAAQEICiLrWtsN02\/T"}
00565{"packet_event_id":2,"packet_event_name":"packet-flow","thread_id":0,"packet_id":4,"source":"cfgs\/default\/pcap\/fastcgi.pcap","alias":"nDPId-test","flow_id":1,"flow_packet_id":4,"flow_src_last_pkt_time":1280403893598967,"flow_dst_last_pkt_time":1280403893598868,"flow_idle_time":7580000000,"pkt_datalink":1,"pkt_caplen":82,"pkt_type":2048,"pkt_l3_offset":14,"pkt_l4_offset":34,"pkt_len":82,"pkt_l4_len":48,"thread_ts_usec":1280403893598967,"pkt":"ABzEfBq8AAvNgo+GCABFAABEaJZAAEAGvgoKAAAJCgAAC5VuIyi+0TJQb9m024AYAFwUSgAAAQEICiLrWtsN02\/TAQEAAQAIAAAAAQEAAAAAAA=="}
01955{"packet_event_id":2,"packet_event_name":"packet-flow","thread_id":0,"packet_id":5,"source":"cfgs\/default\/pcap\/fastcgi.pcap","alias":"nDPId-test","flow_id":1,"flow_packet_id":5,"flow_src_last_pkt_time":1280403893599034,"flow_dst_last_pkt_time":1280403893598868,"flow_idle_time":7580000000,"pkt_datalink":1,"pkt_caplen":1121,"pkt_type":2048,"pkt_l3_offset":14,"pkt_l4_offset":34,"pkt_len":1121,"pkt_l4_len":1087,"thread_ts_usec":1280403893599034,"pkt":"ABzEfBq8AAvNgo+GCABFAARTaJdAAEAGufoKAAAJCgAAC5VuIyi+0TJgb9m024AYAFwYWQAAAQEICiLrWtsN02\/TAQQAAQQXAAAKDFNDUklQVF9VUkwvYXBpLzAuNi9tYXAKKFNDUklQVF9VUklodHRwOi8vYXBpLm9wZW5zdHJlZXRtYXAub3JnL2FwaS8wLjYvbWFwDQ5CQUxBTkNFUl9OQU1FYmFsYW5jZXI6Ly9tYXAUFkJBTEFOQ0VSX1dPUktFUl9OQU1FZmNnaTovLzEwLjAuMC4xMTo5MDAwLxUAQkFMQU5DRVJfV09SS0VSX1JPVVRFCRVIVFRQX0hPU1RhcGkub3BlbnN0cmVldG1hcC5vcmcPGUhUVFBfVVNFUl9BR0VOVGR1bW15X2FnZW50ICAgZHVtbXlfYWdlbnQLA0hUVFBfQUNDRVBUKi8qFAVIVFRQX0FDQ0VQVF9MQU5HVUFHRWVuLXVzFA1IVFRQX0FDQ0VQVF9FTkNPRElOR2d6aXAsIGRlZmxhdGUPCkhUVFBfQ09OTkVDVElPTmtlZXAtYWxpdmUEHFBBVEgvdXNyL2xvY2FsL2JpbjovdXNyL2JpbjovYmluEFJTRVJWRVJfU0lHTkFUVVJFPGFkZHJlc3M+QXBhY2hlLzIuMi4xNCAoVWJ1bnR1KSBTZXJ2ZXIgYXQgYXBpLm9wZW5zdHJlZXRtYXAub3JnIFBvcnQgODA8L2FkZHJlc3M+Cg8WU0VSVkVSX1NPRlRXQVJFQXBhY2hlLzIuMi4xNCAoVWJ1bnR1KQsVU0VSVkVSX05BTUVhcGkub3BlbnN0cmVldG1hcC5vcmcLDlNFUlZFUl9BRERSMTI4LjQwLjE2OC4xMDULAlNFUlZFUl9QT1JUODALDVJFTU9URV9BRERSMjE3LjE2OS4xNy4yNw0SRE9DVU1FTlRfUk9PVC9ob21lL3JhaWxzL3B1YmxpYwwbU0VSVkVSX0FETUlOd2VibWFzdGVyQG9wZW5zdHJlZXRtYXAub3JnD1FTQ1JJUFRfRklMRU5BTUVwcm94eTpiYWxhbmNlcjovL21hcC9hcGkvMC42L21hcD9iYm94PS02NC4yMTc3MzYsLTMxLjQ1NjgxMCwtNjQuMTg3NzM2LC0zMS40MzIzMjILBVJFTU9URV9QT1JUNTA5OTgRB0dBVEVXQVlfSU5URVJGQUNFQ0dJLzEuMQ8IU0VSVkVSX1BST1RPQ09MSFRUUC8xLjEOA1JFUVVFU1RfTUVUSE9ER0VUDDBRVUVSWV9TVFJJTkdiYm94PS02NC4yMTc3MzYsLTMxLjQ1NjgxMCwtNjQuMTg3NzM2LC0zMS40MzIzMjILPVJFUVVFU1RfVVJJL2FwaS8wLjYvbWFwP2Jib3g9LTY0LjIxNzczNiwtMzEuNDU2ODEwLC02NC4xODc3MzYsLTMxLjQzMjMyMgsMU0NSSVBUX05BTUUvYXBpLzAuNi9tYXA="}
00919{"flow_event_id":7,"flow_event_name":"detected","thread_id":0,"packet_id":5,"source":"cfgs\/default\/pcap\/fastcgi.pcap","alias":"nDPId-test","flow_id":1,"flow_state":"info","flow_src_packets_processed":4,"flow_dst_packets_processed":1,"flow_first_seen":1280403893598699,"flow_src_last_pkt_time":1280403893599034,"flow_dst_last_pkt_time":1280403893598868,"flow_idle_time":7580000000,"flow_src_min_l4_payload_len":0,"flow_dst_min_l4_payload_len":0,"flow_src_max_l4_payload_len":1055,"flow_dst_max_l4_payload_len":0,"flow_src_tot_l4_payload_len":1071,"flow_dst_tot_l4_payload_len":0,"midstream":0,"thread_ts_usec":1280403893599034,"l3_proto":"ip4","src_ip":"10.0.0.9","dst_ip":"10.0.0.11","src_port":38254,"dst_port":9000,"l4_proto":"tcp","ndpi": {"confidence": {"6":"DPI"},"proto":"FastCGI","proto_id":"310","proto_by_ip":"Unknown","proto_by_ip_id":0,"encrypted":0,"breed":"Safe","category_id":14,"category":"Network"}}
02157{"flow_event_id":5,"flow_event_name":"analyse","thread_id":0,"packet_id":32,"source":"cfgs\/default\/pcap\/fastcgi.pcap","alias":"nDPId-test","flow_id":1,"flow_state":"finished","flow_src_packets_processed":16,"flow_dst_packets_processed":16,"flow_first_seen":1280403893598699,"flow_src_last_pkt_time":1280403895619664,"flow_dst_last_pkt_time":1280403895619673,"flow_idle_time":7580000000,"flow_src_min_l4_payload_len":0,"flow_dst_min_l4_payload_len":0,"flow_src_max_l4_payload_len":1055,"flow_dst_max_l4_payload_len":1448,"flow_src_tot_l4_payload_len":1095,"flow_dst_tot_l4_payload_len":14480,"midstream":0,"thread_ts_usec":1280403895619673,"l3_proto":"ip4","src_ip":"10.0.0.9","dst_ip":"10.0.0.11","src_port":38254,"dst_port":9000,"l4_proto":"tcp","flow_datalink":1,"flow_max_packets":5,"data_analysis": {"iat": {"min":12,"avg":130385.1,"max":2020143,"stddev":496240.3,"var":246254469120.0,"ent":1.0,"data": [169,226,42,67,15,217,77,12,83,12,48,16,2019881,2020143,186,63,52,55,94,90,42,33,32,28,26,27,50,53,34,34,32]},"pktlen": {"min":52,"avg":539.2,"max":1500,"stddev":672.8,"var":452637.9,"ent":3.9,"data": [60,60,52,68,1107,60,52,60,60,52,52,52,52,1500,52,1500,52,1500,52,1500,52,1500,52,1500,52,1500,52,1500,52,1500,52,1500]},"bins": {"c_to_s": [15,0,0,0,0,0,0,0,0,0,0,0,0,0,0,0,0,0,0,0,0,0,0,0,0,0,0,0,0,0,0,0,1,0,0,0,0,0,0,0,0,0,0,0,0,0,0,0],"s_to_c": [6,0,0,0,0,0,0,0,0,0,0,0,0,0,0,0,0,0,0,0,0,0,0,0,0,0,0,0,0,0,0,0,0,0,0,0,0,0,0,0,0,0,0,0,0,10,0,0]},"directions": [0,1,0,0,0,0,1,0,0,1,1,1,1,1,0,1,0,1,0,1,0,1,0,1,0,1,0,1,0,1,0,1],"entropies": [4.423614979,4.926749229,4.700937271,4.233195782,6.033331394,4.550921917,4.686420441,4.550921917,4.550921917,4.686420441,4.624014378,4.686420441,4.724881649,7.641661644,4.854783535,7.763941288,4.854784012,7.761142254,4.777860165,7.844599247,4.891996861,7.826266289,4.815073490,7.841456413,4.815073490,7.847429752,4.815073490,7.852382183,4.891996861,7.847055912,4.815073490,7.805794239]},"ndpi": {"confidence": {"6":"DPI"},"proto":"FastCGI","proto_id":"310","proto_by_ip":"Unknown","proto_by_ip_id":0,"encrypted":0,"breed":"Safe","category_id":14,"category":"Network","hostname":"api.openstreetmap.org"}}
01003{"flow_event_id":2,"flow_event_name":"end","thread_id":0,"packet_id":102,"source":"cfgs\/default\/pcap\/fastcgi.pcap","alias":"nDPId-test","flow_id":1,"flow_state":"finished","flow_src_packets_processed":48,"flow_dst_packets_processed":54,"flow_first_seen":1280403893598699,"flow_src_last_pkt_time":1280403897015424,"flow_dst_last_pkt_time":1280403897015595,"flow_idle_time":7580000000,"flow_src_min_l4_payload_len":0,"flow_dst_min_l4_payload_len":0,"flow_src_max_l4_payload_len":1055,"flow_dst_max_l4_payload_len":1448,"flow_src_tot_l4_payload_len":1095,"flow_dst_tot_l4_payload_len":64400,"midstream":0,"thread_ts_usec":1280403897015595,"l3_proto":"ip4","src_ip":"10.0.0.9","dst_ip":"10.0.0.11","src_port":38254,"dst_port":9000,"l4_proto":"tcp","flow_datalink":1,"flow_max_packets":5,"ndpi": {"confidence": {"6":"DPI"},"proto":"FastCGI","proto_id":"310","proto_by_ip":"Unknown","proto_by_ip_id":0,"encrypted":0,"breed":"Safe","category_id":14,"category":"Network","hostname":"api.openstreetmap.org"}}
00818{"daemon_event_id":3,"daemon_event_name":"shutdown","thread_id":0,"packet_id":102,"source":"cfgs\/default\/pcap\/fastcgi.pcap","alias":"nDPId-test","version":"","ndpi_version":"","ndpi_api_version":0,"size_per_flow":1480,"packets-captured":102,"packets-processed":102,"pfring_active":false,"pfring_recv":0,"pfring_drop":0,"pfring_shunt":0,"total-skipped-flows":0,"total-l4-payload-len":65495,"total-not-detected-flows":0,"total-guessed-flows":0,"total-detected-flows":1,"total-detection-updates":0,"total-updates":0,"current-active-flows":0,"total-active-flows":1,"total-idle-flows":1,"total-compressions":0,"total-compression-diff":0,"current-compression-diff":0,"global-alloc-count":0,"global-free-count":0,"global-alloc-bytes":0,"global-free-bytes":0,"total-events-serialized":12,"global_ts_usec":1280403897015595}
~~~~~~~~~~~~~~~~~~~~ SUMMARY ~~~~~~~~~~~~~~~~~~~~
~~ packets captured/processed: 102/102
~~ skipped flows.............: 0
~~ total layer4 data length..: 65495 bytes
~~ total detected protocols..: 1
~~ total active/idle flows...: 1/1
~~ total timeout flows.......: 0
~~~~~~~~~~~~~~~~~~~~~~~~~~~~~~~~~~~~~~~~~~~~~~~~~
~~ total memory allocated....: 9414217 bytes
~~ total memory freed........: 9414217 bytes
~~ total allocations/frees...: 154602/154602
~~~~~~~~~~~~~~~~~~~~~~~~~~~~~~~~~~~~~~~~~~~~~~~~~
~~ json message min len.......: 546 chars
~~ json message max len.......: 2162 chars
~~ json message avg len.......: 1323 chars
