00590{"daemon_event_id":1,"daemon_event_name":"init","thread_id":0,"packet_id":0,"source":"cfgs\/default\/pcap\/ftp-start-tls.pcap","alias":"nDPId-test","version":"","ndpi_version":"","ndpi_api_version":0,"size_per_flow":1448,"max-flows-per-thread":32768,"max-idle-flows-per-thread":1024,"reader-thread-count":1,"flow-scan-interval":10000000,"generic-max-idle-time":600000000,"icmp-max-idle-time":120000000,"udp-max-idle-time":180000000,"tcp-max-idle-time":7560000000,"max-packets-per-flow-to-send":5,"max-packets-per-flow-to-process":32,"max-packets-per-flow-to-analyse":32,"global_ts_usec":0}
00811{"daemon_event_id":4,"daemon_event_name":"status","thread_id":0,"packet_id":1,"source":"cfgs\/default\/pcap\/ftp-start-tls.pcap","alias":"nDPId-test","version":"","ndpi_version":"","ndpi_api_version":0,"size_per_flow":1448,"packets-captured":1,"packets-processed":0,"pfring_active":false,"pfring_recv":0,"pfring_drop":0,"pfring_shunt":0,"total-skipped-flows":0,"total-l4-payload-len":0,"total-not-detected-flows":0,"total-guessed-flows":0,"total-detected-flows":0,"total-detection-updates":0,"total-updates":0,"current-active-flows":0,"total-active-flows":0,"total-idle-flows":0,"total-compressions":0,"total-compression-diff":0,"current-compression-diff":0,"global-alloc-count":0,"global-free-count":0,"global-alloc-bytes":0,"global-free-bytes":0,"total-events-serialized":2,"global_ts_usec":1383123629078448}
00777{"flow_event_id":1,"flow_event_name":"new","thread_id":0,"packet_id":1,"source":"cfgs\/default\/pcap\/ftp-start-tls.pcap","alias":"nDPId-test","flow_id":1,"flow_state":"info","flow_src_packets_processed":1,"flow_dst_packets_processed":0,"flow_first_seen":1383123629078448,"flow_src_last_pkt_time":1383123629078448,"flow_dst_last_pkt_time":1383123629078448,"flow_idle_time":7580000000,"flow_src_min_l4_payload_len":0,"flow_dst_min_l4_payload_len":0,"flow_src_max_l4_payload_len":0,"flow_dst_max_l4_payload_len":0,"flow_src_tot_l4_payload_len":0,"flow_dst_tot_l4_payload_len":0,"midstream":0,"thread_ts_usec":1383123629078448,"l3_proto":"ip4","src_ip":"10.238.26.36","dst_ip":"10.220.50.76","src_port":62092,"dst_port":21,"l4_proto":"tcp","flow_datalink":1,"flow_max_packets":5}
00538{"packet_event_id":2,"packet_event_name":"packet-flow","thread_id":0,"packet_id":1,"source":"cfgs\/default\/pcap\/ftp-start-tls.pcap","alias":"nDPId-test","flow_id":1,"flow_packet_id":1,"flow_src_last_pkt_time":1383123629078448,"flow_dst_last_pkt_time":1383123629078448,"flow_idle_time":7580000000,"pkt_datalink":1,"pkt_caplen":60,"pkt_type":2048,"pkt_l3_offset":14,"pkt_l4_offset":34,"pkt_len":60,"pkt_l4_len":24,"thread_ts_usec":1383123629078448,"pkt":"AAAAEAAU3NL8+wOhCABFOAAs3ocAAP8GetIK7hokCtwyTPKMABUzQlCKAAAAAGACIACjMgAAAgQCAAAA"}
00538{"packet_event_id":2,"packet_event_name":"packet-flow","thread_id":0,"packet_id":2,"source":"cfgs\/default\/pcap\/ftp-start-tls.pcap","alias":"nDPId-test","flow_id":1,"flow_packet_id":2,"flow_src_last_pkt_time":1383123629078448,"flow_dst_last_pkt_time":1383123629078863,"flow_idle_time":7580000000,"pkt_datalink":1,"pkt_caplen":60,"pkt_type":2048,"pkt_l3_offset":14,"pkt_l4_offset":34,"pkt_len":60,"pkt_l4_len":24,"thread_ts_usec":1383123629078863,"pkt":"AAAAEAAU3NL8+wOhCABFAAAs+dJAAD8G378K3DJMCu4aJAAV8owdfc81M0JQi2ASwAASugAAAgQFtAAA"}
00538{"packet_event_id":2,"packet_event_name":"packet-flow","thread_id":0,"packet_id":3,"source":"cfgs\/default\/pcap\/ftp-start-tls.pcap","alias":"nDPId-test","flow_id":1,"flow_packet_id":3,"flow_src_last_pkt_time":1383123629078448,"flow_dst_last_pkt_time":1383123629078997,"flow_idle_time":7580000000,"pkt_datalink":1,"pkt_caplen":60,"pkt_type":2048,"pkt_l3_offset":14,"pkt_l4_offset":34,"pkt_len":60,"pkt_l4_len":24,"thread_ts_usec":1383123629078997,"pkt":"AAAAEAAU3NL8+wOhCABFAAAs+dJAAD0G4b8K3DJMCu4aJAAV8owdfc81M0JQi2ASwAASugAAAgQFtAAA"}
00538{"packet_event_id":2,"packet_event_name":"packet-flow","thread_id":0,"packet_id":4,"source":"cfgs\/default\/pcap\/ftp-start-tls.pcap","alias":"nDPId-test","flow_id":1,"flow_packet_id":4,"flow_src_last_pkt_time":1383123629079701,"flow_dst_last_pkt_time":1383123629078997,"flow_idle_time":7580000000,"pkt_datalink":1,"pkt_caplen":60,"pkt_type":2048,"pkt_l3_offset":14,"pkt_l4_offset":34,"pkt_len":60,"pkt_l4_len":20,"thread_ts_usec":1383123629079701,"pkt":"AAAAEAAU3NL8+wOhCABFOAAo3ogAAP8GetUK7hokCtwyTPKMABUzQlCLHX3PNlAQIADKdwAAAAAAAAAA"}
00632{"packet_event_id":2,"packet_event_name":"packet-flow","thread_id":0,"packet_id":5,"source":"cfgs\/default\/pcap\/ftp-start-tls.pcap","alias":"nDPId-test","flow_id":1,"flow_packet_id":5,"flow_src_last_pkt_time":1383123629079701,"flow_dst_last_pkt_time":1383123629094027,"flow_idle_time":7580000000,"pkt_datalink":1,"pkt_caplen":127,"pkt_type":2048,"pkt_l3_offset":14,"pkt_l4_offset":34,"pkt_len":127,"pkt_l4_len":93,"thread_ts_usec":1383123629094027,"pkt":"AAAAEAAU3NL8+wOhCABFAABx+dNAAD8G33kK3DJMCu4aJAAV8owdfc82M0JQi1AYwADV8wAAMjIwICJBdXRob3JpemVkIHVzZXJzIG9ubHkuIEFsbCBhY3Rpdml0eSBtYXkgYmUgbW9uaXRvcmVkIGFuZCByZXBvcnRlZCINCg=="}
01048{"flow_event_id":7,"flow_event_name":"detected","thread_id":0,"packet_id":10,"source":"cfgs\/default\/pcap\/ftp-start-tls.pcap","alias":"nDPId-test","flow_id":1,"flow_state":"info","flow_src_packets_processed":3,"flow_dst_packets_processed":7,"flow_first_seen":1383123629078448,"flow_src_last_pkt_time":1383123629097508,"flow_dst_last_pkt_time":1383123629098894,"flow_idle_time":7580000000,"flow_src_min_l4_payload_len":0,"flow_dst_min_l4_payload_len":0,"flow_src_max_l4_payload_len":10,"flow_dst_max_l4_payload_len":73,"flow_src_tot_l4_payload_len":10,"flow_dst_tot_l4_payload_len":177,"midstream":0,"thread_ts_usec":1383123629098894,"l3_proto":"ip4","src_ip":"10.238.26.36","dst_ip":"10.220.50.76","src_port":62092,"dst_port":21,"l4_proto":"tcp","ndpi": {"flow_risk": {"22": {"risk":"Unsafe Protocol","severity":"Low","risk_score": {"total":450,"client":345,"server":105}}},"confidence": {"6":"DPI"},"proto":"FTPS","proto_id":"311","proto_by_ip":"Unknown","proto_by_ip_id":0,"encrypted":1,"breed":"Unsafe","category_id":7,"category":"Download"}}
01290{"flow_event_id":8,"flow_event_name":"detection-update","thread_id":0,"packet_id":12,"source":"cfgs\/default\/pcap\/ftp-start-tls.pcap","alias":"nDPId-test","flow_id":1,"flow_state":"info","flow_src_packets_processed":4,"flow_dst_packets_processed":8,"flow_first_seen":1383123629078448,"flow_src_last_pkt_time":1383123629101855,"flow_dst_last_pkt_time":1383123629098899,"flow_idle_time":7580000000,"flow_src_min_l4_payload_len":0,"flow_dst_min_l4_payload_len":0,"flow_src_max_l4_payload_len":150,"flow_dst_max_l4_payload_len":73,"flow_src_tot_l4_payload_len":160,"flow_dst_tot_l4_payload_len":208,"midstream":0,"thread_ts_usec":1383123629101855,"l3_proto":"ip4","src_ip":"10.238.26.36","dst_ip":"10.220.50.76","src_port":62092,"dst_port":21,"l4_proto":"tcp","ndpi": {"flow_risk": {"15": {"risk":"TLS (probably) Not Carrying HTTPS","severity":"Low","risk_score": {"total":460,"client":410,"server":50}},"22": {"risk":"Unsafe Protocol","severity":"Low","risk_score": {"total":450,"client":345,"server":105}},"24": {"risk":"Missing SNI TLS Extn","severity":"Medium","risk_score": {"total":300,"client":210,"server":90}}},"confidence": {"6":"DPI"},"proto":"FTPS","proto_id":"311","proto_by_ip":"Unknown","proto_by_ip_id":0,"encrypted":1,"breed":"Unsafe","category_id":7,"category":"Download"}}
01395{"flow_event_id":8,"flow_event_name":"detection-update","thread_id":0,"packet_id":15,"source":"cfgs\/default\/pcap\/ftp-start-tls.pcap","alias":"nDPId-test","flow_id":1,"flow_state":"info","flow_src_packets_processed":4,"flow_dst_packets_processed":11,"flow_first_seen":1383123629078448,"flow_src_last_pkt_time":1383123629101855,"flow_dst_last_pkt_time":1383123629103318,"flow_idle_time":7580000000,"flow_src_min_l4_payload_len":0,"flow_dst_min_l4_payload_len":0,"flow_src_max_l4_payload_len":150,"flow_dst_max_l4_payload_len":512,"flow_src_tot_l4_payload_len":160,"flow_dst_tot_l4_payload_len":720,"midstream":0,"thread_ts_usec":1383123629103318,"l3_proto":"ip4","src_ip":"10.238.26.36","dst_ip":"10.220.50.76","src_port":62092,"dst_port":21,"l4_proto":"tcp","ndpi": {"flow_risk": {"8": {"risk":"Weak TLS Cipher","severity":"High","risk_score": {"total":150,"client":135,"server":15}},"15": {"risk":"TLS (probably) Not Carrying HTTPS","severity":"Low","risk_score": {"total":460,"client":410,"server":50}},"22": {"risk":"Unsafe Protocol","severity":"Low","risk_score": {"total":450,"client":345,"server":105}},"24": {"risk":"Missing SNI TLS Extn","severity":"Medium","risk_score": {"total":300,"client":210,"server":90}}},"confidence": {"6":"DPI"},"proto":"FTPS","proto_id":"311","proto_by_ip":"Unknown","proto_by_ip_id":0,"encrypted":1,"breed":"Unsafe","category_id":7,"category":"Download"}}
01406{"flow_event_id":8,"flow_event_name":"detection-update","thread_id":0,"packet_id":17,"source":"cfgs\/default\/pcap\/ftp-start-tls.pcap","alias":"nDPId-test","flow_id":1,"flow_state":"info","flow_src_packets_processed":4,"flow_dst_packets_processed":13,"flow_first_seen":1383123629078448,"flow_src_last_pkt_time":1383123629101855,"flow_dst_last_pkt_time":1383123629103328,"flow_idle_time":7580000000,"flow_src_min_l4_payload_len":0,"flow_dst_min_l4_payload_len":0,"flow_src_max_l4_payload_len":150,"flow_dst_max_l4_payload_len":512,"flow_src_tot_l4_payload_len":160,"flow_dst_tot_l4_payload_len":1447,"midstream":0,"thread_ts_usec":1383123629103328,"l3_proto":"ip4","src_ip":"10.238.26.36","dst_ip":"10.220.50.76","src_port":62092,"dst_port":21,"l4_proto":"tcp","ndpi": {"flow_risk": {"8": {"risk":"Weak TLS Cipher","severity":"High","risk_score": {"total":150,"client":135,"server":15}},"15": {"risk":"TLS (probably) Not Carrying HTTPS","severity":"Low","risk_score": {"total":460,"client":410,"server":50}},"22": {"risk":"Unsafe Protocol","severity":"Low","risk_score": {"total":450,"client":345,"server":105}},"24": {"risk":"Missing SNI TLS Extn","severity":"Medium","risk_score": {"total":300,"client":210,"server":90}}},"confidence": {"6":"DPI"},"proto":"FTPS.Huawei","proto_id":"311.398","proto_by_ip":"Unknown","proto_by_ip_id":0,"encrypted":1,"breed":"Acceptable","category_id":5,"category":"Web"}}
02589{"flow_event_id":5,"flow_event_name":"analyse","thread_id":0,"packet_id":32,"source":"cfgs\/default\/pcap\/ftp-start-tls.pcap","alias":"nDPId-test","flow_id":1,"flow_state":"info","flow_src_packets_processed":9,"flow_dst_packets_processed":23,"flow_first_seen":1383123629078448,"flow_src_last_pkt_time":1383123629152654,"flow_dst_last_pkt_time":1383123629153383,"flow_idle_time":7580000000,"flow_src_min_l4_payload_len":0,"flow_dst_min_l4_payload_len":0,"flow_src_max_l4_payload_len":330,"flow_dst_max_l4_payload_len":512,"flow_src_tot_l4_payload_len":609,"flow_dst_tot_l4_payload_len":3206,"midstream":0,"thread_ts_usec":1383123629153383,"l3_proto":"ip4","src_ip":"10.238.26.36","dst_ip":"10.220.50.76","src_port":62092,"dst_port":21,"l4_proto":"tcp","flow_datalink":1,"flow_max_packets":5,"data_analysis": {"iat": {"min":2,"avg":4811.0,"max":40376,"stddev":9556.7,"var":91331016.0,"ent":3.2,"data": [415,134,1253,15030,72,17807,3947,60,788,5,4347,3279,113,1027,2,8,2,118,3,2582,8520,40376,68,34737,4456,749,2222,1775,305,2738,2203]},"pktlen": {"min":46,"avg":160.9,"max":552,"stddev":164.2,"var":26956.4,"ent":4.4,"data": [46,46,46,46,113,113,50,46,46,71,71,190,46,46,552,552,255,552,552,255,46,370,91,91,77,122,122,77,122,122,85,130]},"bins": {"c_to_s": [4,3,0,0,1,0,0,0,0,0,1,0,0,0,0,0,0,0,0,0,0,0,0,0,0,0,0,0,0,0,0,0,0,0,0,0,0,0,0,0,0,0,0,0,0,0,0,0],"s_to_c": [8,2,7,0,0,0,2,0,0,0,0,0,0,0,0,0,4,0,0,0,0,0,0,0,0,0,0,0,0,0,0,0,0,0,0,0,0,0,0,0,0,0,0,0,0,0,0,0]},"directions": [0,1,1,0,1,1,0,1,1,1,1,0,1,1,1,1,1,1,1,1,0,0,1,1,0,1,1,0,1,1,0,1],"entropies": [4.174477577,4.816402912,4.816402912,4.390829086,5.377844810,5.377844810,4.955727100,4.347350597,4.347350597,5.319664001,5.319664001,5.167058468,4.434307098,4.434307098,6.822389126,7.154568672,6.962697506,6.822389126,7.151652813,6.962697029,4.544876099,7.242094517,5.879006863,5.879006863,5.747309208,6.191079140,6.207472801,5.766408920,6.279234409,6.279234409,5.962334156,6.287871361]},"ndpi": {"flow_risk": {"8": {"risk":"Weak TLS Cipher","severity":"High","risk_score": {"total":150,"client":135,"server":15}},"15": {"risk":"TLS (probably) Not Carrying HTTPS","severity":"Low","risk_score": {"total":460,"client":410,"server":50}},"22": {"risk":"Unsafe Protocol","severity":"Low","risk_score": {"total":450,"client":345,"server":105}},"24": {"risk":"Missing SNI TLS Extn","severity":"Medium","risk_score": {"total":300,"client":210,"server":90}}},"confidence": {"6":"DPI"},"proto":"FTPS.Huawei","proto_id":"311.398","proto_by_ip":"Unknown","proto_by_ip_id":0,"encrypted":1,"breed":"Acceptable","category_id":5,"category":"Web"}}
01438{"flow_event_id":3,"flow_event_name":"idle","thread_id":0,"packet_id":51,"source":"cfgs\/default\/pcap\/ftp-start-tls.pcap","alias":"nDPId-test","flow_id":1,"flow_state":"finished","flow_src_packets_processed":16,"flow_dst_packets_processed":35,"flow_first_seen":1383123629078448,"flow_src_last_pkt_time":1383123629412168,"flow_dst_last_pkt_time":1383123629233523,"flow_idle_time":7580000000,"flow_src_min_l4_payload_len":0,"flow_dst_min_l4_payload_len":0,"flow_src_max_l4_payload_len":330,"flow_dst_max_l4_payload_len":512,"flow_src_tot_l4_payload_len":856,"flow_dst_tot_l4_payload_len":3834,"midstream":0,"thread_ts_usec":1383123629412168,"l3_proto":"ip4","src_ip":"10.238.26.36","dst_ip":"10.220.50.76","src_port":62092,"dst_port":21,"l4_proto":"tcp","flow_datalink":1,"flow_max_packets":5,"ndpi": {"flow_risk": {"8": {"risk":"Weak TLS Cipher","severity":"High","risk_score": {"total":150,"client":135,"server":15}},"15": {"risk":"TLS (probably) Not Carrying HTTPS","severity":"Low","risk_score": {"total":460,"client":410,"server":50}},"22": {"risk":"Unsafe Protocol","severity":"Low","risk_score": {"total":450,"client":345,"server":105}},"24": {"risk":"Missing SNI TLS Extn","severity":"Medium","risk_score": {"total":300,"client":210,"server":90}}},"confidence": {"6":"DPI"},"proto":"FTPS.Huawei","proto_id":"311.398","proto_by_ip":"Unknown","proto_by_ip_id":0,"encrypted":1,"breed":"Acceptable","category_id":5,"category":"Web"}}
00820{"daemon_event_id":3,"daemon_event_name":"shutdown","thread_id":0,"packet_id":51,"source":"cfgs\/default\/pcap\/ftp-start-tls.pcap","alias":"nDPId-test","version":"","ndpi_version":"","ndpi_api_version":0,"size_per_flow":1448,"packets-captured":51,"packets-processed":51,"pfring_active":false,"pfring_recv":0,"pfring_drop":0,"pfring_shunt":0,"total-skipped-flows":0,"total-l4-payload-len":4690,"total-not-detected-flows":0,"total-guessed-flows":0,"total-detected-flows":1,"total-detection-updates":3,"total-updates":0,"current-active-flows":0,"total-active-flows":1,"total-idle-flows":1,"total-compressions":0,"total-compression-diff":0,"current-compression-diff":0,"global-alloc-count":0,"global-free-count":0,"global-alloc-bytes":0,"global-free-bytes":0,"total-events-serialized":15,"global_ts_usec":1383123629412168}
~~~~~~~~~~~~~~~~~~~~ SUMMARY ~~~~~~~~~~~~~~~~~~~~
~~ packets captured/processed: 51/51
~~ skipped flows.............: 0
~~ total layer4 data length..: 4690 bytes
~~ total detected protocols..: 1
~~ total active/idle flows...: 1/1
~~ total timeout flows.......: 0
~~~~~~~~~~~~~~~~~~~~~~~~~~~~~~~~~~~~~~~~~~~~~~~~~
~~ total memory allocated....: 8652705 bytes
~~ total memory freed........: 8652705 bytes
~~ total allocations/frees...: 140593/140593
~~~~~~~~~~~~~~~~~~~~~~~~~~~~~~~~~~~~~~~~~~~~~~~~~
~~ json message min len.......: 543 chars
~~ json message max len.......: 2594 chars
~~ json message avg len.......: 1489 chars
