00608{"daemon_event_id":1,"daemon_event_name":"init","thread_id":0,"packet_id":0,"source":"cfgs\/default\/pcap\/http_origin_different_than_host.pcap","alias":"nDPId-test","version":"","ndpi_version":"","ndpi_api_version":0,"size_per_flow":1480,"max-flows-per-thread":32768,"max-idle-flows-per-thread":1024,"reader-thread-count":1,"flow-scan-interval":10000000,"generic-max-idle-time":600000000,"icmp-max-idle-time":120000000,"udp-max-idle-time":180000000,"tcp-max-idle-time":7560000000,"max-packets-per-flow-to-send":5,"max-packets-per-flow-to-process":32,"max-packets-per-flow-to-analyse":32,"global_ts_usec":0}
00829{"daemon_event_id":4,"daemon_event_name":"status","thread_id":0,"packet_id":1,"source":"cfgs\/default\/pcap\/http_origin_different_than_host.pcap","alias":"nDPId-test","version":"","ndpi_version":"","ndpi_api_version":0,"size_per_flow":1480,"packets-captured":1,"packets-processed":0,"pfring_active":false,"pfring_recv":0,"pfring_drop":0,"pfring_shunt":0,"total-skipped-flows":0,"total-l4-payload-len":0,"total-not-detected-flows":0,"total-guessed-flows":0,"total-detected-flows":0,"total-detection-updates":0,"total-updates":0,"current-active-flows":0,"total-active-flows":0,"total-idle-flows":0,"total-compressions":0,"total-compression-diff":0,"current-compression-diff":0,"global-alloc-count":0,"global-free-count":0,"global-alloc-bytes":0,"global-free-bytes":0,"total-events-serialized":2,"global_ts_usec":1666211829809412}
00319{"error_event_id":5,"error_event_name":"Unknown packet type","threshold_n":1,"threshold_n_max":16,"threshold_time":10000000,"threshold_ts_usec":1666211829809412,"packet_id":1,"source":"cfgs\/default\/pcap\/http_origin_different_than_host.pcap","alias":"nDPId-test","layer_type":33024,"global_ts_usec":1666211829809412}
00479{"packet_event_id":1,"packet_event_name":"packet","packet_id":1,"source":"cfgs\/default\/pcap\/http_origin_different_than_host.pcap","alias":"nDPId-test","pkt_datalink":1,"pkt_caplen":118,"pkt_type":33024,"pkt_l3_offset":18,"pkt_l4_offset":0,"pkt_len":118,"pkt_l4_len":0,"thread_ts_usec":1666211829809412,"pkt":"AAAAAAAAAAEAAAACgQBNQoEAQHEIAEUwAGCpgAAAQBGTHgqGGQUKhA+wCGgIaABMB\/0w\/wA8B+ApokUAADz3BkAAPQaM8QqMzkoSh85mhugAUDlR2BoAAAAAoAL\/\/8ZVAAACBAW0BAIICgAlLxwAAAAAAQMDCA=="}
00319{"error_event_id":5,"error_event_name":"Unknown packet type","threshold_n":2,"threshold_n_max":16,"threshold_time":10000000,"threshold_ts_usec":1666211829952951,"packet_id":2,"source":"cfgs\/default\/pcap\/http_origin_different_than_host.pcap","alias":"nDPId-test","layer_type":33024,"global_ts_usec":1666211829952951}
00476{"packet_event_id":1,"packet_event_name":"packet","packet_id":2,"source":"cfgs\/default\/pcap\/http_origin_different_than_host.pcap","alias":"nDPId-test","pkt_datalink":1,"pkt_caplen":118,"pkt_type":33024,"pkt_l3_offset":18,"pkt_l4_offset":0,"pkt_len":118,"pkt_l4_len":0,"thread_ts_usec":1666211829809412,"pkt":"AAAAAAAAAAEAAAAEgQANQoEAAHEIAEUAAGAyRQAAOxEPigqED7AKhhkFCGgIaABMAAAw\/wA839WxhkUAADwAAEAA3wbh9xKHzmYKjM5KAFCG6Nrd97g5UdgboBJo3+9rAAACBAVQBAIICvxqn1sAJS8cAQMDCA=="}
00319{"error_event_id":5,"error_event_name":"Unknown packet type","threshold_n":3,"threshold_n_max":16,"threshold_time":10000000,"threshold_ts_usec":1666211830008266,"packet_id":3,"source":"cfgs\/default\/pcap\/http_origin_different_than_host.pcap","alias":"nDPId-test","layer_type":33024,"global_ts_usec":1666211830008266}
01273{"packet_event_id":1,"packet_event_name":"packet","packet_id":3,"source":"cfgs\/default\/pcap\/http_origin_different_than_host.pcap","alias":"nDPId-test","pkt_datalink":1,"pkt_caplen":717,"pkt_type":33024,"pkt_l3_offset":18,"pkt_l4_offset":0,"pkt_len":717,"pkt_l4_len":0,"thread_ts_usec":1666211829809412,"pkt":"AAAAAAAAAAEAAAACgQBNQoEAQHEIAEUwArevqQAAQBGKngqGGQUKhA+wCGgIaAKjA08w\/wKTB+ApokUAApP3CEAAPQaKmAqMzkoSh85mhugAUDlR2Bva3fe5gBgBVxwmAAABAQgKACUvS\/xqn1tHRVQgLz90b3ByZWZlcmVyPW9wdGF3aWRnZXRzLjM2NXNjb3Jlcy5jb20gSFRUUC8xLjENCkhvc3Q6IGNzYi5wZXJmb3JtZ3JvdXAuaW8NCkNvbm5lY3Rpb246IFVwZ3JhZGUNClByYWdtYTogbm8tY2FjaGUNCkNhY2hlLUNvbnRyb2w6IG5vLWNhY2hlDQpVc2VyLUFnZW50OiBNb3ppbGxhLzUuMCAoTGludXg7IEFuZHJvaWQgOTsgSktNLUxYMSBCdWlsZC9IVUFXRUlKS00tTFgxOyB3dikgQXBwbGVXZWJLaXQvNTM3LjM2IChLSFRNTCwgbGlrZSBHZWNrbykgVmVyc2lvbi80LjAgQ2hyb21lLzEwNi4wLjUyNDkuMTE4IE1vYmlsZSBTYWZhcmkvNTM3LjM2DQpVcGdyYWRlOiB3ZWJzb2NrZXQNCk9yaWdpbjogaHR0cDovL29wdGF3aWRnZXRzLjM2NXNjb3Jlcy5jb20NClNlYy1XZWJTb2NrZXQtVmVyc2lvbjogMTMNCkFjY2VwdC1FbmNvZGluZzogZ3ppcCwgZGVmbGF0ZQ0KQWNjZXB0LUxhbmd1YWdlOiBhci1PTSxhcjtxPTAuOSxlbi1VUztxPTAuOCxlbjtxPTAuNw0KU2VjLVdlYlNvY2tldC1LZXk6IHNiOUgzWXpZc1ZQUi9xUGdtaUxlRVE9PQ0KU2VjLVdlYlNvY2tldC1FeHRlbnNpb25zOiBwZXJtZXNzYWdlLWRlZmxhdGU7IGNsaWVudF9tYXhfd2luZG93X2JpdHMNCg0K"}
00319{"error_event_id":5,"error_event_name":"Unknown packet type","threshold_n":4,"threshold_n_max":16,"threshold_time":10000000,"threshold_ts_usec":1666211830159716,"packet_id":4,"source":"cfgs\/default\/pcap\/http_origin_different_than_host.pcap","alias":"nDPId-test","layer_type":33024,"global_ts_usec":1666211830159716}
00685{"packet_event_id":1,"packet_event_name":"packet","packet_id":4,"source":"cfgs\/default\/pcap\/http_origin_different_than_host.pcap","alias":"nDPId-test","pkt_datalink":1,"pkt_caplen":276,"pkt_type":33024,"pkt_l3_offset":18,"pkt_l4_offset":0,"pkt_len":276,"pkt_l4_len":0,"thread_ts_usec":1666211829809412,"pkt":"AAAAAAAAAAECAAD6gQANQoEAAHEIAEUAAP4wwgAAOxEQbwqED7AKhhkFCGgIaADqAAAw\/wDa39WxhkUAANrwJ0AA3wbxMRKHzmYKjM5KAFCG6Nrd97k5Udp6gBgAbjGkAAABAQgK\/GqgKwAlL0tIVFRQLzEuMSAxMDEgU3dpdGNoaW5nIFByb3RvY29scw0KRGF0ZTogV2VkLCAxOSBPY3QgMjAyMiAyMDozNzoxMCBHTVQNCkNvbm5lY3Rpb246IHVwZ3JhZGUNClVwZ3JhZGU6IHdlYnNvY2tldA0KU2VjLVdlYlNvY2tldC1BY2NlcHQ6IHhFNmRMWHh4TWFpSGFsYzcrTFFoQ01HdzNYST0NCg0K"}
00832{"daemon_event_id":3,"daemon_event_name":"shutdown","thread_id":0,"packet_id":4,"source":"cfgs\/default\/pcap\/http_origin_different_than_host.pcap","alias":"nDPId-test","version":"","ndpi_version":"","ndpi_api_version":0,"size_per_flow":1480,"packets-captured":4,"packets-processed":0,"pfring_active":false,"pfring_recv":0,"pfring_drop":0,"pfring_shunt":0,"total-skipped-flows":0,"total-l4-payload-len":0,"total-not-detected-flows":0,"total-guessed-flows":0,"total-detected-flows":0,"total-detection-updates":0,"total-updates":0,"current-active-flows":0,"total-active-flows":0,"total-idle-flows":0,"total-compressions":0,"total-compression-diff":0,"current-compression-diff":0,"global-alloc-count":0,"global-free-count":0,"global-alloc-bytes":0,"global-free-bytes":0,"total-events-serialized":11,"global_ts_usec":1666211830159716}
~~~~~~~~~~~~~~~~~~~~ SUMMARY ~~~~~~~~~~~~~~~~~~~~
~~ packets captured/processed: 4/0
~~ skipped flows.............: 0
~~ total layer4 data length..: 0 bytes
~~ total detected protocols..: 0
~~ total active/idle flows...: 0/0
~~ total timeout flows.......: 0
~~~~~~~~~~~~~~~~~~~~~~~~~~~~~~~~~~~~~~~~~~~~~~~~~
~~ total memory allocated....: 9406748 bytes
~~ total memory freed........: 9406748 bytes
~~ total allocations/frees...: 154488/154488
~~~~~~~~~~~~~~~~~~~~~~~~~~~~~~~~~~~~~~~~~~~~~~~~~
~~ json message min len.......: 324 chars
~~ json message max len.......: 1278 chars
~~ json message avg len.......: 786 chars
