00609{"daemon_event_id":1,"daemon_event_name":"init","thread_id":0,"packet_id":0,"source":"cfgs\/default\/pcap\/jrmi.pcap","alias":"nDPId-test","version":"1.7.0","ndpi_version":"4.15.0-5461-7053687","ndpi_api_version":13280,"size_per_flow":1448,"max-flows-per-thread":32768,"max-idle-flows-per-thread":1024,"reader-thread-count":1,"flow-scan-interval":10000000,"generic-max-idle-time":600000000,"icmp-max-idle-time":120000000,"udp-max-idle-time":180000000,"tcp-max-idle-time":7560000000,"max-packets-per-flow-to-send":5,"max-packets-per-flow-to-process":32,"max-packets-per-flow-to-analyse":32,"global_ts_usec":0}
00830{"daemon_event_id":4,"daemon_event_name":"status","thread_id":0,"packet_id":1,"source":"cfgs\/default\/pcap\/jrmi.pcap","alias":"nDPId-test","version":"1.7.0","ndpi_version":"4.15.0-5461-7053687","ndpi_api_version":13280,"size_per_flow":1448,"packets-captured":1,"packets-processed":0,"pfring_active":false,"pfring_recv":0,"pfring_drop":0,"pfring_shunt":0,"total-skipped-flows":0,"total-l4-payload-len":0,"total-not-detected-flows":0,"total-guessed-flows":0,"total-detected-flows":0,"total-detection-updates":0,"total-updates":0,"current-active-flows":0,"total-active-flows":0,"total-idle-flows":0,"total-compressions":0,"total-compression-diff":0,"current-compression-diff":0,"global-alloc-count":0,"global-free-count":0,"global-alloc-bytes":0,"global-free-bytes":0,"total-events-serialized":2,"global_ts_usec":1718291266163791}
00764{"flow_event_id":1,"flow_event_name":"new","thread_id":0,"packet_id":1,"source":"cfgs\/default\/pcap\/jrmi.pcap","alias":"nDPId-test","flow_id":1,"flow_state":"info","flow_src_packets_processed":1,"flow_dst_packets_processed":0,"flow_first_seen":1718291266163791,"flow_src_last_pkt_time":1718291266163791,"flow_dst_last_pkt_time":1718291266163791,"flow_idle_time":7580000000,"flow_src_min_l4_payload_len":0,"flow_dst_min_l4_payload_len":0,"flow_src_max_l4_payload_len":0,"flow_dst_max_l4_payload_len":0,"flow_src_tot_l4_payload_len":0,"flow_dst_tot_l4_payload_len":0,"midstream":0,"thread_ts_usec":1718291266163791,"l3_proto":"ip4","src_ip":"127.0.0.1","dst_ip":"127.0.1.1","src_port":34450,"dst_port":1099,"l4_proto":"tcp","flow_datalink":1,"flow_max_packets":5}
00555{"packet_event_id":2,"packet_event_name":"packet-flow","thread_id":0,"packet_id":1,"source":"cfgs\/default\/pcap\/jrmi.pcap","alias":"nDPId-test","flow_id":1,"flow_packet_id":1,"flow_src_last_pkt_time":1718291266163791,"flow_dst_last_pkt_time":1718291266163791,"flow_idle_time":7580000000,"pkt_datalink":1,"pkt_caplen":74,"pkt_type":2048,"pkt_l3_offset":14,"pkt_l4_offset":34,"pkt_len":74,"pkt_l4_len":40,"thread_ts_usec":1718291266163791,"pkt":"AAAAAAAAAAAAAAAACABFAAA8\/GFAAEAGP1h\/AAABfwABAYaSBEv5xj3yAAAAAKAC\/9f\/MAAAAgT\/1wQCCAr\/Ca0RAAAAAAEDAwc="}
00554{"packet_event_id":2,"packet_event_name":"packet-flow","thread_id":0,"packet_id":2,"source":"cfgs\/default\/pcap\/jrmi.pcap","alias":"nDPId-test","flow_id":1,"flow_packet_id":2,"flow_src_last_pkt_time":1718291266163791,"flow_dst_last_pkt_time":1718291266163822,"flow_idle_time":7580000000,"pkt_datalink":1,"pkt_caplen":74,"pkt_type":2048,"pkt_l3_offset":14,"pkt_l4_offset":34,"pkt_len":74,"pkt_l4_len":40,"thread_ts_usec":1718291266163822,"pkt":"AAAAAAAAAAAAAAAACABFAAA8AABAAEAGO7p\/AAEBfwAAAQRLhpIUECmA+cY986AS\/8v\/MAAAAgT\/1wQCCAryONNh\/wmtEQEDAwc="}
00540{"packet_event_id":2,"packet_event_name":"packet-flow","thread_id":0,"packet_id":3,"source":"cfgs\/default\/pcap\/jrmi.pcap","alias":"nDPId-test","flow_id":1,"flow_packet_id":3,"flow_src_last_pkt_time":1718291266163846,"flow_dst_last_pkt_time":1718291266163822,"flow_idle_time":7580000000,"pkt_datalink":1,"pkt_caplen":66,"pkt_type":2048,"pkt_l3_offset":14,"pkt_l4_offset":34,"pkt_len":66,"pkt_l4_len":32,"thread_ts_usec":1718291266163846,"pkt":"AAAAAAAAAAAAAAAACABFAAA0\/GJAAEAGP19\/AAABfwABAYaSBEv5xj3zFBApgYAQAgD\/KAAAAQEICv8JrRHyONNh"}
00552{"packet_event_id":2,"packet_event_name":"packet-flow","thread_id":0,"packet_id":4,"source":"cfgs\/default\/pcap\/jrmi.pcap","alias":"nDPId-test","flow_id":1,"flow_packet_id":4,"flow_src_last_pkt_time":1718291266174673,"flow_dst_last_pkt_time":1718291266163822,"flow_idle_time":7580000000,"pkt_datalink":1,"pkt_caplen":73,"pkt_type":2048,"pkt_l3_offset":14,"pkt_l4_offset":34,"pkt_len":73,"pkt_l4_len":39,"thread_ts_usec":1718291266174673,"pkt":"AAAAAAAAAAAAAAAACABFAAA7\/GNAAEAGP1d\/AAABfwABAYaSBEv5xj3zFBApgYAYAgD\/LwAAAQEICv8JrRzyONNhSlJNSQACSw=="}
00910{"flow_event_id":7,"flow_event_name":"detected","thread_id":0,"packet_id":4,"source":"cfgs\/default\/pcap\/jrmi.pcap","alias":"nDPId-test","flow_id":1,"flow_state":"info","flow_src_packets_processed":3,"flow_dst_packets_processed":1,"flow_first_seen":1718291266163791,"flow_src_last_pkt_time":1718291266174673,"flow_dst_last_pkt_time":1718291266163822,"flow_idle_time":7580000000,"flow_src_min_l4_payload_len":0,"flow_dst_min_l4_payload_len":0,"flow_src_max_l4_payload_len":7,"flow_dst_max_l4_payload_len":0,"flow_src_tot_l4_payload_len":7,"flow_dst_tot_l4_payload_len":0,"midstream":0,"thread_ts_usec":1718291266174673,"l3_proto":"ip4","src_ip":"127.0.0.1","dst_ip":"127.0.1.1","src_port":34450,"dst_port":1099,"l4_proto":"tcp","ndpi": {"confidence": {"6":"DPI"},"proto":"JRMI","proto_id":"416","proto_by_ip":"Unknown","proto_by_ip_id":0,"encrypted":0,"breed":"Acceptable","category_id":16,"category":"RPC"}}
00540{"packet_event_id":2,"packet_event_name":"packet-flow","thread_id":0,"packet_id":5,"source":"cfgs\/default\/pcap\/jrmi.pcap","alias":"nDPId-test","flow_id":1,"flow_packet_id":5,"flow_src_last_pkt_time":1718291266174673,"flow_dst_last_pkt_time":1718291266174736,"flow_idle_time":7580000000,"pkt_datalink":1,"pkt_caplen":66,"pkt_type":2048,"pkt_l3_offset":14,"pkt_l4_offset":34,"pkt_len":66,"pkt_l4_len":32,"thread_ts_usec":1718291266174736,"pkt":"AAAAAAAAAAAAAAAACABFAAA0AI9AAEAGOzN\/AAEBfwAAAQRLhpIUECmB+cY9+oAQAgD\/KAAAAQEICvI402z\/Ca0c"}
00956{"flow_event_id":2,"flow_event_name":"end","thread_id":0,"packet_id":19,"source":"cfgs\/default\/pcap\/jrmi.pcap","alias":"nDPId-test","flow_id":1,"flow_state":"finished","flow_src_packets_processed":12,"flow_dst_packets_processed":7,"flow_first_seen":1718291266163791,"flow_src_last_pkt_time":1718291266325817,"flow_dst_last_pkt_time":1718291266325789,"flow_idle_time":7580000000,"flow_src_min_l4_payload_len":0,"flow_dst_min_l4_payload_len":0,"flow_src_max_l4_payload_len":60,"flow_dst_max_l4_payload_len":323,"flow_src_tot_l4_payload_len":98,"flow_dst_tot_l4_payload_len":340,"midstream":0,"thread_ts_usec":1718291266325817,"l3_proto":"ip4","src_ip":"127.0.0.1","dst_ip":"127.0.1.1","src_port":34450,"dst_port":1099,"l4_proto":"tcp","flow_datalink":1,"flow_max_packets":5,"ndpi": {"confidence": {"6":"DPI"},"proto":"JRMI","proto_id":"416","proto_by_ip":"Unknown","proto_by_ip_id":0,"encrypted":0,"breed":"Acceptable","category_id":16,"category":"RPC"}}
00838{"daemon_event_id":3,"daemon_event_name":"shutdown","thread_id":0,"packet_id":19,"source":"cfgs\/default\/pcap\/jrmi.pcap","alias":"nDPId-test","version":"1.7.0","ndpi_version":"4.15.0-5461-7053687","ndpi_api_version":13280,"size_per_flow":1448,"packets-captured":19,"packets-processed":19,"pfring_active":false,"pfring_recv":0,"pfring_drop":0,"pfring_shunt":0,"total-skipped-flows":0,"total-l4-payload-len":438,"total-not-detected-flows":0,"total-guessed-flows":0,"total-detected-flows":1,"total-detection-updates":0,"total-updates":0,"current-active-flows":0,"total-active-flows":1,"total-idle-flows":1,"total-compressions":0,"total-compression-diff":0,"current-compression-diff":0,"global-alloc-count":0,"global-free-count":0,"global-alloc-bytes":0,"global-free-bytes":0,"total-events-serialized":11,"global_ts_usec":1718291266325817}
~~~~~~~~~~~~~~~~~~~~ SUMMARY ~~~~~~~~~~~~~~~~~~~~
~~ packets captured/processed: 19/19
~~ skipped flows.............: 0
~~ total layer4 data length..: 438 bytes
~~ total detected protocols..: 1
~~ total active/idle flows...: 1/1
~~ total timeout flows.......: 0
~~~~~~~~~~~~~~~~~~~~~~~~~~~~~~~~~~~~~~~~~~~~~~~~~
~~ total memory allocated....: 8614224 bytes
~~ total memory freed........: 8614224 bytes
~~ total allocations/frees...: 139815/139815
~~~~~~~~~~~~~~~~~~~~~~~~~~~~~~~~~~~~~~~~~~~~~~~~~
~~ json message min len.......: 545 chars
~~ json message max len.......: 961 chars
~~ json message avg len.......: 744 chars
