00618{"daemon_event_id":1,"daemon_event_name":"init","thread_id":0,"packet_id":0,"source":"cfgs\/default\/pcap\/merakicloud.pcapng","alias":"nDPId-test","version":"1.7.0","ndpi_version":"4.15.0-5461-7053687","ndpi_api_version":13280,"size_per_flow":1448,"max-flows-per-thread":32768,"max-idle-flows-per-thread":1024,"reader-thread-count":1,"flow-scan-interval":10000000,"generic-max-idle-time":600000000,"icmp-max-idle-time":120000000,"udp-max-idle-time":180000000,"tcp-max-idle-time":7560000000,"max-packets-per-flow-to-send":5,"max-packets-per-flow-to-process":32,"max-packets-per-flow-to-analyse":32,"global_ts_usec":0}
00839{"daemon_event_id":4,"daemon_event_name":"status","thread_id":0,"packet_id":1,"source":"cfgs\/default\/pcap\/merakicloud.pcapng","alias":"nDPId-test","version":"1.7.0","ndpi_version":"4.15.0-5461-7053687","ndpi_api_version":13280,"size_per_flow":1448,"packets-captured":1,"packets-processed":0,"pfring_active":false,"pfring_recv":0,"pfring_drop":0,"pfring_shunt":0,"total-skipped-flows":0,"total-l4-payload-len":0,"total-not-detected-flows":0,"total-guessed-flows":0,"total-detected-flows":0,"total-detection-updates":0,"total-updates":0,"current-active-flows":0,"total-active-flows":0,"total-idle-flows":0,"total-compressions":0,"total-compression-diff":0,"current-compression-diff":0,"global-alloc-count":0,"global-free-count":0,"global-alloc-bytes":0,"global-free-bytes":0,"total-events-serialized":2,"global_ts_usec":1673444916586594}
00785{"flow_event_id":1,"flow_event_name":"new","thread_id":0,"packet_id":1,"source":"cfgs\/default\/pcap\/merakicloud.pcapng","alias":"nDPId-test","flow_id":1,"flow_state":"info","flow_src_packets_processed":1,"flow_dst_packets_processed":0,"flow_first_seen":1673444916586594,"flow_src_last_pkt_time":1673444916586594,"flow_dst_last_pkt_time":1673444916586594,"flow_idle_time":200000000,"flow_src_min_l4_payload_len":112,"flow_dst_min_l4_payload_len":0,"flow_src_max_l4_payload_len":112,"flow_dst_max_l4_payload_len":0,"flow_src_tot_l4_payload_len":112,"flow_dst_tot_l4_payload_len":0,"midstream":0,"thread_ts_usec":1673444916586594,"l3_proto":"ip4","src_ip":"2.36.234.133","dst_ip":"209.206.59.34","src_port":47301,"dst_port":7351,"l4_proto":"udp","flow_datalink":1,"flow_max_packets":5}
00669{"packet_event_id":2,"packet_event_name":"packet-flow","thread_id":0,"packet_id":1,"source":"cfgs\/default\/pcap\/merakicloud.pcapng","alias":"nDPId-test","flow_id":1,"flow_packet_id":1,"flow_src_last_pkt_time":1673444916586594,"flow_dst_last_pkt_time":1673444916586594,"flow_idle_time":200000000,"pkt_datalink":1,"pkt_caplen":154,"pkt_type":2048,"pkt_l3_offset":14,"pkt_l4_offset":34,"pkt_len":154,"pkt_l4_len":120,"thread_ts_usec":1673444916586594,"pkt":"AAAAAAAAAAEC+qKgCABFAACM6EcAAPkR334CJOqF0c47IrjFHLcAeI5V\/vcokQ0BAHAGihtOAAAAACpmyZcAAAAAAFYCCGO+vhsqCRUEAyQc8x5t8LeScWQ7JhVYfzr5StSHn5mSLCeBOnIKUwGFNtdHnBkECAAAAHcAUa57BQgAAIDsAACAXAcIAAAAAjgFaqcGAQQIA+DLvA=="}
00941{"flow_event_id":7,"flow_event_name":"detected","thread_id":0,"packet_id":1,"source":"cfgs\/default\/pcap\/merakicloud.pcapng","alias":"nDPId-test","flow_id":1,"flow_state":"info","flow_src_packets_processed":1,"flow_dst_packets_processed":0,"flow_first_seen":1673444916586594,"flow_src_last_pkt_time":1673444916586594,"flow_dst_last_pkt_time":1673444916586594,"flow_idle_time":200000000,"flow_src_min_l4_payload_len":112,"flow_dst_min_l4_payload_len":0,"flow_src_max_l4_payload_len":112,"flow_dst_max_l4_payload_len":0,"flow_src_tot_l4_payload_len":112,"flow_dst_tot_l4_payload_len":0,"midstream":0,"thread_ts_usec":1673444916586594,"l3_proto":"ip4","src_ip":"2.36.234.133","dst_ip":"209.206.59.34","src_port":47301,"dst_port":7351,"l4_proto":"udp","ndpi": {"confidence": {"6":"DPI"},"proto":"MerakiCloud","proto_id":"66","proto_by_ip":"Unknown","proto_by_ip_id":0,"encrypted":0,"breed":"Acceptable","category_id":14,"category":"Network"}}
00578{"packet_event_id":2,"packet_event_name":"packet-flow","thread_id":0,"packet_id":2,"source":"cfgs\/default\/pcap\/merakicloud.pcapng","alias":"nDPId-test","flow_id":1,"flow_packet_id":2,"flow_src_last_pkt_time":1673444916586594,"flow_dst_last_pkt_time":1673444916771693,"flow_idle_time":200000000,"pkt_datalink":1,"pkt_caplen":88,"pkt_type":2048,"pkt_l3_offset":14,"pkt_l4_offset":34,"pkt_len":88,"pkt_l4_len":54,"thread_ts_usec":1673444916771693,"pkt":"AAAAAAAAAAEC+qKgCABFAABKKWNAADURIqbRzjsiAiTqhRy3uMUANoO8\/vcokQ0BAC4GAAACAAAAAAAAAAAAAAABABQCCGO+vjQpmnqTBwgAAAACOAVqpw=="}
00669{"packet_event_id":2,"packet_event_name":"packet-flow","thread_id":0,"packet_id":3,"source":"cfgs\/default\/pcap\/merakicloud.pcapng","alias":"nDPId-test","flow_id":1,"flow_packet_id":3,"flow_src_last_pkt_time":1673444941587419,"flow_dst_last_pkt_time":1673444916771693,"flow_idle_time":200000000,"pkt_datalink":1,"pkt_caplen":154,"pkt_type":2048,"pkt_l3_offset":14,"pkt_l4_offset":34,"pkt_len":154,"pkt_l4_len":120,"thread_ts_usec":1673444941587419,"pkt":"AAAAAAAAAAEC+qKgCABFAACM6kcAAPkR3X4CJOqF0c47IrjFHLcAeCWB\/vcokQ0BAHAGihtOAAAAACpmyZcAAAAAAFYCCGO+vjQpmnqTAyRMC25N2IcaaaRDBsWwXzJhnwJ7Dl0NPzhfCH+9CPcXzWEMZN4ECAAAAHcAUa6UBQgAAIDtAACAXQcIAAAAAjgFaqcGAQQIA+DLvA=="}
00578{"packet_event_id":2,"packet_event_name":"packet-flow","thread_id":0,"packet_id":4,"source":"cfgs\/default\/pcap\/merakicloud.pcapng","alias":"nDPId-test","flow_id":1,"flow_packet_id":4,"flow_src_last_pkt_time":1673444941587419,"flow_dst_last_pkt_time":1673444941768790,"flow_idle_time":200000000,"pkt_datalink":1,"pkt_caplen":88,"pkt_type":2048,"pkt_l3_offset":14,"pkt_l4_offset":34,"pkt_len":88,"pkt_l4_len":54,"thread_ts_usec":1673444941768790,"pkt":"AAAAAAAAAAEC+qKgCABFAABKNW1AADURFpzRzjsiAiTqhRy3uMUANpU0\/vcokQ0BAC4GAAACAAAAAAAAAAAAAAABABQCCGO+vk0pbWkvBwgAAAACOAVqpw=="}
00672{"packet_event_id":2,"packet_event_name":"packet-flow","thread_id":0,"packet_id":5,"source":"cfgs\/default\/pcap\/merakicloud.pcapng","alias":"nDPId-test","flow_id":1,"flow_packet_id":5,"flow_src_last_pkt_time":1673444966587631,"flow_dst_last_pkt_time":1673444941768790,"flow_idle_time":200000000,"pkt_datalink":1,"pkt_caplen":154,"pkt_type":2048,"pkt_l3_offset":14,"pkt_l4_offset":34,"pkt_len":154,"pkt_l4_len":120,"thread_ts_usec":1673444966587631,"pkt":"AAAAAAAAAAEC+qKgCABFAACM7EcAAPkR234CJOqF0c47IrjFHLcAeBry\/vcokQ0BAHAGihtOAAAAACpmyZcAAAAAAFYCCGO+vk0pbWkvAyS1KO\/Kqbxjfk2Ap2IhlLsWilwroCa2547gZj974\/vv\/Akjjc4ECAAAAHcAUa6tBQgAAIDuAACAXgcIAAAAAjgFaqcGAQQIA+DLvA=="}
00985{"flow_event_id":4,"flow_event_name":"update","thread_id":0,"packet_id":7,"source":"cfgs\/default\/pcap\/merakicloud.pcapng","alias":"nDPId-test","flow_id":1,"flow_state":"finished","flow_src_packets_processed":3,"flow_dst_packets_processed":3,"flow_first_seen":1673444916586594,"flow_src_last_pkt_time":1673444966587631,"flow_dst_last_pkt_time":1673444966773860,"flow_idle_time":200000000,"flow_src_min_l4_payload_len":112,"flow_dst_min_l4_payload_len":0,"flow_src_max_l4_payload_len":112,"flow_dst_max_l4_payload_len":46,"flow_src_tot_l4_payload_len":336,"flow_dst_tot_l4_payload_len":138,"midstream":0,"thread_ts_usec":1673444966773860,"l3_proto":"ip4","src_ip":"2.36.234.133","dst_ip":"209.206.59.34","src_port":47301,"dst_port":7351,"l4_proto":"udp","flow_datalink":1,"flow_max_packets":5,"ndpi": {"confidence": {"6":"DPI"},"proto":"MerakiCloud","proto_id":"66","proto_by_ip":"Unknown","proto_by_ip_id":0,"encrypted":0,"breed":"Acceptable","category_id":14,"category":"Network"}}
00986{"flow_event_id":4,"flow_event_name":"update","thread_id":0,"packet_id":11,"source":"cfgs\/default\/pcap\/merakicloud.pcapng","alias":"nDPId-test","flow_id":1,"flow_state":"finished","flow_src_packets_processed":5,"flow_dst_packets_processed":5,"flow_first_seen":1673444916586594,"flow_src_last_pkt_time":1673445016588899,"flow_dst_last_pkt_time":1673445016780533,"flow_idle_time":200000000,"flow_src_min_l4_payload_len":112,"flow_dst_min_l4_payload_len":0,"flow_src_max_l4_payload_len":112,"flow_dst_max_l4_payload_len":46,"flow_src_tot_l4_payload_len":560,"flow_dst_tot_l4_payload_len":230,"midstream":0,"thread_ts_usec":1673445016780533,"l3_proto":"ip4","src_ip":"2.36.234.133","dst_ip":"209.206.59.34","src_port":47301,"dst_port":7351,"l4_proto":"udp","flow_datalink":1,"flow_max_packets":5,"ndpi": {"confidence": {"6":"DPI"},"proto":"MerakiCloud","proto_id":"66","proto_by_ip":"Unknown","proto_by_ip_id":0,"encrypted":0,"breed":"Acceptable","category_id":14,"category":"Network"}}
00986{"flow_event_id":4,"flow_event_name":"update","thread_id":0,"packet_id":15,"source":"cfgs\/default\/pcap\/merakicloud.pcapng","alias":"nDPId-test","flow_id":1,"flow_state":"finished","flow_src_packets_processed":7,"flow_dst_packets_processed":7,"flow_first_seen":1673444916586594,"flow_src_last_pkt_time":1673445066590198,"flow_dst_last_pkt_time":1673445066776614,"flow_idle_time":200000000,"flow_src_min_l4_payload_len":112,"flow_dst_min_l4_payload_len":0,"flow_src_max_l4_payload_len":112,"flow_dst_max_l4_payload_len":46,"flow_src_tot_l4_payload_len":784,"flow_dst_tot_l4_payload_len":322,"midstream":0,"thread_ts_usec":1673445066776614,"l3_proto":"ip4","src_ip":"2.36.234.133","dst_ip":"209.206.59.34","src_port":47301,"dst_port":7351,"l4_proto":"udp","flow_datalink":1,"flow_max_packets":5,"ndpi": {"confidence": {"6":"DPI"},"proto":"MerakiCloud","proto_id":"66","proto_by_ip":"Unknown","proto_by_ip_id":0,"encrypted":0,"breed":"Acceptable","category_id":14,"category":"Network"}}
00987{"flow_event_id":4,"flow_event_name":"update","thread_id":0,"packet_id":19,"source":"cfgs\/default\/pcap\/merakicloud.pcapng","alias":"nDPId-test","flow_id":1,"flow_state":"finished","flow_src_packets_processed":9,"flow_dst_packets_processed":9,"flow_first_seen":1673444916586594,"flow_src_last_pkt_time":1673445116591314,"flow_dst_last_pkt_time":1673445116779519,"flow_idle_time":200000000,"flow_src_min_l4_payload_len":112,"flow_dst_min_l4_payload_len":0,"flow_src_max_l4_payload_len":112,"flow_dst_max_l4_payload_len":46,"flow_src_tot_l4_payload_len":1008,"flow_dst_tot_l4_payload_len":414,"midstream":0,"thread_ts_usec":1673445116779519,"l3_proto":"ip4","src_ip":"2.36.234.133","dst_ip":"209.206.59.34","src_port":47301,"dst_port":7351,"l4_proto":"udp","flow_datalink":1,"flow_max_packets":5,"ndpi": {"confidence": {"6":"DPI"},"proto":"MerakiCloud","proto_id":"66","proto_by_ip":"Unknown","proto_by_ip_id":0,"encrypted":0,"breed":"Acceptable","category_id":14,"category":"Network"}}
02302{"flow_event_id":5,"flow_event_name":"analyse","thread_id":0,"packet_id":32,"source":"cfgs\/default\/pcap\/merakicloud.pcapng","alias":"nDPId-test","flow_id":1,"flow_state":"finished","flow_src_packets_processed":16,"flow_dst_packets_processed":16,"flow_first_seen":1673444916586594,"flow_src_last_pkt_time":1673445166592687,"flow_dst_last_pkt_time":1673445166786552,"flow_idle_time":200000000,"flow_src_min_l4_payload_len":112,"flow_dst_min_l4_payload_len":0,"flow_src_max_l4_payload_len":155,"flow_dst_max_l4_payload_len":148,"flow_src_tot_l4_payload_len":2007,"flow_dst_tot_l4_payload_len":1246,"midstream":0,"thread_ts_usec":1673445166786552,"l3_proto":"ip4","src_ip":"2.36.234.133","dst_ip":"209.206.59.34","src_port":47301,"dst_port":7351,"l4_proto":"udp","flow_datalink":1,"flow_max_packets":5,"data_analysis": {"iat": {"min":185099,"avg":16135679.0,"max":25010608,"stddev":11213935.0,"var":125752330682368.0,"ent":4.4,"data": [185099,25000825,24997097,25000212,25005070,25000662,24996065,25000606,25010608,25000568,24997458,25000731,24998623,25000698,24997255,25000418,25005650,25000559,25008551,6242649,6445427,200886,201754,201009,201123,200007,200026,199896,198997,17753487,17954035]},"pktlen": {"min":74,"avg":129.7,"max":183,"stddev":43.4,"var":1881.8,"ent":4.9,"data": [140,74,140,74,140,74,140,74,140,74,140,74,140,74,140,74,140,74,140,74,176,183,176,183,176,183,176,183,176,183,140,74]},"bins": {"c_to_s": [0,0,0,11,5,0,0,0,0,0,0,0,0,0,0,0,0,0,0,0,0,0,0,0,0,0,0,0,0,0,0,0,0,0,0,0,0,0,0,0,0,0,0,0,0,0,0,0],"s_to_c": [0,11,0,0,5,0,0,0,0,0,0,0,0,0,0,0,0,0,0,0,0,0,0,0,0,0,0,0,0,0,0,0,0,0,0,0,0,0,0,0,0,0,0,0,0,0,0,0]},"directions": [0,1,0,1,0,1,0,1,0,1,0,1,0,1,0,1,0,1,0,1,1,0,1,0,1,0,1,0,1,0,0,1],"entropies": [5.828664303,4.613403797,5.810577869,4.640430927,5.848342419,4.630228996,5.771522522,4.640430927,5.791199684,4.667457581,5.868019581,4.630228996,5.832838535,4.667457104,5.791912556,4.640430927,5.823272228,4.640430450,5.805485725,4.694484234,6.490767479,6.480163097,6.449603081,6.561568260,6.490767956,6.556210518,6.465298176,6.530937672,6.547586918,6.608176708,5.825162888,4.694484234]},"ndpi": {"confidence": {"6":"DPI"},"proto":"MerakiCloud","proto_id":"66","proto_by_ip":"Unknown","proto_by_ip_id":0,"encrypted":0,"breed":"Acceptable","category_id":14,"category":"Network"}}
00991{"flow_event_id":4,"flow_event_name":"update","thread_id":0,"packet_id":33,"source":"cfgs\/default\/pcap\/merakicloud.pcapng","alias":"nDPId-test","flow_id":1,"flow_state":"finished","flow_src_packets_processed":16,"flow_dst_packets_processed":16,"flow_first_seen":1673444916586594,"flow_src_last_pkt_time":1673445166592687,"flow_dst_last_pkt_time":1673445166786552,"flow_idle_time":200000000,"flow_src_min_l4_payload_len":112,"flow_dst_min_l4_payload_len":0,"flow_src_max_l4_payload_len":155,"flow_dst_max_l4_payload_len":148,"flow_src_tot_l4_payload_len":2007,"flow_dst_tot_l4_payload_len":1246,"midstream":0,"thread_ts_usec":1673445166786552,"l3_proto":"ip4","src_ip":"2.36.234.133","dst_ip":"209.206.59.34","src_port":47301,"dst_port":7351,"l4_proto":"udp","flow_datalink":1,"flow_max_packets":5,"ndpi": {"confidence": {"6":"DPI"},"proto":"MerakiCloud","proto_id":"66","proto_by_ip":"Unknown","proto_by_ip_id":0,"encrypted":0,"breed":"Acceptable","category_id":14,"category":"Network"}}
00991{"flow_event_id":4,"flow_event_name":"update","thread_id":0,"packet_id":37,"source":"cfgs\/default\/pcap\/merakicloud.pcapng","alias":"nDPId-test","flow_id":1,"flow_state":"finished","flow_src_packets_processed":18,"flow_dst_packets_processed":18,"flow_first_seen":1673444916586594,"flow_src_last_pkt_time":1673445216593721,"flow_dst_last_pkt_time":1673445216785656,"flow_idle_time":200000000,"flow_src_min_l4_payload_len":112,"flow_dst_min_l4_payload_len":0,"flow_src_max_l4_payload_len":155,"flow_dst_max_l4_payload_len":148,"flow_src_tot_l4_payload_len":2231,"flow_dst_tot_l4_payload_len":1338,"midstream":0,"thread_ts_usec":1673445216785656,"l3_proto":"ip4","src_ip":"2.36.234.133","dst_ip":"209.206.59.34","src_port":47301,"dst_port":7351,"l4_proto":"udp","flow_datalink":1,"flow_max_packets":5,"ndpi": {"confidence": {"6":"DPI"},"proto":"MerakiCloud","proto_id":"66","proto_by_ip":"Unknown","proto_by_ip_id":0,"encrypted":0,"breed":"Acceptable","category_id":14,"category":"Network"}}
00991{"flow_event_id":4,"flow_event_name":"update","thread_id":0,"packet_id":41,"source":"cfgs\/default\/pcap\/merakicloud.pcapng","alias":"nDPId-test","flow_id":1,"flow_state":"finished","flow_src_packets_processed":20,"flow_dst_packets_processed":20,"flow_first_seen":1673444916586594,"flow_src_last_pkt_time":1673445266594530,"flow_dst_last_pkt_time":1673445266791083,"flow_idle_time":200000000,"flow_src_min_l4_payload_len":112,"flow_dst_min_l4_payload_len":0,"flow_src_max_l4_payload_len":155,"flow_dst_max_l4_payload_len":148,"flow_src_tot_l4_payload_len":2455,"flow_dst_tot_l4_payload_len":1430,"midstream":0,"thread_ts_usec":1673445266791083,"l3_proto":"ip4","src_ip":"2.36.234.133","dst_ip":"209.206.59.34","src_port":47301,"dst_port":7351,"l4_proto":"udp","flow_datalink":1,"flow_max_packets":5,"ndpi": {"confidence": {"6":"DPI"},"proto":"MerakiCloud","proto_id":"66","proto_by_ip":"Unknown","proto_by_ip_id":0,"encrypted":0,"breed":"Acceptable","category_id":14,"category":"Network"}}
00989{"flow_event_id":3,"flow_event_name":"idle","thread_id":0,"packet_id":44,"source":"cfgs\/default\/pcap\/merakicloud.pcapng","alias":"nDPId-test","flow_id":1,"flow_state":"finished","flow_src_packets_processed":22,"flow_dst_packets_processed":22,"flow_first_seen":1673444916586594,"flow_src_last_pkt_time":1673445316595722,"flow_dst_last_pkt_time":1673445316799009,"flow_idle_time":200000000,"flow_src_min_l4_payload_len":112,"flow_dst_min_l4_payload_len":0,"flow_src_max_l4_payload_len":155,"flow_dst_max_l4_payload_len":148,"flow_src_tot_l4_payload_len":2679,"flow_dst_tot_l4_payload_len":1522,"midstream":0,"thread_ts_usec":1673445316799009,"l3_proto":"ip4","src_ip":"2.36.234.133","dst_ip":"209.206.59.34","src_port":47301,"dst_port":7351,"l4_proto":"udp","flow_datalink":1,"flow_max_packets":5,"ndpi": {"confidence": {"6":"DPI"},"proto":"MerakiCloud","proto_id":"66","proto_by_ip":"Unknown","proto_by_ip_id":0,"encrypted":0,"breed":"Acceptable","category_id":14,"category":"Network"}}
00848{"daemon_event_id":3,"daemon_event_name":"shutdown","thread_id":0,"packet_id":44,"source":"cfgs\/default\/pcap\/merakicloud.pcapng","alias":"nDPId-test","version":"1.7.0","ndpi_version":"4.15.0-5461-7053687","ndpi_api_version":13280,"size_per_flow":1448,"packets-captured":44,"packets-processed":44,"pfring_active":false,"pfring_recv":0,"pfring_drop":0,"pfring_shunt":0,"total-skipped-flows":0,"total-l4-payload-len":4201,"total-not-detected-flows":0,"total-guessed-flows":0,"total-detected-flows":1,"total-detection-updates":0,"total-updates":7,"current-active-flows":0,"total-active-flows":1,"total-idle-flows":1,"total-compressions":0,"total-compression-diff":0,"current-compression-diff":0,"global-alloc-count":0,"global-free-count":0,"global-alloc-bytes":0,"global-free-bytes":0,"total-events-serialized":19,"global_ts_usec":1673445316799009}
~~~~~~~~~~~~~~~~~~~~ SUMMARY ~~~~~~~~~~~~~~~~~~~~
~~ packets captured/processed: 44/44
~~ skipped flows.............: 0
~~ total layer4 data length..: 4201 bytes
~~ total detected protocols..: 1
~~ total active/idle flows...: 1/1
~~ total timeout flows.......: 0
~~~~~~~~~~~~~~~~~~~~~~~~~~~~~~~~~~~~~~~~~~~~~~~~~
~~ total memory allocated....: 8614953 bytes
~~ total memory freed........: 8614953 bytes
~~ total allocations/frees...: 139840/139840
~~~~~~~~~~~~~~~~~~~~~~~~~~~~~~~~~~~~~~~~~~~~~~~~~
~~ json message min len.......: 583 chars
~~ json message max len.......: 2307 chars
~~ json message avg len.......: 1434 chars
