00586{"daemon_event_id":1,"daemon_event_name":"init","thread_id":0,"packet_id":0,"source":"cfgs\/default\/pcap\/mpeg-dash.pcap","alias":"nDPId-test","version":"","ndpi_version":"","ndpi_api_version":0,"size_per_flow":1480,"max-flows-per-thread":32768,"max-idle-flows-per-thread":1024,"reader-thread-count":1,"flow-scan-interval":10000000,"generic-max-idle-time":600000000,"icmp-max-idle-time":120000000,"udp-max-idle-time":180000000,"tcp-max-idle-time":7560000000,"max-packets-per-flow-to-send":5,"max-packets-per-flow-to-process":32,"max-packets-per-flow-to-analyse":32,"global_ts_usec":0}
00807{"daemon_event_id":4,"daemon_event_name":"status","thread_id":0,"packet_id":1,"source":"cfgs\/default\/pcap\/mpeg-dash.pcap","alias":"nDPId-test","version":"","ndpi_version":"","ndpi_api_version":0,"size_per_flow":1480,"packets-captured":1,"packets-processed":0,"pfring_active":false,"pfring_recv":0,"pfring_drop":0,"pfring_shunt":0,"total-skipped-flows":0,"total-l4-payload-len":0,"total-not-detected-flows":0,"total-guessed-flows":0,"total-detected-flows":0,"total-detection-updates":0,"total-updates":0,"current-active-flows":0,"total-active-flows":0,"total-idle-flows":0,"total-compressions":0,"total-compression-diff":0,"current-compression-diff":0,"global-alloc-count":0,"global-free-count":0,"global-alloc-bytes":0,"global-free-bytes":0,"total-events-serialized":2,"global_ts_usec":1618744212035234}
00773{"flow_event_id":1,"flow_event_name":"new","thread_id":0,"packet_id":1,"source":"cfgs\/default\/pcap\/mpeg-dash.pcap","alias":"nDPId-test","flow_id":1,"flow_state":"info","flow_src_packets_processed":1,"flow_dst_packets_processed":0,"flow_first_seen":1618744212035234,"flow_src_last_pkt_time":1618744212035234,"flow_dst_last_pkt_time":1618744212035234,"flow_idle_time":7580000000,"flow_src_min_l4_payload_len":0,"flow_dst_min_l4_payload_len":0,"flow_src_max_l4_payload_len":0,"flow_dst_max_l4_payload_len":0,"flow_src_tot_l4_payload_len":0,"flow_dst_tot_l4_payload_len":0,"midstream":0,"thread_ts_usec":1618744212035234,"l3_proto":"ip4","src_ip":"10.84.1.81","dst_ip":"166.248.152.10","src_port":60926,"dst_port":80,"l4_proto":"tcp","flow_datalink":1,"flow_max_packets":5}
00556{"packet_event_id":2,"packet_event_name":"packet-flow","thread_id":0,"packet_id":1,"source":"cfgs\/default\/pcap\/mpeg-dash.pcap","alias":"nDPId-test","flow_id":1,"flow_packet_id":1,"flow_src_last_pkt_time":1618744212035234,"flow_dst_last_pkt_time":1618744212035234,"flow_idle_time":7580000000,"pkt_datalink":1,"pkt_caplen":74,"pkt_type":2048,"pkt_l3_offset":14,"pkt_l4_offset":34,"pkt_len":74,"pkt_l4_len":40,"thread_ts_usec":1618744212035234,"pkt":"AAAAAAAAAAQAk2VwCABFAAA8XJFAAEAGk4MKVAFRpviYCu3+AFDXU1UdAAAAAKAC\/\/+5fwAAAgQFtAQCCArQulhbAAAAAAEDAwo="}
00542{"packet_event_id":2,"packet_event_name":"packet-flow","thread_id":0,"packet_id":2,"source":"cfgs\/default\/pcap\/mpeg-dash.pcap","alias":"nDPId-test","flow_id":1,"flow_packet_id":2,"flow_src_last_pkt_time":1618744212035234,"flow_dst_last_pkt_time":1618744212169869,"flow_idle_time":7580000000,"pkt_datalink":1,"pkt_caplen":66,"pkt_type":2048,"pkt_l3_offset":14,"pkt_l4_offset":34,"pkt_len":66,"pkt_l4_len":32,"thread_ts_usec":1618744212169869,"pkt":"AAAAAAAAAAMAbDnzCABFAAA0AABAADAGAB2m+JgKClQBUQBQ7f6v9cxW11NVHoASchAbdQAAAgQFeAEBBAIBAwMK"}
00970{"packet_event_id":2,"packet_event_name":"packet-flow","thread_id":0,"packet_id":3,"source":"cfgs\/default\/pcap\/mpeg-dash.pcap","alias":"nDPId-test","flow_id":1,"flow_packet_id":3,"flow_src_last_pkt_time":1618744212202980,"flow_dst_last_pkt_time":1618744212169869,"flow_idle_time":7580000000,"pkt_datalink":1,"pkt_caplen":382,"pkt_type":2048,"pkt_l3_offset":14,"pkt_l4_offset":34,"pkt_len":382,"pkt_l4_len":348,"thread_ts_usec":1618744212202980,"pkt":"AAAAAAAAAAQAk2VwCABFAAFwXJNAAEAGkk0KVAFRpviYCu3+AFDXU1Uer\/XMV1AYAFYA8wAAR0VUIC9hcy9iaWdvLWFkLWNyZWF0aXZlcy8zczMvMmxPVEE3Lm1wNCBIVFRQLzEuMQ0KVXNlci1BZ2VudDogTW96aWxsYS81LjAgKExpbnV4OyBBbmRyb2lkIDExOyBTTS1BNzE1RiBCdWlsZC9SUDFBLjIwMDcyMC4wMTI7IHd2KSBBcHBsZVdlYktpdC81MzcuMzYgKEtIVE1MLCBsaWtlIEdlY2tvKSBWZXJzaW9uLzQuMCBDaHJvbWUvODkuMC40Mzg5LjEwNSBNb2JpbGUgU2FmYXJpLzUzNy4zNg0KYmlnby1oYXNoOiBWRkJOek8zaVZjdkdwV05kDQpIb3N0OiBnZGwubmV3cy1jZG4uc2l0ZQ0KQ29ubmVjdGlvbjogS2VlcC1BbGl2ZQ0KQWNjZXB0LUVuY29kaW5nOiBnemlwDQoNCg=="}
01303{"flow_event_id":7,"flow_event_name":"detected","thread_id":0,"packet_id":3,"source":"cfgs\/default\/pcap\/mpeg-dash.pcap","alias":"nDPId-test","flow_id":1,"flow_state":"info","flow_src_packets_processed":2,"flow_dst_packets_processed":1,"flow_first_seen":1618744212035234,"flow_src_last_pkt_time":1618744212202980,"flow_dst_last_pkt_time":1618744212169869,"flow_idle_time":7580000000,"flow_src_min_l4_payload_len":0,"flow_dst_min_l4_payload_len":0,"flow_src_max_l4_payload_len":328,"flow_dst_max_l4_payload_len":0,"flow_src_tot_l4_payload_len":328,"flow_dst_tot_l4_payload_len":0,"midstream":0,"thread_ts_usec":1618744212202980,"l3_proto":"ip4","src_ip":"10.84.1.81","dst_ip":"166.248.152.10","src_port":60926,"dst_port":80,"l4_proto":"tcp","ndpi": {"confidence": {"6":"DPI"},"proto":"HTTP.MpegDash","proto_id":"7.291","proto_by_ip":"Unknown","proto_by_ip_id":0,"encrypted":0,"breed":"Fun","category_id":1,"category":"Media","hostname":"gdl.news-cdn.site","domainame":"gdl.news-cdn.site","http": {"url":"gdl.news-cdn.site\/as\/bigo-ad-creatives\/3s3\/2lOTA7.mp4","code":0,"content_type":"","user_agent":"Mozilla\/5.0 (Linux; Android 11; SM-A715F Build\/RP1A.200720.012; wv) AppleWebKit\/537.36 (KHTML, like Gecko) Version\/4.0 Chrome\/89.0.4389.105 Mobile Safari\/537.36","detected_os":"Android 11"}}}
02407{"packet_event_id":2,"packet_event_name":"packet-flow","thread_id":0,"packet_id":4,"source":"cfgs\/default\/pcap\/mpeg-dash.pcap","alias":"nDPId-test","flow_id":1,"flow_packet_id":4,"flow_src_last_pkt_time":1618744212202980,"flow_dst_last_pkt_time":1618744212338460,"flow_idle_time":7580000000,"pkt_datalink":1,"pkt_caplen":1454,"pkt_type":2048,"pkt_l3_offset":14,"pkt_l4_offset":34,"pkt_len":1454,"pkt_l4_len":1420,"thread_ts_usec":1618744212338460,"pkt":"AAAAAAAAAAMAbDnzCABFAAWg4TBAADEGGICm+JgKClQBUQBQ7f6v9cxX11NWZlAQAB7VHwAASFRUUC8xLjEgMjAwIE9LDQpTZXJ2ZXI6IG9wZW5yZXN0eQ0KRGF0ZTogU3VuLCAxOCBBcHIgMjAyMSAxMToxMDoxMiBHTVQNCkNvbnRlbnQtVHlwZTogdmlkZW8vbXA0DQpDb250ZW50LUxlbmd0aDogNTczNDAyMA0KQ29ubmVjdGlvbjoga2VlcC1hbGl2ZQ0KS2VlcC1BbGl2ZTogdGltZW91dD0xODANCkNhY2hlLUNvbnRyb2w6IG1heC1hZ2U9MzE1MzYwMDAwDQpBZ2U6IDUxMDMyMQ0KWC1CLUNIOiAxMg0KQWNjZXNzLUNvbnRyb2wtQWxsb3ctT3JpZ2luOiAqDQpBY2Nlc3MtQ29udHJvbC1BbGxvdy1NZXRob2RzOiBHRVQNCkFjY2VwdC1SYW5nZXM6IGJ5dGVzDQoNCgAAABhmdHlwbXA0MgAAAABtcDQyaXNvbQAAJHhtb292AAAAbG12aGQAAAAA3Jn4utyZ+LoAAKxEAAoYKAABAAABAAAAAAAAAAAAAAAAAQAAAAAAAAAAAAAAAAAAAAEAAAAAAAAAAAAAAAAAAEAAAAAAAAAAAAAAAAAAAAAAAAAAAAAAAAAAAAAAAAADAAAAGGlvZHMAAAAAEICAgAcAT\/\/\/Aij\/AAAV1HRyYWsAAABcdGtoZAAAAAHcmfi63Jn4ugAAAAEAAAAAAAoYKAAAAAAAAAAAAAAAAAAAAAAAAQAAAAAAAAAAAAAAAAAAAAEAAAAAAAAAAAAAAAAAAEAAAAAHgAAABDgAAAAAFUxtZGlhAAAAIG1kaGQAAAAA3Jn4utyZ+LoAAAPoAAA6mVXEAAAAAAAhaGRscgAAAAAAAAAAdmlkZQAAAAAAAAAAAAAAAAAAABUDbWluZgAAABR2bWhkAAAAAQAAAAAAAAAAAAAAJGRpbmYAAAAcZHJlZgAAAAAAAAABAAAADHVybCAAAAABAAAUw3N0YmwAAACXc3RzZAAAAAAAAAABAAAAh2F2YzEAAAAAAAAAAQAAAAAAAAAAAAAAAAAAAAAHgAQ4AEgAAABIAAAAAAAAAAEOSlZUL0FWQyBDb2RpbmcAAAAAAAAAAAAAAAAAAAAAAAAY\/\/8AAAAxYXZjQwFkACj\/4QAaZ2QAKKzTAeAIn5YQAAADABAAAAMDKPGDE4ABAARo6qXLAAAAKHN0dHMAAAAAAAAAAwAAAXUAAAAoAAAAAQAAACkAAAABAAAAKAAABfBzdHN6AAAAAAAAAAAAAAF3AAB17QAATqoAADwfAABKDQAALQ8AADvvAAAXxQAAXEwAAC1ZAAAr5QAAJm4AACAKAABLlQAAQr8AAE0YAABOtQAAUW8AAFpkAABHZgAAUdsAAEcyAABAngAAZToAAFcgAAAsRQAAKiMAAExwAAA7HwAAQeIAAEQlAABNNwAAU+0AAGDfAABbEQAAWSoAAGbxAAA8+wAAa4YAAFSgAABeNwAAYlYAAGMnAABCmAAAUk0AACoeAABQmwAAKhUAAGFUAAAojwAAUS0AABpWAABcPAAAHkwAACT0AABL3QAAJLwAACcJAABcSwAAXB8AADEmAABYNQAAOTYAACO4AAAUHgAAE7AAABFSAAAVwgAAEFwAAAn+AABsdgAATC4AACvgAABNFgAAXQwAAFqsAABYdQAAVGMAAFgYAABUZgAAU8cAAFryAABg8AAAqyMAAFolAAAkVAAAY10AACpxAAAwBwAAZMwAACwZAABKewAAV54AAGyKAAB+PwAAQKUAADHWAAB1LQAANx0AAGBIAAAwugAASkMAAC3mAABZGQAAMMwAAGUbAABEVwAASzkAAGchAAA8YwAAbrIAAC2hAABElwAAYSgAAC2YAAA="}
00810{"daemon_event_id":4,"daemon_event_name":"status","thread_id":0,"packet_id":5,"source":"cfgs\/default\/pcap\/mpeg-dash.pcap","alias":"nDPId-test","version":"","ndpi_version":"","ndpi_api_version":0,"size_per_flow":1480,"packets-captured":5,"packets-processed":4,"pfring_active":false,"pfring_recv":0,"pfring_drop":0,"pfring_shunt":0,"total-skipped-flows":0,"total-l4-payload-len":1728,"total-not-detected-flows":0,"total-guessed-flows":0,"total-detected-flows":1,"total-detection-updates":0,"total-updates":0,"current-active-flows":1,"total-active-flows":1,"total-idle-flows":0,"total-compressions":0,"total-compression-diff":0,"current-compression-diff":0,"global-alloc-count":0,"global-free-count":0,"global-alloc-bytes":0,"global-free-bytes":0,"total-events-serialized":9,"global_ts_usec":1652784807797513}
00775{"flow_event_id":1,"flow_event_name":"new","thread_id":0,"packet_id":5,"source":"cfgs\/default\/pcap\/mpeg-dash.pcap","alias":"nDPId-test","flow_id":2,"flow_state":"info","flow_src_packets_processed":1,"flow_dst_packets_processed":0,"flow_first_seen":1652784807797513,"flow_src_last_pkt_time":1652784807797513,"flow_dst_last_pkt_time":1652784807797513,"flow_idle_time":7580000000,"flow_src_min_l4_payload_len":0,"flow_dst_min_l4_payload_len":0,"flow_src_max_l4_payload_len":0,"flow_dst_max_l4_payload_len":0,"flow_src_tot_l4_payload_len":0,"flow_dst_tot_l4_payload_len":0,"midstream":0,"thread_ts_usec":1652784807797513,"l3_proto":"ip4","src_ip":"192.168.2.105","dst_ip":"54.161.101.85","src_port":59142,"dst_port":80,"l4_proto":"tcp","flow_datalink":1,"flow_max_packets":5}
00554{"packet_event_id":2,"packet_event_name":"packet-flow","thread_id":0,"packet_id":5,"source":"cfgs\/default\/pcap\/mpeg-dash.pcap","alias":"nDPId-test","flow_id":2,"flow_packet_id":1,"flow_src_last_pkt_time":1652784807797513,"flow_dst_last_pkt_time":1652784807797513,"flow_idle_time":7580000000,"pkt_datalink":1,"pkt_caplen":74,"pkt_type":2048,"pkt_l3_offset":14,"pkt_l4_offset":34,"pkt_len":74,"pkt_l4_len":40,"thread_ts_usec":1652784807797513,"pkt":"tKXvZygQwDiWIaSpCABFAAA8gI1AAEAGWyfAqAJpNqFlVecGAFDeWzbUAAAAAKAC+vAGuAAAAgQFtAQCCArGziP6AAAAAAEDAwc="}
00554{"packet_event_id":2,"packet_event_name":"packet-flow","thread_id":0,"packet_id":6,"source":"cfgs\/default\/pcap\/mpeg-dash.pcap","alias":"nDPId-test","flow_id":2,"flow_packet_id":2,"flow_src_last_pkt_time":1652784807797513,"flow_dst_last_pkt_time":1652784807901734,"flow_idle_time":7580000000,"pkt_datalink":1,"pkt_caplen":74,"pkt_type":2048,"pkt_l3_offset":14,"pkt_l4_offset":34,"pkt_len":74,"pkt_l4_len":40,"thread_ts_usec":1652784807901734,"pkt":"wDiWIaSptKXvZygQCABFAAA8AABAAOwGL7Q2oWVVwKgCaQBQ5waq30sm3ls21aASaN+YUwAAAgQFrAQCCAqvHVtJxs4j+gEDAwc="}
00542{"packet_event_id":2,"packet_event_name":"packet-flow","thread_id":0,"packet_id":7,"source":"cfgs\/default\/pcap\/mpeg-dash.pcap","alias":"nDPId-test","flow_id":2,"flow_packet_id":3,"flow_src_last_pkt_time":1652784807901785,"flow_dst_last_pkt_time":1652784807901734,"flow_idle_time":7580000000,"pkt_datalink":1,"pkt_caplen":66,"pkt_type":2048,"pkt_l3_offset":14,"pkt_l4_offset":34,"pkt_len":66,"pkt_l4_len":32,"thread_ts_usec":1652784807901785,"pkt":"tKXvZygQwDiWIaSpCABFAAA0gI5AAEAGWy7AqAJpNqFlVecGAFDeWzbVqt9LJ4AQAfYtmQAAAQEICsbOJGKvHVtJ"}
00793{"packet_event_id":2,"packet_event_name":"packet-flow","thread_id":0,"packet_id":8,"source":"cfgs\/default\/pcap\/mpeg-dash.pcap","alias":"nDPId-test","flow_id":2,"flow_packet_id":4,"flow_src_last_pkt_time":1652784807901836,"flow_dst_last_pkt_time":1652784807901734,"flow_idle_time":7580000000,"pkt_datalink":1,"pkt_caplen":250,"pkt_type":2048,"pkt_l3_offset":14,"pkt_l4_offset":34,"pkt_len":250,"pkt_l4_len":216,"thread_ts_usec":1652784807901836,"pkt":"tKXvZygQwDiWIaSpCABFAADsgI9AAEAGWnXAqAJpNqFlVecGAFDeWzbVqt9LJ4AYAfYXswAAAQEICsbOJGKvHVtJR0VUIC9saXZlc2ltL3N0c18xNjUyNzgzODA5L3NpZF80MGMxMWUxMi9jaHVua2R1cl8xL2F0b183L3Rlc3RwaWM0XzhzL0E0OC9pbml0Lm1wNCBIVFRQLzEuMQ0KSG9zdDogbGl2ZXNpbS5kYXNoaWYub3JnDQpDYWNoZS1Db250cm9sOiBuby1jYWNoZQ0KVXNlci1BZ2VudDogVkxDLzMuMC4xNiBMaWJWTEMvMy4wLjE2DQoNCg=="}
01189{"flow_event_id":7,"flow_event_name":"detected","thread_id":0,"packet_id":8,"source":"cfgs\/default\/pcap\/mpeg-dash.pcap","alias":"nDPId-test","flow_id":2,"flow_state":"info","flow_src_packets_processed":3,"flow_dst_packets_processed":1,"flow_first_seen":1652784807797513,"flow_src_last_pkt_time":1652784807901836,"flow_dst_last_pkt_time":1652784807901734,"flow_idle_time":7580000000,"flow_src_min_l4_payload_len":0,"flow_dst_min_l4_payload_len":0,"flow_src_max_l4_payload_len":184,"flow_dst_max_l4_payload_len":0,"flow_src_tot_l4_payload_len":184,"flow_dst_tot_l4_payload_len":0,"midstream":0,"thread_ts_usec":1652784807901836,"l3_proto":"ip4","src_ip":"192.168.2.105","dst_ip":"54.161.101.85","src_port":59142,"dst_port":80,"l4_proto":"tcp","ndpi": {"confidence": {"6":"DPI"},"proto":"HTTP.MpegDash","proto_id":"7.291","proto_by_ip":"AWS_EC2","proto_by_ip_id":461,"encrypted":0,"breed":"Fun","category_id":1,"category":"Media","hostname":"livesim.dashif.org","domainame":"livesim.dashif.org","http": {"url":"livesim.dashif.org\/livesim\/sts_1652783809\/sid_40c11e12\/chunkdur_1\/ato_7\/testpic4_8s\/A48\/init.mp4","code":0,"content_type":"","user_agent":"VLC\/3.0.16 LibVLC\/3.0.16"}}}
00784{"flow_event_id":1,"flow_event_name":"new","thread_id":0,"packet_id":9,"source":"cfgs\/default\/pcap\/mpeg-dash.pcap","alias":"nDPId-test","flow_id":3,"flow_state":"info","flow_src_packets_processed":1,"flow_dst_packets_processed":0,"flow_first_seen":1652784808500848,"flow_src_last_pkt_time":1652784808500848,"flow_dst_last_pkt_time":1652784808500848,"flow_idle_time":7580000000,"flow_src_min_l4_payload_len":1440,"flow_dst_min_l4_payload_len":0,"flow_src_max_l4_payload_len":1440,"flow_dst_max_l4_payload_len":0,"flow_src_tot_l4_payload_len":1440,"flow_dst_tot_l4_payload_len":0,"midstream":1,"thread_ts_usec":1652784808500848,"l3_proto":"ip4","src_ip":"54.161.101.85","dst_ip":"192.168.2.105","src_port":80,"dst_port":59144,"l4_proto":"tcp","flow_datalink":1,"flow_max_packets":5}
02476{"packet_event_id":2,"packet_event_name":"packet-flow","thread_id":0,"packet_id":9,"source":"cfgs\/default\/pcap\/mpeg-dash.pcap","alias":"nDPId-test","flow_id":3,"flow_packet_id":1,"flow_src_last_pkt_time":1652784808500848,"flow_dst_last_pkt_time":1652784808500848,"flow_idle_time":7580000000,"pkt_datalink":1,"pkt_caplen":1506,"pkt_type":2048,"pkt_l3_offset":14,"pkt_l4_offset":34,"pkt_len":1506,"pkt_l4_len":1472,"thread_ts_usec":1652784808500848,"pkt":"wDiWIaSptKXvZygQCABFAAXUcu5AAOwGty02oWVVwKgCaQBQ5wi4j+HSMIk\/coAQANuo3AAAAQEICq8dXZ\/GziZPSFRUUC8xLjEgMjAwIE9LDQpEYXRlOiBUdWUsIDE3IE1heSAyMDIyIDEwOjUzOjI4IEdNVA0KU2VydmVyOiBBcGFjaGUvMi40LjUzICgpIE9wZW5TU0wvMS4wLjJrLWZpcHMgbW9kX3dzZ2kvNC43LjEgUHl0aG9uLzMuNw0KVXBncmFkZTogaDIsaDJjDQpDb25uZWN0aW9uOiBVcGdyYWRlDQpBY2NlcHQtUmFuZ2VzOiBieXRlcw0KUHJhZ21hOiBuby1jYWNoZQ0KQ2FjaGUtQ29udHJvbDogbm8tY2FjaGUNCkV4cGlyZXM6IC0xDQpEQVNILUxpdmUtU2ltdWxhdG9yOiBEQVNILUlGIGxpdmUgREFTSCBzaW11bGF0b3IgMi4wLjENCkFjY2Vzcy1Db250cm9sLUFsbG93LUhlYWRlcnM6IG9yaWdpbixyYW5nZSxhY2NlcHQtZW5jb2RpbmcscmVmZXJlcg0KQWNjZXNzLUNvbnRyb2wtQWxsb3ctTWV0aG9kczogR0VULEhFQUQsT1BUSU9OUw0KQWNjZXNzLUNvbnRyb2wtQWxsb3ctT3JpZ2luOiAqDQpBY2Nlc3MtQ29udHJvbC1FeHBvc2UtSGVhZGVyczogU2VydmVyLHJhbmdlLENvbnRlbnQtTGVuZ3RoLENvbnRlbnQtUmFuZ2UsRGF0ZQ0KQ29udGVudC1MZW5ndGg6IDk0NA0KQ29udGVudC1UeXBlOiB2aWRlby9tcDQNCg0KAAAAHGZ0eXBpc281AAAAAWF2YzFpc281ZGFzaAAAAAhmcmVlAAAAYGZyZWVJc29NZWRpYSBGaWxlIFByb2R1Y2VkIHdpdGggR1BBQyAwLjUuMi1ERVYtcmV2VmVyc2lvbjogMC41LjItNDI2LWdjNWFkNGU0K2Rmc2c1LTFidWlsZDEAAAADLG1vb3YAAABsbXZoZAAAAAAAAAAAAAAAAAAAA+gAAAAAAAEAAAEAAAAAAAAAAAAAAAABAAAAAAAAAAAAAAAAAAAAAQAAAAAAAAAAAAAAAAAAQAAAAAAAAAAAAAAAAAAAAAAAAAAAAAAAAAAAAAAAAAIAAABIbXZleAAAABBtZWhkAAAAAAA27oAAAAAgdHJleAAAAAAAAAABAAAAAQAAAgAAAAAAAAEAAAAAABB0cmVwAAAAAAAAAAEAAAIOdHJhawAAAFx0a2hkAAAAAwAAAADVk9GpAAAAAQAAAAAAAAAAAAAAAAAAAAAAAAAAAAAAAAABAAAAAAAAAAAAAAAAAAAAAQAAAAAAAAAAAAAAAAAAQAAAAAUAAAAC0AAAAAAAJGVkdHMAAAAcZWxzdAAAAAAAAAABAAAAAAAABAAAAQAAAAABhm1kaWEAAAAgbWRoZAAAAAAAAAAAAAAAAAAAPAAAAAAAFccAAAAAAC1oZGxyAAAAAAAAAAB2aWRlAAAAAAAAAAAAAAAAVmlkZW9IYW5kbGVyAAAAATFtaW5mAAAAFHZtaGQAAAABAAAAAAAAAAAAAAAkZGluZgAAABxkcmVmAAAAAAAAAAEAAAAMdXJsIAAAAAEAAADxc3RibAAAAKVzdHNkAAAAAAAAAAEAAACVYXZjMQAAAAAAAAABAAAAAAAAAAAAAAAAAAAAAAUAAtAASAAAAEgAAAAAAAAAAQAAAAAAAAAAAAAAAAAAAAAAAAAAAAAAAAAAAAAAAAAAABj\/\/wAAAD9hdmNDAWQAH\/\/hACNnZAAfrNlAUAW6EAAAAwAQAAADA8ZKAAknwAEk\/mkwB4wYywEABWjr7LIs\/Pj4AAAAABBzdHRzAAAAAAAAAAAAAAAQc3RzYwAAAAAAAAAAAAAAFHN0c3oAAAAAAAAAAAAAAAAAAAAQc3RjbwAAAAAAAAAAAAAAYnVkdGEAAABabWV0YQAAAAAA"}
01101{"flow_event_id":7,"flow_event_name":"detected","thread_id":0,"packet_id":9,"source":"cfgs\/default\/pcap\/mpeg-dash.pcap","alias":"nDPId-test","flow_id":3,"flow_state":"info","flow_src_packets_processed":1,"flow_dst_packets_processed":0,"flow_first_seen":1652784808500848,"flow_src_last_pkt_time":1652784808500848,"flow_dst_last_pkt_time":1652784808500848,"flow_idle_time":7580000000,"flow_src_min_l4_payload_len":1440,"flow_dst_min_l4_payload_len":0,"flow_src_max_l4_payload_len":1440,"flow_dst_max_l4_payload_len":0,"flow_src_tot_l4_payload_len":1440,"flow_dst_tot_l4_payload_len":0,"midstream":1,"thread_ts_usec":1652784808500848,"l3_proto":"ip4","src_ip":"54.161.101.85","dst_ip":"192.168.2.105","src_port":80,"dst_port":59144,"l4_proto":"tcp","ndpi": {"flow_risk": {"11": {"risk":"HTTP Susp User-Agent","severity":"High","risk_score": {"total":310,"client":275,"server":35}}},"confidence": {"6":"DPI"},"proto":"HTTP.MpegDash","proto_id":"7.291","proto_by_ip":"AWS_EC2","proto_by_ip_id":461,"encrypted":0,"breed":"Fun","category_id":1,"category":"Media","hostname":"","domainame":"","http": {}}}
00544{"packet_event_id":2,"packet_event_name":"packet-flow","thread_id":0,"packet_id":10,"source":"cfgs\/default\/pcap\/mpeg-dash.pcap","alias":"nDPId-test","flow_id":3,"flow_packet_id":2,"flow_src_last_pkt_time":1652784808500848,"flow_dst_last_pkt_time":1652784808500868,"flow_idle_time":7580000000,"pkt_datalink":1,"pkt_caplen":66,"pkt_type":2048,"pkt_l3_offset":14,"pkt_l4_offset":34,"pkt_len":66,"pkt_l4_len":32,"thread_ts_usec":1652784808500868,"pkt":"tKXvZygQwDiWIaSpCABFAAA0NqpAAEAGpRLAqAJpNqFlVecIAFAwiT9yuI\/ncoAQAfUkJQAAAQEICsbOJrmvHV2f"}
00652{"packet_event_id":2,"packet_event_name":"packet-flow","thread_id":0,"packet_id":11,"source":"cfgs\/default\/pcap\/mpeg-dash.pcap","alias":"nDPId-test","flow_id":3,"flow_packet_id":3,"flow_src_last_pkt_time":1652784808501352,"flow_dst_last_pkt_time":1652784808500868,"flow_idle_time":7580000000,"pkt_datalink":1,"pkt_caplen":143,"pkt_type":2048,"pkt_l3_offset":14,"pkt_l4_offset":34,"pkt_len":143,"pkt_l4_len":109,"thread_ts_usec":1652784808501352,"pkt":"wDiWIaSptKXvZygQCABFAACBcu9AAOwGvH82oWVVwKgCaQBQ5wi4j+dyMIk\/coAYANvyTQAAAQEICq8dXZ\/GziZPAAAhaGRscgAAAAAAAAAAbWRpcmFwcGwAAAAAAAAAAAAAAAAtaWxzdAAAACWpdG9vAAAAHWRhdGEAAAABAAAAAExhdmY1Ni40MC4xMDE="}
00803{"packet_event_id":2,"packet_event_name":"packet-flow","thread_id":0,"packet_id":12,"source":"cfgs\/default\/pcap\/mpeg-dash.pcap","alias":"nDPId-test","flow_id":3,"flow_packet_id":4,"flow_src_last_pkt_time":1652784808501352,"flow_dst_last_pkt_time":1652784808514677,"flow_idle_time":7580000000,"pkt_datalink":1,"pkt_caplen":257,"pkt_type":2048,"pkt_l3_offset":14,"pkt_l4_offset":34,"pkt_len":257,"pkt_l4_len":223,"thread_ts_usec":1652784808514677,"pkt":"tKXvZygQwDiWIaSpCABFAADzNqxAAEAGpFHAqAJpNqFlVecIAFAwiT9yuI\/nv4AYAfXebgAAAQEICsbOJsevHV2fR0VUIC9saXZlc2ltL3N0c18xNjUyNzgzODA5L3NpZF80MGMxMWUxMi9jaHVua2R1cl8xL2F0b183L3Rlc3RwaWM0XzhzL1YyNDAwLzIwNjU5ODA5OC5tNHMgSFRUUC8xLjENCkhvc3Q6IGxpdmVzaW0uZGFzaGlmLm9yZw0KQ2FjaGUtQ29udHJvbDogbm8tY2FjaGUNClVzZXItQWdlbnQ6IFZMQy8zLjAuMTYgTGliVkxDLzMuMC4xNg0KDQo="}
01212{"flow_event_id":8,"flow_event_name":"detection-update","thread_id":0,"packet_id":12,"source":"cfgs\/default\/pcap\/mpeg-dash.pcap","alias":"nDPId-test","flow_id":3,"flow_state":"info","flow_src_packets_processed":2,"flow_dst_packets_processed":2,"flow_first_seen":1652784808500848,"flow_src_last_pkt_time":1652784808501352,"flow_dst_last_pkt_time":1652784808514677,"flow_idle_time":7580000000,"flow_src_min_l4_payload_len":77,"flow_dst_min_l4_payload_len":0,"flow_src_max_l4_payload_len":1440,"flow_dst_max_l4_payload_len":191,"flow_src_tot_l4_payload_len":1517,"flow_dst_tot_l4_payload_len":191,"midstream":1,"thread_ts_usec":1652784808514677,"l3_proto":"ip4","src_ip":"54.161.101.85","dst_ip":"192.168.2.105","src_port":80,"dst_port":59144,"l4_proto":"tcp","ndpi": {"confidence": {"6":"DPI"},"proto":"HTTP.MpegDash","proto_id":"7.291","proto_by_ip":"AWS_EC2","proto_by_ip_id":461,"encrypted":0,"breed":"Fun","category_id":1,"category":"Media","hostname":"livesim.dashif.org","domainame":"livesim.dashif.org","http": {"url":"livesim.dashif.org\/livesim\/sts_1652783809\/sid_40c11e12\/chunkdur_1\/ato_7\/testpic4_8s\/V2400\/206598098.m4s","code":0,"content_type":"","user_agent":"VLC\/3.0.16 LibVLC\/3.0.16"}}}
00782{"flow_event_id":1,"flow_event_name":"new","thread_id":0,"packet_id":13,"source":"cfgs\/default\/pcap\/mpeg-dash.pcap","alias":"nDPId-test","flow_id":4,"flow_state":"info","flow_src_packets_processed":1,"flow_dst_packets_processed":0,"flow_first_seen":1652784814543352,"flow_src_last_pkt_time":1652784814543352,"flow_dst_last_pkt_time":1652784814543352,"flow_idle_time":7580000000,"flow_src_min_l4_payload_len":191,"flow_dst_min_l4_payload_len":0,"flow_src_max_l4_payload_len":191,"flow_dst_max_l4_payload_len":0,"flow_src_tot_l4_payload_len":191,"flow_dst_tot_l4_payload_len":0,"midstream":1,"thread_ts_usec":1652784814543352,"l3_proto":"ip4","src_ip":"192.168.2.105","dst_ip":"54.161.101.85","src_port":59146,"dst_port":80,"l4_proto":"tcp","flow_datalink":1,"flow_max_packets":5}
00803{"packet_event_id":2,"packet_event_name":"packet-flow","thread_id":0,"packet_id":13,"source":"cfgs\/default\/pcap\/mpeg-dash.pcap","alias":"nDPId-test","flow_id":4,"flow_packet_id":1,"flow_src_last_pkt_time":1652784814543352,"flow_dst_last_pkt_time":1652784814543352,"flow_idle_time":7580000000,"pkt_datalink":1,"pkt_caplen":257,"pkt_type":2048,"pkt_l3_offset":14,"pkt_l4_offset":34,"pkt_len":257,"pkt_l4_len":223,"thread_ts_usec":1652784814543352,"pkt":"tKXvZygQwDiWIaSpCABFAADzRtZAAEAGlCfAqAJpNqFlVecKAFBASLN\/hVfSJoAYAfZzRwAAAQEICsbOPlSvHXU7R0VUIC9saXZlc2ltL3N0c18xNjUyNzgzODA5L3NpZF80MGMxMWUxMi9jaHVua2R1cl8xL2F0b183L3Rlc3RwaWM0XzhzL1YyNDAwLzIwNjU5ODA5OS5tNHMgSFRUUC8xLjENCkhvc3Q6IGxpdmVzaW0uZGFzaGlmLm9yZw0KQ2FjaGUtQ29udHJvbDogbm8tY2FjaGUNClVzZXItQWdlbnQ6IFZMQy8zLjAuMTYgTGliVkxDLzMuMC4xNg0KDQo="}
01199{"flow_event_id":7,"flow_event_name":"detected","thread_id":0,"packet_id":13,"source":"cfgs\/default\/pcap\/mpeg-dash.pcap","alias":"nDPId-test","flow_id":4,"flow_state":"info","flow_src_packets_processed":1,"flow_dst_packets_processed":0,"flow_first_seen":1652784814543352,"flow_src_last_pkt_time":1652784814543352,"flow_dst_last_pkt_time":1652784814543352,"flow_idle_time":7580000000,"flow_src_min_l4_payload_len":191,"flow_dst_min_l4_payload_len":0,"flow_src_max_l4_payload_len":191,"flow_dst_max_l4_payload_len":0,"flow_src_tot_l4_payload_len":191,"flow_dst_tot_l4_payload_len":0,"midstream":1,"thread_ts_usec":1652784814543352,"l3_proto":"ip4","src_ip":"192.168.2.105","dst_ip":"54.161.101.85","src_port":59146,"dst_port":80,"l4_proto":"tcp","ndpi": {"confidence": {"6":"DPI"},"proto":"HTTP.MpegDash","proto_id":"7.291","proto_by_ip":"AWS_EC2","proto_by_ip_id":461,"encrypted":0,"breed":"Fun","category_id":1,"category":"Media","hostname":"livesim.dashif.org","domainame":"livesim.dashif.org","http": {"url":"livesim.dashif.org\/livesim\/sts_1652783809\/sid_40c11e12\/chunkdur_1\/ato_7\/testpic4_8s\/V2400\/206598099.m4s","code":0,"content_type":"","user_agent":"VLC\/3.0.16 LibVLC\/3.0.16"}}}
00968{"flow_event_id":3,"flow_event_name":"idle","thread_id":0,"packet_id":13,"source":"cfgs\/default\/pcap\/mpeg-dash.pcap","alias":"nDPId-test","flow_id":2,"flow_state":"info","flow_src_packets_processed":3,"flow_dst_packets_processed":1,"flow_first_seen":1652784807797513,"flow_src_last_pkt_time":1652784807901836,"flow_dst_last_pkt_time":1652784807901734,"flow_idle_time":7580000000,"flow_src_min_l4_payload_len":0,"flow_dst_min_l4_payload_len":0,"flow_src_max_l4_payload_len":184,"flow_dst_max_l4_payload_len":0,"flow_src_tot_l4_payload_len":184,"flow_dst_tot_l4_payload_len":0,"midstream":0,"thread_ts_usec":1652784814543352,"l3_proto":"ip4","src_ip":"192.168.2.105","dst_ip":"54.161.101.85","src_port":59142,"dst_port":80,"l4_proto":"tcp","flow_datalink":1,"flow_max_packets":5,"ndpi": {"confidence": {"6":"DPI"},"proto":"HTTP.MpegDash","proto_id":"7.291","proto_by_ip":"AWS_EC2","proto_by_ip_id":461,"encrypted":0,"breed":"Fun","category_id":1,"category":"Media"}}
00975{"flow_event_id":3,"flow_event_name":"idle","thread_id":0,"packet_id":13,"source":"cfgs\/default\/pcap\/mpeg-dash.pcap","alias":"nDPId-test","flow_id":3,"flow_state":"info","flow_src_packets_processed":2,"flow_dst_packets_processed":2,"flow_first_seen":1652784808500848,"flow_src_last_pkt_time":1652784808501352,"flow_dst_last_pkt_time":1652784808514677,"flow_idle_time":7580000000,"flow_src_min_l4_payload_len":77,"flow_dst_min_l4_payload_len":0,"flow_src_max_l4_payload_len":1440,"flow_dst_max_l4_payload_len":191,"flow_src_tot_l4_payload_len":1517,"flow_dst_tot_l4_payload_len":191,"midstream":1,"thread_ts_usec":1652784814543352,"l3_proto":"ip4","src_ip":"54.161.101.85","dst_ip":"192.168.2.105","src_port":80,"dst_port":59144,"l4_proto":"tcp","flow_datalink":1,"flow_max_packets":5,"ndpi": {"confidence": {"6":"DPI"},"proto":"HTTP.MpegDash","proto_id":"7.291","proto_by_ip":"AWS_EC2","proto_by_ip_id":461,"encrypted":0,"breed":"Fun","category_id":1,"category":"Media"}}
00970{"flow_event_id":3,"flow_event_name":"idle","thread_id":0,"packet_id":13,"source":"cfgs\/default\/pcap\/mpeg-dash.pcap","alias":"nDPId-test","flow_id":4,"flow_state":"info","flow_src_packets_processed":1,"flow_dst_packets_processed":0,"flow_first_seen":1652784814543352,"flow_src_last_pkt_time":1652784814543352,"flow_dst_last_pkt_time":1652784814543352,"flow_idle_time":7580000000,"flow_src_min_l4_payload_len":191,"flow_dst_min_l4_payload_len":0,"flow_src_max_l4_payload_len":191,"flow_dst_max_l4_payload_len":0,"flow_src_tot_l4_payload_len":191,"flow_dst_tot_l4_payload_len":0,"midstream":1,"thread_ts_usec":1652784814543352,"l3_proto":"ip4","src_ip":"192.168.2.105","dst_ip":"54.161.101.85","src_port":59146,"dst_port":80,"l4_proto":"tcp","flow_datalink":1,"flow_max_packets":5,"ndpi": {"confidence": {"6":"DPI"},"proto":"HTTP.MpegDash","proto_id":"7.291","proto_by_ip":"AWS_EC2","proto_by_ip_id":461,"encrypted":0,"breed":"Fun","category_id":1,"category":"Media"}}
01005{"flow_event_id":3,"flow_event_name":"idle","thread_id":0,"packet_id":13,"source":"cfgs\/default\/pcap\/mpeg-dash.pcap","alias":"nDPId-test","flow_id":1,"flow_state":"finished","flow_src_packets_processed":2,"flow_dst_packets_processed":2,"flow_first_seen":1618744212035234,"flow_src_last_pkt_time":1618744212202980,"flow_dst_last_pkt_time":1618744212338460,"flow_idle_time":7580000000,"flow_src_min_l4_payload_len":0,"flow_dst_min_l4_payload_len":0,"flow_src_max_l4_payload_len":328,"flow_dst_max_l4_payload_len":1400,"flow_src_tot_l4_payload_len":328,"flow_dst_tot_l4_payload_len":1400,"midstream":0,"thread_ts_usec":1652784814543352,"l3_proto":"ip4","src_ip":"10.84.1.81","dst_ip":"166.248.152.10","src_port":60926,"dst_port":80,"l4_proto":"tcp","flow_datalink":1,"flow_max_packets":5,"ndpi": {"confidence": {"6":"DPI"},"proto":"HTTP.MpegDash","proto_id":"7.291","proto_by_ip":"Unknown","proto_by_ip_id":0,"encrypted":0,"breed":"Fun","category_id":1,"category":"Media","hostname":"gdl.news-cdn.site"}}
00816{"daemon_event_id":3,"daemon_event_name":"shutdown","thread_id":0,"packet_id":13,"source":"cfgs\/default\/pcap\/mpeg-dash.pcap","alias":"nDPId-test","version":"","ndpi_version":"","ndpi_api_version":0,"size_per_flow":1480,"packets-captured":13,"packets-processed":13,"pfring_active":false,"pfring_recv":0,"pfring_drop":0,"pfring_shunt":0,"total-skipped-flows":0,"total-l4-payload-len":3811,"total-not-detected-flows":0,"total-guessed-flows":0,"total-detected-flows":4,"total-detection-updates":1,"total-updates":0,"current-active-flows":0,"total-active-flows":4,"total-idle-flows":4,"total-compressions":0,"total-compression-diff":0,"current-compression-diff":0,"global-alloc-count":0,"global-free-count":0,"global-alloc-bytes":0,"global-free-bytes":0,"total-events-serialized":30,"global_ts_usec":1652784814543352}
~~~~~~~~~~~~~~~~~~~~ SUMMARY ~~~~~~~~~~~~~~~~~~~~
~~ packets captured/processed: 13/13
~~ skipped flows.............: 0
~~ total layer4 data length..: 3811 bytes
~~ total detected protocols..: 4
~~ total active/idle flows...: 4/4
~~ total timeout flows.......: 0
~~~~~~~~~~~~~~~~~~~~~~~~~~~~~~~~~~~~~~~~~~~~~~~~~
~~ total memory allocated....: 9417735 bytes
~~ total memory freed........: 9417735 bytes
~~ total allocations/frees...: 154561/154561
~~~~~~~~~~~~~~~~~~~~~~~~~~~~~~~~~~~~~~~~~~~~~~~~~
~~ json message min len.......: 547 chars
~~ json message max len.......: 2481 chars
~~ json message avg len.......: 1513 chars
