00583{"daemon_event_id":1,"daemon_event_name":"init","thread_id":0,"packet_id":0,"source":"cfgs\/default\/pcap\/msdo.pcapng","alias":"nDPId-test","version":"","ndpi_version":"","ndpi_api_version":0,"size_per_flow":1480,"max-flows-per-thread":32768,"max-idle-flows-per-thread":1024,"reader-thread-count":1,"flow-scan-interval":10000000,"generic-max-idle-time":600000000,"icmp-max-idle-time":120000000,"udp-max-idle-time":180000000,"tcp-max-idle-time":7560000000,"max-packets-per-flow-to-send":5,"max-packets-per-flow-to-process":32,"max-packets-per-flow-to-analyse":32,"global_ts_usec":0}
00804{"daemon_event_id":4,"daemon_event_name":"status","thread_id":0,"packet_id":1,"source":"cfgs\/default\/pcap\/msdo.pcapng","alias":"nDPId-test","version":"","ndpi_version":"","ndpi_api_version":0,"size_per_flow":1480,"packets-captured":1,"packets-processed":0,"pfring_active":false,"pfring_recv":0,"pfring_drop":0,"pfring_shunt":0,"total-skipped-flows":0,"total-l4-payload-len":0,"total-not-detected-flows":0,"total-guessed-flows":0,"total-detected-flows":0,"total-detection-updates":0,"total-updates":0,"current-active-flows":0,"total-active-flows":0,"total-idle-flows":0,"total-compressions":0,"total-compression-diff":0,"current-compression-diff":0,"global-alloc-count":0,"global-free-count":0,"global-alloc-bytes":0,"global-free-bytes":0,"total-events-serialized":2,"global_ts_usec":1745343597063704}
00772{"flow_event_id":1,"flow_event_name":"new","thread_id":0,"packet_id":1,"source":"cfgs\/default\/pcap\/msdo.pcapng","alias":"nDPId-test","flow_id":1,"flow_state":"info","flow_src_packets_processed":1,"flow_dst_packets_processed":0,"flow_first_seen":1745343597063704,"flow_src_last_pkt_time":1745343597063704,"flow_dst_last_pkt_time":1745343597063704,"flow_idle_time":7580000000,"flow_src_min_l4_payload_len":0,"flow_dst_min_l4_payload_len":0,"flow_src_max_l4_payload_len":0,"flow_dst_max_l4_payload_len":0,"flow_src_tot_l4_payload_len":0,"flow_dst_tot_l4_payload_len":0,"midstream":0,"thread_ts_usec":1745343597063704,"l3_proto":"ip4","src_ip":"192.168.1.31","dst_ip":"192.168.1.30","src_port":49741,"dst_port":7680,"l4_proto":"tcp","flow_datalink":1,"flow_max_packets":5}
00539{"packet_event_id":2,"packet_event_name":"packet-flow","thread_id":0,"packet_id":1,"source":"cfgs\/default\/pcap\/msdo.pcapng","alias":"nDPId-test","flow_id":1,"flow_packet_id":1,"flow_src_last_pkt_time":1745343597063704,"flow_dst_last_pkt_time":1745343597063704,"flow_idle_time":7580000000,"pkt_datalink":1,"pkt_caplen":66,"pkt_type":2048,"pkt_l3_offset":14,"pkt_l4_offset":34,"pkt_len":66,"pkt_l4_len":32,"thread_ts_usec":1745343597063704,"pkt":"CAAnneLLCAAn0IAdCABFAAA0hvRAAIAGAADAqAEfwKgBHsJNHgBh9H1+AAAAAIAC+vCDtAAAAgQFtAEDAwgBAQQC"}
00541{"packet_event_id":2,"packet_event_name":"packet-flow","thread_id":0,"packet_id":2,"source":"cfgs\/default\/pcap\/msdo.pcapng","alias":"nDPId-test","flow_id":1,"flow_packet_id":2,"flow_src_last_pkt_time":1745343597063704,"flow_dst_last_pkt_time":1745343597063950,"flow_idle_time":7580000000,"pkt_datalink":1,"pkt_caplen":66,"pkt_type":2048,"pkt_l3_offset":14,"pkt_l4_offset":34,"pkt_len":66,"pkt_l4_len":32,"thread_ts_usec":1745343597063950,"pkt":"CAAn0IAdCAAnneLLCABFAAA00nVAAIAGpMDAqAEewKgBHx4Awk1olKsxYfR9f4AS\/\/8X6wAAAgQFtAEDAwgBAQQC"}
00524{"packet_event_id":2,"packet_event_name":"packet-flow","thread_id":0,"packet_id":3,"source":"cfgs\/default\/pcap\/msdo.pcapng","alias":"nDPId-test","flow_id":1,"flow_packet_id":3,"flow_src_last_pkt_time":1745343597063994,"flow_dst_last_pkt_time":1745343597063950,"flow_idle_time":7580000000,"pkt_datalink":1,"pkt_caplen":54,"pkt_type":2048,"pkt_l3_offset":14,"pkt_l4_offset":34,"pkt_len":54,"pkt_l4_len":20,"thread_ts_usec":1745343597063994,"pkt":"CAAnneLLCAAn0IAdCABFAAAohvVAAIAGAADAqAEfwKgBHsJNHgBh9H1\/aJSrMlAQIBSDqAAA"}
00628{"packet_event_id":2,"packet_event_name":"packet-flow","thread_id":0,"packet_id":4,"source":"cfgs\/default\/pcap\/msdo.pcapng","alias":"nDPId-test","flow_id":1,"flow_packet_id":4,"flow_src_last_pkt_time":1745343597064084,"flow_dst_last_pkt_time":1745343597063950,"flow_idle_time":7580000000,"pkt_datalink":1,"pkt_caplen":129,"pkt_type":2048,"pkt_l3_offset":14,"pkt_l4_offset":34,"pkt_len":129,"pkt_l4_len":95,"thread_ts_usec":1745343597064084,"pkt":"CAAnneLLCAAn0IAdCABFAABzhvZAAIAGAADAqAEfwKgBHsJNHgBh9H1\/aJSrMlAYIBSD8wAADlN3YXJtIHByb3RvY29sAAAAAAAQAACKgQYiTt1ql3\/NpyGCEuvDEsaWzWKD\/we2HnKjC2lCCLNqABJ4hDZDgh3Vy22S75cAAAAA"}
00925{"flow_event_id":7,"flow_event_name":"detected","thread_id":0,"packet_id":4,"source":"cfgs\/default\/pcap\/msdo.pcapng","alias":"nDPId-test","flow_id":1,"flow_state":"info","flow_src_packets_processed":3,"flow_dst_packets_processed":1,"flow_first_seen":1745343597063704,"flow_src_last_pkt_time":1745343597064084,"flow_dst_last_pkt_time":1745343597063950,"flow_idle_time":7580000000,"flow_src_min_l4_payload_len":0,"flow_dst_min_l4_payload_len":0,"flow_src_max_l4_payload_len":75,"flow_dst_max_l4_payload_len":0,"flow_src_tot_l4_payload_len":75,"flow_dst_tot_l4_payload_len":0,"midstream":0,"thread_ts_usec":1745343597064084,"l3_proto":"ip4","src_ip":"192.168.1.31","dst_ip":"192.168.1.30","src_port":49741,"dst_port":7680,"l4_proto":"tcp","ndpi": {"confidence": {"6":"DPI"},"proto":"MSDO","proto_id":"448","proto_by_ip":"Unknown","proto_by_ip_id":0,"encrypted":0,"breed":"Safe","category_id":19,"category":"SoftwareUpdate"}}
00627{"packet_event_id":2,"packet_event_name":"packet-flow","thread_id":0,"packet_id":5,"source":"cfgs\/default\/pcap\/msdo.pcapng","alias":"nDPId-test","flow_id":1,"flow_packet_id":5,"flow_src_last_pkt_time":1745343597064084,"flow_dst_last_pkt_time":1745343597065347,"flow_idle_time":7580000000,"pkt_datalink":1,"pkt_caplen":129,"pkt_type":2048,"pkt_l3_offset":14,"pkt_l4_offset":34,"pkt_len":129,"pkt_l4_len":95,"thread_ts_usec":1745343597065347,"pkt":"CAAn0IAdCAAnneLLCABFAABz0nZAAIAGpIDAqAEewKgBHx4Awk1olKsyYfR9ylAYIBRlsAAADlN3YXJtIHByb3RvY29sAAAAAAAQAACKgQYiTt1ql3\/NpyGCEuvDEsaWzWKD\/we2HnKjC2lCCCBGLBvaqgNOo9vt3pXqyMMAAAAA"}
00966{"flow_event_id":2,"flow_event_name":"end","thread_id":0,"packet_id":10,"source":"cfgs\/default\/pcap\/msdo.pcapng","alias":"nDPId-test","flow_id":1,"flow_state":"finished","flow_src_packets_processed":6,"flow_dst_packets_processed":4,"flow_first_seen":1745343597063704,"flow_src_last_pkt_time":1745343597066087,"flow_dst_last_pkt_time":1745343597066051,"flow_idle_time":7580000000,"flow_src_min_l4_payload_len":0,"flow_dst_min_l4_payload_len":0,"flow_src_max_l4_payload_len":75,"flow_dst_max_l4_payload_len":75,"flow_src_tot_l4_payload_len":88,"flow_dst_tot_l4_payload_len":88,"midstream":0,"thread_ts_usec":1745343597066087,"l3_proto":"ip4","src_ip":"192.168.1.31","dst_ip":"192.168.1.30","src_port":49741,"dst_port":7680,"l4_proto":"tcp","flow_datalink":1,"flow_max_packets":5,"ndpi": {"confidence": {"6":"DPI"},"proto":"MSDO","proto_id":"448","proto_by_ip":"Unknown","proto_by_ip_id":0,"encrypted":0,"breed":"Safe","category_id":19,"category":"SoftwareUpdate"}}
00812{"daemon_event_id":3,"daemon_event_name":"shutdown","thread_id":0,"packet_id":10,"source":"cfgs\/default\/pcap\/msdo.pcapng","alias":"nDPId-test","version":"","ndpi_version":"","ndpi_api_version":0,"size_per_flow":1480,"packets-captured":10,"packets-processed":10,"pfring_active":false,"pfring_recv":0,"pfring_drop":0,"pfring_shunt":0,"total-skipped-flows":0,"total-l4-payload-len":176,"total-not-detected-flows":0,"total-guessed-flows":0,"total-detected-flows":1,"total-detection-updates":0,"total-updates":0,"current-active-flows":0,"total-active-flows":1,"total-idle-flows":1,"total-compressions":0,"total-compression-diff":0,"current-compression-diff":0,"global-alloc-count":0,"global-free-count":0,"global-alloc-bytes":0,"global-free-bytes":0,"total-events-serialized":11,"global_ts_usec":1745343597066087}
~~~~~~~~~~~~~~~~~~~~ SUMMARY ~~~~~~~~~~~~~~~~~~~~
~~ packets captured/processed: 10/10
~~ skipped flows.............: 0
~~ total layer4 data length..: 176 bytes
~~ total detected protocols..: 1
~~ total active/idle flows...: 1/1
~~ total timeout flows.......: 0
~~~~~~~~~~~~~~~~~~~~~~~~~~~~~~~~~~~~~~~~~~~~~~~~~
~~ total memory allocated....: 9409503 bytes
~~ total memory freed........: 9409503 bytes
~~ total allocations/frees...: 154509/154509
~~~~~~~~~~~~~~~~~~~~~~~~~~~~~~~~~~~~~~~~~~~~~~~~~
~~ json message min len.......: 529 chars
~~ json message max len.......: 971 chars
~~ json message avg len.......: 740 chars
