00582{"daemon_event_id":1,"daemon_event_name":"init","thread_id":0,"packet_id":0,"source":"cfgs\/default\/pcap\/NTPv2.pcap","alias":"nDPId-test","version":"","ndpi_version":"","ndpi_api_version":0,"size_per_flow":1480,"max-flows-per-thread":32768,"max-idle-flows-per-thread":1024,"reader-thread-count":1,"flow-scan-interval":10000000,"generic-max-idle-time":600000000,"icmp-max-idle-time":120000000,"udp-max-idle-time":180000000,"tcp-max-idle-time":7560000000,"max-packets-per-flow-to-send":5,"max-packets-per-flow-to-process":32,"max-packets-per-flow-to-analyse":32,"global_ts_usec":0}
00803{"daemon_event_id":4,"daemon_event_name":"status","thread_id":0,"packet_id":1,"source":"cfgs\/default\/pcap\/NTPv2.pcap","alias":"nDPId-test","version":"","ndpi_version":"","ndpi_api_version":0,"size_per_flow":1480,"packets-captured":1,"packets-processed":0,"pfring_active":false,"pfring_recv":0,"pfring_drop":0,"pfring_shunt":0,"total-skipped-flows":0,"total-l4-payload-len":0,"total-not-detected-flows":0,"total-guessed-flows":0,"total-detected-flows":0,"total-detection-updates":0,"total-updates":0,"current-active-flows":0,"total-active-flows":0,"total-idle-flows":0,"total-compressions":0,"total-compression-diff":0,"current-compression-diff":0,"global-alloc-count":0,"global-free-count":0,"global-alloc-bytes":0,"global-free-bytes":0,"total-events-serialized":2,"global_ts_usec":1436865383632810}
00771{"flow_event_id":1,"flow_event_name":"new","thread_id":0,"packet_id":1,"source":"cfgs\/default\/pcap\/NTPv2.pcap","alias":"nDPId-test","flow_id":1,"flow_state":"info","flow_src_packets_processed":1,"flow_dst_packets_processed":0,"flow_first_seen":1436865383632810,"flow_src_last_pkt_time":1436865383632810,"flow_dst_last_pkt_time":1436865383632810,"flow_idle_time":200000000,"flow_src_min_l4_payload_len":368,"flow_dst_min_l4_payload_len":0,"flow_src_max_l4_payload_len":368,"flow_dst_max_l4_payload_len":0,"flow_src_tot_l4_payload_len":368,"flow_dst_tot_l4_payload_len":0,"midstream":0,"thread_ts_usec":1436865383632810,"l3_proto":"ip4","src_ip":"208.104.95.10","dst_ip":"78.46.76.2","src_port":123,"dst_port":80,"l4_proto":"udp","flow_datalink":1,"flow_max_packets":5}
01000{"packet_event_id":2,"packet_event_name":"packet-flow","thread_id":0,"packet_id":1,"source":"cfgs\/default\/pcap\/NTPv2.pcap","alias":"nDPId-test","flow_id":1,"flow_packet_id":1,"flow_src_last_pkt_time":1436865383632810,"flow_dst_last_pkt_time":1436865383632810,"flow_idle_time":200000000,"pkt_datalink":1,"pkt_caplen":410,"pkt_type":2048,"pkt_l3_offset":14,"pkt_l4_offset":34,"pkt_len":410,"pkt_l4_len":376,"thread_ts_usec":1436865383632810,"pkt":"RIpbLCrSACaIdf8bCABFAAGMHS4AADERoZDQaF8KTi5MAgB7AFABeH6Xlw4DKgAFAEgAAAAAAAAQOgAAAAAAAAGISO9ZbawQDGUAAAABDAIHAgAAAAAAAAAAAAAAAAAAAAAAAAAAAAAAAAAAAAAAAAAAAAAAAAAAAAAAAAABAAAQZwAAAAAAAADHQLufDawQDGUAAAABuxwHAgAAAAAAAAAAAAAAAAAAAAAAAAAAAAAAAAAAAAAAAAAAAAAAAAAAAAAAAAAAAAAQxAAAAAAAAAa6UEgp0qwQDGUAAAABKtoHAgAAAAAAAAAAAAAAAAAAAAAAAAAAAAAAAAAAAAAAAAAAAAAAAAAAAAAAAAAAAAAQ2AAAAAAAAAWzX1q4C6wQDGUAAAABAFAHAgAAAAAAAAAAAAAAAAAAAAAAAAAAAAAAAAAAAAAAAAAAAAAAAAAAAAAAAAAAAAAQ2wAAAAAAAAWRR3um9qwQDGUAAAABAFAHAgAAAAAAAAAAAAAAAAAAAAAAAAAAAAAAAAAAAAAAAAAAAAAAAAAAAAA="}
00947{"flow_event_id":7,"flow_event_name":"detected","thread_id":0,"packet_id":1,"source":"cfgs\/default\/pcap\/NTPv2.pcap","alias":"nDPId-test","flow_id":1,"flow_state":"info","flow_src_packets_processed":1,"flow_dst_packets_processed":0,"flow_first_seen":1436865383632810,"flow_src_last_pkt_time":1436865383632810,"flow_dst_last_pkt_time":1436865383632810,"flow_idle_time":200000000,"flow_src_min_l4_payload_len":368,"flow_dst_min_l4_payload_len":0,"flow_src_max_l4_payload_len":368,"flow_dst_max_l4_payload_len":0,"flow_src_tot_l4_payload_len":368,"flow_dst_tot_l4_payload_len":0,"midstream":0,"thread_ts_usec":1436865383632810,"l3_proto":"ip4","src_ip":"208.104.95.10","dst_ip":"78.46.76.2","src_port":123,"dst_port":80,"l4_proto":"udp","ndpi": {"confidence": {"6":"DPI"},"proto":"NTP","proto_id":"9","proto_by_ip":"Unknown","proto_by_ip_id":0,"encrypted":0,"breed":"Acceptable","category_id":18,"category":"System","ntp": {"version":2,"mode":7}}}
00956{"flow_event_id":3,"flow_event_name":"idle","thread_id":0,"packet_id":1,"source":"cfgs\/default\/pcap\/NTPv2.pcap","alias":"nDPId-test","flow_id":1,"flow_state":"finished","flow_src_packets_processed":1,"flow_dst_packets_processed":0,"flow_first_seen":1436865383632810,"flow_src_last_pkt_time":1436865383632810,"flow_dst_last_pkt_time":1436865383632810,"flow_idle_time":200000000,"flow_src_min_l4_payload_len":368,"flow_dst_min_l4_payload_len":0,"flow_src_max_l4_payload_len":368,"flow_dst_max_l4_payload_len":0,"flow_src_tot_l4_payload_len":368,"flow_dst_tot_l4_payload_len":0,"midstream":0,"thread_ts_usec":1436865383632810,"l3_proto":"ip4","src_ip":"208.104.95.10","dst_ip":"78.46.76.2","src_port":123,"dst_port":80,"l4_proto":"udp","flow_datalink":1,"flow_max_packets":5,"ndpi": {"confidence": {"6":"DPI"},"proto":"NTP","proto_id":"9","proto_by_ip":"Unknown","proto_by_ip_id":0,"encrypted":0,"breed":"Acceptable","category_id":18,"category":"System"}}
00807{"daemon_event_id":3,"daemon_event_name":"shutdown","thread_id":0,"packet_id":1,"source":"cfgs\/default\/pcap\/NTPv2.pcap","alias":"nDPId-test","version":"","ndpi_version":"","ndpi_api_version":0,"size_per_flow":1480,"packets-captured":1,"packets-processed":1,"pfring_active":false,"pfring_recv":0,"pfring_drop":0,"pfring_shunt":0,"total-skipped-flows":0,"total-l4-payload-len":368,"total-not-detected-flows":0,"total-guessed-flows":0,"total-detected-flows":1,"total-detection-updates":0,"total-updates":0,"current-active-flows":0,"total-active-flows":1,"total-idle-flows":1,"total-compressions":0,"total-compression-diff":0,"current-compression-diff":0,"global-alloc-count":0,"global-free-count":0,"global-alloc-bytes":0,"global-free-bytes":0,"total-events-serialized":7,"global_ts_usec":1436865383632810}
~~~~~~~~~~~~~~~~~~~~ SUMMARY ~~~~~~~~~~~~~~~~~~~~
~~ packets captured/processed: 1/1
~~ skipped flows.............: 0
~~ total layer4 data length..: 368 bytes
~~ total detected protocols..: 1
~~ total active/idle flows...: 1/1
~~ total timeout flows.......: 0
~~~~~~~~~~~~~~~~~~~~~~~~~~~~~~~~~~~~~~~~~~~~~~~~~
~~ total memory allocated....: 9409245 bytes
~~ total memory freed........: 9409245 bytes
~~ total allocations/frees...: 154500/154500
~~~~~~~~~~~~~~~~~~~~~~~~~~~~~~~~~~~~~~~~~~~~~~~~~
~~ json message min len.......: 587 chars
~~ json message max len.......: 1005 chars
~~ json message avg len.......: 783 chars
