00582{"daemon_event_id":1,"daemon_event_name":"init","thread_id":0,"packet_id":0,"source":"cfgs\/default\/pcap\/ptpv2.pcap","alias":"nDPId-test","version":"","ndpi_version":"","ndpi_api_version":0,"size_per_flow":1480,"max-flows-per-thread":32768,"max-idle-flows-per-thread":1024,"reader-thread-count":1,"flow-scan-interval":10000000,"generic-max-idle-time":600000000,"icmp-max-idle-time":120000000,"udp-max-idle-time":180000000,"tcp-max-idle-time":7560000000,"max-packets-per-flow-to-send":5,"max-packets-per-flow-to-process":32,"max-packets-per-flow-to-analyse":32,"global_ts_usec":0}
00803{"daemon_event_id":4,"daemon_event_name":"status","thread_id":0,"packet_id":1,"source":"cfgs\/default\/pcap\/ptpv2.pcap","alias":"nDPId-test","version":"","ndpi_version":"","ndpi_api_version":0,"size_per_flow":1480,"packets-captured":1,"packets-processed":0,"pfring_active":false,"pfring_recv":0,"pfring_drop":0,"pfring_shunt":0,"total-skipped-flows":0,"total-l4-payload-len":0,"total-not-detected-flows":0,"total-guessed-flows":0,"total-detected-flows":0,"total-detection-updates":0,"total-updates":0,"current-active-flows":0,"total-active-flows":0,"total-idle-flows":0,"total-compressions":0,"total-compression-diff":0,"current-compression-diff":0,"global-alloc-count":0,"global-free-count":0,"global-alloc-bytes":0,"global-free-bytes":0,"total-events-serialized":2,"global_ts_usec":1316198630678965}
00785{"flow_event_id":1,"flow_event_name":"new","thread_id":0,"packet_id":1,"source":"cfgs\/default\/pcap\/ptpv2.pcap","alias":"nDPId-test","flow_id":1,"flow_state":"info","flow_src_packets_processed":1,"flow_dst_packets_processed":0,"flow_first_seen":1316198630678965,"flow_src_last_pkt_time":1316198630678965,"flow_dst_last_pkt_time":1316198630678965,"flow_idle_time":200000000,"flow_src_min_l4_payload_len":56,"flow_dst_min_l4_payload_len":0,"flow_src_max_l4_payload_len":56,"flow_dst_max_l4_payload_len":0,"flow_src_tot_l4_payload_len":56,"flow_dst_tot_l4_payload_len":0,"midstream":0,"thread_ts_usec":1316198630678965,"l3_proto":"ip6","src_ip":"fe80::20:9400:d","dst_ip":"fe80::2b0:aeff:fe01:f921","src_port":320,"dst_port":320,"l4_proto":"udp","flow_datalink":1,"flow_max_packets":5}
00630{"packet_event_id":2,"packet_event_name":"packet-flow","thread_id":0,"packet_id":1,"source":"cfgs\/default\/pcap\/ptpv2.pcap","alias":"nDPId-test","flow_id":1,"flow_packet_id":1,"flow_src_last_pkt_time":1316198630678965,"flow_dst_last_pkt_time":1316198630678965,"flow_idle_time":200000000,"pkt_datalink":1,"pkt_caplen":118,"pkt_type":34525,"pkt_l3_offset":14,"pkt_l4_offset":54,"pkt_len":118,"pkt_l4_len":64,"thread_ts_usec":1316198630678965,"pkt":"ALCuAfkhACCUAAANht1gMAAAAEAR\/\/6AAAAAAAAAAAAAIJQAAA3+gAAAAAAAAAKwrv\/+AfkhAUABQABAaE4MAgA2AAAEAAAAAAAAAAAAAAAAAAAglP\/+AAANAAEAAQX\/\/\/\/\/\/\/\/\/\/\/\/\/\/wAEAAawAAAAASwAAA=="}
00935{"flow_event_id":7,"flow_event_name":"detected","thread_id":0,"packet_id":1,"source":"cfgs\/default\/pcap\/ptpv2.pcap","alias":"nDPId-test","flow_id":1,"flow_state":"info","flow_src_packets_processed":1,"flow_dst_packets_processed":0,"flow_first_seen":1316198630678965,"flow_src_last_pkt_time":1316198630678965,"flow_dst_last_pkt_time":1316198630678965,"flow_idle_time":200000000,"flow_src_min_l4_payload_len":56,"flow_dst_min_l4_payload_len":0,"flow_src_max_l4_payload_len":56,"flow_dst_max_l4_payload_len":0,"flow_src_tot_l4_payload_len":56,"flow_dst_tot_l4_payload_len":0,"midstream":0,"thread_ts_usec":1316198630678965,"l3_proto":"ip6","src_ip":"fe80::20:9400:d","dst_ip":"fe80::2b0:aeff:fe01:f921","src_port":320,"dst_port":320,"l4_proto":"udp","ndpi": {"confidence": {"6":"DPI"},"proto":"PTPv2","proto_id":"358","proto_by_ip":"Unknown","proto_by_ip_id":0,"encrypted":0,"breed":"Acceptable","category_id":18,"category":"System"}}
00630{"packet_event_id":2,"packet_event_name":"packet-flow","thread_id":0,"packet_id":2,"source":"cfgs\/default\/pcap\/ptpv2.pcap","alias":"nDPId-test","flow_id":1,"flow_packet_id":2,"flow_src_last_pkt_time":1316198630678971,"flow_dst_last_pkt_time":1316198630678965,"flow_idle_time":200000000,"pkt_datalink":1,"pkt_caplen":118,"pkt_type":34525,"pkt_l3_offset":14,"pkt_l4_offset":54,"pkt_len":118,"pkt_l4_len":64,"thread_ts_usec":1316198630678971,"pkt":"ALCuAfkhACCUAAANht1gMAAAAEAR\/\/6AAAAAAAAAAAAAIJQAAA3+gAAAAAAAAAKwrv\/+AfkhAUABQABAGE4MAgA2AAAEAAAAAAAAAAAAAAAAAAAglP\/+AAANAAEAAgX\/\/\/\/\/\/\/\/\/\/\/\/\/\/wAEAAYAAAAAASwAAA=="}
00630{"packet_event_id":2,"packet_event_name":"packet-flow","thread_id":0,"packet_id":3,"source":"cfgs\/default\/pcap\/ptpv2.pcap","alias":"nDPId-test","flow_id":1,"flow_packet_id":3,"flow_src_last_pkt_time":1316198630678979,"flow_dst_last_pkt_time":1316198630678965,"flow_idle_time":200000000,"pkt_datalink":1,"pkt_caplen":118,"pkt_type":34525,"pkt_l3_offset":14,"pkt_l4_offset":54,"pkt_len":118,"pkt_l4_len":64,"thread_ts_usec":1316198630678979,"pkt":"ALCuAfkhACCUAAANht1gMAAAAEAR\/\/6AAAAAAAAAAAAAIJQAAA3+gAAAAAAAAAKwrv\/+AfkhAUABQABAiE0MAgA2AAAEAAAAAAAAAAAAAAAAAAAglP\/+AAANAAEAAgX\/\/\/\/\/\/\/\/\/\/\/\/\/\/wAEAAaQAAAAASwAAA=="}
00618{"packet_event_id":2,"packet_event_name":"packet-flow","thread_id":0,"packet_id":4,"source":"cfgs\/default\/pcap\/ptpv2.pcap","alias":"nDPId-test","flow_id":1,"flow_packet_id":4,"flow_src_last_pkt_time":1316198630787769,"flow_dst_last_pkt_time":1316198630678965,"flow_idle_time":200000000,"pkt_datalink":1,"pkt_caplen":120,"pkt_type":34525,"pkt_l3_offset":14,"pkt_l4_offset":54,"pkt_len":120,"pkt_l4_len":66,"thread_ts_usec":1316198630787769,"pkt":"ACCUAAANALCuAfkhht1gAAAAAEIRQP6AAAAAAAAAArCu\/\/4B+SH+gAAAAAAAAAAAACCUAAANAUABQABCwfAMAgA4AAAEAAAAAAAAAAAAAAAAAACwrv\/+AfkgAAEAAQV\/ACCU\/\/4AAA0AAQAFAAiwAAAAASwAAQAA"}
00618{"packet_event_id":2,"packet_event_name":"packet-flow","thread_id":0,"packet_id":5,"source":"cfgs\/default\/pcap\/ptpv2.pcap","alias":"nDPId-test","flow_id":1,"flow_packet_id":5,"flow_src_last_pkt_time":1316198630788870,"flow_dst_last_pkt_time":1316198630678965,"flow_idle_time":200000000,"pkt_datalink":1,"pkt_caplen":120,"pkt_type":34525,"pkt_l3_offset":14,"pkt_l4_offset":54,"pkt_len":120,"pkt_l4_len":66,"thread_ts_usec":1316198630788870,"pkt":"ACCUAAANALCuAfkhht1gAAAAAEIRQP6AAAAAAAAAArCu\/\/4B+SH+gAAAAAAAAAAAACCUAAANAUABQABCcfAMAgA4AAAEAAAAAAAAAAAAAAAAAACwrv\/+AfkgAAEAAgV\/ACCU\/\/4AAA0AAQAFAAgAAAAAASwAAQAA"}
00785{"flow_event_id":1,"flow_event_name":"new","thread_id":0,"packet_id":7,"source":"cfgs\/default\/pcap\/ptpv2.pcap","alias":"nDPId-test","flow_id":2,"flow_state":"info","flow_src_packets_processed":1,"flow_dst_packets_processed":0,"flow_first_seen":1316198630878946,"flow_src_last_pkt_time":1316198630878946,"flow_dst_last_pkt_time":1316198630878946,"flow_idle_time":200000000,"flow_src_min_l4_payload_len":56,"flow_dst_min_l4_payload_len":0,"flow_src_max_l4_payload_len":56,"flow_dst_max_l4_payload_len":0,"flow_src_tot_l4_payload_len":56,"flow_dst_tot_l4_payload_len":0,"midstream":0,"thread_ts_usec":1316198630878946,"l3_proto":"ip6","src_ip":"fe80::20:9400:e","dst_ip":"fe80::2b0:aeff:fe01:f921","src_port":320,"dst_port":320,"l4_proto":"udp","flow_datalink":1,"flow_max_packets":5}
00630{"packet_event_id":2,"packet_event_name":"packet-flow","thread_id":0,"packet_id":7,"source":"cfgs\/default\/pcap\/ptpv2.pcap","alias":"nDPId-test","flow_id":2,"flow_packet_id":1,"flow_src_last_pkt_time":1316198630878946,"flow_dst_last_pkt_time":1316198630878946,"flow_idle_time":200000000,"pkt_datalink":1,"pkt_caplen":118,"pkt_type":34525,"pkt_l3_offset":14,"pkt_l4_offset":54,"pkt_len":118,"pkt_l4_len":64,"thread_ts_usec":1316198630878946,"pkt":"ALCuAfkhACCUAAAOht1gMAAAAEAR\/\/6AAAAAAAAAAAAAIJQAAA7+gAAAAAAAAAKwrv\/+AfkhAUABQABAaEwMAgA2AAAEAAAAAAAAAAAAAAAAAAAglP\/+AAAOAAEAAQX\/\/\/\/\/\/\/\/\/\/\/\/\/\/wAEAAawAAAAASwAAA=="}
00935{"flow_event_id":7,"flow_event_name":"detected","thread_id":0,"packet_id":7,"source":"cfgs\/default\/pcap\/ptpv2.pcap","alias":"nDPId-test","flow_id":2,"flow_state":"info","flow_src_packets_processed":1,"flow_dst_packets_processed":0,"flow_first_seen":1316198630878946,"flow_src_last_pkt_time":1316198630878946,"flow_dst_last_pkt_time":1316198630878946,"flow_idle_time":200000000,"flow_src_min_l4_payload_len":56,"flow_dst_min_l4_payload_len":0,"flow_src_max_l4_payload_len":56,"flow_dst_max_l4_payload_len":0,"flow_src_tot_l4_payload_len":56,"flow_dst_tot_l4_payload_len":0,"midstream":0,"thread_ts_usec":1316198630878946,"l3_proto":"ip6","src_ip":"fe80::20:9400:e","dst_ip":"fe80::2b0:aeff:fe01:f921","src_port":320,"dst_port":320,"l4_proto":"udp","ndpi": {"confidence": {"6":"DPI"},"proto":"PTPv2","proto_id":"358","proto_by_ip":"Unknown","proto_by_ip_id":0,"encrypted":0,"breed":"Acceptable","category_id":18,"category":"System"}}
00630{"packet_event_id":2,"packet_event_name":"packet-flow","thread_id":0,"packet_id":8,"source":"cfgs\/default\/pcap\/ptpv2.pcap","alias":"nDPId-test","flow_id":2,"flow_packet_id":2,"flow_src_last_pkt_time":1316198630878952,"flow_dst_last_pkt_time":1316198630878946,"flow_idle_time":200000000,"pkt_datalink":1,"pkt_caplen":118,"pkt_type":34525,"pkt_l3_offset":14,"pkt_l4_offset":54,"pkt_len":118,"pkt_l4_len":64,"thread_ts_usec":1316198630878952,"pkt":"ALCuAfkhACCUAAAOht1gMAAAAEAR\/\/6AAAAAAAAAAAAAIJQAAA7+gAAAAAAAAAKwrv\/+AfkhAUABQABAGEwMAgA2AAAEAAAAAAAAAAAAAAAAAAAglP\/+AAAOAAEAAgX\/\/\/\/\/\/\/\/\/\/\/\/\/\/wAEAAYAAAAAASwAAA=="}
00630{"packet_event_id":2,"packet_event_name":"packet-flow","thread_id":0,"packet_id":9,"source":"cfgs\/default\/pcap\/ptpv2.pcap","alias":"nDPId-test","flow_id":2,"flow_packet_id":3,"flow_src_last_pkt_time":1316198630878965,"flow_dst_last_pkt_time":1316198630878946,"flow_idle_time":200000000,"pkt_datalink":1,"pkt_caplen":118,"pkt_type":34525,"pkt_l3_offset":14,"pkt_l4_offset":54,"pkt_len":118,"pkt_l4_len":64,"thread_ts_usec":1316198630878965,"pkt":"ALCuAfkhACCUAAAOht1gMAAAAEAR\/\/6AAAAAAAAAAAAAIJQAAA7+gAAAAAAAAAKwrv\/+AfkhAUABQABAiEsMAgA2AAAEAAAAAAAAAAAAAAAAAAAglP\/+AAAOAAEAAgX\/\/\/\/\/\/\/\/\/\/\/\/\/\/wAEAAaQAAAAASwAAA=="}
00619{"packet_event_id":2,"packet_event_name":"packet-flow","thread_id":0,"packet_id":11,"source":"cfgs\/default\/pcap\/ptpv2.pcap","alias":"nDPId-test","flow_id":2,"flow_packet_id":4,"flow_src_last_pkt_time":1316198630983531,"flow_dst_last_pkt_time":1316198630878946,"flow_idle_time":200000000,"pkt_datalink":1,"pkt_caplen":120,"pkt_type":34525,"pkt_l3_offset":14,"pkt_l4_offset":54,"pkt_len":120,"pkt_l4_len":66,"thread_ts_usec":1316198630983531,"pkt":"ACCUAAAOALCuAfkhht1gAAAAAEIRQP6AAAAAAAAAArCu\/\/4B+SH+gAAAAAAAAAAAACCUAAAOAUABQABCwe4MAgA4AAAEAAAAAAAAAAAAAAAAAACwrv\/+AfkgAAEAAQV\/ACCU\/\/4AAA4AAQAFAAiwAAAAASwAAQAA"}
00619{"packet_event_id":2,"packet_event_name":"packet-flow","thread_id":0,"packet_id":12,"source":"cfgs\/default\/pcap\/ptpv2.pcap","alias":"nDPId-test","flow_id":2,"flow_packet_id":5,"flow_src_last_pkt_time":1316198630984579,"flow_dst_last_pkt_time":1316198630878946,"flow_idle_time":200000000,"pkt_datalink":1,"pkt_caplen":120,"pkt_type":34525,"pkt_l3_offset":14,"pkt_l4_offset":54,"pkt_len":120,"pkt_l4_len":66,"thread_ts_usec":1316198630984579,"pkt":"ACCUAAAOALCuAfkhht1gAAAAAEIRQP6AAAAAAAAAArCu\/\/4B+SH+gAAAAAAAAAAAACCUAAAOAUABQABCce4MAgA4AAAEAAAAAAAAAAAAAAAAAACwrv\/+AfkgAAEAAgV\/ACCU\/\/4AAA4AAQAFAAgAAAAAASwAAQAA"}
00786{"flow_event_id":1,"flow_event_name":"new","thread_id":0,"packet_id":14,"source":"cfgs\/default\/pcap\/ptpv2.pcap","alias":"nDPId-test","flow_id":3,"flow_state":"info","flow_src_packets_processed":1,"flow_dst_packets_processed":0,"flow_first_seen":1316198631064912,"flow_src_last_pkt_time":1316198631064912,"flow_dst_last_pkt_time":1316198631064912,"flow_idle_time":200000000,"flow_src_min_l4_payload_len":46,"flow_dst_min_l4_payload_len":0,"flow_src_max_l4_payload_len":46,"flow_dst_max_l4_payload_len":0,"flow_src_tot_l4_payload_len":46,"flow_dst_tot_l4_payload_len":0,"midstream":0,"thread_ts_usec":1316198631064912,"l3_proto":"ip6","src_ip":"fe80::2b0:aeff:fe01:f921","dst_ip":"fe80::20:9400:d","src_port":319,"dst_port":319,"l4_proto":"udp","flow_datalink":1,"flow_max_packets":5}
00601{"packet_event_id":2,"packet_event_name":"packet-flow","thread_id":0,"packet_id":14,"source":"cfgs\/default\/pcap\/ptpv2.pcap","alias":"nDPId-test","flow_id":3,"flow_packet_id":1,"flow_src_last_pkt_time":1316198631064912,"flow_dst_last_pkt_time":1316198631064912,"flow_idle_time":200000000,"pkt_datalink":1,"pkt_caplen":108,"pkt_type":34525,"pkt_l3_offset":14,"pkt_l4_offset":54,"pkt_len":108,"pkt_l4_len":54,"thread_ts_usec":1316198631064912,"pkt":"ACCUAAANALCuAfkhht1gAAAAADYRQP6AAAAAAAAAArCu\/\/4B+SH+gAAAAAAAAAAAACCUAAANAT8BPwA2caEAAgAsAAAEAAAAAAAAAAAAAAAAAACwrv\/+AfkgAAEAAQB\/AABBv0FwCy0XggAA"}
00936{"flow_event_id":7,"flow_event_name":"detected","thread_id":0,"packet_id":14,"source":"cfgs\/default\/pcap\/ptpv2.pcap","alias":"nDPId-test","flow_id":3,"flow_state":"info","flow_src_packets_processed":1,"flow_dst_packets_processed":0,"flow_first_seen":1316198631064912,"flow_src_last_pkt_time":1316198631064912,"flow_dst_last_pkt_time":1316198631064912,"flow_idle_time":200000000,"flow_src_min_l4_payload_len":46,"flow_dst_min_l4_payload_len":0,"flow_src_max_l4_payload_len":46,"flow_dst_max_l4_payload_len":0,"flow_src_tot_l4_payload_len":46,"flow_dst_tot_l4_payload_len":0,"midstream":0,"thread_ts_usec":1316198631064912,"l3_proto":"ip6","src_ip":"fe80::2b0:aeff:fe01:f921","dst_ip":"fe80::20:9400:d","src_port":319,"dst_port":319,"l4_proto":"udp","ndpi": {"confidence": {"6":"DPI"},"proto":"PTPv2","proto_id":"358","proto_by_ip":"Unknown","proto_by_ip_id":0,"encrypted":0,"breed":"Acceptable","category_id":18,"category":"System"}}
00975{"flow_event_id":3,"flow_event_name":"idle","thread_id":0,"packet_id":14,"source":"cfgs\/default\/pcap\/ptpv2.pcap","alias":"nDPId-test","flow_id":3,"flow_state":"finished","flow_src_packets_processed":1,"flow_dst_packets_processed":0,"flow_first_seen":1316198631064912,"flow_src_last_pkt_time":1316198631064912,"flow_dst_last_pkt_time":1316198631064912,"flow_idle_time":200000000,"flow_src_min_l4_payload_len":46,"flow_dst_min_l4_payload_len":0,"flow_src_max_l4_payload_len":46,"flow_dst_max_l4_payload_len":0,"flow_src_tot_l4_payload_len":46,"flow_dst_tot_l4_payload_len":0,"midstream":0,"thread_ts_usec":1316198631064912,"l3_proto":"ip6","src_ip":"fe80::2b0:aeff:fe01:f921","dst_ip":"fe80::20:9400:d","src_port":319,"dst_port":319,"l4_proto":"udp","flow_datalink":1,"flow_max_packets":5,"ndpi": {"confidence": {"6":"DPI"},"proto":"PTPv2","proto_id":"358","proto_by_ip":"Unknown","proto_by_ip_id":0,"encrypted":0,"breed":"Acceptable","category_id":18,"category":"System"}}
00976{"flow_event_id":3,"flow_event_name":"idle","thread_id":0,"packet_id":14,"source":"cfgs\/default\/pcap\/ptpv2.pcap","alias":"nDPId-test","flow_id":2,"flow_state":"finished","flow_src_packets_processed":6,"flow_dst_packets_processed":0,"flow_first_seen":1316198630878946,"flow_src_last_pkt_time":1316198630986113,"flow_dst_last_pkt_time":1316198630878946,"flow_idle_time":200000000,"flow_src_min_l4_payload_len":56,"flow_dst_min_l4_payload_len":0,"flow_src_max_l4_payload_len":58,"flow_dst_max_l4_payload_len":0,"flow_src_tot_l4_payload_len":342,"flow_dst_tot_l4_payload_len":0,"midstream":0,"thread_ts_usec":1316198631064912,"l3_proto":"ip6","src_ip":"fe80::20:9400:e","dst_ip":"fe80::2b0:aeff:fe01:f921","src_port":320,"dst_port":320,"l4_proto":"udp","flow_datalink":1,"flow_max_packets":5,"ndpi": {"confidence": {"6":"DPI"},"proto":"PTPv2","proto_id":"358","proto_by_ip":"Unknown","proto_by_ip_id":0,"encrypted":0,"breed":"Acceptable","category_id":18,"category":"System"}}
00976{"flow_event_id":3,"flow_event_name":"idle","thread_id":0,"packet_id":14,"source":"cfgs\/default\/pcap\/ptpv2.pcap","alias":"nDPId-test","flow_id":1,"flow_state":"finished","flow_src_packets_processed":7,"flow_dst_packets_processed":0,"flow_first_seen":1316198630678965,"flow_src_last_pkt_time":1316198630939923,"flow_dst_last_pkt_time":1316198630678965,"flow_idle_time":200000000,"flow_src_min_l4_payload_len":56,"flow_dst_min_l4_payload_len":0,"flow_src_max_l4_payload_len":66,"flow_dst_max_l4_payload_len":0,"flow_src_tot_l4_payload_len":408,"flow_dst_tot_l4_payload_len":0,"midstream":0,"thread_ts_usec":1316198631064912,"l3_proto":"ip6","src_ip":"fe80::20:9400:d","dst_ip":"fe80::2b0:aeff:fe01:f921","src_port":320,"dst_port":320,"l4_proto":"udp","flow_datalink":1,"flow_max_packets":5,"ndpi": {"confidence": {"6":"DPI"},"proto":"PTPv2","proto_id":"358","proto_by_ip":"Unknown","proto_by_ip_id":0,"encrypted":0,"breed":"Acceptable","category_id":18,"category":"System"}}
00811{"daemon_event_id":3,"daemon_event_name":"shutdown","thread_id":0,"packet_id":14,"source":"cfgs\/default\/pcap\/ptpv2.pcap","alias":"nDPId-test","version":"","ndpi_version":"","ndpi_api_version":0,"size_per_flow":1480,"packets-captured":14,"packets-processed":14,"pfring_active":false,"pfring_recv":0,"pfring_drop":0,"pfring_shunt":0,"total-skipped-flows":0,"total-l4-payload-len":796,"total-not-detected-flows":0,"total-guessed-flows":0,"total-detected-flows":3,"total-detection-updates":0,"total-updates":0,"current-active-flows":0,"total-active-flows":3,"total-idle-flows":3,"total-compressions":0,"total-compression-diff":0,"current-compression-diff":0,"global-alloc-count":0,"global-free-count":0,"global-alloc-bytes":0,"global-free-bytes":0,"total-events-serialized":23,"global_ts_usec":1316198631064912}
~~~~~~~~~~~~~~~~~~~~ SUMMARY ~~~~~~~~~~~~~~~~~~~~
~~ packets captured/processed: 14/14
~~ skipped flows.............: 0
~~ total layer4 data length..: 796 bytes
~~ total detected protocols..: 3
~~ total active/idle flows...: 3/3
~~ total timeout flows.......: 0
~~~~~~~~~~~~~~~~~~~~~~~~~~~~~~~~~~~~~~~~~~~~~~~~~
~~ total memory allocated....: 9414558 bytes
~~ total memory freed........: 9414558 bytes
~~ total allocations/frees...: 154535/154535
~~~~~~~~~~~~~~~~~~~~~~~~~~~~~~~~~~~~~~~~~~~~~~~~~
~~ json message min len.......: 587 chars
~~ json message max len.......: 981 chars
~~ json message avg len.......: 782 chars
