00582{"daemon_event_id":1,"daemon_event_name":"init","thread_id":0,"packet_id":0,"source":"cfgs\/default\/pcap\/rsync.pcap","alias":"nDPId-test","version":"","ndpi_version":"","ndpi_api_version":0,"size_per_flow":1448,"max-flows-per-thread":32768,"max-idle-flows-per-thread":1024,"reader-thread-count":1,"flow-scan-interval":10000000,"generic-max-idle-time":600000000,"icmp-max-idle-time":120000000,"udp-max-idle-time":180000000,"tcp-max-idle-time":7560000000,"max-packets-per-flow-to-send":5,"max-packets-per-flow-to-process":32,"max-packets-per-flow-to-analyse":32,"global_ts_usec":0}
00803{"daemon_event_id":4,"daemon_event_name":"status","thread_id":0,"packet_id":1,"source":"cfgs\/default\/pcap\/rsync.pcap","alias":"nDPId-test","version":"","ndpi_version":"","ndpi_api_version":0,"size_per_flow":1448,"packets-captured":1,"packets-processed":0,"pfring_active":false,"pfring_recv":0,"pfring_drop":0,"pfring_shunt":0,"total-skipped-flows":0,"total-l4-payload-len":0,"total-not-detected-flows":0,"total-guessed-flows":0,"total-detected-flows":0,"total-detection-updates":0,"total-updates":0,"current-active-flows":0,"total-active-flows":0,"total-idle-flows":0,"total-compressions":0,"total-compression-diff":0,"current-compression-diff":0,"global-alloc-count":0,"global-free-count":0,"global-alloc-bytes":0,"global-free-bytes":0,"total-events-serialized":2,"global_ts_usec":1387144174826849}
00764{"flow_event_id":1,"flow_event_name":"new","thread_id":0,"packet_id":1,"source":"cfgs\/default\/pcap\/rsync.pcap","alias":"nDPId-test","flow_id":1,"flow_state":"info","flow_src_packets_processed":1,"flow_dst_packets_processed":0,"flow_first_seen":1387144174826849,"flow_src_last_pkt_time":1387144174826849,"flow_dst_last_pkt_time":1387144174826849,"flow_idle_time":7580000000,"flow_src_min_l4_payload_len":0,"flow_dst_min_l4_payload_len":0,"flow_src_max_l4_payload_len":0,"flow_dst_max_l4_payload_len":0,"flow_src_tot_l4_payload_len":0,"flow_dst_tot_l4_payload_len":0,"midstream":0,"thread_ts_usec":1387144174826849,"l3_proto":"ip4","src_ip":"127.0.0.1","dst_ip":"127.0.0.1","src_port":54489,"dst_port":873,"l4_proto":"tcp","flow_datalink":1,"flow_max_packets":5}
00552{"packet_event_id":2,"packet_event_name":"packet-flow","thread_id":0,"packet_id":1,"source":"cfgs\/default\/pcap\/rsync.pcap","alias":"nDPId-test","flow_id":1,"flow_packet_id":1,"flow_src_last_pkt_time":1387144174826849,"flow_dst_last_pkt_time":1387144174826849,"flow_idle_time":7580000000,"pkt_datalink":1,"pkt_caplen":74,"pkt_type":2048,"pkt_l3_offset":14,"pkt_l4_offset":34,"pkt_len":74,"pkt_l4_len":40,"thread_ts_usec":1387144174826849,"pkt":"AAAAAAAAAAAAAAAACABFAAA8ACBAAEAGPJp\/AAABfwAAAdTZA2mzXXC1AAAAAKACqqr+MAAAAgT\/1wQCCAoAPHCVAAAAAAEDAwo="}
00552{"packet_event_id":2,"packet_event_name":"packet-flow","thread_id":0,"packet_id":2,"source":"cfgs\/default\/pcap\/rsync.pcap","alias":"nDPId-test","flow_id":1,"flow_packet_id":2,"flow_src_last_pkt_time":1387144174826849,"flow_dst_last_pkt_time":1387144174826876,"flow_idle_time":7580000000,"pkt_datalink":1,"pkt_caplen":74,"pkt_type":2048,"pkt_l3_offset":14,"pkt_l4_offset":34,"pkt_len":74,"pkt_l4_len":40,"thread_ts_usec":1387144174826876,"pkt":"AAAAAAAAAAAAAAAACABFAAA8AABAAEAGPLp\/AAABfwAAAQNp1NlRGhcWs11wtqASqqr+MAAAAgT\/1wQCCAoAPHCVADxwlQEDAwo="}
00539{"packet_event_id":2,"packet_event_name":"packet-flow","thread_id":0,"packet_id":3,"source":"cfgs\/default\/pcap\/rsync.pcap","alias":"nDPId-test","flow_id":1,"flow_packet_id":3,"flow_src_last_pkt_time":1387144174826896,"flow_dst_last_pkt_time":1387144174826876,"flow_idle_time":7580000000,"pkt_datalink":1,"pkt_caplen":66,"pkt_type":2048,"pkt_l3_offset":14,"pkt_l4_offset":34,"pkt_len":66,"pkt_l4_len":32,"thread_ts_usec":1387144174826896,"pkt":"AAAAAAAAAAAAAAAACABFAAA0ACFAAEAGPKF\/AAABfwAAAdTZA2mzXXC2URoXF4AQACv+KAAAAQEICgA8cJUAPHCV"}
00559{"packet_event_id":2,"packet_event_name":"packet-flow","thread_id":0,"packet_id":4,"source":"cfgs\/default\/pcap\/rsync.pcap","alias":"nDPId-test","flow_id":1,"flow_packet_id":4,"flow_src_last_pkt_time":1387144174827057,"flow_dst_last_pkt_time":1387144174826876,"flow_idle_time":7580000000,"pkt_datalink":1,"pkt_caplen":80,"pkt_type":2048,"pkt_l3_offset":14,"pkt_l4_offset":34,"pkt_len":80,"pkt_l4_len":46,"thread_ts_usec":1387144174827057,"pkt":"AAAAAAAAAAAAAAAACABFAABCACJAAEAGPJJ\/AAABfwAAAdTZA2mzXXC2URoXF4AYACv+NgAAAQEICgA8cJUAPHCVQFJTWU5DRDogMzAuMAo="}
00921{"flow_event_id":7,"flow_event_name":"detected","thread_id":0,"packet_id":4,"source":"cfgs\/default\/pcap\/rsync.pcap","alias":"nDPId-test","flow_id":1,"flow_state":"info","flow_src_packets_processed":3,"flow_dst_packets_processed":1,"flow_first_seen":1387144174826849,"flow_src_last_pkt_time":1387144174827057,"flow_dst_last_pkt_time":1387144174826876,"flow_idle_time":7580000000,"flow_src_min_l4_payload_len":0,"flow_dst_min_l4_payload_len":0,"flow_src_max_l4_payload_len":14,"flow_dst_max_l4_payload_len":0,"flow_src_tot_l4_payload_len":14,"flow_dst_tot_l4_payload_len":0,"midstream":0,"thread_ts_usec":1387144174827057,"l3_proto":"ip4","src_ip":"127.0.0.1","dst_ip":"127.0.0.1","src_port":54489,"dst_port":873,"l4_proto":"tcp","ndpi": {"confidence": {"6":"DPI"},"proto":"RSYNC","proto_id":"166","proto_by_ip":"Unknown","proto_by_ip_id":0,"encrypted":0,"breed":"Acceptable","category_id":4,"category":"DataTransfer"}}
00539{"packet_event_id":2,"packet_event_name":"packet-flow","thread_id":0,"packet_id":5,"source":"cfgs\/default\/pcap\/rsync.pcap","alias":"nDPId-test","flow_id":1,"flow_packet_id":5,"flow_src_last_pkt_time":1387144174827057,"flow_dst_last_pkt_time":1387144174827090,"flow_idle_time":7580000000,"pkt_datalink":1,"pkt_caplen":66,"pkt_type":2048,"pkt_l3_offset":14,"pkt_l4_offset":34,"pkt_len":66,"pkt_l4_len":32,"thread_ts_usec":1387144174827090,"pkt":"AAAAAAAAAAAAAAAACABFAAA0Z4JAAEAG1T9\/AAABfwAAAQNp1NlRGhcXs11wxIAQACv+KAAAAQEICgA8cJUAPHCV"}
00966{"flow_event_id":2,"flow_event_name":"end","thread_id":0,"packet_id":30,"source":"cfgs\/default\/pcap\/rsync.pcap","alias":"nDPId-test","flow_id":1,"flow_state":"finished","flow_src_packets_processed":16,"flow_dst_packets_processed":14,"flow_first_seen":1387144174826849,"flow_src_last_pkt_time":1387144174967121,"flow_dst_last_pkt_time":1387144174967173,"flow_idle_time":7580000000,"flow_src_min_l4_payload_len":0,"flow_dst_min_l4_payload_len":0,"flow_src_max_l4_payload_len":35,"flow_dst_max_l4_payload_len":346,"flow_src_tot_l4_payload_len":86,"flow_dst_tot_l4_payload_len":411,"midstream":0,"thread_ts_usec":1387144174967173,"l3_proto":"ip4","src_ip":"127.0.0.1","dst_ip":"127.0.0.1","src_port":54489,"dst_port":873,"l4_proto":"tcp","flow_datalink":1,"flow_max_packets":5,"ndpi": {"confidence": {"6":"DPI"},"proto":"RSYNC","proto_id":"166","proto_by_ip":"Unknown","proto_by_ip_id":0,"encrypted":0,"breed":"Acceptable","category_id":4,"category":"DataTransfer"}}
00811{"daemon_event_id":3,"daemon_event_name":"shutdown","thread_id":0,"packet_id":30,"source":"cfgs\/default\/pcap\/rsync.pcap","alias":"nDPId-test","version":"","ndpi_version":"","ndpi_api_version":0,"size_per_flow":1448,"packets-captured":30,"packets-processed":30,"pfring_active":false,"pfring_recv":0,"pfring_drop":0,"pfring_shunt":0,"total-skipped-flows":0,"total-l4-payload-len":497,"total-not-detected-flows":0,"total-guessed-flows":0,"total-detected-flows":1,"total-detection-updates":0,"total-updates":0,"current-active-flows":0,"total-active-flows":1,"total-idle-flows":1,"total-compressions":0,"total-compression-diff":0,"current-compression-diff":0,"global-alloc-count":0,"global-free-count":0,"global-alloc-bytes":0,"global-free-bytes":0,"total-events-serialized":11,"global_ts_usec":1387144174967173}
~~~~~~~~~~~~~~~~~~~~ SUMMARY ~~~~~~~~~~~~~~~~~~~~
~~ packets captured/processed: 30/30
~~ skipped flows.............: 0
~~ total layer4 data length..: 497 bytes
~~ total detected protocols..: 1
~~ total active/idle flows...: 1/1
~~ total timeout flows.......: 0
~~~~~~~~~~~~~~~~~~~~~~~~~~~~~~~~~~~~~~~~~~~~~~~~~
~~ total memory allocated....: 8614543 bytes
~~ total memory freed........: 8614543 bytes
~~ total allocations/frees...: 139826/139826
~~~~~~~~~~~~~~~~~~~~~~~~~~~~~~~~~~~~~~~~~~~~~~~~~
~~ json message min len.......: 544 chars
~~ json message max len.......: 971 chars
~~ json message avg len.......: 747 chars
