00583{"daemon_event_id":1,"daemon_event_name":"init","thread_id":0,"packet_id":0,"source":"cfgs\/default\/pcap\/thrift.pcap","alias":"nDPId-test","version":"","ndpi_version":"","ndpi_api_version":0,"size_per_flow":1480,"max-flows-per-thread":32768,"max-idle-flows-per-thread":1024,"reader-thread-count":1,"flow-scan-interval":10000000,"generic-max-idle-time":600000000,"icmp-max-idle-time":120000000,"udp-max-idle-time":180000000,"tcp-max-idle-time":7560000000,"max-packets-per-flow-to-send":5,"max-packets-per-flow-to-process":32,"max-packets-per-flow-to-analyse":32,"global_ts_usec":0}
00804{"daemon_event_id":4,"daemon_event_name":"status","thread_id":0,"packet_id":1,"source":"cfgs\/default\/pcap\/thrift.pcap","alias":"nDPId-test","version":"","ndpi_version":"","ndpi_api_version":0,"size_per_flow":1480,"packets-captured":1,"packets-processed":0,"pfring_active":false,"pfring_recv":0,"pfring_drop":0,"pfring_shunt":0,"total-skipped-flows":0,"total-l4-payload-len":0,"total-not-detected-flows":0,"total-guessed-flows":0,"total-detected-flows":0,"total-detection-updates":0,"total-updates":0,"current-active-flows":0,"total-active-flows":0,"total-idle-flows":0,"total-compressions":0,"total-compression-diff":0,"current-compression-diff":0,"global-alloc-count":0,"global-free-count":0,"global-alloc-bytes":0,"global-free-bytes":0,"total-events-serialized":2,"global_ts_usec":1618939325157360}
00775{"flow_event_id":1,"flow_event_name":"new","thread_id":0,"packet_id":1,"source":"cfgs\/default\/pcap\/thrift.pcap","alias":"nDPId-test","flow_id":1,"flow_state":"info","flow_src_packets_processed":1,"flow_dst_packets_processed":0,"flow_first_seen":1618939325157360,"flow_src_last_pkt_time":1618939325157360,"flow_dst_last_pkt_time":1618939325157360,"flow_idle_time":7580000000,"flow_src_min_l4_payload_len":0,"flow_dst_min_l4_payload_len":0,"flow_src_max_l4_payload_len":0,"flow_dst_max_l4_payload_len":0,"flow_src_tot_l4_payload_len":0,"flow_dst_tot_l4_payload_len":0,"midstream":0,"thread_ts_usec":1618939325157360,"l3_proto":"ip4","src_ip":"169.254.59.247","dst_ip":"169.254.46.4","src_port":53387,"dst_port":11010,"l4_proto":"tcp","flow_datalink":1,"flow_max_packets":5}
00541{"packet_event_id":2,"packet_event_name":"packet-flow","thread_id":0,"packet_id":1,"source":"cfgs\/default\/pcap\/thrift.pcap","alias":"nDPId-test","flow_id":1,"flow_packet_id":1,"flow_src_last_pkt_time":1618939325157360,"flow_dst_last_pkt_time":1618939325157360,"flow_idle_time":7580000000,"pkt_datalink":1,"pkt_caplen":66,"pkt_type":2048,"pkt_l3_offset":14,"pkt_l4_offset":34,"pkt_len":66,"pkt_l4_len":32,"thread_ts_usec":1618939325157360,"pkt":"ZGV2aWNlZHJpdmVyCABFAAA0aulAAIAGAACp\/jv3qf4uBNCLKwLKdsytAAAAAIACIAB\/HQAAAgQFtAEDAwgBAQQC"}
00540{"packet_event_id":2,"packet_event_name":"packet-flow","thread_id":0,"packet_id":2,"source":"cfgs\/default\/pcap\/thrift.pcap","alias":"nDPId-test","flow_id":1,"flow_packet_id":2,"flow_src_last_pkt_time":1618939325157360,"flow_dst_last_pkt_time":1618939325157427,"flow_idle_time":7580000000,"pkt_datalink":1,"pkt_caplen":66,"pkt_type":2048,"pkt_l3_offset":14,"pkt_l4_offset":34,"pkt_len":66,"pkt_l4_len":32,"thread_ts_usec":1618939325157427,"pkt":"ZHJpdmVyZGV2aWNlCABFAAA0AABAAD4Gvc2p\/i4Eqf479ysC0Iu7suEFynbMroASchBOjwAAAgQFtAEBBAIBAwMG"}
00525{"packet_event_id":2,"packet_event_name":"packet-flow","thread_id":0,"packet_id":3,"source":"cfgs\/default\/pcap\/thrift.pcap","alias":"nDPId-test","flow_id":1,"flow_packet_id":3,"flow_src_last_pkt_time":1618939325157495,"flow_dst_last_pkt_time":1618939325157427,"flow_idle_time":7580000000,"pkt_datalink":1,"pkt_caplen":54,"pkt_type":2048,"pkt_l3_offset":14,"pkt_l4_offset":34,"pkt_len":54,"pkt_l4_len":20,"thread_ts_usec":1618939325157495,"pkt":"ZGV2aWNlZHJpdmVyCABFAAAoaupAAIAGAACp\/jv3qf4uBNCLKwLKdsyuu7LhBlAQAQB\/EQAA"}
00581{"packet_event_id":2,"packet_event_name":"packet-flow","thread_id":0,"packet_id":4,"source":"cfgs\/default\/pcap\/thrift.pcap","alias":"nDPId-test","flow_id":1,"flow_packet_id":4,"flow_src_last_pkt_time":1618939325157555,"flow_dst_last_pkt_time":1618939325157427,"flow_idle_time":7580000000,"pkt_datalink":1,"pkt_caplen":94,"pkt_type":2048,"pkt_l3_offset":14,"pkt_l4_offset":34,"pkt_len":94,"pkt_l4_len":60,"thread_ts_usec":1618939325157555,"pkt":"ZGV2aWNlZHJpdmVyCABFAABQautAAIAGAACp\/jv3qf4uBNCLKwLKdsyuu7LhBlAYAQB\/OQAAgAEAAQAAABRhbm9ueW1vdXNfY29tbWFuZF9vbgAAAAAIAAEAAAAAAA=="}
00925{"flow_event_id":7,"flow_event_name":"detected","thread_id":0,"packet_id":4,"source":"cfgs\/default\/pcap\/thrift.pcap","alias":"nDPId-test","flow_id":1,"flow_state":"info","flow_src_packets_processed":3,"flow_dst_packets_processed":1,"flow_first_seen":1618939325157360,"flow_src_last_pkt_time":1618939325157555,"flow_dst_last_pkt_time":1618939325157427,"flow_idle_time":7580000000,"flow_src_min_l4_payload_len":0,"flow_dst_min_l4_payload_len":0,"flow_src_max_l4_payload_len":40,"flow_dst_max_l4_payload_len":0,"flow_src_tot_l4_payload_len":40,"flow_dst_tot_l4_payload_len":0,"midstream":0,"thread_ts_usec":1618939325157555,"l3_proto":"ip4","src_ip":"169.254.59.247","dst_ip":"169.254.46.4","src_port":53387,"dst_port":11010,"l4_proto":"tcp","ndpi": {"confidence": {"6":"DPI"},"proto":"Thrift","proto_id":"345","proto_by_ip":"Unknown","proto_by_ip_id":0,"encrypted":0,"breed":"Acceptable","category_id":16,"category":"RPC"}}
00533{"packet_event_id":2,"packet_event_name":"packet-flow","thread_id":0,"packet_id":5,"source":"cfgs\/default\/pcap\/thrift.pcap","alias":"nDPId-test","flow_id":1,"flow_packet_id":5,"flow_src_last_pkt_time":1618939325157555,"flow_dst_last_pkt_time":1618939325157615,"flow_idle_time":7580000000,"pkt_datalink":1,"pkt_caplen":60,"pkt_type":2048,"pkt_l3_offset":14,"pkt_l4_offset":34,"pkt_len":60,"pkt_l4_len":20,"thread_ts_usec":1618939325157615,"pkt":"ZHJpdmVyZGV2aWNlCABFAAAoqt1AAD4GEvyp\/i4Eqf479ysC0Iu7suEGynbM1lAQAcn\/fwAAAAAAAAAA"}
02111{"flow_event_id":5,"flow_event_name":"analyse","thread_id":0,"packet_id":32,"source":"cfgs\/default\/pcap\/thrift.pcap","alias":"nDPId-test","flow_id":1,"flow_state":"finished","flow_src_packets_processed":13,"flow_dst_packets_processed":19,"flow_first_seen":1618939325157360,"flow_src_last_pkt_time":1618939325159246,"flow_dst_last_pkt_time":1618939325159187,"flow_idle_time":7580000000,"flow_src_min_l4_payload_len":0,"flow_dst_min_l4_payload_len":0,"flow_src_max_l4_payload_len":2920,"flow_dst_max_l4_payload_len":1460,"flow_src_tot_l4_payload_len":3250,"flow_dst_tot_l4_payload_len":7422,"midstream":0,"thread_ts_usec":1618939325159246,"l3_proto":"ip4","src_ip":"169.254.59.247","dst_ip":"169.254.46.4","src_port":53387,"dst_port":11010,"l4_proto":"tcp","flow_datalink":1,"flow_max_packets":5,"data_analysis": {"iat": {"min":59,"avg":119.8,"max":188,"stddev":47.3,"var":2241.9,"ent":4.8,"data": [67,135,60,188,60,179,118,60,178,118,59,178,119,60,178,118,59,178,123,123,119,60,187,132,60,183,118,69,188,120,119]},"pktlen": {"min":40,"avg":375.2,"max":2960,"stddev":637.8,"var":406764.6,"ent":3.6,"data": [52,52,40,80,46,88,80,46,80,82,46,106,121,46,311,90,46,104,78,89,79,1500,628,40,1500,628,40,1500,628,40,780,2960]},"bins": {"c_to_s": [5,6,1,0,0,0,0,0,0,0,0,0,0,0,0,0,0,0,0,0,0,0,0,0,0,0,0,0,0,0,0,0,0,0,0,0,0,0,0,0,0,0,0,0,0,0,0,1],"s_to_c": [6,3,2,0,0,0,0,0,1,0,0,0,0,0,0,0,0,0,3,0,0,0,0,1,0,0,0,0,0,0,0,0,0,0,0,0,0,0,0,0,0,0,0,0,0,3,0,0]},"directions": [0,1,0,0,1,1,0,1,1,0,1,1,0,1,1,0,1,1,0,1,0,1,1,0,1,1,0,1,1,0,1,0],"entropies": [4.382568836,4.855899811,4.571928978,4.561148643,4.565871716,5.056412220,4.614388943,4.549460888,4.772574902,4.961133480,4.462504387,4.880326271,3.973908663,4.549460888,5.147182465,4.755144119,4.565872192,4.847397804,4.628648281,4.771815300,4.955598831,6.128622055,6.129070759,4.621928692,6.089191914,6.081182480,4.621928692,6.083991051,6.070480347,4.621928692,6.112934589,6.078311443]},"ndpi": {"confidence": {"6":"DPI"},"proto":"Thrift","proto_id":"345","proto_by_ip":"Unknown","proto_by_ip_id":0,"encrypted":0,"breed":"Acceptable","category_id":16,"category":"RPC"}}
00815{"daemon_event_id":4,"daemon_event_name":"status","thread_id":0,"packet_id":171,"source":"cfgs\/default\/pcap\/thrift.pcap","alias":"nDPId-test","version":"","ndpi_version":"","ndpi_api_version":0,"size_per_flow":1480,"packets-captured":171,"packets-processed":170,"pfring_active":false,"pfring_recv":0,"pfring_drop":0,"pfring_shunt":0,"total-skipped-flows":0,"total-l4-payload-len":85745,"total-not-detected-flows":0,"total-guessed-flows":0,"total-detected-flows":1,"total-detection-updates":0,"total-updates":0,"current-active-flows":1,"total-active-flows":1,"total-idle-flows":0,"total-compressions":0,"total-compression-diff":0,"current-compression-diff":0,"global-alloc-count":0,"global-free-count":0,"global-alloc-bytes":0,"global-free-bytes":0,"total-events-serialized":11,"global_ts_usec":1622206473205908}
00776{"flow_event_id":1,"flow_event_name":"new","thread_id":0,"packet_id":171,"source":"cfgs\/default\/pcap\/thrift.pcap","alias":"nDPId-test","flow_id":2,"flow_state":"info","flow_src_packets_processed":1,"flow_dst_packets_processed":0,"flow_first_seen":1622206473205908,"flow_src_last_pkt_time":1622206473205908,"flow_dst_last_pkt_time":1622206473205908,"flow_idle_time":200000000,"flow_src_min_l4_payload_len":4894,"flow_dst_min_l4_payload_len":0,"flow_src_max_l4_payload_len":4894,"flow_dst_max_l4_payload_len":0,"flow_src_tot_l4_payload_len":4894,"flow_dst_tot_l4_payload_len":0,"midstream":0,"thread_ts_usec":1622206473205908,"l3_proto":"ip4","src_ip":"127.0.0.1","dst_ip":"127.0.0.1","src_port":49164,"dst_port":6831,"l4_proto":"udp","flow_datalink":1,"flow_max_packets":5}
07056{"packet_event_id":2,"packet_event_name":"packet-flow","thread_id":0,"packet_id":171,"source":"cfgs\/default\/pcap\/thrift.pcap","alias":"nDPId-test","flow_id":2,"flow_packet_id":1,"flow_src_last_pkt_time":1622206473205908,"flow_dst_last_pkt_time":1622206473205908,"flow_idle_time":200000000,"pkt_datalink":1,"pkt_caplen":4936,"pkt_type":2048,"pkt_l3_offset":14,"pkt_l4_offset":34,"pkt_len":4936,"pkt_l4_len":4902,"thread_ts_usec":1622206473205908,"pkt":"AAAAAAAAAAAAAAAACABFABM6Zi5AAEARw4J\/AAABfwAAAcAMGq8TJhE6goGygQEJZW1pdEJhdGNoHBwYGG1hdHJpeC5vcmcgdGVzdF93b3JrZXItMRk8GA5qYWVnZXIudmVyc2lvbhUAGAxQeXRob24tNC4xLjAAGAJpcBUAGA8xNzYuMTI2LjI0MC4xNTgAGAhob3N0bmFtZRUAGBVoaXBwb2dyaWZmLm1hdHJpeC5vcmcAABn8FBaGuaOvmYTOqQQWABbMtcCLqNbW4eoBFgAYGHByb2Nlc3MtcmVwbGljYXRpb24tZGF0YSUCFprMtIHs2OEFFrAHGTwYCnJlcXVlc3RfaWQVABghcHJvY2Vzcy1yZXBsaWNhdGlvbi1kYXRhLTE2NDI3NzUxABgMc2FtcGxlci50eXBlFQAYDXByb2JhYmlsaXN0aWMAGA1zYW1wbGVyLnBhcmFtFQInP4R64UeuFHsAGRwWnNG0gezY4QUZLBgYd2FraW5nX3VwX2V4cGxpY2l0X3VzZXJzFQZGAAAYGHdha2luZ191cF9leHBsaWNpdF9yb29tcxUGRgIAAAAWxJryxpeBoekEFgAWyPDeuea8r6YuFgAYGHByb2Nlc3MtcmVwbGljYXRpb24tZGF0YSUCFval54Hs2OEFFqwJGTwYCnJlcXVlc3RfaWQVABghcHJvY2Vzcy1yZXBsaWNhdGlvbi1kYXRhLTE2NDI3ODMxABgMc2FtcGxlci50eXBlFQAYDXByb2JhYmlsaXN0aWMAGA1zYW1wbGVyLnBhcmFtFQInP4R64UeuFHsAGRwW\/qvngezY4QUZLBgYd2FraW5nX3VwX2V4cGxpY2l0X3VzZXJzFQZGAgAYGHdha2luZ191cF9leHBsaWNpdF9yb29tcxUGRgAAAAAW8uWpt+qqgKsEFgAWqYLBtf270evxARYAGBhwcm9jZXNzLXJlcGxpY2F0aW9uLWRhdGElAhbonO2B7NjhBRbeBxk8GApyZXF1ZXN0X2lkFQAYIXByb2Nlc3MtcmVwbGljYXRpb24tZGF0YS0xNjQyNzgzOAAYDHNhbXBsZXIudHlwZRUAGA1wcm9iYWJpbGlzdGljABgNc2FtcGxlci5wYXJhbRUCJz+EeuFHrhR7ABkcFoSh7YHs2OEFGSwYGHdha2luZ191cF9leHBsaWNpdF91c2VycxUGRgAAGBh3YWtpbmdfdXBfZXhwbGljaXRfcm9vbXMVBkYCAAAAFvqGnZy9+dfwAhYAFtO46sffyaa7GhYAGBhwcm9jZXNzLXJlcGxpY2F0aW9uLWRhdGElAhaOjdaC7NjhBRaqBhk8GApyZXF1ZXN0X2lkFQAYIXByb2Nlc3MtcmVwbGljYXRpb24tZGF0YS0xNjQyNzk4NQAYDHNhbXBsZXIudHlwZRUAGA1wcm9iYWJpbGlzdGljABgNc2FtcGxlci5wYXJhbRUCJz+EeuFHrhR7ABkcFtaQ1oLs2OEFGSwYGHdha2luZ191cF9leHBsaWNpdF91c2VycxUGRgAAGBh3YWtpbmdfdXBfZXhwbGljaXRfcm9vbXMVBkYCAAAAFuzjrKCg6bX5ARYAFpqsg8CNmf7v3wEWABgYcHJvY2Vzcy1yZXBsaWNhdGlvbi1kYXRhJQIWxozeguzY4QUW1AcZPBgKcmVxdWVzdF9pZBUAGCFwcm9jZXNzLXJlcGxpY2F0aW9uLWRhdGEtMTY0Mjc5OTQAGAxzYW1wbGVyLnR5cGUVABgNcHJvYmFiaWxpc3RpYwAYDXNhbXBsZXIucGFyYW0VAic\/hHrhR64UewAZHBb4kN6C7NjhBRksGBh3YWtpbmdfdXBfZXhwbGljaXRfdXNlcnMVBkYAABgYd2FraW5nX3VwX2V4cGxpY2l0X3Jvb21zFQZGAgAAABbgo7HM4sDc9gIWABat27nxrfeN4TsWABgYcHJvY2Vzcy1yZXBsaWNhdGlvbi1kYXRhJQIW5q\/Cg+zY4QUW+AcZPBgKcmVxdWVzdF9pZBUAGCFwcm9jZXNzLXJlcGxpY2F0aW9uLWRhdGEtMTY0MjgxMDgAGAxzYW1wbGVyLnR5cGUVABgNcHJvYmFiaWxpc3RpYwAYDXNhbXBsZXIucGFyYW0VAic\/hHrhR64UewAZHBawtMKD7NjhBRksGBh3YWtpbmdfdXBfZXhwbGljaXRfdXNlcnMVBkYAABgYd2FraW5nX3VwX2V4cGxpY2l0X3Jvb21zFQZGAgAAABbcivTis8qLvAEWABbczvODu7Ks5pEBFgAYGHByb2Nlc3MtcmVwbGljYXRpb24tZGF0YSUCFrrbloTs2OEFFrQFGTwYCnJlcXVlc3RfaWQVABghcHJvY2Vzcy1yZXBsaWNhdGlvbi1kYXRhLTE2NDI4MjQxABgMc2FtcGxlci50eXBlFQAYDXByb2JhYmlsaXN0aWMAGA1zYW1wbGVyLnBhcmFtFQInP4R64UeuFHsAGQwAFuaWr8eDzPlFFgAW2IOOiNmRvvVRFgAYGHByb2Nlc3MtcmVwbGljYXRpb24tZGF0YSUCFqjTnoTs2OEFFsIFGTwYCnJlcXVlc3RfaWQVABghcHJvY2Vzcy1yZXBsaWNhdGlvbi1kYXRhLTE2NDI4MjUyABgMc2FtcGxlci50eXBlFQAYDXByb2JhYmlsaXN0aWMAGA1zYW1wbGVyLnBhcmFtFQInP4R64UeuFHsAGRwWrtaehOzY4QUZLBgYd2FraW5nX3VwX2V4cGxpY2l0X3VzZXJzFQZGAAAYGHdha2luZ191cF9leHBsaWNpdF9yb29tcxUGRgIAAAAWqOOBz+7B0NMCFgAW5qywk4TRx6YBFgAYGHByb2Nlc3MtcmVwbGljYXRpb24tZGF0YSUCFs6wo4Ts2OEFFsoDGTwYCnJlcXVlc3RfaWQVABghcHJvY2Vzcy1yZXBsaWNhdGlvbi1kYXRhLTE2NDI4MjU2ABgMc2FtcGxlci50eXBlFQAYDXByb2JhYmlsaXN0aWMAGA1zYW1wbGVyLnBhcmFtFQInP4R64UeuFHsAGQwAFozT1u+3sNX5AxYAFruLnr+svsXNXBYAGBhwcm9jZXNzLXJlcGxpY2F0aW9uLWRhdGElAhas7ryE7NjhBRbKCxk8GApyZXF1ZXN0X2lkFQAYIXByb2Nlc3MtcmVwbGljYXRpb24tZGF0YS0xNjQyODI5MwAYDHNhbXBsZXIudHlwZRUAGA1wcm9iYWJpbGlzdGljABgNc2FtcGxlci5wYXJhbRUCJz+EeuFHrhR7ABkcFqD2vITs2OEFGSwYGHdha2luZ191cF9leHBsaWNpdF91c2VycxUGRgAAGBh3YWtpbmdfdXBfZXhwbGljaXRfcm9vbXMVBkYCAAAAFuTvlKK6tbniBBYAFt7TxoLztJ7ExgEWABgYcHJvY2Vzcy1yZXBsaWNhdGlvbi1kYXRhJQIWqrLkhezY4QUW3g0ZPBgKcmVxdWVzdF9pZBUAGCFwcm9jZXNzLXJlcGxpY2F0aW9uLWRhdGEtMTY0Mjg1NzMAGAxzYW1wbGVyLnR5cGUVABgNcHJvYmFiaWxpc3RpYwAYDXNhbXBsZXIucGFyYW0VAic\/hHrhR64UewAZHBbMu+SF7NjhBRksGBh3YWtpbmdfdXBfZXhwbGljaXRfdXNlcnMVBkYAABgYd2FraW5nX3VwX2V4cGxpY2l0X3Jvb21zFQZGAgAAABaAqfv135ayxQEWABbxqpG05PnOr20WABgYcHJvY2Vzcy1yZXBsaWNhdGlvbi1kYXRhJQIW3PrvhezY4QUWgAIZPBgKcmVxdWVzdF9pZBUAGCFwcm9jZXNzLXJlcGxpY2F0aW9uLWRhdGEtMTY0Mjg1ODUAGAxzYW1wbGVyLnR5cGUVABgNcHJvYmFiaWxpc3RpYwAYDXNhbXBsZXIucGFyYW0VAic\/hHrhR64UewAZDAAW7v+RypLGwoIFFgAWpa2JyqmV2qBHFgAYGHByb2Nlc3MtcmVwbGljYXRpb24tZGF0YSUCFs7htobs2OEFFvoKGTwYCnJlcXVlc3RfaWQVABghcHJvY2Vzcy1yZXBsaWNhdGlvbi1kYXRhLTE2NDI4NzA2ABgMc2FtcGxlci50eXBlFQAYDXByb2JhYmlsaXN0aWMAGA1zYW1wbGVyLnBhcmFtFQInP4R64UeuFHsAGRwW2Oi2huzY4QUZLBgYd2FraW5nX3VwX2V4cGxpY2l0X3VzZXJzFQZGAAAYGHdha2luZ191cF9leHBsaWNpdF9yb29tcxUGRgIAAAAWvrSo25Lk6ZEBFgAW\/Mu25N3Uuy8WABgYcHJvY2Vzcy1yZXBsaWNhdGlvbi1kYXRhJQIWnKqph+zY4QUWygQZPBgKcmVxdWVzdF9pZBUAGCFwcm9jZXNzLXJlcGxpY2F0aW9uLWRhdGEtMTY0Mjg4MjcAGAxzYW1wbGVyLnR5cGUVABgNcHJvYmFiaWxpc3RpYwAYDXNhbXBsZXIucGFyYW0VAic\/hHrhR64UewAZDAAWqqCtwe+ZmegCFgAWrqHm7O\/56JRtFgAYGHByb2Nlc3MtcmVwbGljYXRpb24tZGF0YSUCFrT9rYfs2OEFFrgMGTwYCnJlcXVlc3RfaWQVABghcHJvY2Vzcy1yZXBsaWNhdGlvbi1kYXRhLTE2NDI4ODM3ABgMc2FtcGxlci50eXBlFQAYDXByb2JhYmlsaXN0aWMAGA1zYW1wbGVyLnBhcmFtFQInP4R64UeuFHsAGRwW6oSuh+zY4QUZLBgYd2FraW5nX3VwX2V4cGxpY2l0X3VzZXJzFQZGAgAYGHdha2luZ191cF9leHBsaWNpdF9yb29tcxUGRgAAAAAWtIi99PnliOMDFgAWr4D1oIH+tqbMARYAGBhwcm9jZXNzLXJlcGxpY2F0aW9uLWRhdGElAhbIi9iH7NjhBRa4Cxk8GApyZXF1ZXN0X2lkFQAYIXByb2Nlc3MtcmVwbGljYXRpb24tZGF0YS0xNjQyODg4NgAYDHNhbXBsZXIudHlwZRUAGA1wcm9iYWJpbGlzdGljABgNc2FtcGxlci5wYXJhbRUCJz+EeuFHrhR7ABkcFvyS2Ifs2OEFGSwYGHdha2luZ191cF9leHBsaWNpdF91c2VycxUGRgAAGBh3YWtpbmdfdXBfZXhwbGljaXRfcm9vbXMVBkYCAAAAFpiG28yl9YTqAxYAFp6Khpqln4D\/vAEWABgYcHJvY2Vzcy1yZXBsaWNhdGlvbi1kYXRhJQIWtIWniOzY4QUWwgcZPBgKcmVxdWVzdF9pZBUAGCFwcm9jZXNzLXJlcGxpY2F0aW9uLWRhdGEtMTY0MjkwMDUAGAxzYW1wbGVyLnR5cGUVABgNcHJvYmFiaWxpc3RpYwAYDXNhbXBsZXIucGFyYW0VAic\/hHrhR64UewAZHBa6iqeI7NjhBRksGBh3YWtpbmdfdXBfZXhwbGljaXRfdXNlcnMVBkYAABgYd2FraW5nX3VwX2V4cGxpY2l0X3Jvb21zFQZGAgAAABbU4KrL85XASBYAFtnRoOjBlpPt8wEWABgYcHJvY2Vzcy1yZXBsaWNhdGlvbi1kYXRhJQIW9tnkiOzY4QUW4AYZPBgKcmVxdWVzdF9pZBUAGCFwcm9jZXNzLXJlcGxpY2F0aW9uLWRhdGEtMTY0MjkxMDgAGAxzYW1wbGVyLnR5cGUVABgNcHJvYmFiaWxpc3RpYwAYDXNhbXBsZXIucGFyYW0VAic\/hHrhR64UewAZHBaI3uSI7NjhBRksGBh3YWtpbmdfdXBfZXhwbGljaXRfdXNlcnMVBkYCABgYd2FraW5nX3VwX2V4cGxpY2l0X3Jvb21zFQZGAAAAABbyn72E39iHyQIWABb8lfCbktCR8\/QBFgAYGHByb2Nlc3MtcmVwbGljYXRpb24tZGF0YSUCFo7D84js2OEFFtYGGTwYCnJlcXVlc3RfaWQVABghcHJvY2Vzcy1yZXBsaWNhdGlvbi1kYXRhLTE2NDI5MTMyABgMc2FtcGxlci50eXBlFQAYDXByb2JhYmlsaXN0aWMAGA1zYW1wbGVyLnBhcmFtFQInP4R64UeuFHsAGRwWtMfziOzY4QUZLBgYd2FraW5nX3VwX2V4cGxpY2l0X3VzZXJzFQZGAAAYGHdha2luZ191cF9leHBsaWNpdF9yb29tcxUGRgIAAAAW1r+jys2k3sEBFgAWqbSn9uzasMAgFgAYGHByb2Nlc3MtcmVwbGljYXRpb24tZGF0YSUCFpDVs4ns2OEFFsYIGTwYCnJlcXVlc3RfaWQVABghcHJvY2Vzcy1yZXBsaWNhdGlvbi1kYXRhLTE2NDI5MjM4ABgMc2FtcGxlci50eXBlFQAYDXByb2JhYmlsaXN0aWMAGA1zYW1wbGVyLnBhcmFtFQInP4R64UeuFHsAGRwWutqziezY4QUZLBgYd2FraW5nX3VwX2V4cGxpY2l0X3VzZXJzFQZGAAAYGHdha2luZ191cF9leHBsaWNpdF9yb29tcxUGRgIAAAAAAA=="}
00924{"flow_event_id":7,"flow_event_name":"detected","thread_id":0,"packet_id":171,"source":"cfgs\/default\/pcap\/thrift.pcap","alias":"nDPId-test","flow_id":2,"flow_state":"info","flow_src_packets_processed":1,"flow_dst_packets_processed":0,"flow_first_seen":1622206473205908,"flow_src_last_pkt_time":1622206473205908,"flow_dst_last_pkt_time":1622206473205908,"flow_idle_time":200000000,"flow_src_min_l4_payload_len":4894,"flow_dst_min_l4_payload_len":0,"flow_src_max_l4_payload_len":4894,"flow_dst_max_l4_payload_len":0,"flow_src_tot_l4_payload_len":4894,"flow_dst_tot_l4_payload_len":0,"midstream":0,"thread_ts_usec":1622206473205908,"l3_proto":"ip4","src_ip":"127.0.0.1","dst_ip":"127.0.0.1","src_port":49164,"dst_port":6831,"l4_proto":"udp","ndpi": {"confidence": {"6":"DPI"},"proto":"Thrift","proto_id":"345","proto_by_ip":"Unknown","proto_by_ip_id":0,"encrypted":0,"breed":"Acceptable","category_id":16,"category":"RPC"}}
00980{"flow_event_id":2,"flow_event_name":"end","thread_id":0,"packet_id":172,"source":"cfgs\/default\/pcap\/thrift.pcap","alias":"nDPId-test","flow_id":1,"flow_state":"finished","flow_src_packets_processed":66,"flow_dst_packets_processed":104,"flow_first_seen":1618939325157360,"flow_src_last_pkt_time":1618939325167655,"flow_dst_last_pkt_time":1618939325167596,"flow_idle_time":7580000000,"flow_src_min_l4_payload_len":0,"flow_dst_min_l4_payload_len":0,"flow_src_max_l4_payload_len":6875,"flow_dst_max_l4_payload_len":1460,"flow_src_tot_l4_payload_len":14450,"flow_dst_tot_l4_payload_len":71295,"midstream":0,"thread_ts_usec":1622206473205908,"l3_proto":"ip4","src_ip":"169.254.59.247","dst_ip":"169.254.46.4","src_port":53387,"dst_port":11010,"l4_proto":"tcp","flow_datalink":1,"flow_max_packets":5,"ndpi": {"confidence": {"6":"DPI"},"proto":"Thrift","proto_id":"345","proto_by_ip":"Unknown","proto_by_ip_id":0,"encrypted":0,"breed":"Acceptable","category_id":16,"category":"RPC"}}
06247{"packet_event_id":2,"packet_event_name":"packet-flow","thread_id":0,"packet_id":172,"source":"cfgs\/default\/pcap\/thrift.pcap","alias":"nDPId-test","flow_id":2,"flow_packet_id":2,"flow_src_last_pkt_time":1622206484939295,"flow_dst_last_pkt_time":1622206473205908,"flow_idle_time":200000000,"pkt_datalink":1,"pkt_caplen":4322,"pkt_type":2048,"pkt_l3_offset":14,"pkt_l4_offset":34,"pkt_len":4322,"pkt_l4_len":4288,"thread_ts_usec":1622206484939295,"pkt":"AAAAAAAAAAAAAAAACABFABDUa\/ZAAEARwCB\/AAABfwAAAcAMGq8QwA7UgoG0gQEJZW1pdEJhdGNoHBwYGG1hdHJpeC5vcmcgdGVzdF93b3JrZXItMRk8GA5qYWVnZXIudmVyc2lvbhUAGAxQeXRob24tNC4xLjAAGAJpcBUAGA8xNzYuMTI2LjI0MC4xNTgAGAhob3N0bmFtZRUAGBVoaXBwb2dyaWZmLm1hdHJpeC5vcmcAABn8FBa0g7LzyrnngQEWABblrKGoxcOvpxwWABgYcHJvY2Vzcy1yZXBsaWNhdGlvbi1kYXRhJQIWhLSTiuzY4QUW8AIZPBgKcmVxdWVzdF9pZBUAGCFwcm9jZXNzLXJlcGxpY2F0aW9uLWRhdGEtMTY0Mjk0MDQAGAxzYW1wbGVyLnR5cGUVABgNcHJvYmFiaWxpc3RpYwAYDXNhbXBsZXIucGFyYW0VAic\/hHrhR64UewAZDAAWtv6FuMfW8JgCFgAW3qHqkaHita3BARYAGBhwcm9jZXNzLXJlcGxpY2F0aW9uLWRhdGElAhbAwKqK7NjhBRbKAxk8GApyZXF1ZXN0X2lkFQAYIXByb2Nlc3MtcmVwbGljYXRpb24tZGF0YS0xNjQyOTQ0MgAYDHNhbXBsZXIudHlwZRUAGA1wcm9iYWJpbGlzdGljABgNc2FtcGxlci5wYXJhbRUCJz+EeuFHrhR7ABkMABbstN+sgbOr9wMWABbIn4yOmKP384MBFgAYGHByb2Nlc3MtcmVwbGljYXRpb24tZGF0YSUCFuSY7ovs2OEFFp4JGTwYCnJlcXVlc3RfaWQVABghcHJvY2Vzcy1yZXBsaWNhdGlvbi1kYXRhLTE2NDI5NjcxABgMc2FtcGxlci50eXBlFQAYDXByb2JhYmlsaXN0aWMAGA1zYW1wbGVyLnBhcmFtFQInP4R64UeuFHsAGRwWlp\/ui+zY4QUZLBgYd2FraW5nX3VwX2V4cGxpY2l0X3VzZXJzFQZGAAAYGHdha2luZ191cF9leHBsaWNpdF9yb29tcxUGRgIAAAAW0tWM2OiK4r0BFgAWo+eQwO2qkOjeARYAGBhwcm9jZXNzLXJlcGxpY2F0aW9uLWRhdGElAha414eM7NjhBRbmBhk8GApyZXF1ZXN0X2lkFQAYIXByb2Nlc3MtcmVwbGljYXRpb24tZGF0YS0xNjQyOTcwNAAYDHNhbXBsZXIudHlwZRUAGA1wcm9iYWJpbGlzdGljABgNc2FtcGxlci5wYXJhbRUCJz+EeuFHrhR7ABkcFsDbh4zs2OEFGSwYGHdha2luZ191cF9leHBsaWNpdF91c2VycxUGRgIAGBh3YWtpbmdfdXBfZXhwbGljaXRfcm9vbXMVBkYAAAAAFpryttmhxKdTFgAWseWtqrqlgq9cFgAYGHByb2Nlc3MtcmVwbGljYXRpb24tZGF0YSUCFtqLpI3s2OEFFtYFGTwYCnJlcXVlc3RfaWQVABghcHJvY2Vzcy1yZXBsaWNhdGlvbi1kYXRhLTE2NDI5OTMwABgMc2FtcGxlci50eXBlFQAYDXByb2JhYmlsaXN0aWMAGA1zYW1wbGVyLnBhcmFtFQInP4R64UeuFHsAGQwAFtrmpq3dmcfxARYAFtjY6ratrM+VrgEWABgYcHJvY2Vzcy1yZXBsaWNhdGlvbi1kYXRhJQIWqsnLjezY4QUWpAgZPBgKcmVxdWVzdF9pZBUAGCFwcm9jZXNzLXJlcGxpY2F0aW9uLWRhdGEtMTY0MzAwMTYAGAxzYW1wbGVyLnR5cGUVABgNcHJvYmFiaWxpc3RpYwAYDXNhbXBsZXIucGFyYW0VAic\/hHrhR64UewAZDAAW3sK6\/MSryJHTARYAFqLGvoqEgZqcLBYAGAZ4eHgxMjMlBhaUjfCM7NjhBRbc+Z4BGRwYEXNhbXBsaW5nLnByaW9yaXR5FQZGAgAZDAAWyKqwjd6emYcEFgAW4qH\/nbeXkeoCFgAYGHByb2Nlc3MtcmVwbGljYXRpb24tZGF0YSUCFuyjkY7s2OEFFtAMGTwYCnJlcXVlc3RfaWQVABghcHJvY2Vzcy1yZXBsaWNhdGlvbi1kYXRhLTE2NDMwMTM1ABgMc2FtcGxlci50eXBlFQAYDXByb2JhYmlsaXN0aWMAGA1zYW1wbGVyLnBhcmFtFQInP4R64UeuFHsAGRwW8KuRjuzY4QUZLBgYd2FraW5nX3VwX2V4cGxpY2l0X3VzZXJzFQZGAAAYGHdha2luZ191cF9leHBsaWNpdF9yb29tcxUGRgIAAAAWpLug4Pyk6vkCFgAW3OjsypaSgdgeFgAYGHByb2Nlc3MtcmVwbGljYXRpb24tZGF0YSUCFryryo7s2OEFFsIDGTwYCnJlcXVlc3RfaWQVABghcHJvY2Vzcy1yZXBsaWNhdGlvbi1kYXRhLTE2NDMwMjMwABgMc2FtcGxlci50eXBlFQAYDXByb2JhYmlsaXN0aWMAGA1zYW1wbGVyLnBhcmFtFQInP4R64UeuFHsAGQwAFvzArf3L35zQBBYAFq2f5a3mhJWg9QEWABgYcHJvY2Vzcy1yZXBsaWNhdGlvbi1kYXRhJQIW\/P7pjuzY4QUW+AYZPBgKcmVxdWVzdF9pZBUAGCFwcm9jZXNzLXJlcGxpY2F0aW9uLWRhdGEtMTY0MzAyODAAGAxzYW1wbGVyLnR5cGUVABgNcHJvYmFiaWxpc3RpYwAYDXNhbXBsZXIucGFyYW0VAic\/hHrhR64UewAZDAAWkvOmk8WC2swCFgAWtI7dwaDc4Z2\/ARYAGBhwcm9jZXNzLXJlcGxpY2F0aW9uLWRhdGElAhbqnOWP7NjhBRaWCxk8GApyZXF1ZXN0X2lkFQAYIXByb2Nlc3MtcmVwbGljYXRpb24tZGF0YS0xNjQzMDQ3MAAYDHNhbXBsZXIudHlwZRUAGA1wcm9iYWJpbGlzdGljABgNc2FtcGxlci5wYXJhbRUCJz+EeuFHrhR7ABkcFvSj5Y\/s2OEFGSwYGHdha2luZ191cF9leHBsaWNpdF91c2VycxUGRgAAGBh3YWtpbmdfdXBfZXhwbGljaXRfcm9vbXMVBkYCAAAAFpTB1qCT2cqkBBYAFvSMwrWC39zRxQEWABgYcHJvY2Vzcy1yZXBsaWNhdGlvbi1kYXRhJQIWtOPrj+zY4QUWigYZPBgKcmVxdWVzdF9pZBUAGCFwcm9jZXNzLXJlcGxpY2F0aW9uLWRhdGEtMTY0MzA0ODAAGAxzYW1wbGVyLnR5cGUVABgNcHJvYmFiaWxpc3RpYwAYDXNhbXBsZXIucGFyYW0VAic\/hHrhR64UewAZHBbi5uuP7NjhBRksGBh3YWtpbmdfdXBfZXhwbGljaXRfdXNlcnMVBkYAABgYd2FraW5nX3VwX2V4cGxpY2l0X3Jvb21zFQZGAgAAABb+mOqot9nKqQQWABa2lJymztvVvjYWABgYcHJvY2Vzcy1yZXBsaWNhdGlvbi1kYXRhJQIWgpOxkOzY4QUWwgEZPBgKcmVxdWVzdF9pZBUAGCFwcm9jZXNzLXJlcGxpY2F0aW9uLWRhdGEtMTY0MzA1ODAAGAxzYW1wbGVyLnR5cGUVABgNcHJvYmFiaWxpc3RpYwAYDXNhbXBsZXIucGFyYW0VAic\/hHrhR64UewAZDAAWjv\/Q15zA+P8DFgAW+\/2iuY3E3+P9ARYAGBhwcm9jZXNzLXJlcGxpY2F0aW9uLWRhdGElAhaepeOQ7NjhBRaWBBk8GApyZXF1ZXN0X2lkFQAYIXByb2Nlc3MtcmVwbGljYXRpb24tZGF0YS0xNjQzMDY1OAAYDHNhbXBsZXIudHlwZRUAGA1wcm9iYWJpbGlzdGljABgNc2FtcGxlci5wYXJhbRUCJz+EeuFHrhR7ABkcFsyn45Ds2OEFGSwYGHdha2luZ191cF9leHBsaWNpdF91c2VycxUGRgAAGBh3YWtpbmdfdXBfZXhwbGljaXRfcm9vbXMVBkYCAAAAFujnhs\/6qqS7AxYAFub224W23ojIPhYAGBhwcm9jZXNzLXJlcGxpY2F0aW9uLWRhdGElAhaGgYeS7NjhBRamAhk8GApyZXF1ZXN0X2lkFQAYIXByb2Nlc3MtcmVwbGljYXRpb24tZGF0YS0xNjQzMDk2NQAYDHNhbXBsZXIudHlwZRUAGA1wcm9iYWJpbGlzdGljABgNc2FtcGxlci5wYXJhbRUCJz+EeuFHrhR7ABkMABakkI\/xl8iqzQMWABaIpcHvzq\/79SoWABgYcHJvY2Vzcy1yZXBsaWNhdGlvbi1kYXRhJQIWzNuwkuzY4QUWwAoZPBgKcmVxdWVzdF9pZBUAGCFwcm9jZXNzLXJlcGxpY2F0aW9uLWRhdGEtMTY0MzEwMzQAGAxzYW1wbGVyLnR5cGUVABgNcHJvYmFiaWxpc3RpYwAYDXNhbXBsZXIucGFyYW0VAic\/hHrhR64UewAZHBa04rCS7NjhBRksGBh3YWtpbmdfdXBfZXhwbGljaXRfdXNlcnMVBkYCABgYd2FraW5nX3VwX2V4cGxpY2l0X3Jvb21zFQZGAAAAABa8+tv72OzRmAIWABbH5c6EkKG4hCIWABgYcHJvY2Vzcy1yZXBsaWNhdGlvbi1kYXRhJQIWloTAkuzY4QUW4gEZPBgKcmVxdWVzdF9pZBUAGCFwcm9jZXNzLXJlcGxpY2F0aW9uLWRhdGEtMTY0MzEwNTYAGAxzYW1wbGVyLnR5cGUVABgNcHJvYmFiaWxpc3RpYwAYDXNhbXBsZXIucGFyYW0VAic\/hHrhR64UewAZDAAW\/N+I9eTZqIwDFgAWg7v+\/4PfgvG7ARYAGBhwcm9jZXNzLXJlcGxpY2F0aW9uLWRhdGElAhbQ+fuS7NjhBRbcAxk8GApyZXF1ZXN0X2lkFQAYIXByb2Nlc3MtcmVwbGljYXRpb24tZGF0YS0xNjQzMTE0MgAYDHNhbXBsZXIudHlwZRUAGA1wcm9iYWJpbGlzdGljABgNc2FtcGxlci5wYXJhbRUCJz+EeuFHrhR7ABkcFtz7+5Ls2OEFGSwYGHdha2luZ191cF9leHBsaWNpdF91c2VycxUGRgAAGBh3YWtpbmdfdXBfZXhwbGljaXRfcm9vbXMVBkYCAAAAFsSeqPfrlcbzAhYAFqXK8qPO186QwAEWABgYcHJvY2Vzcy1yZXBsaWNhdGlvbi1kYXRhJQIWlNCJk+zY4QUW9AMZPBgKcmVxdWVzdF9pZBUAGCFwcm9jZXNzLXJlcGxpY2F0aW9uLWRhdGEtMTY0MzExNjgAGAxzYW1wbGVyLnR5cGUVABgNcHJvYmFiaWxpc3RpYwAYDXNhbXBsZXIucGFyYW0VAic\/hHrhR64UewAZDAAWxPPB2pP1wZMBFgAW+KuAr+XO8fi\/ARYAGBhwcm9jZXNzLXJlcGxpY2F0aW9uLWRhdGElAhaO\/8uU7NjhBRa6BBk8GApyZXF1ZXN0X2lkFQAYIXByb2Nlc3MtcmVwbGljYXRpb24tZGF0YS0xNjQzMTQzNgAYDHNhbXBsZXIudHlwZRUAGA1wcm9iYWJpbGlzdGljABgNc2FtcGxlci5wYXJhbRUCJz+EeuFHrhR7ABkcFuyBzJTs2OEFGSwYGHdha2luZ191cF9leHBsaWNpdF91c2VycxUGRgIAGBh3YWtpbmdfdXBfZXhwbGljaXRfcm9vbXMVBkYAAAAAAAA="}
00963{"flow_event_id":3,"flow_event_name":"idle","thread_id":0,"packet_id":172,"source":"cfgs\/default\/pcap\/thrift.pcap","alias":"nDPId-test","flow_id":2,"flow_state":"finished","flow_src_packets_processed":2,"flow_dst_packets_processed":0,"flow_first_seen":1622206473205908,"flow_src_last_pkt_time":1622206484939295,"flow_dst_last_pkt_time":1622206473205908,"flow_idle_time":200000000,"flow_src_min_l4_payload_len":4280,"flow_dst_min_l4_payload_len":0,"flow_src_max_l4_payload_len":4894,"flow_dst_max_l4_payload_len":0,"flow_src_tot_l4_payload_len":9174,"flow_dst_tot_l4_payload_len":0,"midstream":0,"thread_ts_usec":1622206484939295,"l3_proto":"ip4","src_ip":"127.0.0.1","dst_ip":"127.0.0.1","src_port":49164,"dst_port":6831,"l4_proto":"udp","flow_datalink":1,"flow_max_packets":5,"ndpi": {"confidence": {"6":"DPI"},"proto":"Thrift","proto_id":"345","proto_by_ip":"Unknown","proto_by_ip_id":0,"encrypted":0,"breed":"Acceptable","category_id":16,"category":"RPC"}}
00817{"daemon_event_id":3,"daemon_event_name":"shutdown","thread_id":0,"packet_id":172,"source":"cfgs\/default\/pcap\/thrift.pcap","alias":"nDPId-test","version":"","ndpi_version":"","ndpi_api_version":0,"size_per_flow":1480,"packets-captured":172,"packets-processed":172,"pfring_active":false,"pfring_recv":0,"pfring_drop":0,"pfring_shunt":0,"total-skipped-flows":0,"total-l4-payload-len":94919,"total-not-detected-flows":0,"total-guessed-flows":0,"total-detected-flows":2,"total-detection-updates":0,"total-updates":0,"current-active-flows":0,"total-active-flows":2,"total-idle-flows":2,"total-compressions":0,"total-compression-diff":0,"current-compression-diff":0,"global-alloc-count":0,"global-free-count":0,"global-alloc-bytes":0,"global-free-bytes":0,"total-events-serialized":18,"global_ts_usec":1622206484939295}
~~~~~~~~~~~~~~~~~~~~ SUMMARY ~~~~~~~~~~~~~~~~~~~~
~~ packets captured/processed: 172/172
~~ skipped flows.............: 0
~~ total layer4 data length..: 94919 bytes
~~ total detected protocols..: 2
~~ total active/idle flows...: 2/2
~~ total timeout flows.......: 0
~~~~~~~~~~~~~~~~~~~~~~~~~~~~~~~~~~~~~~~~~~~~~~~~~
~~ total memory allocated....: 9418716 bytes
~~ total memory freed........: 9418716 bytes
~~ total allocations/frees...: 154683/154683
~~~~~~~~~~~~~~~~~~~~~~~~~~~~~~~~~~~~~~~~~~~~~~~~~
~~ json message min len.......: 530 chars
~~ json message max len.......: 7061 chars
~~ json message avg len.......: 3755 chars
