00592{"daemon_event_id":1,"daemon_event_name":"init","thread_id":0,"packet_id":0,"source":"cfgs\/default\/pcap\/tls-rdn-extract.pcap","alias":"nDPId-test","version":"","ndpi_version":"","ndpi_api_version":0,"size_per_flow":1480,"max-flows-per-thread":32768,"max-idle-flows-per-thread":1024,"reader-thread-count":1,"flow-scan-interval":10000000,"generic-max-idle-time":600000000,"icmp-max-idle-time":120000000,"udp-max-idle-time":180000000,"tcp-max-idle-time":7560000000,"max-packets-per-flow-to-send":5,"max-packets-per-flow-to-process":32,"max-packets-per-flow-to-analyse":32,"global_ts_usec":0}
00812{"daemon_event_id":4,"daemon_event_name":"status","thread_id":0,"packet_id":1,"source":"cfgs\/default\/pcap\/tls-rdn-extract.pcap","alias":"nDPId-test","version":"","ndpi_version":"","ndpi_api_version":0,"size_per_flow":1480,"packets-captured":1,"packets-processed":0,"pfring_active":false,"pfring_recv":0,"pfring_drop":0,"pfring_shunt":0,"total-skipped-flows":0,"total-l4-payload-len":0,"total-not-detected-flows":0,"total-guessed-flows":0,"total-detected-flows":0,"total-detection-updates":0,"total-updates":0,"current-active-flows":0,"total-active-flows":0,"total-idle-flows":0,"total-compressions":0,"total-compression-diff":0,"current-compression-diff":0,"global-alloc-count":0,"global-free-count":0,"global-alloc-bytes":0,"global-free-bytes":0,"total-events-serialized":2,"global_ts_usec":946681200000000}
00781{"flow_event_id":1,"flow_event_name":"new","thread_id":0,"packet_id":1,"source":"cfgs\/default\/pcap\/tls-rdn-extract.pcap","alias":"nDPId-test","flow_id":1,"flow_state":"info","flow_src_packets_processed":1,"flow_dst_packets_processed":0,"flow_first_seen":946681200000000,"flow_src_last_pkt_time":946681200000000,"flow_dst_last_pkt_time":946681200000000,"flow_idle_time":7580000000,"flow_src_min_l4_payload_len":127,"flow_dst_min_l4_payload_len":0,"flow_src_max_l4_payload_len":127,"flow_dst_max_l4_payload_len":0,"flow_src_tot_l4_payload_len":127,"flow_dst_tot_l4_payload_len":0,"midstream":1,"thread_ts_usec":946681200000000,"l3_proto":"ip4","src_ip":"10.0.0.1","dst_ip":"213.199.149.251","src_port":31337,"dst_port":443,"l4_proto":"tcp","flow_datalink":1,"flow_max_packets":5}
00706{"packet_event_id":2,"packet_event_name":"packet-flow","thread_id":0,"packet_id":1,"source":"cfgs\/default\/pcap\/tls-rdn-extract.pcap","alias":"nDPId-test","flow_id":1,"flow_packet_id":1,"flow_src_last_pkt_time":946681200000000,"flow_dst_last_pkt_time":946681200000000,"flow_idle_time":7580000000,"pkt_datalink":1,"pkt_caplen":181,"pkt_type":2048,"pkt_l3_offset":14,"pkt_l4_offset":34,"pkt_len":181,"pkt_l4_len":147,"thread_ts_usec":946681200000000,"pkt":"ERERERERIiIiIiIiCABFAACnLudAAIAGnZoKAAAB1ceV+3ppAbtkZ4Ye79i2a1AYQCmgXgAAFgMBAHoBAAB2AwEAAAAAM7RDB2u\/HXE+9PsbFMYgy+4A2s6CH4THeQytZwAAGAAvADUABQAKwBPAFMAJwAoAMgA4ABMABAEAADX\/AQABAAAAABMAEQAADmFkczEubXNhZHMubmV0AAUABQEAAAAAAAoABgAEABcAGAALAAIBAA=="}
01252{"flow_event_id":7,"flow_event_name":"detected","thread_id":0,"packet_id":1,"source":"cfgs\/default\/pcap\/tls-rdn-extract.pcap","alias":"nDPId-test","flow_id":1,"flow_state":"info","flow_src_packets_processed":1,"flow_dst_packets_processed":0,"flow_first_seen":946681200000000,"flow_src_last_pkt_time":946681200000000,"flow_dst_last_pkt_time":946681200000000,"flow_idle_time":7580000000,"flow_src_min_l4_payload_len":127,"flow_dst_min_l4_payload_len":0,"flow_src_max_l4_payload_len":127,"flow_dst_max_l4_payload_len":0,"flow_src_tot_l4_payload_len":127,"flow_dst_tot_l4_payload_len":0,"midstream":1,"thread_ts_usec":946681200000000,"l3_proto":"ip4","src_ip":"10.0.0.1","dst_ip":"213.199.149.251","src_port":31337,"dst_port":443,"l4_proto":"tcp","ndpi": {"flow_risk": {"7": {"risk":"Obsolete TLS (v1.1 or older)","severity":"High","risk_score": {"total":310,"client":275,"server":35}}},"confidence": {"6":"DPI"},"proto":"TLS","proto_id":"91","proto_by_ip":"Unknown","proto_by_ip_id":0,"encrypted":1,"breed":"Safe","category_id":5,"category":"Web","hostname":"ads1.msads.net","domainame":"ads1.msads.net","tls": {"version":"TLSv1","ja3s":"","ja4":"t10d120500_d94e65cdb899_c35b4a14be45","unsafe_cipher":0,"cipher":"TLS_NULL_WITH_NULL_NULL","blocks":0}}}
02489{"packet_event_id":2,"packet_event_name":"packet-flow","thread_id":0,"packet_id":2,"source":"cfgs\/default\/pcap\/tls-rdn-extract.pcap","alias":"nDPId-test","flow_id":1,"flow_packet_id":2,"flow_src_last_pkt_time":946681200000000,"flow_dst_last_pkt_time":946681200000000,"flow_idle_time":7580000000,"pkt_datalink":1,"pkt_caplen":1514,"pkt_type":2048,"pkt_l3_offset":14,"pkt_l4_offset":34,"pkt_len":1514,"pkt_l4_len":1480,"thread_ts_usec":946681200000000,"pkt":"ERERERERIiIiIiIiCABFAAXc5PJAADUGLVrVx5X7CgAAAQG7emnv2LZrZGeGnVAQGJhAQwAAFgMBAEoCAABGAwEAAAAAWuuHTEcV+akd0cdt\/mCIl2W0D3ZsYen8qlKhhyDexkYNJNvmICdLfXfmBpGxedPIi6ruP\/C4V2lgLy7HPwAvABYDARoFCwAaAQAZ\/gAOyDCCDsQwgg2soAMCAQICCmkXyLYACAACTA8wDQYJKoZIhvcNAQEFBQAwgYsxEzARBgoJkiaJk\/IsZAEZFgNjb20xGTAXBgoJkiaJk\/IsZAEZFgltaWNyb3NvZnQxFDASBgoJkiaJk\/IsZAEZFgRjb3JwMRcwFQYKCZImiZPyLGQBGRYHcmVkbW9uZDEqMCgGA1UEAxMhTWljcm9zb2Z0IFNlY3VyZSBTZXJ2ZXIgQXV0aG9yaXR5MB4XDTExMTAyMTE2NDIwM1oXDTEzMTAyMDE2NDIwM1owggVRMQswCQYDVQQGEwJVUzEQMA4GA1UEBxMHUmVkbW9uZDESMBAGA1UEChMJTWljcm9zb2Z0MQwwCgYDVQQLEwNHRlMxHjAcBgNVBAMMFSoub2ZmaWNlYXBwcy5saXZlLmNvbTEUMBIGA1UEAwwLKi5tc2Fkcy5uZXQxGTAXBgNVBAMMECouYWRzMi5tc2Fkcy5uZXQxGDAWBgNVBAMMDyouc3RjLnMtbXNuLmNvbTEtMCsGA1UEAwwkY2RuLmRjMmZpbGVzLioubGl2ZWZpbGVzdG9yZS1pbnQuY29tMSAwHgYDVQQDDBdjZG4uKi5saXZlZmlsZXN0b3JlLmNvbTEoMCYGA1UEAwwfKi5tYXJrZXRwbGFjZS53aW5kb3dzbW9iaWxlLmNvbTEsMCoGA1UEAwwjKi5tYXJrZXRwbGFjZS53aW5kb3dzbW9iaWxlLWludC5jb20xLTArBgNVBAMMJCoubWFya2V0cGxhY2Uud2luZG93c21vYmlsZS1wZXJmLmNvbTEYMBYGA1UEAwwPKi5zdGoucy1tc24uY29tMRswGQYDVQQDExJhamF4Lm1pY3Jvc29mdC5jb20xJDAiBgNVBAMMGyoubWljcm9zb2Z0LXNicy1kb21haW5zLmNvbTETMBEGA1UEAwwKKi5saXZlLm5ldDESMBAGA1UEAwwJKi5tc24uY29tMRYwFAYDVQQDDA0qLm1zbi1pbnQuY29tMSMwIQYDVQQDDBoqLmYxZHMuc2hhcmVkLmxpdmUtaW50LmNvbTEdMBsGA1UEAwwUKi5mMWRzLndseHJzLWludC5jb20xHjAcBgNVBAMMFSouc2hhcmVkLmxpdmUtaW50LmNvbTEaMBgGA1UEAwwRKi5zaGFyZWQubGl2ZS5jb20xGDAWBgNVBAMMDyoubWljcm9zb2Z0LmNvbTETMBEGA1UEAwwKKi5saXZlLmNvbTEXMBUGA1UEAwwOKi5saXZlLWludC5jb20xFDASBgNVBAMMCyoud2x4cnMuY29tMRgwFgYDVQQDDA8qLndseHJzLWludC5jb20xFzAVBgNVBAMMDiouc3Qucy1tc24uY29tMRgwFgYDVQQDDA8qLnN0Yi5zLW1zbi5jb20xKTAnBgNVBAMTIGltYWdlcy5tb3h5LndpbmRvd3NwaG9uZS1pbnQuY29tMRkwFwYDVQQDDBAqLndseHJzdS1pbnQuY29tMSwwKgYDVQQDEyNpbWFnZXMucGFydG5lci53aW5kb3dzcGhvbmUtaW50LmNvbTEoMCYGA1UEAxMfaW1hZ2VzLnBhcnRuZXIud2luZG93c3Bob25lLmNvbTEVMBMGA1UEAwwMKi5qcC5tc24uY29tMRswGQYDVQQDDBIqLmMzc2NzLmpwLm1zbi5jb20xGDAWBgNVBAMMDyouYXNwbmV0Y2RuLmNvbTEWMBQGA1UEAwwNKi5ob3RtYWlsLmNvbTEqMCgGA1UEAwwhKi5wYXJ0bmVyLWRmLndpbmRvd3NwaG9uZS1pbnQuY28="}
01406{"flow_event_id":8,"flow_event_name":"detection-update","thread_id":0,"packet_id":2,"source":"cfgs\/default\/pcap\/tls-rdn-extract.pcap","alias":"nDPId-test","flow_id":1,"flow_state":"info","flow_src_packets_processed":1,"flow_dst_packets_processed":1,"flow_first_seen":946681200000000,"flow_src_last_pkt_time":946681200000000,"flow_dst_last_pkt_time":946681200000000,"flow_idle_time":7580000000,"flow_src_min_l4_payload_len":127,"flow_dst_min_l4_payload_len":0,"flow_src_max_l4_payload_len":127,"flow_dst_max_l4_payload_len":1460,"flow_src_tot_l4_payload_len":127,"flow_dst_tot_l4_payload_len":1460,"midstream":1,"thread_ts_usec":946681200000000,"l3_proto":"ip4","src_ip":"10.0.0.1","dst_ip":"213.199.149.251","src_port":31337,"dst_port":443,"l4_proto":"tcp","ndpi": {"flow_risk": {"7": {"risk":"Obsolete TLS (v1.1 or older)","severity":"High","risk_score": {"total":310,"client":275,"server":35}},"8": {"risk":"Weak TLS Cipher","severity":"High","risk_score": {"total":150,"client":135,"server":15}}},"confidence": {"6":"DPI"},"proto":"TLS","proto_id":"91","proto_by_ip":"Unknown","proto_by_ip_id":0,"encrypted":1,"breed":"Safe","category_id":5,"category":"Web","hostname":"ads1.msads.net","domainame":"ads1.msads.net","tls": {"version":"TLSv1","ja3s":"18e962e106761869a61045bed0e81c2c","ja4":"t10d120500_d94e65cdb899_c35b4a14be45","unsafe_cipher":1,"cipher":"TLS_RSA_WITH_AES_128_CBC_SHA","blocks":0}}}
02486{"packet_event_id":2,"packet_event_name":"packet-flow","thread_id":0,"packet_id":3,"source":"cfgs\/default\/pcap\/tls-rdn-extract.pcap","alias":"nDPId-test","flow_id":1,"flow_packet_id":3,"flow_src_last_pkt_time":946681200000000,"flow_dst_last_pkt_time":946681200000000,"flow_idle_time":7580000000,"pkt_datalink":1,"pkt_caplen":1514,"pkt_type":2048,"pkt_l3_offset":14,"pkt_l4_offset":34,"pkt_len":1514,"pkt_l4_len":1480,"thread_ts_usec":946681200000000,"pkt":"ERERERERIiIiIiIiCABFAAXc5PNAADUGLVnVx5X7CgAAAQG7emnv2LwfZGeGnVAQGJjDXgAAbTEUMBIGA1UEAwwLKi5zLW1zbi5jb20xFzAVBgNVBAMMDioubGl2ZS1pbnQubmV0MR8wHQYDVQQDDBYqLndpbmRvd3NwaG9uZS1pbnQuY29tMRswGQYDVQQDDBIqLndpbmRvd3NwaG9uZS5jb20xKjAoBgNVBAMMISoucGFydG5lci1wYy53aW5kb3dzcGhvbmUtaW50LmNvbTEfMB0GA1UEAwwWKi5tYW5hZ2UubWljcm9zb2Z0LmNvbTEYMBYGA1UEAwwPKi52by5tc2VjbmQubmV0MIIBIjANBgkqhkiG9w0BAQEFAAOCAQ8AMIIBCgKCAQEAuX3PkoiInBfw68+6JNH406C4alrEnikcq1FZEZJZj8A0h7uDLWO01R+9CYljtZsYv4E+pfWvi8Z31QoN\/mqJYHgutax6\/UWMDIxFsXaIn1iXAoBA481Pyqa8XbzdmibAvotkEOm0ksJYJlu7VrGuQP+fyz69HW2nTnewmEyTsEy9pTZjqsxFdtBcWm2sS5KQA3Hoj6NzWl54VkXacUcpgQraZZFiSKVJpxhZpAqND3x7NCgSdQvwN2uTFwRCsRagxmCSSaZkQSbYCDh7lvCo6r5wBODibkMqCxrJ4nyg5Uw+J74SsSHhtBMkb6YMlWe5gPOyYSZfIVCby4onZWx45wIDAQABo4IGXzCCBlswDAYDVR0TAQH\/BAIwADALBgNVHQ8EBAMCBLAwHQYDVR0lBBYwFAYIKwYBBQUHAwIGCCsGAQUFBwMBMIIDowYDVR0RBIIDmjCCA5aCDyoudm8ubXNlY25kLm5ldIIVKi5vZmZpY2VhcHBzLmxpdmUuY29tggsqLm1zYWRzLm5ldIIQKi5hZHMyLm1zYWRzLm5ldIIPKi5zdGMucy1tc24uY29tgiRjZG4uZGMyZmlsZXMuKi5saXZlZmlsZXN0b3JlLWludC5jb22CF2Nkbi4qLmxpdmVmaWxlc3RvcmUuY29tgh8qLm1hcmtldHBsYWNlLndpbmRvd3Ntb2JpbGUuY29tgiMqLm1hcmtldHBsYWNlLndpbmRvd3Ntb2JpbGUtaW50LmNvbYIkKi5tYXJrZXRwbGFjZS53aW5kb3dzbW9iaWxlLXBlcmYuY29tgg8qLnN0ai5zLW1zbi5jb22CEmFqYXgubWljcm9zb2Z0LmNvbYIbKi5taWNyb3NvZnQtc2JzLWRvbWFpbnMuY29tggoqLmxpdmUubmV0ggkqLm1zbi5jb22CDSoubXNuLWludC5jb22CGiouZjFkcy5zaGFyZWQubGl2ZS1pbnQuY29tghQqLmYxZHMud2x4cnMtaW50LmNvbYIVKi5zaGFyZWQubGl2ZS1pbnQuY29tghEqLnNoYXJlZC5saXZlLmNvbYIPKi5taWNyb3NvZnQuY29tggoqLmxpdmUuY29tgg4qLmxpdmUtaW50LmNvbYILKi53bHhycy5jb22CDyoud2x4cnMtaW50LmNvbYIOKi5zdC5zLW1zbi5jb22CDyouc3RiLnMtbXNuLmNvbYIgaW1hZ2VzLm1veHkud2luZG93c3Bob25lLWludC5jb22CECoud2x4cnN1LWludC5jb22CI2ltYWdlcy5wYXJ0bmVyLndpbmRvd3NwaG9uZS1pbnQuY29tgh9pbWFnZXMucGFydG5lci53aW5kb3dzcGhvbmUuY29tggwqLmpwLm1zbi5jb22CEiouYzNzY3MuanAubXNuLmNvbYIPKi5hc3BuZXRjZG4uY29tgg0qLmhvdG1haWwuY29tgiEqLnBhcnRuZXItZGYud2luZG93c3Bob25lLWludC5jb22CCyoucy1tc24uY29tgg4qLmxpdmUtaW50Lm5ldIIWKi53aW5kb3dzcGhvbmUtaW50LmNvbYISKi53aW5kb3dzcGhvbmUuY29tgiEqLnBhcnRuZXI="}
02496{"packet_event_id":2,"packet_event_name":"packet-flow","thread_id":0,"packet_id":4,"source":"cfgs\/default\/pcap\/tls-rdn-extract.pcap","alias":"nDPId-test","flow_id":1,"flow_packet_id":4,"flow_src_last_pkt_time":946681200000000,"flow_dst_last_pkt_time":946681200000000,"flow_idle_time":7580000000,"pkt_datalink":1,"pkt_caplen":1514,"pkt_type":2048,"pkt_l3_offset":14,"pkt_l4_offset":34,"pkt_len":1514,"pkt_l4_len":1480,"thread_ts_usec":946681200000000,"pkt":"ERERERERIiIiIiIiCABFAAXc5PRAADUGLVjVx5X7CgAAAQG7emnv2MHTZGeGnVAQGJhsRwAALXBjLndpbmRvd3NwaG9uZS1pbnQuY29tghYqLm1hbmFnZS5taWNyb3NvZnQuY29tMB0GA1UdDgQWBBR3cTg6hCQojXMJJ5D1bQIhPIcNAjAfBgNVHSMEGDAWgBQIQuPbThFm87UIxUDbVXwzRhGDODCCAQoGA1UdHwSCAQEwgf4wgfuggfiggfWGWGh0dHA6Ly9tc2NybC5taWNyb3NvZnQuY29tL3BraS9tc2NvcnAvY3JsL01pY3Jvc29mdCUyMFNlY3VyZSUyMFNlcnZlciUyMEF1dGhvcml0eSg4KS5jcmyGVmh0dHA6Ly9jcmwubWljcm9zb2Z0LmNvbS9wa2kvbXNjb3JwL2NybC9NaWNyb3NvZnQlMjBTZWN1cmUlMjBTZXJ2ZXIlMjBBdXRob3JpdHkoOCkuY3JshkFodHRwOi8vY29ycHBraS9jcmwvTWljcm9zb2Z0JTIwU2VjdXJlJTIwU2VydmVyJTIwQXV0aG9yaXR5KDgpLmNybDCBvwYIKwYBBQUHAQEEgbIwga8wXgYIKwYBBQUHMAKGUmh0dHA6Ly93d3cubWljcm9zb2Z0LmNvbS9wa2kvbXNjb3JwL01pY3Jvc29mdCUyMFNlY3VyZSUyMFNlcnZlciUyMEF1dGhvcml0eSg4KS5jcnQwTQYIKwYBBQUHMAKGQWh0dHA6Ly9jb3JwcGtpL2FpYS9NaWNyb3NvZnQlMjBTZWN1cmUlMjBTZXJ2ZXIlMjBBdXRob3JpdHkoOCkuY3J0MD8GCSsGAQQBgjcVBwQyMDAGKCsGAQQBgjcVCIPPiU2t8gKFoZ8MgvrKfYHh+3SBT4PC7YUIjqnShWMCAWQCAQowJwYJKwYBBAGCNxUKBBowGDAKBggrBgEFBQcDAjAKBggrBgEFBQcDATANBgkqhkiG9w0BAQUFAAOCAQEAzjHSjzBBboE6Hf63YDAZ0eEE3Fr233P7k1evyql\/LmafHbV8kz4aMun+H+VIZeRM5Bql9x7WpjwQDS+J+smj4QnJo\/6ntdr3MlGPRoDRdkfFG7SosnI\/eCbIu9XuIWOHkZSH4\/9X7izdGgsuT0UnVndeXlHcgDw1ihOLBtxnkosbQSMKCF9\/HjID72MCp56vMoSU+WuvUQXXBr\/LgJr8eUtWe0pS65dkmCZ\/QNCuARDC2VnL+opy23sLHDSC3saZZQ+ZMxgShBWj\/VUrF5JAj8XmonqXVJeNovnT8++jWSd9AcVEkeZAo2TqMC\/26PhofncqN75eWaN2qQf74Z0rNwAGFzCCBhMwggP7oAMCAQICCmEDMzYABQAAADAwDQYJKoZIhvcNAQEFBQAwJzElMCMGA1UEAxMcTWljcm9zb2Z0IEludGVybmV0IEF1dGhvcml0eTAeFw0xMDA1MTkyMjEzMzBaFw0xNDA1MTkyMjIzMzBaMIGLMRMwEQYKCZImiZPyLGQBGRYDY29tMRkwFwYKCZImiZPyLGQBGRYJbWljcm9zb2Z0MRQwEgYKCZImiZPyLGQBGRYEY29ycDEXMBUGCgmSJomT8ixkARkWB3JlZG1vbmQxKjAoBgNVBAMTIU1pY3Jvc29mdCBTZWN1cmUgU2VydmVyIEF1dGhvcml0eTCCASIwDQYJKoZIhvcNAQEBBQADggEPADCCAQoCggEBAOqfX5ELzRmCX5Hqq\/WLKNiL9Rzgkcm8zQIQUCK3OApcz3EMWC2IbKi4PDNj+XOdPOnDee3y\/snLw24k4jxCcNhft1v3m1\/1J294AOuWXbdvz+RBBPC7Q71vXyYPt443QRNUZxuQACc4uBrDlm0cMTU1ScVGHudzpMoDEXlBga\/Tjkaixb4AUwW5OJy3YCmzylKaksVTJ7ZBDUD4L5vngUkaWmqoT3HH6G2BvifvydbGkisQ5DY1QAjQTXD9cJsgHLO533WdK3fQxM1qce9aWAv5cIU="}
02497{"packet_event_id":2,"packet_event_name":"packet-flow","thread_id":0,"packet_id":5,"source":"cfgs\/default\/pcap\/tls-rdn-extract.pcap","alias":"nDPId-test","flow_id":1,"flow_packet_id":5,"flow_src_last_pkt_time":946681200000000,"flow_dst_last_pkt_time":946681200000000,"flow_idle_time":7580000000,"pkt_datalink":1,"pkt_caplen":1514,"pkt_type":2048,"pkt_l3_offset":14,"pkt_l4_offset":34,"pkt_len":1514,"pkt_l4_len":1480,"thread_ts_usec":946681200000000,"pkt":"ERERERERIiIiIiIiCABFAAXc5UxAADUGLQDVx5X7CgAAAQG7emnv2MeHZGeGnVAQGJhPMQAAiAWJbWaSMKuviDnX1C0Llpx4JK8Aq88JPhOua8Pg4c9gf4tT3ALQ87CGEd69AgMBAAGjggHaMIIB1jASBgNVHRMBAf8ECDAGAQH\/AgEAMB0GA1UdDgQWBBQIQuPbThFm87UIxUDbVXwzRhGDODALBgNVHQ8EBAMCAYYwEgYJKwYBBAGCNxUBBAUCAwgACDAjBgkrBgEEAYI3FQIEFgQUforCnFoyjMJxotlPdXD3qRv2lAUwGQYJKwYBBAGCNxQCBAweCgBTAHUAYgBDAEEwHwYDVR0jBBgwFoAUMyHwy\/6ioESS3vY7M9hfAUuXeF0wgaMGA1UdHwSBmzCBmDCBlaCBkqCBj4Y2aHR0cDovL21zY3JsLm1pY3Jvc29mdC5jb20vcGtpL21zY29ycC9jcmwvbXN3d3coNSkuY3JshjRodHRwOi8vY3JsLm1pY3Jvc29mdC5jb20vcGtpL21zY29ycC9jcmwvbXN3d3coNSkuY3Jshh9odHRwOi8vY29ycHBraS9jcmwvbXN3d3coNSkuY3JsMHkGCCsGAQUFBwEBBG0wazA8BggrBgEFBQcwAoYwaHR0cDovL3d3dy5taWNyb3NvZnQuY29tL3BraS9tc2NvcnAvbXN3d3coNSkuY3J0MCsGCCsGAQUFBzAChh9odHRwOi8vY29ycHBraS9haWEvbXN3d3coNSkuY3J0MA0GCSqGSIb3DQEBBQUAA4ICAQCPwtFc7xQRdxdjBzxMfGja\/oZK4iDMP7AnPdHirMiLSKbkWfc6Bq19UvH2ZWGWISKuaL4vet6zDPXpxd34ZYJdy2w+DDcRdBUJeFW9JhK71pV007z1dgkqat82xI5W1R8g33+CMNdDq2gii2paxZvQnY0LDFCFfsxagAeLA06\/vV9sVg8FqeJUw6XTUlxfTQvdBfhREgMhb5xsl5gqwcERvL0brvvjV19PHwCe4qRR0\/esCTdYpQkh0XLQssGL203cE9FUWE0rwK36Uxk1sRWoQmS37ccfpXmoDTjUUL\/0Wv8v6b8\/fTjl+yAM1E7gLx1FevsoLzFIb8xuXGhC+urICwEw7BAmQjgjqcMZuNlwGmgsksufc+bM\/zMj7ttetX8FWD9QxRwIGPTrL2KqU\/ehzd7j64IcGmdroUynaHFA0WU7QRicSeNx++tNg5PTR+ZkQsu2NRz7NA6hKPuMoacfAShR5XGUN5zcQVt8fuksI2eUnXPfX0B5o42VMMxTFwi8UIbz\/BAZgfz0Wm7z3KKadXvDrKBR7TK2WN9PjpFTatKqG13mU7iJo56JoeMp4LNs6xrMb1qqwuL2HkUp79bCQ7E7rT4m\/IGXXEj9Ylk0ksn7uaHXQgX7GfZ+MvspNNWHZuUEHcg+EPqmePUefd4aOnh83CpxBqMtbwVVI4uQ7wAFFjCCBRIwggR7oAMCAQICBAcnYgIwDQYJKoZIhvcNAQEFBQAwdTELMAkGA1UEBhMCVVMxGDAWBgNVBAoTD0dURSBDb3Jwb3JhdGlvbjEnMCUGA1UECxMeR1RFIEN5YmVyVHJ1c3QgU29sdXRpb25zLCBJbmMuMSMwIQYDVQQDExpHVEUgQ3liZXJUcnVzdCBHbG9iYWwgUm9vdDAeFw0xMDA0MTQxODEyMjZaFw0xODA0MTQxODEyMTRaMCcxJTAjBgNVBAMTHE1pY3Jvc29mdCBJbnRlcm5ldCBBdXRob3JpdHkwggIiMA0GCSqGSIb3DQEBAQUAA4ICDwAwggIKAoICAQC99M0npUrYkBnbsgp7YKROjw6Yo5x8UHbrs0qMnxiw55rFK4KGCSisERIyJvUZ6vC4Z2jFBv30Ga7ZE6DQgScIpnmcBPVIMi42H6trJuyhQ7SdgLBJA+qCSV8FE8Wgg1\/hKvQEGUt+yNqIvLVdA7x4VqHpf8Vq77b\/HQFZtx9TWl\/G+JFtxX1Dkxg="}
03643{"flow_event_id":8,"flow_event_name":"detection-update","thread_id":0,"packet_id":6,"source":"cfgs\/default\/pcap\/tls-rdn-extract.pcap","alias":"nDPId-test","flow_id":1,"flow_state":"info","flow_src_packets_processed":1,"flow_dst_packets_processed":5,"flow_first_seen":946681200000000,"flow_src_last_pkt_time":946681200000000,"flow_dst_last_pkt_time":946681200000000,"flow_idle_time":7580000000,"flow_src_min_l4_payload_len":127,"flow_dst_min_l4_payload_len":0,"flow_src_max_l4_payload_len":127,"flow_dst_max_l4_payload_len":1460,"flow_src_tot_l4_payload_len":127,"flow_dst_tot_l4_payload_len":6754,"midstream":1,"thread_ts_usec":946681200000000,"l3_proto":"ip4","src_ip":"10.0.0.1","dst_ip":"213.199.149.251","src_port":31337,"dst_port":443,"l4_proto":"tcp","ndpi": {"flow_risk": {"7": {"risk":"Obsolete TLS (v1.1 or older)","severity":"High","risk_score": {"total":310,"client":275,"server":35}},"8": {"risk":"Weak TLS Cipher","severity":"High","risk_score": {"total":150,"client":135,"server":15}},"9": {"risk":"TLS Cert Expired","severity":"High","risk_score": {"total":160,"client":140,"server":20}}},"confidence": {"6":"DPI"},"proto":"TLS.Azure","proto_id":"91.276","proto_by_ip":"Unknown","proto_by_ip_id":0,"encrypted":1,"breed":"Acceptable","category_id":13,"category":"Cloud","hostname":"ads1.msads.net","domainame":"ads1.msads.net","tls": {"version":"TLSv1","server_names":"*.vo.msecnd.net,*.officeapps.live.com,*.msads.net,*.ads2.msads.net,*.stc.s-msn.com,cdn.dc2files.*.livefilestore-int.com,cdn.*.livefilestore.com,*.marketplace.windowsmobile.com,*.marketplace.windowsmobile-int.com,*.marketplace.windowsmobile-perf.com,*.stj.s-msn.com,ajax.microsoft.com,*.microsoft-sbs-domains.com,*.live.net,*.msn.com,*.msn-int.com,*.f1ds.shared.live-int.com,*.f1ds.wlxrs-int.com,*.shared.live-int.com,*.shared.live.com,*.microsoft.com,*.live.com,*.live-int.com,*.wlxrs.com,*.wlxrs-int.com,*.st.s-msn.com,*.stb.s-msn.com,images.moxy.windowsphone-int.com,*.wlxrsu-int.com,images.partner.windowsphone-int.com,images.partner.windowsphone.com,*.jp.msn.com,*.c3scs.jp.msn.com,*.aspnetcdn.com,*.hotmail.com,*.partner-df.windowsphone-int.com,*.s-msn.com,*.live-int.net,*.windowsphone-int.com,*.windowsphone.com,*.partner-pc.windowsphone-int.com,*.manage.microsoft.com","ja3s":"18e962e106761869a61045bed0e81c2c","ja4":"t10d120500_d94e65cdb899_c35b4a14be45","unsafe_cipher":1,"cipher":"TLS_RSA_WITH_AES_128_CBC_SHA","issuerDN":"CN=Microsoft Secure Server Authority","subjectDN":"C=US, L=Redmond, O=Microsoft, OU=GFS, CN=*.officeapps.live.com, CN=*.msads.net, CN=*.ads2.msads.net, CN=*.stc.s-msn.com, CN=cdn.dc2files.*.livefilestore-int.com, CN=cdn.*.livefilestore.com, CN=*.marketplace.windowsmobile.com, CN=*.marketplace.windowsmobile-int.com, CN=*.marketplace.windowsmobile-perf.com, CN=*.stj.s-msn.com, CN=ajax.microsoft.com, CN=*.microsoft-sbs-domains.com, CN=*.live.net, CN=*.msn.com, CN=*.msn-int.com, CN=*.f1ds.shared.live-int.com, CN=*.f1ds.wlxrs-int.com, CN=*.shared.live-int.com, CN=*.shared.live.com, CN=*.microsoft.com, CN=*.live.com, CN=*.live-int.com, CN=*.wlxrs.com, CN=*.wlxrs-int.com, CN=*.st.s-msn.com, CN=*.stb.s-msn.com, CN=images.moxy.windowsphone-int.com, CN=*.wlxrsu-int.com, CN=images.partner.windowsphone-int.com, CN=images.partner.windowsphone.com, CN=*.jp.msn.com, CN=*.c3scs.jp.msn.com, CN=*.aspnetcdn.com, CN=*.hotmail.com, CN=*.partner-df.windowsphone-int.com, CN=*.s-msn.com, CN=*.live-int.net, CN=*.windowsphone-int.com, CN=*.windowsphone.com, CN=*.partner-pc.windowsphone-int.com, CN=*.manage.microsoft.com, CN=*.vo.msecnd.net","fingerprint":"FF:BF:9A:69:8F:C8:44:FF:89:F2:61:49:A7:D1:9A:98:DE:32:84:3B","blocks":0}}}
01316{"flow_event_id":3,"flow_event_name":"idle","thread_id":0,"packet_id":6,"source":"cfgs\/default\/pcap\/tls-rdn-extract.pcap","alias":"nDPId-test","flow_id":1,"flow_state":"info","flow_src_packets_processed":1,"flow_dst_packets_processed":5,"flow_first_seen":946681200000000,"flow_src_last_pkt_time":946681200000000,"flow_dst_last_pkt_time":946681200000000,"flow_idle_time":7580000000,"flow_src_min_l4_payload_len":127,"flow_dst_min_l4_payload_len":0,"flow_src_max_l4_payload_len":127,"flow_dst_max_l4_payload_len":1460,"flow_src_tot_l4_payload_len":127,"flow_dst_tot_l4_payload_len":6754,"midstream":1,"thread_ts_usec":946681200000000,"l3_proto":"ip4","src_ip":"10.0.0.1","dst_ip":"213.199.149.251","src_port":31337,"dst_port":443,"l4_proto":"tcp","flow_datalink":1,"flow_max_packets":5,"ndpi": {"flow_risk": {"7": {"risk":"Obsolete TLS (v1.1 or older)","severity":"High","risk_score": {"total":310,"client":275,"server":35}},"8": {"risk":"Weak TLS Cipher","severity":"High","risk_score": {"total":150,"client":135,"server":15}},"9": {"risk":"TLS Cert Expired","severity":"High","risk_score": {"total":160,"client":140,"server":20}}},"confidence": {"6":"DPI"},"proto":"TLS.Azure","proto_id":"91.276","proto_by_ip":"Unknown","proto_by_ip_id":0,"encrypted":1,"breed":"Acceptable","category_id":13,"category":"Cloud"}}
00818{"daemon_event_id":3,"daemon_event_name":"shutdown","thread_id":0,"packet_id":6,"source":"cfgs\/default\/pcap\/tls-rdn-extract.pcap","alias":"nDPId-test","version":"","ndpi_version":"","ndpi_api_version":0,"size_per_flow":1480,"packets-captured":6,"packets-processed":6,"pfring_active":false,"pfring_recv":0,"pfring_drop":0,"pfring_shunt":0,"total-skipped-flows":0,"total-l4-payload-len":6881,"total-not-detected-flows":0,"total-guessed-flows":0,"total-detected-flows":1,"total-detection-updates":2,"total-updates":0,"current-active-flows":0,"total-active-flows":1,"total-idle-flows":1,"total-compressions":0,"total-compression-diff":0,"current-compression-diff":0,"global-alloc-count":0,"global-free-count":0,"global-alloc-bytes":0,"global-free-bytes":0,"total-events-serialized":13,"global_ts_usec":946681200000000}
~~~~~~~~~~~~~~~~~~~~ SUMMARY ~~~~~~~~~~~~~~~~~~~~
~~ packets captured/processed: 6/6
~~ skipped flows.............: 0
~~ total layer4 data length..: 6881 bytes
~~ total detected protocols..: 1
~~ total active/idle flows...: 1/1
~~ total timeout flows.......: 0
~~~~~~~~~~~~~~~~~~~~~~~~~~~~~~~~~~~~~~~~~~~~~~~~~
~~ total memory allocated....: 9453163 bytes
~~ total memory freed........: 9453163 bytes
~~ total allocations/frees...: 154557/154557
~~~~~~~~~~~~~~~~~~~~~~~~~~~~~~~~~~~~~~~~~~~~~~~~~
~~ json message min len.......: 597 chars
~~ json message max len.......: 3648 chars
~~ json message avg len.......: 2047 chars
